$ fortress compile VocabC.fss
### rc=0

############ rule dblq (grammar api imports VocabC) ############
    Expr |:= dblq⦇ a:Expr ⦈ => <[ (mydoublec(a)) ]>
$ fortress compile G_dblq.fss
Rats! Parser Generator, v. 1.14.1, (C) 2004-2008 Robert Grimm
Processing /tmp/fortress16161457869863836635rats/com/sun/fortress/parser/templateparser/TemplateParser.rats ...
Note: /tmp/fortress16161457869863836635rats/com/sun/fortress/parser/templateparser/TemplateParser3.java uses unchecked or unsafe operations.
Note: Recompile with -Xlint:unchecked for details.

Exception in thread "main" java.lang.ClassCastException: class scala.runtime.BoxedUnit cannot be cast to class com.sun.fortress.nodes.AbstractNode (scala.runtime.BoxedUnit and com.sun.fortress.nodes.AbstractNode are in unnamed module of loader 'app')
	at com.sun.fortress.scala_src.nodes.Walker.walk(FortressAst.scala:1685)
	at com.sun.fortress.scala_src.nodes.Walker.walk$(FortressAst.scala:1584)
	at com.sun.fortress.scala_src.useful.STypesUtil$outFinder$1$.walk(STypesUtil.scala:1944)
	at com.sun.fortress.scala_src.nodes.Walker.walk(FortressAst.scala:1689)
	at com.sun.fortress.scala_src.nodes.Walker.walk$(FortressAst.scala:1584)
	at com.sun.fortress.scala_src.useful.STypesUtil$outFinder$1$.walk(STypesUtil.scala:1944)
	at com.sun.fortress.scala_src.nodes.Walker.walk(FortressAst.scala:1695)
	at com.sun.fortress.scala_src.nodes.Walker.walk$(FortressAst.scala:1584)
	at com.sun.fortress.scala_src.useful.STypesUtil$outFinder$1$.walk(STypesUtil.scala:1944)
	at com.sun.fortress.scala_src.nodes.Walker.$anonfun$walk$1(FortressAst.scala:2010)
	at scala.collection.immutable.List.map(List.scala:236)
	at com.sun.fortress.scala_src.nodes.Walker.walk(FortressAst.scala:2010)
	at com.sun.fortress.scala_src.nodes.Walker.walk$(FortressAst.scala:1584)
	at com.sun.fortress.scala_src.useful.STypesUtil$outFinder$1$.walk(STypesUtil.scala:1944)
	at com.sun.fortress.scala_src.nodes.Walker.walk(FortressAst.scala:1967)
	at com.sun.fortress.scala_src.nodes.Walker.walk$(FortressAst.scala:1584)
	at com.sun.fortress.scala_src.useful.STypesUtil$outFinder$1$.walk(STypesUtil.scala:1944)
	at com.sun.fortress.scala_src.nodes.Walker.$anonfun$walk$1(FortressAst.scala:2010)
	at scala.collection.immutable.List.map(List.scala:236)
	at com.sun.fortress.scala_src.nodes.Walker.walk(FortressAst.scala:2010)
	at com.sun.fortress.scala_src.nodes.Walker.walk$(FortressAst.scala:1584)
	at com.sun.fortress.scala_src.useful.STypesUtil$outFinder$1$.walk(STypesUtil.scala:1944)
	at com.sun.fortress.scala_src.nodes.Walker.walk(FortressAst.scala:1971)
	at com.sun.fortress.scala_src.nodes.Walker.walk$(FortressAst.scala:1584)
	at com.sun.fortress.scala_src.useful.STypesUtil$outFinder$1$.walk(STypesUtil.scala:1944)
	at com.sun.fortress.scala_src.nodes.Walker.$anonfun$walk$1(FortressAst.scala:2010)
	at scala.collection.immutable.List.map(List.scala:236)
	at com.sun.fortress.scala_src.nodes.Walker.walk(FortressAst.scala:2010)
	at com.sun.fortress.scala_src.nodes.Walker.walk$(FortressAst.scala:1584)
	at com.sun.fortress.scala_src.useful.STypesUtil$outFinder$1$.walk(STypesUtil.scala:1944)
	at com.sun.fortress.scala_src.nodes.Walker.walk(FortressAst.scala:2007)
	at com.sun.fortress.scala_src.nodes.Walker.walk$(FortressAst.scala:1584)
	at com.sun.fortress.scala_src.useful.STypesUtil$outFinder$1$.walk(STypesUtil.scala:1944)
	at com.sun.fortress.scala_src.nodes.Walker.apply(FortressAst.scala:1583)
	at com.sun.fortress.scala_src.nodes.Walker.apply$(FortressAst.scala:1583)
	at com.sun.fortress.scala_src.useful.STypesUtil$outFinder$1$.apply(STypesUtil.scala:1940)
	at com.sun.fortress.scala_src.useful.STypesUtil$.assertAfterTypeChecking(STypesUtil.scala:1946)
	at com.sun.fortress.scala_src.useful.STypesUtil.assertAfterTypeChecking(STypesUtil.scala)
	at com.sun.fortress.compiler.StaticChecker.checkCompilationUnit(StaticChecker.java:264)
	at com.sun.fortress.compiler.StaticChecker.checkApis(StaticChecker.java:126)
	at com.sun.fortress.compiler.phases.TypeCheckPhase.execute(TypeCheckPhase.java:43)
	at com.sun.fortress.compiler.phases.Phase.run(Phase.java:52)
	at com.sun.fortress.compiler.phases.Phase.run(Phase.java:51)
	at com.sun.fortress.compiler.phases.Phase.run(Phase.java:51)
	at com.sun.fortress.compiler.phases.Phase.run(Phase.java:51)
	at com.sun.fortress.Shell.analyze(Shell.java:1265)
	at com.sun.fortress.repository.GraphRepository.parseApis(GraphRepository.java:735)
	at com.sun.fortress.repository.GraphRepository.refreshGraph(GraphRepository.java:492)
	at com.sun.fortress.repository.GraphRepository.getComponent(GraphRepository.java:202)
	at com.sun.fortress.Shell.compilerPhases(Shell.java:968)
	at com.sun.fortress.Shell.compileWithErrorHandling(Shell.java:898)
	at com.sun.fortress.Shell.compilerPhases(Shell.java:874)
	at com.sun.fortress.Shell.subMain(Shell.java:407)
	at com.sun.fortress.Shell.main(Shell.java:362)
	at com.sun.fortress.Shell.main(Shell.java:349)
### rc=1
$ fortress compile u_dblq.fss
Rats! Parser Generator, v. 1.14.1, (C) 2004-2008 Robert Grimm
Processing /tmp/fortress15166761471799029697rats/com/sun/fortress/parser/templateparser/TemplateParser.rats ...
Note: /tmp/fortress15166761471799029697rats/com/sun/fortress/parser/templateparser/TemplateParser3.java uses unchecked or unsafe operations.
Note: Recompile with -Xlint:unchecked for details.

Exception in thread "main" java.lang.ClassCastException: class scala.runtime.BoxedUnit cannot be cast to class com.sun.fortress.nodes.AbstractNode (scala.runtime.BoxedUnit and com.sun.fortress.nodes.AbstractNode are in unnamed module of loader 'app')
	at com.sun.fortress.scala_src.nodes.Walker.walk(FortressAst.scala:1685)
	at com.sun.fortress.scala_src.nodes.Walker.walk$(FortressAst.scala:1584)
	at com.sun.fortress.scala_src.useful.STypesUtil$outFinder$1$.walk(STypesUtil.scala:1944)
	at com.sun.fortress.scala_src.nodes.Walker.walk(FortressAst.scala:1689)
	at com.sun.fortress.scala_src.nodes.Walker.walk$(FortressAst.scala:1584)
	at com.sun.fortress.scala_src.useful.STypesUtil$outFinder$1$.walk(STypesUtil.scala:1944)
	at com.sun.fortress.scala_src.nodes.Walker.walk(FortressAst.scala:1695)
	at com.sun.fortress.scala_src.nodes.Walker.walk$(FortressAst.scala:1584)
	at com.sun.fortress.scala_src.useful.STypesUtil$outFinder$1$.walk(STypesUtil.scala:1944)
	at com.sun.fortress.scala_src.nodes.Walker.$anonfun$walk$1(FortressAst.scala:2010)
	at scala.collection.immutable.List.map(List.scala:236)
	at com.sun.fortress.scala_src.nodes.Walker.walk(FortressAst.scala:2010)
	at com.sun.fortress.scala_src.nodes.Walker.walk$(FortressAst.scala:1584)
	at com.sun.fortress.scala_src.useful.STypesUtil$outFinder$1$.walk(STypesUtil.scala:1944)
	at com.sun.fortress.scala_src.nodes.Walker.walk(FortressAst.scala:1967)
	at com.sun.fortress.scala_src.nodes.Walker.walk$(FortressAst.scala:1584)
	at com.sun.fortress.scala_src.useful.STypesUtil$outFinder$1$.walk(STypesUtil.scala:1944)
	at com.sun.fortress.scala_src.nodes.Walker.$anonfun$walk$1(FortressAst.scala:2010)
	at scala.collection.immutable.List.map(List.scala:236)
	at com.sun.fortress.scala_src.nodes.Walker.walk(FortressAst.scala:2010)
	at com.sun.fortress.scala_src.nodes.Walker.walk$(FortressAst.scala:1584)
	at com.sun.fortress.scala_src.useful.STypesUtil$outFinder$1$.walk(STypesUtil.scala:1944)
	at com.sun.fortress.scala_src.nodes.Walker.walk(FortressAst.scala:1971)
	at com.sun.fortress.scala_src.nodes.Walker.walk$(FortressAst.scala:1584)
	at com.sun.fortress.scala_src.useful.STypesUtil$outFinder$1$.walk(STypesUtil.scala:1944)
	at com.sun.fortress.scala_src.nodes.Walker.$anonfun$walk$1(FortressAst.scala:2010)
	at scala.collection.immutable.List.map(List.scala:236)
	at com.sun.fortress.scala_src.nodes.Walker.walk(FortressAst.scala:2010)
	at com.sun.fortress.scala_src.nodes.Walker.walk$(FortressAst.scala:1584)
	at com.sun.fortress.scala_src.useful.STypesUtil$outFinder$1$.walk(STypesUtil.scala:1944)
	at com.sun.fortress.scala_src.nodes.Walker.walk(FortressAst.scala:2007)
	at com.sun.fortress.scala_src.nodes.Walker.walk$(FortressAst.scala:1584)
	at com.sun.fortress.scala_src.useful.STypesUtil$outFinder$1$.walk(STypesUtil.scala:1944)
	at com.sun.fortress.scala_src.nodes.Walker.apply(FortressAst.scala:1583)
	at com.sun.fortress.scala_src.nodes.Walker.apply$(FortressAst.scala:1583)
	at com.sun.fortress.scala_src.useful.STypesUtil$outFinder$1$.apply(STypesUtil.scala:1940)
	at com.sun.fortress.scala_src.useful.STypesUtil$.assertAfterTypeChecking(STypesUtil.scala:1946)
	at com.sun.fortress.scala_src.useful.STypesUtil.assertAfterTypeChecking(STypesUtil.scala)
	at com.sun.fortress.compiler.StaticChecker.checkCompilationUnit(StaticChecker.java:264)
	at com.sun.fortress.compiler.StaticChecker.checkApis(StaticChecker.java:126)
	at com.sun.fortress.compiler.phases.TypeCheckPhase.execute(TypeCheckPhase.java:43)
	at com.sun.fortress.compiler.phases.Phase.run(Phase.java:52)
	at com.sun.fortress.compiler.phases.Phase.run(Phase.java:51)
	at com.sun.fortress.compiler.phases.Phase.run(Phase.java:51)
	at com.sun.fortress.compiler.phases.Phase.run(Phase.java:51)
	at com.sun.fortress.Shell.analyze(Shell.java:1265)
	at com.sun.fortress.repository.GraphRepository.parseApis(GraphRepository.java:735)
	at com.sun.fortress.repository.GraphRepository.refreshGraph(GraphRepository.java:492)
	at com.sun.fortress.repository.GraphRepository.getComponent(GraphRepository.java:202)
	at com.sun.fortress.Shell.compilerPhases(Shell.java:968)
	at com.sun.fortress.Shell.compileWithErrorHandling(Shell.java:898)
	at com.sun.fortress.Shell.compilerPhases(Shell.java:874)
	at com.sun.fortress.Shell.subMain(Shell.java:407)
	at com.sun.fortress.Shell.main(Shell.java:362)
	at com.sun.fortress.Shell.main(Shell.java:349)
### rc=1
$ fortress run u_dblq
Could not load u_dblq
java.lang.ClassNotFoundException: IO Exception in reading class file: 
	at com.sun.fortress.runtimeSystem.InstantiatingClassloader.loadClass(InstantiatingClassloader.java:347)
	at java.base/java.lang.ClassLoader.loadClass(ClassLoader.java:490)
	at java.base/java.lang.Class.forName0(Native Method)
	at java.base/java.lang.Class.forName(Class.java:547)
	at com.sun.fortress.runtimeSystem.MainWrapper.main(MainWrapper.java:64)
Caused by: java.io.IOException: Resource not found : u_dblq.class
	at com.sun.fortress.runtimeSystem.InstantiatingClassloader.readResource(InstantiatingClassloader.java:152)
	at com.sun.fortress.runtimeSystem.InstantiatingClassloader.readResource(InstantiatingClassloader.java:139)
	at com.sun.fortress.runtimeSystem.InstantiatingClassloader.getClass(InstantiatingClassloader.java:171)
	at com.sun.fortress.runtimeSystem.InstantiatingClassloader.loadClass(InstantiatingClassloader.java:294)
	... 4 more
### rc=1

############ rule lamq (grammar api imports VocabC) ############
    Expr |:= lamq⦇ a:Expr ⦈ => <[ ((fn (w: ZZ32): ZZ32 => (a) + w)(10)) ]>
$ fortress compile G_lamq.fss
Rats! Parser Generator, v. 1.14.1, (C) 2004-2008 Robert Grimm
Processing /tmp/fortress16360101616459863888rats/com/sun/fortress/parser/templateparser/TemplateParser.rats ...
Note: /tmp/fortress16360101616459863888rats/com/sun/fortress/parser/templateparser/TemplateParser3.java uses unchecked or unsafe operations.
Note: Recompile with -Xlint:unchecked for details.

/home/user/fortress/explorations/perf-probes/grammar-compile/shim/G_lamq.fsi:1:10-12:
    Unbound type: ZZ32
/home/user/fortress/explorations/perf-probes/grammar-compile/shim/G_lamq.fsi:1:17-19:
    Unbound type: ZZ32
File G_lamq.fss has 2 errors.
### rc=255
$ fortress compile u_lamq.fss
Rats! Parser Generator, v. 1.14.1, (C) 2004-2008 Robert Grimm
Processing /tmp/fortress12568747691705677050rats/com/sun/fortress/parser/templateparser/TemplateParser.rats ...
Note: /tmp/fortress12568747691705677050rats/com/sun/fortress/parser/templateparser/TemplateParser3.java uses unchecked or unsafe operations.
Note: Recompile with -Xlint:unchecked for details.

/home/user/fortress/explorations/perf-probes/grammar-compile/shim/G_lamq.fsi:1:10-12:
    Unbound type: ZZ32
/home/user/fortress/explorations/perf-probes/grammar-compile/shim/G_lamq.fsi:1:17-19:
    Unbound type: ZZ32
File u_lamq.fss has 2 errors.
### rc=255
$ fortress run u_lamq
Could not load u_lamq
java.lang.ClassNotFoundException: IO Exception in reading class file: 
	at com.sun.fortress.runtimeSystem.InstantiatingClassloader.loadClass(InstantiatingClassloader.java:347)
	at java.base/java.lang.ClassLoader.loadClass(ClassLoader.java:490)
	at java.base/java.lang.Class.forName0(Native Method)
	at java.base/java.lang.Class.forName(Class.java:547)
	at com.sun.fortress.runtimeSystem.MainWrapper.main(MainWrapper.java:64)
Caused by: java.io.IOException: Resource not found : u_lamq.class
	at com.sun.fortress.runtimeSystem.InstantiatingClassloader.readResource(InstantiatingClassloader.java:152)
	at com.sun.fortress.runtimeSystem.InstantiatingClassloader.readResource(InstantiatingClassloader.java:139)
	at com.sun.fortress.runtimeSystem.InstantiatingClassloader.getClass(InstantiatingClassloader.java:171)
	at com.sun.fortress.runtimeSystem.InstantiatingClassloader.loadClass(InstantiatingClassloader.java:294)
	... 4 more
### rc=1

############ rule appq (grammar api imports VocabC) ############
    Expr |:= appq⦇ a:Expr ⦈ => <[ (applytoc(fn (w: ZZ32): ZZ32 => (a) + w, 3)) ]>
$ fortress compile G_appq.fss
Rats! Parser Generator, v. 1.14.1, (C) 2004-2008 Robert Grimm
Processing /tmp/fortress14155189857508784147rats/com/sun/fortress/parser/templateparser/TemplateParser.rats ...
Note: /tmp/fortress14155189857508784147rats/com/sun/fortress/parser/templateparser/TemplateParser3.java uses unchecked or unsafe operations.
Note: Recompile with -Xlint:unchecked for details.

/home/user/fortress/explorations/perf-probes/grammar-compile/shim/G_appq.fsi:1:18-20:
    Unbound type: ZZ32
/home/user/fortress/explorations/perf-probes/grammar-compile/shim/G_appq.fsi:1:25-27:
    Unbound type: ZZ32
File G_appq.fss has 2 errors.
### rc=255
$ fortress compile u_appq.fss
Rats! Parser Generator, v. 1.14.1, (C) 2004-2008 Robert Grimm
Processing /tmp/fortress5785601386096687733rats/com/sun/fortress/parser/templateparser/TemplateParser.rats ...
Note: /tmp/fortress5785601386096687733rats/com/sun/fortress/parser/templateparser/TemplateParser3.java uses unchecked or unsafe operations.
Note: Recompile with -Xlint:unchecked for details.

/home/user/fortress/explorations/perf-probes/grammar-compile/shim/G_appq.fsi:1:18-20:
    Unbound type: ZZ32
/home/user/fortress/explorations/perf-probes/grammar-compile/shim/G_appq.fsi:1:25-27:
    Unbound type: ZZ32
File u_appq.fss has 2 errors.
### rc=255
$ fortress run u_appq
Could not load u_appq
java.lang.ClassNotFoundException: IO Exception in reading class file: 
	at com.sun.fortress.runtimeSystem.InstantiatingClassloader.loadClass(InstantiatingClassloader.java:347)
	at java.base/java.lang.ClassLoader.loadClass(ClassLoader.java:490)
	at java.base/java.lang.Class.forName0(Native Method)
	at java.base/java.lang.Class.forName(Class.java:547)
	at com.sun.fortress.runtimeSystem.MainWrapper.main(MainWrapper.java:64)
Caused by: java.io.IOException: Resource not found : u_appq.class
	at com.sun.fortress.runtimeSystem.InstantiatingClassloader.readResource(InstantiatingClassloader.java:152)
	at com.sun.fortress.runtimeSystem.InstantiatingClassloader.readResource(InstantiatingClassloader.java:139)
	at com.sun.fortress.runtimeSystem.InstantiatingClassloader.getClass(InstantiatingClassloader.java:171)
	at com.sun.fortress.runtimeSystem.InstantiatingClassloader.loadClass(InstantiatingClassloader.java:294)
	... 4 more
### rc=1
