$ FORTRESS_THREADS=1 ./bin/fortress explorations/run-b/probes/worker/w02_paste_static.fss
a = [0#2,0#2]
[ 1.0 2.0
  3.0 4.0 ]
b = [0#2,0#2]
[ 5.0 6.0
  7.0 8.0 ]
com.sun.fortress.exceptions.ProgramError: /home/user/fortress/explorations/run-b/probes/worker/w02_paste_static.fss:9:38-40:
Element at [0] has extent 2 along axis 1 but an earlier element has length 0
Context:
/home/user/fortress/explorations/run-b/probes/worker/w02_paste_static.fss:9:38-40:
toplevel:

Turn on "-debug interpreter" for Java-level stack trace.
java.lang.Throwable
	at com.sun.fortress.Shell.failureBoilerplate(Shell.java:748)
	at com.sun.fortress.Shell.walk(Shell.java:1166)
	at com.sun.fortress.Shell.walk(Shell.java:1116)
	at com.sun.fortress.Shell.subMain(Shell.java:483)
	at com.sun.fortress.Shell.main(Shell.java:362)
	at com.sun.fortress.Shell.main(Shell.java:349)
exit: 1
[recovered from the transcript, run-b-subagents/agent-a3425313e0fb75a35.jsonl line 195 (the run copied it to this name at worker:199): the complete output run.sh wrote]
