########## fortress compile NatExtends1.fss   (Scala + Java shadow)
Exception in thread "main" com.sun.fortress.exceptions.CompilerError: Only emitting RTTI for types right now
	at com.sun.fortress.compiler.codegen.CodeGen.generateTypeReference(CodeGen.java:5793)
	at com.sun.fortress.compiler.codegen.CodeGen.RttiClassAndInterface(CodeGen.java:5446)
	at com.sun.fortress.compiler.codegen.CodeGen.forObjectDeclPrePass(CodeGen.java:4424)
	at com.sun.fortress.compiler.codegen.CodeGen.forComponent(CodeGen.java:1876)
	at com.sun.fortress.nodes.Component.accept(Component.java:56)
	at com.sun.fortress.compiler.phases.CodeGenerationPhase.execute(CodeGenerationPhase.java:196)
	at com.sun.fortress.compiler.phases.Phase.run(Phase.java:52)
	at com.sun.fortress.Shell.analyze(Shell.java:1265)
	at com.sun.fortress.repository.GraphRepository.parseComponent(GraphRepository.java:805)
	at com.sun.fortress.repository.GraphRepository.refreshGraph(GraphRepository.java:511)
	at com.sun.fortress.repository.GraphRepository.getComponent(GraphRepository.java:202)
	at com.sun.fortress.Shell.compilerPhases(Shell.java:968)
	at com.sun.fortress.Shell.compileWithErrorHandling(Shell.java:898)
exit=1
---------- the same with the JAVA shadow off, for the A/B
Exception in thread "main" java.lang.ClassCastException: class com.sun.fortress.nodes.TraitType cannot be cast to class com.sun.fortress.nodes.IntExpr (com.sun.fortress.nodes.TraitType and com.sun.fortress.nodes.IntExpr are in unnamed module of loader 'app')
	at com.sun.fortress.nodes.NodeUpdateVisitor.forIntArg(NodeUpdateVisitor.java:5310)
	at com.sun.fortress.nodes.NodeUpdateVisitor.forIntArg(NodeUpdateVisitor.java:29)
	at com.sun.fortress.nodes.IntArg.accept(IntArg.java:56)
	at com.sun.fortress.nodes.NodeUpdateVisitor.recur(NodeUpdateVisitor.java:11045)
	at com.sun.fortress.nodes.NodeUpdateVisitor.recurOnListOfStaticArg(NodeUpdateVisitor.java:11415)
	at com.sun.fortress.nodes.NodeUpdateVisitor.forTraitType(NodeUpdateVisitor.java:5134)
	at com.sun.fortress.nodes.NodeUpdateVisitor.forTraitType(NodeUpdateVisitor.java:29)

########## fortress compile NatExtends2.fss   (Scala + Java shadow)
Exception in thread "main" com.sun.fortress.exceptions.CompilerError: Only emitting RTTI for types right now
	at com.sun.fortress.compiler.codegen.CodeGen.generateTypeReference(CodeGen.java:5793)
	at com.sun.fortress.compiler.codegen.CodeGen.RttiClassAndInterface(CodeGen.java:5446)
	at com.sun.fortress.compiler.codegen.CodeGen.forObjectDeclPrePass(CodeGen.java:4424)
	at com.sun.fortress.compiler.codegen.CodeGen.forComponent(CodeGen.java:1876)
	at com.sun.fortress.nodes.Component.accept(Component.java:56)
	at com.sun.fortress.compiler.phases.CodeGenerationPhase.execute(CodeGenerationPhase.java:196)
	at com.sun.fortress.compiler.phases.Phase.run(Phase.java:52)
	at com.sun.fortress.Shell.analyze(Shell.java:1265)
	at com.sun.fortress.repository.GraphRepository.parseComponent(GraphRepository.java:805)
	at com.sun.fortress.repository.GraphRepository.refreshGraph(GraphRepository.java:511)
	at com.sun.fortress.repository.GraphRepository.getComponent(GraphRepository.java:202)
	at com.sun.fortress.Shell.compilerPhases(Shell.java:968)
	at com.sun.fortress.Shell.compileWithErrorHandling(Shell.java:898)
exit=1
---------- the same with the JAVA shadow off, for the A/B
Exception in thread "main" com.sun.fortress.exceptions.CompilerError: Only emitting RTTI for types right now
	at com.sun.fortress.compiler.codegen.CodeGen.generateTypeReference(CodeGen.java:5793)
	at com.sun.fortress.compiler.codegen.CodeGen.RttiClassAndInterface(CodeGen.java:5446)
	at com.sun.fortress.compiler.codegen.CodeGen.forObjectDeclPrePass(CodeGen.java:4424)
	at com.sun.fortress.compiler.codegen.CodeGen.forComponent(CodeGen.java:1876)
	at com.sun.fortress.nodes.Component.accept(Component.java:56)
	at com.sun.fortress.compiler.phases.CodeGenerationPhase.execute(CodeGenerationPhase.java:196)
	at com.sun.fortress.compiler.phases.Phase.run(Phase.java:52)

