########## fortress compile NatExtends1.fss   (COMPILER world, nat shadow)
Exception in thread "main" java.lang.ClassCastException: class com.sun.fortress.nodes.TraitType cannot be cast to class com.sun.fortress.nodes.IntExpr (com.sun.fortress.nodes.TraitType and com.sun.fortress.nodes.IntExpr are in unnamed module of loader 'app')
	at com.sun.fortress.nodes.NodeUpdateVisitor.forIntArg(NodeUpdateVisitor.java:5310)
	at com.sun.fortress.nodes.NodeUpdateVisitor.forIntArg(NodeUpdateVisitor.java:29)
	at com.sun.fortress.nodes.IntArg.accept(IntArg.java:56)
	at com.sun.fortress.nodes.NodeUpdateVisitor.recur(NodeUpdateVisitor.java:11045)
	at com.sun.fortress.nodes.NodeUpdateVisitor.recurOnListOfStaticArg(NodeUpdateVisitor.java:11415)
	at com.sun.fortress.nodes.NodeUpdateVisitor.forTraitType(NodeUpdateVisitor.java:5134)
	at com.sun.fortress.nodes.NodeUpdateVisitor.forTraitType(NodeUpdateVisitor.java:29)
	at com.sun.fortress.nodes.TraitType.accept(TraitType.java:55)
	at com.sun.fortress.nodes.NodeUpdateVisitor.recur(NodeUpdateVisitor.java:11045)
	at com.sun.fortress.nodes.NodeUpdateVisitor.forTraitSelfType(NodeUpdateVisitor.java:5104)
	at com.sun.fortress.nodes.NodeUpdateVisitor.forTraitSelfType(NodeUpdateVisitor.java:29)
	at com.sun.fortress.nodes.TraitSelfType.accept(TraitSelfType.java:55)
	at com.sun.fortress.nodes.NodeUpdateVisitor.recur(NodeUpdateVisitor.java:11045)
	at com.sun.fortress.nodes.NodeUpdateVisitor.forMethodInfo(NodeUpdateVisitor.java:5985)
	at com.sun.fortress.nodes.NodeUpdateVisitor.forMethodInfo(NodeUpdateVisitor.java:29)
	at com.sun.fortress.nodes.MethodInfo.accept(MethodInfo.java:44)
	at com.sun.fortress.nodes.NodeUpdateVisitor.recur(NodeUpdateVisitor.java:11045)
	at com.sun.fortress.nodes.NodeUpdateVisitor.recurOnOptionOfMethodInfo(NodeUpdateVisitor.java:11594)
	at com.sun.fortress.nodes.NodeUpdateVisitor.forArrowType(NodeUpdateVisitor.java:5187)
	at com.sun.fortress.nodes.NodeUpdateVisitor.forArrowType(NodeUpdateVisitor.java:29)
	at com.sun.fortress.nodes.ArrowType.accept(ArrowType.java:77)
	at com.sun.fortress.compiler.typechecker.StaticTypeReplacer.replaceIn(StaticTypeReplacer.java:102)
	at com.sun.fortress.compiler.codegen.FnNameInfo.normalizedSchema(FnNameInfo.java:196)
	at com.sun.fortress.scala_src.typechecker.impls.Functionals.checkExprFunctionals(Functionals.scala:606)
	at com.sun.fortress.scala_src.typechecker.impls.Functionals.checkExprFunctionals$(Functionals.scala:548)
	at com.sun.fortress.scala_src.typechecker.STypeCheckerImpl.checkExprFunctionals(STypeChecker.scala:111)
	at com.sun.fortress.scala_src.typechecker.impls.Dispatch.checkExpr(Dispatch.scala:88)
	at com.sun.fortress.scala_src.typechecker.impls.Dispatch.checkExpr$(Dispatch.scala:80)
	at com.sun.fortress.scala_src.typechecker.STypeCheckerImpl.checkExpr(STypeChecker.scala:111)
---------- fortress run NatExtends1
Could not load NatExtends1
java.lang.ClassNotFoundException: IO Exception in reading class file: 
	at com.sun.fortress.runtimeSystem.InstantiatingClassloader.loadClass(InstantiatingClassloader.java:347)
	at java.base/java.lang.ClassLoader.loadClass(ClassLoader.java:490)
	at java.base/java.lang.Class.forName0(Native Method)
	at java.base/java.lang.Class.forName(Class.java:547)
	at com.sun.fortress.runtimeSystem.MainWrapper.main(MainWrapper.java:64)
Caused by: java.io.IOException: Resource not found : NatExtends1.class
	at com.sun.fortress.runtimeSystem.InstantiatingClassloader.readResource(InstantiatingClassloader.java:152)
	at com.sun.fortress.runtimeSystem.InstantiatingClassloader.readResource(InstantiatingClassloader.java:139)
	at com.sun.fortress.runtimeSystem.InstantiatingClassloader.getClass(InstantiatingClassloader.java:171)
	at com.sun.fortress.runtimeSystem.InstantiatingClassloader.loadClass(InstantiatingClassloader.java:294)
	... 4 more
