########## fortress compile NatExtends2.fss   (no declared method)
Exception in thread "main" com.sun.fortress.exceptions.CompilerError: Only emitting RTTI for types right now
	at com.sun.fortress.compiler.codegen.CodeGen.generateTypeReference(CodeGen.java:5793)
	at com.sun.fortress.compiler.codegen.CodeGen.RttiClassAndInterface(CodeGen.java:5446)
	at com.sun.fortress.compiler.codegen.CodeGen.forObjectDeclPrePass(CodeGen.java:4424)
	at com.sun.fortress.compiler.codegen.CodeGen.forComponent(CodeGen.java:1876)
	at com.sun.fortress.nodes.Component.accept(Component.java:56)
	at com.sun.fortress.compiler.phases.CodeGenerationPhase.execute(CodeGenerationPhase.java:196)
	at com.sun.fortress.compiler.phases.Phase.run(Phase.java:52)
	at com.sun.fortress.Shell.analyze(Shell.java:1265)
	at com.sun.fortress.repository.GraphRepository.parseComponent(GraphRepository.java:805)
	at com.sun.fortress.repository.GraphRepository.refreshGraph(GraphRepository.java:511)
	at com.sun.fortress.repository.GraphRepository.getComponent(GraphRepository.java:202)
	at com.sun.fortress.Shell.compilerPhases(Shell.java:968)
	at com.sun.fortress.Shell.compileWithErrorHandling(Shell.java:898)
	at com.sun.fortress.Shell.compilerPhases(Shell.java:874)
	at com.sun.fortress.Shell.subMain(Shell.java:407)
	at com.sun.fortress.Shell.main(Shell.java:362)
	at com.sun.fortress.Shell.main(Shell.java:349)
---------- fortress run NatExtends2
Could not load NatExtends2
java.lang.ClassNotFoundException: IO Exception in reading class file: 
	at com.sun.fortress.runtimeSystem.InstantiatingClassloader.loadClass(InstantiatingClassloader.java:347)
	at java.base/java.lang.ClassLoader.loadClass(ClassLoader.java:490)
	at java.base/java.lang.Class.forName0(Native Method)
	at java.base/java.lang.Class.forName(Class.java:547)
	at com.sun.fortress.runtimeSystem.MainWrapper.main(MainWrapper.java:64)
Caused by: java.io.IOException: Resource not found : NatExtends2.class
	at com.sun.fortress.runtimeSystem.InstantiatingClassloader.readResource(InstantiatingClassloader.java:152)
	at com.sun.fortress.runtimeSystem.InstantiatingClassloader.readResource(InstantiatingClassloader.java:139)
	at com.sun.fortress.runtimeSystem.InstantiatingClassloader.getClass(InstantiatingClassloader.java:171)
	at com.sun.fortress.runtimeSystem.InstantiatingClassloader.loadClass(InstantiatingClassloader.java:294)
	... 4 more
