Rats! Parser Generator, v. 1.14.1, (C) 2004-2008 Robert Grimm
Processing /tmp/fortress18429602900078454409rats/com/sun/fortress/parser/templateparser/TemplateParser.rats ...
Note: /tmp/fortress18429602900078454409rats/com/sun/fortress/parser/templateparser/TemplateParser93.java uses unchecked or unsafe operations.
Note: Recompile with -Xlint:unchecked for details.

Rats! Parser Generator, v. 1.14.1, (C) 2004-2008 Robert Grimm
Processing /tmp/fortress14921694143024219795rats/com/sun/fortress/parser/templateparser/TemplateParser.rats ...
Note: /tmp/fortress14921694143024219795rats/com/sun/fortress/parser/templateparser/TemplateParser140.java uses unchecked or unsafe operations.
Note: Recompile with -Xlint:unchecked for details.

1 + 1       = 2
1 + 1 2 3   = 2 3 4
2 × 3 + 4   = 14
2*10        = 1024
⍳8          = 0 1 2 3 4 5 6 7
2 4⍴⍳8      =
0 1 2 3
4 5 6 7
≢⍴ 8 5 2 3  = 1
⊃+⌿2 4⍴⍳8   = 4
⌈/3 1 4 1 5 = 5
3 1⌈1 4     = 3 4
1 2,3 4     = 1 2 3 4
⍬≡⍴5        = 1
¯1 2        = ¯1 2
