Rats! Parser Generator, v. 1.14.1, (C) 2004-2008 Robert Grimm
Processing /tmp/fortress17753067535162332565rats/com/sun/fortress/parser/templateparser/TemplateParser.rats ...
Note: /tmp/fortress17753067535162332565rats/com/sun/fortress/parser/templateparser/TemplateParser77.java uses unchecked or unsafe operations.
Note: Recompile with -Xlint:unchecked for details.

Rats! Parser Generator, v. 1.14.1, (C) 2004-2008 Robert Grimm
Processing /tmp/fortress12787003337125568799rats/com/sun/fortress/parser/templateparser/TemplateParser.rats ...
Note: /tmp/fortress12787003337125568799rats/com/sun/fortress/parser/templateparser/TemplateParser116.java uses unchecked or unsafe operations.
Note: Recompile with -Xlint:unchecked for details.

=== examples of the chapter, against the book's printed output ===

SKIP  Ex 1   out of scope: ⎕IO ← 0 is a ⎕ system name; realised instead as AplCore's index origin 0
SKIP  Ex 2   out of scope: nested arrays (a vector of four enclosed vectors) and ⎕ ←
PASS  Ex 3   ⊃+⌿⍎(data4)   (adapted: data as a 4 4 reshape)
        want |19|
        got  |19|
PASS  Ex 4   ⍎(data4)      (adapted: ↑data needs nesting)
        want |1 2 3 4
2 5 8 6
8 6 2 3
8 7 6 1|
        got  |1 2 3 4
2 5 8 6
8 6 2 3
8 7 6 1|
PASS  Ex 5   +⌿⍎(data4)    (adapted)
        want |19 20 19 14|
        got  |19 20 19 14|
PASS  Ex 6   ⊃+⌿⍎(data4)   (adapted; the chapter repeats Ex 3)
        want |19|
        got  |19|
PASS  Ex 7   ⍴5            (the empty vector prints as nothing)
        want ||
        got  ||
SKIP  Ex 8   out of scope: ]box is a Dyalog user command, not language
SKIP  Ex 9   out of scope: same value as Ex 7; the book's output is the ]box -style=max frame
SKIP  Ex 10  out of scope: ]box again
PASS  Ex 11  ⍬≡⍴5 ⍝ Does zilde match shape of 5?
        want |1|
        got  |1|
PASS  Ex 12  8 5 2 3 ⍝ A vector, yay   (]DISPLAY dropped)
        want |8 5 2 3|
        got  |8 5 2 3|
PASS  Ex 13  ⍴ 8 5 2 3 ⍝ What is the shape of my vector?
        want |4|
        got  |4|
PASS  Ex 14  3 4⍴1+⍳12     (adapted; ]DISPLAY frame dropped)
        want |1  2  3  4
5  6  7  8
9 10 11 12|
        got  |1  2  3  4
5  6  7  8
9 10 11 12|
PASS  Ex 15  ⍴⍎(m1)
        want |3 4|
        got  |3 4|
PASS  Ex 16  ⍴⍴⍎(m1)       (]DISPLAY frame dropped)
        want |2|
        got  |2|
PASS  Ex 17  ≢⍴⍎(m1) ⍝ Rank
        want |2|
        got  |2|
PASS  Ex 18a  1 + 1 ⍝ Scalar + scalar
        want |2|
        got  |2|
PASS  Ex 18b  1 + 1 2 3 ⍝ Scalar + vector
        want |2 3 4|
        got  |2 3 4|
PASS  Ex 18c  1 2 3 + 9 3 2 ⍝ Vector + vector
        want |10 5 5|
        got  |10 5 5|
PASS  Ex 19  2 4⍴⍳8 ⍝ Reshape vector to 2x4 matrix
        want |0 1 2 3
4 5 6 7|
        got  |0 1 2 3
4 5 6 7|
PASS  Ex 20a  8 6 2 9 ⍝ Vector of length 4   (]DISPLAY dropped)
        want |8 6 2 9|
        got  |8 6 2 9|
PASS  Ex 20b  1 4⍴⍎(v)      (]DISPLAY frame dropped)
        want |8 6 2 9|
        got  |8 6 2 9|
PASS  Ex 21a  ≢⍴⍎(v)
        want |1|
        got  |1|
PASS  Ex 21b  ≢⍴⍎(m2)
        want |2|
        got  |2|
PASS  Ex 21c  ⍎(v)≡⍎(m2) ⍝ Does v match m?
        want |0|
        got  |0|
PASS  Ex 22a  ⍎(v)
        want |8 6 2 9|
        got  |8 6 2 9|
PASS  Ex 22b  ⍎(m2)
        want |8 6 2 9|
        got  |8 6 2 9|
PASS  Ex 22c  ⍎(v)≡⍎(m2) ⍝ ?????
        want |0|
        got  |0|
PASS  Ex 23a  2 4⍴0 1 2 3 4 5 6 7   (⎕ ← dropped)
        want |0 1 2 3
4 5 6 7|
        got  |0 1 2 3
4 5 6 7|
PASS  Ex 23b  ⍴⍎(m3)
        want |2 4|
        got  |2 4|
SKIP  Ex 24  out of scope: ⊂ enclose: nested arrays
SKIP  Ex 25  out of scope: rank of an enclosed vector: nested arrays
SKIP  Ex 26  out of scope: a vector of three enclosed vectors: nested arrays
SKIP  Ex 27  out of scope: bracket indexing a nested vector: nested arrays, rung 2
SKIP  Ex 28  out of scope: (1 ('hello' 2)) (3 ('world' 4)): nested arrays and characters

checks passed: 26 of 26, over 18 of the chapter's 28 examples

=== beyond the chapter: the other glyphs of this rung ===

PASS  X1  ⌽1 2 3 4
        want |4 3 2 1|
        got  |4 3 2 1|
PASS  X2  ⍉2 3⍴⍳6
        want |0 3
1 4
2 5|
        got  |0 3
1 4
2 5|
PASS  X3  ⊖2 3⍴⍳6
        want |3 4 5
0 1 2|
        got  |3 4 5
0 1 2|
PASS  X4  1 2,3 4
        want |1 2 3 4|
        got  |1 2 3 4|
PASS  X5  3 1⌈1 4
        want |3 4|
        got  |3 4|
PASS  X6  3 1⌊1 4
        want |1 1|
        got  |1 1|
PASS  X7  2×3
        want |6|
        got  |6|
PASS  X8  10÷4
        want |2.5|
        got  |2.5|
PASS  X9  2*10
        want |1024|
        got  |1024|
PASS  X10  ×/1 2 3 4     (f/ for any glyph)
        want |24|
        got  |24|
PASS  X11  ⌈/3 1 4 1 5
        want |5|
        got  |5|
PASS  X12  -/1 2 3       (reduction folds right to left)
        want |2|
        got  |2|
PASS  X13  +/2 4⍴⍳8      (last axis)
        want |6 22|
        got  |6 22|
PASS  X14  +⌿2 4⍴⍳8      (first axis)
        want |4 6 8 10|
        got  |4 6 8 10|
PASS  X15  2 × 3 + 4     (right to left, not Fortress precedence)
        want |14|
        got  |14|
PASS  X16  (2 3⍴⍳6)≡2 3⍴⍳6   (parenthesised APL)
        want |1|
        got  |1|
PASS  X17  1 0 1=1 1 1   (comparison)
        want |1 0 1|
        got  |1 0 1|
PASS  X18  2 3 4≤3 3 3
        want |1 1 0|
        got  |1 1 0|

beyond-chapter checks passed: 18 of 18
