(c) aplEach over a vector with cells of unequal shape
  nine shapes, through a lambda of nine parameters = 1 9 2 8 3 7 4 6 5 5 6 4 7 3 8 2 9 1
  nine first elements (100i is the cell's own tag) = 0 100 200 300 400 500 600 700 800
  arity 3, shapes = 1 9 2 8 3 7
  arity 2, shapes = 1 9 2 8
  scalar cells still assemble: sq¨⍳5 = 0 1 4 9 16
  a VECTOR cell result is still APL's nested array ({⍳⍵}¨1 2 3, rung 5's Y20) = CallerViolation
(d) aplFlatten over a strand
  aplFlatten(m0, m1) = 0 1 2 3 4 5 10 11
  aplFlatten(m0, m1, m2) = 0 1 2 3 4 5 10 11 0 1 2
  hand-built = 0 1 2 3 4 5 10 11 0 1 2
  aplFlatten over the nine views: length = 165
  hand-computed length = 165
  its first 12 elements = 0 1 2 3 4 5 6 7 8 100 101 102
  its last element = 880
(e) aplRankD1 over two rank-3 arrays
  ⍴(x(+⍤1)y) = 2 3 4
  x(+⍤1)y =  0  2  4  6
 8 10 12 14
16 18 20 22

24 26 28 30
32 34 36 38
40 42 44 46
  2×x, for comparison =  0  2  4  6
 8 10 12 14
16 18 20 22

24 26 28 30
32 34 36 38
40 42 44 46
  x({(+/⍺)+(+/⍵)}⍤1)y  -- a lower-rank cell result =  12  44  76
108 140 172
