(a) ∘.g direct, the four shapes
  1 2 3∘.×0 1 2 3:
0 1 2 3
0 2 4 6
0 3 6 9
  2∘.×0 1 2 3    = 0 2 4 6
  1 2 3∘.×2      = 2 4 6
  2∘.×3          = 6
  0 1 2 3∘.<0 1 2 3:
0 1 1 1
0 0 1 1
0 0 0 1
0 0 0 0
  0 1 2 3∘.≥0 1 2 3:
1 0 0 0
1 1 0 0
1 1 1 0
1 1 1 1
(b) ∘.g general, through aplCall
  1 2 3∘.{⍺×⍵}0 1 2 3:
0 1 2 3
0 2 4 6
0 3 6 9
  1 2 3∘.{⍺<⍵}1 2 3:
0 1 1
0 0 1
0 0 0
(c) +.× in the four rank pairs
  1 2 3+.×1 2 3  = 14
  A+.×B:
100  62  45
136 146 198
170 112 140
  A+.×(1 2 3 4)  = 39 44 80
  (1 2 3)+.×A    = 37 43 28 40
(d) the same product through the hand-written loop
  A loop B:
100  62  45
136 146 198
170 112 140
(e) +.= and the general f.g
  1 2 3+.=1 9 3  = 2
  A{⍺+⍵}.{⍺×⍵}B:
100  62  45
136 146 198
170 112 140
(f) ⍤0 1
  (1 2 3)×⍤0 1⊢(1 2 3 4):
0 1 2 3
0 2 4 6
0 3 6 9
  (1 2 3)+⍤0 1⊢A   (a scalar per ROW):
 4  3 1  9
13  9 7  3
 7 12 9 13
  (0 1 2)⌷⍤0 1⊢A   (one element per row) = 3 7 6
  2×⍤0 1⊢(1 2 3)  = 2 4 6
(g) the two LENGTH ERRORs
  A+.×A (3x4 by 3x4)      = CallerViolation
  (1 2 3){⍺+⍵}.{⍺×⍵}(0 1 2 3) = CallerViolation
