Rats! Parser Generator, v. 1.14.1, (C) 2004-2008 Robert Grimm
Processing /tmp/fortress10762071538765846994rats/com/sun/fortress/parser/templateparser/TemplateParser.rats ...
Note: /tmp/fortress10762071538765846994rats/com/sun/fortress/parser/templateparser/TemplateParser354.java uses unchecked or unsafe operations.
Note: Recompile with -Xlint:unchecked for details.

(a) ⍤0 1
  1 2 3×⍤0 1⊢0 1 2 3 = 0 1 2 3
0 2 4 6
0 3 6 9
  1 2 3(×⍤0 1)0 1 2 3 = 0 1 2 3
0 2 4 6
0 3 6 9
  0 1 2⌷⍤0 1⊢3 3⍴⍳9 = 0 4 8
  1 2{⍺+⍵}⍤0 1⊢2 3⍴⍳6 = 1 2 3
5 6 7
(b) ∘.g direct, all eight glyphs
  1 2 3∘.×0 1 2 = 0 1 2
0 2 4
0 3 6
  0 1 2∘.=0 1 2 = 1 0 0
0 1 0
0 0 1
  0 1 2∘.≠0 1 2 = 0 1 1
1 0 1
1 1 0
  0 1 2∘.<0 1 2 = 0 1 1
0 0 1
0 0 0
  0 1 2∘.≤0 1 2 = 1 1 1
0 1 1
0 0 1
  0 1 2∘.>0 1 2 = 0 0 0
1 0 0
1 1 0
  0 1 2∘.≥0 1 2 = 1 0 0
1 1 0
1 1 1
  2 3∘.|4 5 6 = 0 1 0
1 2 0
(c) ∘.g commuted, and general
  ∘.×⍨1 2 3 = 1 2 3
2 4 6
3 6 9
  ∘.<⍨0 1 2 = 0 1 1
0 0 1
0 0 0
  1 2 3∘.{⍺+⍵}0 1 = 1 2
2 3
3 4
  ∘.{⍺+⍵}⍨1 2 = 2 3
3 4
(d) f.g inner product
  1 2 3+.×1 2 3 = 14
  1 2 3+.=1 9 3 = 2
  (2 3⍴⍳6)+.×3 2⍴⍳6 = 10 13
28 40
  1 2 3{⍺+⍵}.{⍺×⍵}1 2 3 = 14
  (2 3⍴⍳6){⍺+⍵}.{⍺×⍵}3 2⍴⍳6 = 10 13
28 40
(e) +.× as a function VALUE under ⍤2, over rank 3
  ⍴(2 2 3⍴⍳12)+.×⍤2⊢2 3 2⍴⍳12 = 2 2 2
  (2 2 3⍴⍳12)+.×⍤2⊢2 3 2⍴⍳12 = 10 13
28 40

172 193
244 274
(f) the rules rungs 1-5 already had, re-asked beside the new ones
  +/1 2 3 4 = 10
  relu ← 0∘⌈ ⋄ relu ¯2 3 = 0 3
  1 2 3 4↑⍨2 = 1 2
  ⌽⍤1⊢2 3⍴⍳6 = 2 1 0
5 4 3
  ×⍨¨1+⍳4 = 1 4 9 16
