# host: Linux 6.18.44-fc-v33 x86_64  cores: 4
# jdk: openjdk version "25.0.3" 2026-04-21
# FORTRESS_THREADS=1  JAVA_FLAGS=-Xmx4g -Xss64m
# date: 2026-09-17T02:24:33+00:00
########## fortress compile bench1t.fss
########## fortress compile bench1h.fss
=== compiled run 1: bench1t
bench1t  0.8646647302294265
loop_ns  1.2623606388E10
--- process wall: 12.885096673 s
=== compiled run 2: bench1t
bench1t  0.8646647302294265
loop_ns  1.3082115473E10
--- process wall: 13.355165267 s
=== compiled run 3: bench1t
bench1t  0.8646647302294265
loop_ns  1.3056609697E10
--- process wall: 13.312835787 s
=== compiled run 1: bench1h
bench1h  0.8646647302294265
loop_ns  8.923775043E9
--- process wall: 9.188478109 s
=== compiled run 2: bench1h
bench1h  0.8646647302294265
loop_ns  8.815875942E9
--- process wall: 9.073288519 s
=== compiled run 3: bench1h
bench1h  0.8646647302294265
loop_ns  8.385524912E9
--- process wall: 8.639464138 s
# done: 2026-09-17T02:25:43+00:00
