Exception in thread "main" java.lang.Error: Not yet implemented
	at com.sun.fortress.useful.NI.nyi(NI.java:52)
	at com.sun.fortress.scala_src.typechecker.IndexBuilder$.$anonfun$buildObject$2(IndexBuilder.scala:349)
	at scala.collection.IterableOnceOps.foreach(IterableOnce.scala:630)
	at scala.collection.IterableOnceOps.foreach$(IterableOnce.scala:628)
	at scala.collection.AbstractIterator.foreach(Iterator.scala:1313)
	at com.sun.fortress.scala_src.typechecker.IndexBuilder$.buildObject(IndexBuilder.scala:344)
	at com.sun.fortress.scala_src.typechecker.IndexBuilder$.$anonfun$buildCompilationUnitIndex$1(IndexBuilder.scala:179)
	at scala.collection.IterableOnceOps.foreach(IterableOnce.scala:630)
	at scala.collection.IterableOnceOps.foreach$(IterableOnce.scala:628)
	at scala.collection.AbstractIterator.foreach(Iterator.scala:1313)
	at com.sun.fortress.scala_src.typechecker.IndexBuilder$.buildCompilationUnitIndex(IndexBuilder.scala:171)
	at com.sun.fortress.scala_src.typechecker.IndexBuilder$.buildComponent(IndexBuilder.scala:147)
	at com.sun.fortress.scala_src.typechecker.IndexBuilder$.$anonfun$buildComponents$1(IndexBuilder.scala:119)
	at scala.collection.IterableOnceOps.foreach(IterableOnce.scala:630)
	at scala.collection.IterableOnceOps.foreach$(IterableOnce.scala:628)
	at scala.collection.AbstractIterator.foreach(Iterator.scala:1313)
	at com.sun.fortress.scala_src.typechecker.IndexBuilder$.buildComponents(IndexBuilder.scala:119)
	at com.sun.fortress.scala_src.typechecker.IndexBuilder.buildComponents(IndexBuilder.scala)
	at com.sun.fortress.compiler.phases.EmptyPhase.execute(EmptyPhase.java:47)
	at com.sun.fortress.compiler.phases.Phase.run(Phase.java:52)
	at com.sun.fortress.compiler.phases.Phase.run(Phase.java:51)
	at com.sun.fortress.compiler.phases.Phase.run(Phase.java:51)
	at com.sun.fortress.compiler.phases.Phase.run(Phase.java:51)
	at com.sun.fortress.compiler.phases.Phase.run(Phase.java:51)
	at com.sun.fortress.compiler.phases.Phase.run(Phase.java:51)
	at com.sun.fortress.compiler.phases.Phase.run(Phase.java:51)
	at com.sun.fortress.compiler.phases.Phase.run(Phase.java:51)
	at com.sun.fortress.Shell.analyze(Shell.java:1265)
	at com.sun.fortress.repository.GraphRepository.parseComponent(GraphRepository.java:805)
	at com.sun.fortress.repository.GraphRepository.refreshGraph(GraphRepository.java:511)
	at com.sun.fortress.repository.GraphRepository.getComponent(GraphRepository.java:202)
	at com.sun.fortress.repository.GraphRepository.getLinkedComponent(GraphRepository.java:886)
	at com.sun.fortress.Shell.eval(Shell.java:620)
	at com.sun.fortress.Shell.walk(Shell.java:1125)
	at com.sun.fortress.Shell.walk(Shell.java:1116)
	at com.sun.fortress.Shell.subMain(Shell.java:483)
	at com.sun.fortress.Shell.main(Shell.java:362)
	at com.sun.fortress.Shell.main(Shell.java:349)
