Exception in thread "main" java.lang.ArrayIndexOutOfBoundsException
	at java.base/jdk.internal.reflect.DirectConstructorHandleAccessor.newInstance(DirectConstructorHandleAccessor.java:62)
	at java.base/java.lang.reflect.Constructor.newInstanceWithCaller(Constructor.java:499)
	at java.base/java.lang.reflect.Constructor.newInstance(Constructor.java:483)
	at java.base/java.util.concurrent.ForkJoinTask.getException(ForkJoinTask.java:564)
	at java.base/java.util.concurrent.ForkJoinTask.reportException(ForkJoinTask.java:580)
	at java.base/java.util.concurrent.ForkJoinTask.join(ForkJoinTask.java:670)
	at java.base/java.util.concurrent.ForkJoinPool.invoke(ForkJoinPool.java:3149)
	at com.sun.fortress.interpreter.Driver.runProgram(Driver.java:562)
	at com.sun.fortress.Shell.eval(Shell.java:621)
	at com.sun.fortress.Shell.walk(Shell.java:1125)
	at com.sun.fortress.Shell.walk(Shell.java:1116)
	at com.sun.fortress.Shell.subMain(Shell.java:483)
	at com.sun.fortress.Shell.main(Shell.java:362)
	at com.sun.fortress.Shell.main(Shell.java:349)
Caused by: java.lang.ArrayIndexOutOfBoundsException: Index 12 out of bounds for length 12
	at com.sun.fortress.interpreter.evaluator.transactions.AtomicArray.get(AtomicArray.java:49)
	at com.sun.fortress.interpreter.glue.prim.PrimitiveArray$get.f(PrimitiveArray.java:76)
	at com.sun.fortress.interpreter.glue.prim.PrimitiveArray$vi2O.applyMethod(PrimitiveArray.java:49)
	at com.sun.fortress.interpreter.glue.prim.PrimitiveArray$get.applyMethod(PrimitiveArray.java:74)
	at com.sun.fortress.interpreter.glue.NativeMeth1.applyMethod(NativeMeth1.java:37)
	at com.sun.fortress.interpreter.evaluator.values.MethodClosure.applyMethod(MethodClosure.java:86)
	at com.sun.fortress.interpreter.evaluator.values.DottedMethodApplication.applyInnerPossiblyGeneric(DottedMethodApplication.java:166)
	at com.sun.fortress.interpreter.evaluator.values.Fcn.applyToArgs(Fcn.java:101)
	at com.sun.fortress.interpreter.evaluator.values.DottedMethodApplication.invokeMethod(DottedMethodApplication.java:121)
	at com.sun.fortress.interpreter.evaluator.Evaluator.invokeMethod(Evaluator.java:915)
	at com.sun.fortress.interpreter.evaluator.Evaluator.forMethodInvocation(Evaluator.java:559)
	at com.sun.fortress.interpreter.evaluator.Evaluator.forMethodInvocation(Evaluator.java:44)
	at com.sun.fortress.nodes.MethodInvocation.accept(MethodInvocation.java:93)
	at com.sun.fortress.interpreter.evaluator.Evaluator.evalExprList(Evaluator.java:330)
	at com.sun.fortress.interpreter.evaluator.Evaluator.forBlock(Evaluator.java:285)
	at com.sun.fortress.interpreter.evaluator.Evaluator.forBlock(Evaluator.java:44)
	at com.sun.fortress.nodes.Block.accept(Block.java:61)
	at com.sun.fortress.interpreter.evaluator.Evaluator.eval(Evaluator.java:48)
	at com.sun.fortress.interpreter.evaluator.BuildLetEnvironments.forLocalVarDecl(BuildLetEnvironments.java:121)
	at com.sun.fortress.interpreter.evaluator.BuildLetEnvironments.forLocalVarDecl(BuildLetEnvironments.java:31)
	at com.sun.fortress.nodes.LocalVarDecl.accept(LocalVarDecl.java:55)
	at com.sun.fortress.interpreter.evaluator.BuildLetEnvironments.doLets(BuildLetEnvironments.java:125)
	at com.sun.fortress.interpreter.evaluator.Evaluator.evalExprList(Evaluator.java:328)
	at com.sun.fortress.interpreter.evaluator.Evaluator.forBlock(Evaluator.java:285)
	at com.sun.fortress.interpreter.evaluator.Evaluator.forBlock(Evaluator.java:44)
	at com.sun.fortress.nodes.Block.accept(Block.java:61)
	at com.sun.fortress.interpreter.evaluator.Evaluator.forDo(Evaluator.java:253)
	at com.sun.fortress.interpreter.evaluator.Evaluator.forDo(Evaluator.java:44)
	at com.sun.fortress.nodes.Do.accept(Do.java:49)
	at com.sun.fortress.interpreter.evaluator.Evaluator.eval(Evaluator.java:48)
	at com.sun.fortress.interpreter.evaluator.values.MethodClosure.applyMethod(MethodClosure.java:84)
	at com.sun.fortress.interpreter.glue.IndexedArrayWrapper.get(IndexedArrayWrapper.java:86)
	at com.sun.fortress.interpreter.evaluator.values.IUOTuple.arrayCopyto(IUOTuple.java:309)
	at com.sun.fortress.interpreter.evaluator.values.IUOTuple.arrayCopyto(IUOTuple.java:318)
	at com.sun.fortress.interpreter.evaluator.values.IUOTuple.arrayCopyto(IUOTuple.java:318)
	at com.sun.fortress.interpreter.evaluator.values.IUOTuple.copyTo(IUOTuple.java:265)
	at com.sun.fortress.interpreter.evaluator.values.IUOTuple.copyTo(IUOTuple.java:285)
	at com.sun.fortress.interpreter.evaluator.values.IUOTuple.copyTo(IUOTuple.java:249)
	at com.sun.fortress.interpreter.evaluator.values.IUOTuple.copyTo(IUOTuple.java:238)
	at com.sun.fortress.interpreter.evaluator.LHSEvaluator.forLValue(LHSEvaluator.java:171)
	at com.sun.fortress.interpreter.evaluator.LHSEvaluator.forLValue(LHSEvaluator.java:36)
	at com.sun.fortress.nodes.LValue.accept(LValue.java:42)
	at com.sun.fortress.interpreter.evaluator.BuildLetEnvironments.forLocalVarDecl(BuildLetEnvironments.java:82)
	at com.sun.fortress.interpreter.evaluator.BuildLetEnvironments.forLocalVarDecl(BuildLetEnvironments.java:31)
	at com.sun.fortress.nodes.LocalVarDecl.accept(LocalVarDecl.java:55)
	at com.sun.fortress.interpreter.evaluator.BuildLetEnvironments.doLets(BuildLetEnvironments.java:125)
	at com.sun.fortress.interpreter.evaluator.Evaluator.evalExprList(Evaluator.java:328)
	at com.sun.fortress.interpreter.evaluator.Evaluator.forBlock(Evaluator.java:285)
	at com.sun.fortress.interpreter.evaluator.Evaluator.forBlock(Evaluator.java:44)
	at com.sun.fortress.nodes.Block.accept(Block.java:61)
	at com.sun.fortress.interpreter.evaluator.Evaluator.eval(Evaluator.java:48)
	at com.sun.fortress.interpreter.evaluator.BuildLetEnvironments.forLocalVarDecl(BuildLetEnvironments.java:121)
	at com.sun.fortress.interpreter.evaluator.BuildLetEnvironments.forLocalVarDecl(BuildLetEnvironments.java:31)
	at com.sun.fortress.nodes.LocalVarDecl.accept(LocalVarDecl.java:55)
	at com.sun.fortress.interpreter.evaluator.BuildLetEnvironments.doLets(BuildLetEnvironments.java:125)
	at com.sun.fortress.interpreter.evaluator.Evaluator.evalExprList(Evaluator.java:328)
	at com.sun.fortress.interpreter.evaluator.Evaluator.forBlock(Evaluator.java:285)
	at com.sun.fortress.interpreter.evaluator.Evaluator.forBlock(Evaluator.java:44)
	at com.sun.fortress.nodes.Block.accept(Block.java:61)
	at com.sun.fortress.interpreter.evaluator.Evaluator.eval(Evaluator.java:48)
	at com.sun.fortress.interpreter.evaluator.BuildLetEnvironments.forLocalVarDecl(BuildLetEnvironments.java:121)
	at com.sun.fortress.interpreter.evaluator.BuildLetEnvironments.forLocalVarDecl(BuildLetEnvironments.java:31)
	at com.sun.fortress.nodes.LocalVarDecl.accept(LocalVarDecl.java:55)
	at com.sun.fortress.interpreter.evaluator.BuildLetEnvironments.doLets(BuildLetEnvironments.java:125)
	at com.sun.fortress.interpreter.evaluator.Evaluator.evalExprList(Evaluator.java:328)
	at com.sun.fortress.interpreter.evaluator.Evaluator.forBlock(Evaluator.java:285)
	at com.sun.fortress.interpreter.evaluator.Evaluator.forBlock(Evaluator.java:44)
	at com.sun.fortress.nodes.Block.accept(Block.java:61)
	at com.sun.fortress.interpreter.evaluator.Evaluator.eval(Evaluator.java:48)
	at com.sun.fortress.interpreter.evaluator.BuildLetEnvironments.forLocalVarDecl(BuildLetEnvironments.java:121)
	at com.sun.fortress.interpreter.evaluator.BuildLetEnvironments.forLocalVarDecl(BuildLetEnvironments.java:31)
	at com.sun.fortress.nodes.LocalVarDecl.accept(LocalVarDecl.java:55)
	at com.sun.fortress.interpreter.evaluator.BuildLetEnvironments.doLets(BuildLetEnvironments.java:125)
	at com.sun.fortress.interpreter.evaluator.Evaluator.evalExprList(Evaluator.java:328)
	at com.sun.fortress.interpreter.evaluator.Evaluator.forBlock(Evaluator.java:285)
	at com.sun.fortress.interpreter.evaluator.Evaluator.forBlock(Evaluator.java:44)
	at com.sun.fortress.nodes.Block.accept(Block.java:61)
	at com.sun.fortress.interpreter.evaluator.Evaluator.eval(Evaluator.java:48)
	at com.sun.fortress.interpreter.evaluator.BuildLetEnvironments.forLocalVarDecl(BuildLetEnvironments.java:121)
	at com.sun.fortress.interpreter.evaluator.BuildLetEnvironments.forLocalVarDecl(BuildLetEnvironments.java:31)
	at com.sun.fortress.nodes.LocalVarDecl.accept(LocalVarDecl.java:55)
	at com.sun.fortress.interpreter.evaluator.BuildLetEnvironments.doLets(BuildLetEnvironments.java:125)
	at com.sun.fortress.interpreter.evaluator.Evaluator.evalExprList(Evaluator.java:328)
	at com.sun.fortress.interpreter.evaluator.Evaluator.forBlock(Evaluator.java:285)
	at com.sun.fortress.interpreter.evaluator.Evaluator.forBlock(Evaluator.java:44)
	at com.sun.fortress.nodes.Block.accept(Block.java:61)
	at com.sun.fortress.interpreter.evaluator.Evaluator.forDo(Evaluator.java:253)
	at com.sun.fortress.interpreter.evaluator.Evaluator.forDo(Evaluator.java:44)
	at com.sun.fortress.nodes.Do.accept(Do.java:49)
	at com.sun.fortress.interpreter.evaluator.Evaluator.eval(Evaluator.java:48)
	at com.sun.fortress.interpreter.evaluator.values.FunctionClosure.applyInnerPossiblyGeneric(FunctionClosure.java:199)
	at com.sun.fortress.interpreter.evaluator.values.Fcn.applyToArgs(Fcn.java:101)
	at com.sun.fortress.interpreter.evaluator.values.Fcn.functionInvocation(Fcn.java:188)
	at com.sun.fortress.interpreter.Driver.runProgramTask(Driver.java:507)
	at com.sun.fortress.interpreter.evaluator.tasks.EvaluatorTask.compute(EvaluatorTask.java:46)
	at java.base/java.util.concurrent.RecursiveAction.exec(RecursiveAction.java:194)
	at java.base/java.util.concurrent.ForkJoinTask.doExec(ForkJoinTask.java:511)
	at java.base/java.util.concurrent.ForkJoinPool$WorkQueue.topLevelExec(ForkJoinPool.java:1450)
	at java.base/java.util.concurrent.ForkJoinPool.runWorker(ForkJoinPool.java:2019)
	at java.base/java.util.concurrent.ForkJoinWorkerThread.run(ForkJoinWorkerThread.java:187)
