MicroGptApl checks (Run APL) | threads 1 | tolerances: loss 1.0E-12 grad 1.0E-12 fd 1.0E-8
loader: max |P - P0| over 4192: diff 0.0 PASS
corpus: max |row - golden| over documents 0..15: diff 0.0 PASS
step 0 batch 1: max |gradient - golden| over 4192: diff 1.1102230246251565E-16 PASS
step 0 batch 1: max |P after Adam - golden| over 4192: diff 8.326672684688674E-17 PASS
step 0 batch 1: zero gradient entries - 464: diff 0.0 PASS
batch 1 step 1 loss 3.3659669475848513 vs 3.365966947584851 (7768 ms): diff 4.440892098500626E-16 PASS
batch 1 step 2 loss 3.424272783871772 vs 3.424272783871772 (4695 ms): diff 0.0 PASS
batch 1 step 3 loss 3.177802125458053 vs 3.177802125458053 (4157 ms): diff 0.0 PASS
batch 1 step 4 loss 3.066355684224198 vs 3.066355684224198 (3983 ms): diff 0.0 PASS
batch 1 step 5 loss 3.2208830897506235 vs 3.2208830897506235 (4450 ms): diff 0.0 PASS
batch 4 loss 3.28664155669517 vs golden 3.28664155669517 (14585 ms): diff 0.0 PASS
batch 4: single-document loss 3.3659669475848513 vs golden 3.365966947584851 (document 0): diff 4.440892098500626E-16 PASS
batch 4: single-document loss 3.426576395687917 vs golden 3.426576395687917 (document 1): diff 0.0 PASS
batch 4: single-document loss 3.181956443648965 vs golden 3.1819564436489656 (document 2): diff 4.440892098500626E-16 PASS
batch 4: single-document loss 3.098249425325908 vs golden 3.098249425325908 (document 3): diff 0.0 PASS
batch 4 loss vs token-weighted mean of single-document losses 3.28664155669517: diff 0.0 PASS
fd doc 0 P[17] backprop 0.0 fd 0.0 (golden fd 0.0): diff 0.0 PASS
fd doc 0 P[500] backprop -0.09262792010673876 fd -0.09262792022290967 (golden fd -0.09262792000086506): diff 1.1617090622806359E-10 PASS
fd doc 0 P[1000] backprop -7.907983194362436E-7 fd -7.907008381380365E-7 (golden fd -7.907008381380365E-7): diff 9.748129820713602E-11 PASS
fd doc 0 P[1300] backprop 1.3868449017482692E-4 fd 1.3868439729947113E-4 (golden fd 1.3868439729947113E-4): diff 9.287535578930348E-11 PASS
fd doc 0 P[1500] backprop -3.4529571739452285E-5 fd -3.4529490378076844E-5 (golden fd -3.4529490378076844E-5): diff 8.13613754412643E-11 PASS
fd doc 0 P[1700] backprop -0.00296616034602804 fd -0.0029661602063413284 (golden fd -0.0029661602063413284): diff 1.3968671141659228E-10 PASS
fd doc 0 P[2000] backprop -0.0030705503307485206 fd -0.0030705502584993383 (golden fd -0.0030705502584993383): diff 7.224918233128541E-11 PASS
fd doc 0 P[2500] backprop -5.537992606936793E-5 fd -5.5379922869747134E-5 (golden fd -5.5379922869747134E-5): diff 3.199620798345626E-12 PASS
fd doc 0 P[3000] backprop 0.0019669872121007037 fd 0.001966987017709698 (golden fd 0.001966987017709698): diff 1.9439100546261856E-10 PASS
fd doc 0 P[4000] backprop -0.0031474910597475464 fd -0.003147490934551911 (golden fd -0.003147491156596516): diff 1.2519563554261315E-10 PASS
fd doc 0 P[4191] backprop -0.002523065400316255 fd -0.002523065090187515 (golden fd -0.002523065534276725): diff 3.1012873996302814E-10 PASS
fd doc 0 worst |fd - backprop|: diff 3.1012873996302814E-10 PASS
fd batch 4 P[17] backprop 0.0 fd 0.0 (golden fd 0.0): diff 0.0 PASS
fd batch 4 P[500] backprop -0.04889305029944639 fd -0.0488930500530671 (golden fd -0.0488930500530671): diff 2.4637929196824615E-10 PASS
fd batch 4 P[1000] backprop 0.003685793302051099 fd 0.0036857936702716643 (golden fd 0.003685793670271664): diff 3.6822056515006807E-10 PASS
fd batch 4 P[1300] backprop -8.726693468799543E-8 fd -8.748557434046234E-8 (golden fd -8.72635297355373E-8): diff 2.186396524669093E-10 PASS
fd batch 4 P[1500] backprop 6.046970122589983E-5 fd 6.04696293038387E-5 (golden fd 6.0469851348443626E-5): diff 7.19220611276254E-11 PASS
fd batch 4 P[1700] backprop 3.5681784547039936E-5 fd 3.5681457788427906E-5 (golden fd 3.5681457788427906E-5): diff 3.2675861203011053E-10 PASS
fd batch 4 P[2000] backprop -3.0920733632954303E-4 fd -3.092075484545376E-4 (golden fd -3.092075484545376E-4): diff 2.121249945445311E-10 PASS
fd batch 4 P[2500] backprop -0.001295641777923951 fd -0.0012956420381016187 (golden fd -0.0012956415940124089): diff 2.6017766760477734E-10 PASS
fd batch 4 P[3000] backprop 0.001185814944881895 fd 0.0011858147797028096 (golden fd 0.0011858152237920194): diff 1.6517908547029891E-10 PASS
fd batch 4 P[4000] backprop -0.004676599055575628 fd -0.004676599107966695 (golden fd -0.004676599107966695): diff 5.239106631166335E-11 PASS
fd batch 4 P[4191] backprop -0.00407719213345234 fd -0.004077191917417622 (golden fd -0.004077191917417622): diff 2.160347178925548E-10 PASS
fd batch 4 worst |fd - backprop|: diff 3.6822056515006807E-10 PASS
total 437 s
VERDICT: 40 PASS, 0 FAIL of 40 -- ALL PASS
