null
/home/user/fortress/explorations/apl/rung-2/p18_uesc.fss:5:1-8:
    Unmatched delimiter "component".
/home/user/fortress/explorations/apl/rung-2/p18_uesc.fss:10:12-13:2:
    Unmatched delimiters "(" and "end".
/home/user/fortress/explorations/apl/rung-2/p18_uesc.fss:10:14-51:
    Unmatched delimiters "\"" and "]".
/home/user/fortress/explorations/apl/rung-2/p18_uesc.fss:10:19:
    Invalid string literal content: \
/home/user/fortress/explorations/apl/rung-2/p18_uesc.fss:10:52-53:
    Unmatched delimiters "\"" and ")".
/home/user/fortress/explorations/apl/rung-2/p18_uesc.fss:10:55:
    Invalid string literal content: 
Turn on "-debug interpreter" for Java-level stack trace.
java.lang.Throwable
	at com.sun.fortress.Shell.failureBoilerplate(Shell.java:748)
	at com.sun.fortress.Shell.walk(Shell.java:1166)
	at com.sun.fortress.Shell.walk(Shell.java:1116)
	at com.sun.fortress.Shell.subMain(Shell.java:483)
	at com.sun.fortress.Shell.main(Shell.java:362)
	at com.sun.fortress.Shell.main(Shell.java:349)
