==================== design A with the value-position piece (run-all.sh's cV)
########## fortress compile explorations/perf-probes/nat/NatExtends1.fss   (-Dprobe.nat.likeOpr=true -Dprobe.nat.valuePos=true)   [cV]
exit=0
---------- fortress run NatExtends1
java.lang.ExceptionInInitializerError
	at NatExtends1.main(/home/user/fortress/explorations/perf-probes/nat/NatExtends1.fss)
	at com.sun.fortress.runtimeSystem.MainWrapper.main(MainWrapper.java:68)
Caused by: java.lang.ExceptionInInitializerError
	at \=AbstractArrow⟦com\|sun\|fortress\|compiler\|runtimeValues\|FZZ32,NatExtends1\%Buf⟦3⟧⟧.<clinit>(Unknown Source)
	at NatExtends1.run(/home/user/fortress/explorations/perf-probes/nat/NatExtends1.fss)
	at NatExtends1.compute(/home/user/fortress/explorations/perf-probes/nat/NatExtends1.fss)
Caused by: java.lang.NumberFormatException: For input string: "s"
	at com.sun.fortress.runtimeSystem.MethodInstantiater.visitMethodInsn(MethodInstantiater.java:232)
	at org.objectweb.asm.ClassReader.readCode(ClassReader.java:2447)
	at org.objectweb.asm.ClassReader.readMethod(ClassReader.java:1512)
	at org.objectweb.asm.ClassReader.accept(ClassReader.java:745)
	at org.objectweb.asm.ClassReader.accept(ClassReader.java:425)
	at com.sun.fortress.runtimeSystem.InstantiatingClassloader.readAndExpandGenericThing(InstantiatingClassloader.java:406)
	at com.sun.fortress.runtimeSystem.InstantiatingClassloader.readAndExpandGenericThing(InstantiatingClassloader.java:379)
	at com.sun.fortress.runtimeSystem.InstantiatingClassloader.loadClass(InstantiatingClassloader.java:276)
	at NatExtends1$Buf❮3❯$RTTIc.<clinit>(/home/user/fortress/explorations/perf-probes/nat/NatExtends1.fss)
	... 8 more

########## fortress compile explorations/perf-probes/nat/size-probes/NatGetter.fss   (-Dprobe.nat.likeOpr=true -Dprobe.nat.valuePos=true)   [cV]
exit=0
---------- fortress run NatGetter
java.lang.ExceptionInInitializerError
	at NatGetter.main(/home/user/fortress/explorations/perf-probes/nat/size-probes/NatGetter.fss)
	at com.sun.fortress.runtimeSystem.MainWrapper.main(MainWrapper.java:68)
Caused by: java.lang.ExceptionInInitializerError
	at NatGetter.run(/home/user/fortress/explorations/perf-probes/nat/size-probes/NatGetter.fss)
	at NatGetter.compute(/home/user/fortress/explorations/perf-probes/nat/size-probes/NatGetter.fss)
Caused by: java.lang.NumberFormatException: For input string: "s0"
	at com.sun.fortress.runtimeSystem.MethodInstantiater.visitMethodInsn(MethodInstantiater.java:232)
	at org.objectweb.asm.ClassReader.readCode(ClassReader.java:2447)
	at org.objectweb.asm.ClassReader.readMethod(ClassReader.java:1512)
	at org.objectweb.asm.ClassReader.accept(ClassReader.java:745)
	at org.objectweb.asm.ClassReader.accept(ClassReader.java:425)
	at com.sun.fortress.runtimeSystem.InstantiatingClassloader.readAndExpandGenericThing(InstantiatingClassloader.java:406)
	at com.sun.fortress.runtimeSystem.InstantiatingClassloader.readAndExpandGenericThing(InstantiatingClassloader.java:379)
	at com.sun.fortress.runtimeSystem.InstantiatingClassloader.loadClass(InstantiatingClassloader.java:276)
	at com.sun.fortress.runtimeSystem.InstantiatingClassloader.loadClass(InstantiatingClassloader.java:325)
	at com.sun.fortress.runtimeSystem.RTHelpers.getRTTIclass(RTHelpers.java:49)
	at com.sun.fortress.runtimeSystem.RTHelpers.getRTTIclass(RTHelpers.java:68)
	at NatGetter$Arr1❮0,3❯$RTTIc.factory(/home/user/fortress/explorations/perf-probes/nat/size-probes/NatGetter.fss)
	at \=AbstractArrow⟦com\|sun\|fortress\|compiler\|runtimeValues\|FZZ32,NatGetter\%Arr1⟦com\|sun\|fortress\|compiler\|runtimeValues\|FZZ32,0,3⟧⟧.<clinit>(Unknown Source)
	... 7 more

==================== the same, with fourth-gap-a.patch
########## fortress compile explorations/perf-probes/nat/NatExtends1.fss   (-Dprobe.nat.likeOpr=true -Dprobe.nat.valuePos=true -Dprobe.nat.stemFix=true)   [cV]
exit=0
---------- fortress run NatExtends1
3

########## fortress compile explorations/perf-probes/nat/size-probes/NatGetter.fss   (-Dprobe.nat.likeOpr=true -Dprobe.nat.valuePos=true -Dprobe.nat.stemFix=true)   [cV]
exit=0
---------- fortress run NatGetter
3

==================== design B with the value-position piece (run-all.sh's cVB)
########## fortress compile explorations/perf-probes/nat/NatExtends1.fss   (-Dprobe.nat.likeOpr=false -Dprobe.nat.valuePos=true)   [cVB]
Exception in thread "main" com.sun.fortress.exceptions.CompilerError: Only emitting RTTI for types right now
	at com.sun.fortress.compiler.codegen.CodeGen.generateTypeReference(CodeGen.java:5818)
	at com.sun.fortress.compiler.codegen.CodeGen.RttiClassAndInterface(CodeGen.java:5450)
	at com.sun.fortress.compiler.codegen.CodeGen.forObjectDeclPrePass(CodeGen.java:4428)
	at com.sun.fortress.compiler.codegen.CodeGen.forComponent(CodeGen.java:1880)
	at com.sun.fortress.nodes.Component.accept(Component.java:56)
	at com.sun.fortress.compiler.phases.CodeGenerationPhase.execute(CodeGenerationPhase.java:196)
	at com.sun.fortress.compiler.phases.Phase.run(Phase.java:52)
	at com.sun.fortress.Shell.analyze(Shell.java:1265)
	at com.sun.fortress.repository.GraphRepository.parseComponent(GraphRepository.java:805)
	at com.sun.fortress.repository.GraphRepository.refreshGraph(GraphRepository.java:511)
	at com.sun.fortress.repository.GraphRepository.getComponent(GraphRepository.java:202)
	at com.sun.fortress.Shell.compilerPhases(Shell.java:968)
	at com.sun.fortress.Shell.compileWithErrorHandling(Shell.java:898)
exit=1
---------- fortress run NatExtends1
Could not load NatExtends1
java.lang.ClassNotFoundException: IO Exception in reading class file: 
	at com.sun.fortress.runtimeSystem.InstantiatingClassloader.loadClass(InstantiatingClassloader.java:347)
	at com.sun.fortress.runtimeSystem.MainWrapper.main(MainWrapper.java:64)
Caused by: java.io.IOException: Resource not found : NatExtends1.class
	at com.sun.fortress.runtimeSystem.InstantiatingClassloader.readResource(InstantiatingClassloader.java:152)
	at com.sun.fortress.runtimeSystem.InstantiatingClassloader.readResource(InstantiatingClassloader.java:139)
	at com.sun.fortress.runtimeSystem.InstantiatingClassloader.getClass(InstantiatingClassloader.java:171)
	at com.sun.fortress.runtimeSystem.InstantiatingClassloader.loadClass(InstantiatingClassloader.java:294)
	... 4 more

########## fortress compile explorations/perf-probes/nat/size-probes/NatGetter.fss   (-Dprobe.nat.likeOpr=false -Dprobe.nat.valuePos=true)   [cVB]
Exception in thread "main" com.sun.fortress.exceptions.CompilerError: Only emitting RTTI for types right now
	at com.sun.fortress.compiler.codegen.CodeGen.generateTypeReference(CodeGen.java:5818)
	at com.sun.fortress.compiler.codegen.CodeGen.RttiClassAndInterface(CodeGen.java:5450)
	at com.sun.fortress.compiler.codegen.CodeGen.forObjectDeclPrePass(CodeGen.java:4428)
	at com.sun.fortress.compiler.codegen.CodeGen.forComponent(CodeGen.java:1880)
	at com.sun.fortress.nodes.Component.accept(Component.java:56)
	at com.sun.fortress.compiler.phases.CodeGenerationPhase.execute(CodeGenerationPhase.java:196)
	at com.sun.fortress.compiler.phases.Phase.run(Phase.java:52)
	at com.sun.fortress.Shell.analyze(Shell.java:1265)
	at com.sun.fortress.repository.GraphRepository.parseComponent(GraphRepository.java:805)
	at com.sun.fortress.repository.GraphRepository.refreshGraph(GraphRepository.java:511)
	at com.sun.fortress.repository.GraphRepository.getComponent(GraphRepository.java:202)
	at com.sun.fortress.Shell.compilerPhases(Shell.java:968)
	at com.sun.fortress.Shell.compileWithErrorHandling(Shell.java:898)
exit=1
---------- fortress run NatGetter
Could not load NatGetter
java.lang.ClassNotFoundException: IO Exception in reading class file: 
	at com.sun.fortress.runtimeSystem.InstantiatingClassloader.loadClass(InstantiatingClassloader.java:347)
	at com.sun.fortress.runtimeSystem.MainWrapper.main(MainWrapper.java:64)
Caused by: java.io.IOException: Resource not found : NatGetter.class
	at com.sun.fortress.runtimeSystem.InstantiatingClassloader.readResource(InstantiatingClassloader.java:152)
	at com.sun.fortress.runtimeSystem.InstantiatingClassloader.readResource(InstantiatingClassloader.java:139)
	at com.sun.fortress.runtimeSystem.InstantiatingClassloader.getClass(InstantiatingClassloader.java:171)
	at com.sun.fortress.runtimeSystem.InstantiatingClassloader.loadClass(InstantiatingClassloader.java:294)
	... 4 more

==================== design B with its extends-clause piece (extends-b.patch)
########## fortress compile explorations/perf-probes/nat/NatExtends1.fss   (-Dprobe.nat.likeOpr=false -Dprobe.nat.valuePos=true -Dprobe.nat.extendsB=true)   [cVB]
exit=0
---------- fortress run NatExtends1
3

########## fortress compile explorations/perf-probes/nat/size-probes/NatGetter.fss   (-Dprobe.nat.likeOpr=false -Dprobe.nat.valuePos=true -Dprobe.nat.extendsB=true)   [cVB]
exit=0
---------- fortress run NatGetter
3

==================== design B with extends-b.patch and fourth-gap-a.patch
########## fortress compile explorations/perf-probes/nat/NatExtends1.fss   (-Dprobe.nat.likeOpr=false -Dprobe.nat.valuePos=true -Dprobe.nat.extendsB=true -Dprobe.nat.stemFix=true)   [cVB]
exit=0
---------- fortress run NatExtends1
3

########## fortress compile explorations/perf-probes/nat/size-probes/NatGetter.fss   (-Dprobe.nat.likeOpr=false -Dprobe.nat.valuePos=true -Dprobe.nat.extendsB=true -Dprobe.nat.stemFix=true)   [cVB]
exit=0
---------- fortress run NatGetter
3

==================== the cause without a size read: a sized type argument through dispatch
########## fortress compile explorations/perf-probes/nat/size-probes/pNatJavaRep.fss   (-Dprobe.nat.likeOpr=true -Dprobe.nat.valuePos=false)   [cA]
exit=0
---------- fortress run pNatJavaRep
java.lang.ClassCastException
	at pNatJavaRep.main(/home/user/fortress/explorations/perf-probes/nat/size-probes/pNatJavaRep.fss)
	at com.sun.fortress.runtimeSystem.MainWrapper.main(MainWrapper.java:68)
Caused by: java.lang.ClassCastException: class pNatJavaRep$\=Wrap⟦pNatJavaRep\%Vec⟦pNatJavaRep\%E,3⟧⟧ cannot be cast to class pNatJavaRep$\=Wrap⟦pNatJavaRep\%Vec⟦pNatJavaRep\%E,s⟧⟧ (pNatJavaRep$\=Wrap⟦pNatJavaRep\%Vec⟦pNatJavaRep\%E,3⟧⟧ and pNatJavaRep$\=Wrap⟦pNatJavaRep\%Vec⟦pNatJavaRep\%E,s⟧⟧ are in unnamed module of loader com.sun.fortress.runtimeSystem.InstantiatingClassloader @5e2de80c)
	at \=AbstractArrow⟦pNatJavaRep\%Wrap⟦pNatJavaRep\%Vec⟦pNatJavaRep\%E,s⟧⟧,fortress\|CompilerBuiltin\%String⟧.apply(Unknown Source)
	at pNatJavaRep.h(/home/user/fortress/explorations/perf-probes/nat/size-probes/pNatJavaRep.fss)
	at pNatJavaRep.run(/home/user/fortress/explorations/perf-probes/nat/size-probes/pNatJavaRep.fss:18)
	at pNatJavaRep.compute(/home/user/fortress/explorations/perf-probes/nat/size-probes/pNatJavaRep.fss)

########## fortress compile explorations/perf-probes/nat/size-probes/pNatJavaRep.fss   (-Dprobe.nat.likeOpr=true -Dprobe.nat.valuePos=false -Dprobe.nat.stemFix=true)   [cA]
exit=0
---------- fortress run pNatJavaRep
wrap

########## fortress compile explorations/perf-probes/nat/size-probes/pNatJavaRep.fss   (-Dprobe.nat.likeOpr=false -Dprobe.nat.valuePos=false)   [cB]
exit=0
---------- fortress run pNatJavaRep
wrap

