$ run-shadow.sh tmp/shadow-g123 (gaps 1, 2 and 3 patched) explorations/perf-probes/prelude/natives-shape/NativesShape.fss
simpleIntArith?intSaturatingDiv(II)I
simpleIntArith?intToDouble(I)D
simpleIntArith?parseInt(Ljava/lang/String;)I
simpleIntArith?intBitNot(I)I
simpleIntArith?longOverflowingToInt(J)I
simpleIntArith?intSaturatingSub(II)I
simpleIntArith?intOverflowingChoose(II)I
simpleDoubleArith?doubleExp(D)D
simpleDoubleArith?doubleDiv(DD)D
simpleIntArith?intOverflowingMul(II)I
simpleIntArith?intBitRightShift(II)I
simpleIntArith?longSaturatingToInt(J)I
simpleIntArith?longWrappingToInt(J)I
simpleDoubleArith?doubleMul(DD)D
simpleDoubleArith?doubleNeg(D)D
simpleDoubleArith?doubleLT(DD)Z
simpleIntArith?intSaturatingNeg(I)I
simpleDoubleArith?doubleACos(D)D
simpleIntArith?longMaskedToInt(JI)I
simpleDoubleArith?parseDouble(Ljava/lang/String;)D
simpleIntArith?intWrappingSub(II)I
simpleDoubleArith?doubleTan(D)D
simpleIntArith?intEQ(II)Z
simpleIntArith?intOverflowingAdd(II)I
simpleIntArith?intDiv(II)I
simpleIntArith?intLeftShiftByIntMod32(II)I
simpleIntArith?intWrappingMul(II)I
simpleDoubleArith?doubleATan2(DD)D
simpleDoubleArith?doubleSQRT(D)D
simpleIntArith?intMul(II)I
simpleIntArith?intRightShiftByLongMod32(IJ)I
simpleIntArith?intAbs(I)I
simpleIntArith?intLT(II)Z
simpleIntArith?intOverflowingAbs(I)I
simpleIntArith?intWrappingAbs(I)I
simpleDoubleArith?doubleLE(DD)Z
simpleDoubleArith?doubleRound(D)J
simpleIntArith?longLowHalfToInt(J)I
simpleDoubleArith?doubleATan(D)D
simpleDoubleArith?doubleAbs(D)D
simpleIntArith?intToString(I)Ljava/lang/String;
simpleIntArith?intSaturatingAdd(II)I
simpleIntArith?intLeftShiftByLongMod32(IJ)I
simpleIntArith?iMulL(II)J
simpleIntArith?intNeg(I)I
simpleIntArith?longHighHalfToInt(J)I
simpleIntArith?intLE(II)Z
simpleDoubleArith?doubleEQ(DD)Z
simpleIntArith?intAdd(II)I
simpleIntArith?intWrappingNeg(I)I
simpleDoubleArith?doubleSub(DD)D
simpleDoubleArith?doubleFloor(D)D
simpleIntArith?intBitLeftShift(II)I
simpleIntArith?intShift(II)I
simpleDoubleArith?doubleGT(DD)Z
simpleIntArith?intSaturatingMul(II)I
simpleIntArith?intOverflowingNeg(I)I
simpleDoubleArith?doubleSin(D)D
simpleDoubleArith?doubleGE(DD)Z
simpleIntArith?intOverflowingSub(II)I
simpleDoubleArith?floatToDouble(F)D
simpleDoubleArith?doubleToString(D)Ljava/lang/String;
simpleDoubleArith?doubleCos(D)D
simpleIntArith?intGT(II)Z
simpleIntArith?intExp(II)I
simpleDoubleArith?doublePow(DD)D
simpleIntArith?intWrappingDiv(II)I
simpleDoubleArith?doubleLog(D)D
simpleIntArith?intRightShiftByIntMod32(II)I
simpleIntArith?intGE(II)Z
simpleIntArith?intBitOr(II)I
simpleIntArith?intOverflowingDiv(II)I
simpleIntArith?intBitXor(II)I
simpleIntArith?intSub(II)I
simpleIntArith?intSlowCautiousChoose(II)I
simpleIntArith?intToIntPower(II)I
simpleIntArith?intBitAnd(II)I
simpleDoubleArith?doubleTruncate(D)J
simpleDoubleArith?doubleASin(D)D
simpleIntArith?longToInt(J)I
simpleDoubleArith?doubleAdd(DD)D
simpleIntArith?intWrappingAdd(II)I
simpleDoubleArith?doubleNanoTime()D
simpleIntArith?intSaturatingAbs(I)I
simpleDoubleArith?doubleCeiling(D)D
Exception in thread "main" java.lang.NullPointerException
	at java.base/jdk.internal.reflect.DirectConstructorHandleAccessor.newInstance(DirectConstructorHandleAccessor.java:62)
	at java.base/java.lang.reflect.Constructor.newInstanceWithCaller(Constructor.java:499)
	at java.base/java.lang.reflect.Constructor.newInstance(Constructor.java:483)
	at java.base/java.util.concurrent.ForkJoinTask.getException(ForkJoinTask.java:564)
	at java.base/java.util.concurrent.ForkJoinTask.reportException(ForkJoinTask.java:580)
	at java.base/java.util.concurrent.ForkJoinTask.join(ForkJoinTask.java:670)
	at java.base/java.util.concurrent.ForkJoinPool.invoke(ForkJoinPool.java:3149)
	at com.sun.fortress.interpreter.Driver.runProgram(Driver.java:562)
	at com.sun.fortress.Shell.eval(Shell.java:621)
	at com.sun.fortress.Shell.walk(Shell.java:1125)
	at com.sun.fortress.Shell.walk(Shell.java:1116)
	at com.sun.fortress.Shell.subMain(Shell.java:483)
	at com.sun.fortress.Shell.main(Shell.java:362)
	at com.sun.fortress.Shell.main(Shell.java:349)
Caused by: java.lang.NullPointerException: Cannot invoke "com.sun.fortress.nodes.Applicable.stringName()" because "this.a" is null
	at com.sun.fortress.interpreter.glue.NativeApp.stringName(NativeApp.java:110)
	at com.sun.fortress.interpreter.evaluator.values.NonPrimitive.fixupArgCount(NonPrimitive.java:309)
	at com.sun.fortress.interpreter.evaluator.values.NonPrimitive.typecheckParams(NonPrimitive.java:135)
	at com.sun.fortress.interpreter.evaluator.values.FunctionClosure.applyInnerPossiblyGeneric(FunctionClosure.java:178)
	at com.sun.fortress.interpreter.evaluator.values.Fcn.applyToArgs(Fcn.java:101)
	at com.sun.fortress.interpreter.evaluator.values.Fcn.functionInvocation(Fcn.java:188)
	at com.sun.fortress.interpreter.evaluator.values.Fcn.functionInvocation(Fcn.java:178)
	at com.sun.fortress.interpreter.evaluator.Evaluator.finishFunctionInvocation(Evaluator.java:1242)
	at com.sun.fortress.interpreter.evaluator.Evaluator.forTightJuxt(Evaluator.java:1199)
	at com.sun.fortress.interpreter.evaluator.Evaluator.forJuxt(Evaluator.java:651)
	at com.sun.fortress.interpreter.evaluator.Evaluator.forJuxt(Evaluator.java:44)
	at com.sun.fortress.nodes.Juxt.accept(Juxt.java:67)
	at com.sun.fortress.interpreter.evaluator.Evaluator.eval(Evaluator.java:48)
	at com.sun.fortress.interpreter.evaluator.values.FunctionClosure.applyInnerPossiblyGeneric(FunctionClosure.java:199)
	at com.sun.fortress.interpreter.evaluator.values.Fcn.applyToArgs(Fcn.java:101)
	at com.sun.fortress.interpreter.evaluator.values.Fcn.functionInvocation(Fcn.java:188)
	at com.sun.fortress.interpreter.evaluator.values.Fcn.functionInvocation(Fcn.java:178)
	at com.sun.fortress.interpreter.evaluator.Evaluator.finishFunctionInvocation(Evaluator.java:1242)
	at com.sun.fortress.interpreter.evaluator.Evaluator.forTightJuxt(Evaluator.java:1199)
	at com.sun.fortress.interpreter.evaluator.Evaluator.forJuxt(Evaluator.java:651)
	at com.sun.fortress.interpreter.evaluator.Evaluator.forJuxt(Evaluator.java:44)
	at com.sun.fortress.nodes.Juxt.accept(Juxt.java:67)
	at com.sun.fortress.interpreter.evaluator.Evaluator.evalExprList(Evaluator.java:311)
	at com.sun.fortress.interpreter.evaluator.Evaluator.evalExprListParallel(Evaluator.java:342)
	at com.sun.fortress.interpreter.evaluator.Evaluator.evalInvocationArgs(Evaluator.java:1252)
	at com.sun.fortress.interpreter.evaluator.Evaluator.finishFunctionInvocation(Evaluator.java:1242)
	at com.sun.fortress.interpreter.evaluator.Evaluator.forTightJuxt(Evaluator.java:1199)
	at com.sun.fortress.interpreter.evaluator.Evaluator.forJuxt(Evaluator.java:651)
	at com.sun.fortress.interpreter.evaluator.Evaluator.forJuxt(Evaluator.java:44)
	at com.sun.fortress.nodes.Juxt.accept(Juxt.java:67)
	at com.sun.fortress.interpreter.evaluator.Evaluator.evalExprList(Evaluator.java:330)
	at com.sun.fortress.interpreter.evaluator.Evaluator.forBlock(Evaluator.java:285)
	at com.sun.fortress.interpreter.evaluator.Evaluator.forBlock(Evaluator.java:44)
	at com.sun.fortress.nodes.Block.accept(Block.java:61)
	at com.sun.fortress.interpreter.evaluator.Evaluator.forDo(Evaluator.java:253)
	at com.sun.fortress.interpreter.evaluator.Evaluator.forDo(Evaluator.java:44)
	at com.sun.fortress.nodes.Do.accept(Do.java:49)
	at com.sun.fortress.interpreter.evaluator.Evaluator.eval(Evaluator.java:48)
	at com.sun.fortress.interpreter.evaluator.values.FunctionClosure.applyInnerPossiblyGeneric(FunctionClosure.java:199)
	at com.sun.fortress.interpreter.evaluator.values.Fcn.applyToArgs(Fcn.java:101)
	at com.sun.fortress.interpreter.evaluator.values.Fcn.functionInvocation(Fcn.java:188)
	at com.sun.fortress.interpreter.Driver.runProgramTask(Driver.java:507)
	at com.sun.fortress.interpreter.evaluator.tasks.EvaluatorTask.compute(EvaluatorTask.java:46)
	at java.base/java.util.concurrent.RecursiveAction.exec(RecursiveAction.java:194)
	at java.base/java.util.concurrent.ForkJoinTask.doExec(ForkJoinTask.java:511)
	at java.base/java.util.concurrent.ForkJoinPool$WorkQueue.topLevelExec(ForkJoinPool.java:1450)
	at java.base/java.util.concurrent.ForkJoinPool.runWorker(ForkJoinPool.java:2019)
	at java.base/java.util.concurrent.ForkJoinWorkerThread.run(ForkJoinWorkerThread.java:187)
### rc=1
