$ ./bin/fortress explorations/perf-probes/prelude/natives-shape/NativesShapeMethod.fss   (unchanged tree)
Internally generated library name, in source code NamingCzar.:0:0:
    FortressBuiltin.JavaString is undefined.
Internally generated library name, in source code NamingCzar.:0:0:
    FortressBuiltin.RR64 is undefined.
Internally generated library name, in source code NamingCzar.:0:0:
    FortressBuiltin.ZZ32 is undefined.
Internally generated library name, in source code NamingCzar.:0:0:
    FortressBuiltin.ZZ64 is undefined.
### rc=255
$ run-shadow.sh tmp/shadow-g1234b explorations/perf-probes/prelude/natives-shape/NativesShapeMethod.fss   (the five patches)
true
false
1.5
### rc=0
$ ./bin/fortress compile explorations/perf-probes/prelude/natives-shape/NativesShapeMethod.fss; ./bin/fortress run NativesShapeMethod   (unchanged tree)
### compile rc=0
true
false
1.5
### run rc=0
