$ ./bin/fortress explorations/perf-probes/prelude/natives-shape/NativesShapeBP.fss   (unchanged tree)
com.sun.fortress.exceptions.InterpreterBug: /home/user/fortress-natives/explorations/perf-probes/prelude/natives-shape/NativesShapeBP.fss:10:1-102:
Native class com.sun.fortress.nativeHelpers.simpleIntArith.intLT not found.
Context:
/home/user/fortress-natives/explorations/perf-probes/prelude/natives-shape/NativesShapeBP.fss:10:1-102:
/home/user/fortress-natives/explorations/perf-probes/prelude/natives-shape/NativesShapeBP.fss:10:1-102:

Turn on "-debug interpreter" for Java-level stack trace.
java.lang.Throwable
	at com.sun.fortress.Shell.failureBoilerplate(Shell.java:748)
	at com.sun.fortress.Shell.walk(Shell.java:1166)
	at com.sun.fortress.Shell.walk(Shell.java:1116)
	at com.sun.fortress.Shell.subMain(Shell.java:483)
	at com.sun.fortress.Shell.main(Shell.java:362)
	at com.sun.fortress.Shell.main(Shell.java:349)
### rc=1
$ run-shadow.sh tmp/shadow-opt1 explorations/perf-probes/prelude/natives-shape/NativesShapeBP.fss   (opt1 patch, with gap 4's conversions)
true
false
5.5
### rc=0
