$ run-shadow.sh tmp/shadow-g1234b explorations/perf-probes/prelude/natives-shape/NativesShapeRaise.fss   (the five patches)
5
com.sun.fortress.exceptions.ProgramError: /home/user/fortress-natives/explorations/perf-probes/prelude/natives-shape/NativesShapeRaise.fss:13:28-36:
Wrapped error com.sun.fortress.compiler.runtimeValues.FortressImplementationError: fortress.CompilerBuiltin$IntegerOverflow
Context:
/home/user/fortress-natives/explorations/perf-probes/prelude/natives-shape/NativesShapeRaise.fss:13:28-36:
/home/user/fortress-natives/explorations/perf-probes/prelude/natives-shape/NativesShapeRaise.fss:18:13-29:
toplevel:

Turn on "-debug interpreter" for Java-level stack trace.
java.lang.Throwable
	at com.sun.fortress.Shell.failureBoilerplate(Shell.java:748)
	at com.sun.fortress.Shell.walk(Shell.java:1166)
	at com.sun.fortress.Shell.walk(Shell.java:1116)
	at com.sun.fortress.Shell.subMain(Shell.java:483)
	at com.sun.fortress.Shell.main(Shell.java:362)
	at com.sun.fortress.Shell.main(Shell.java:349)
### rc=1
$ ./bin/fortress compile explorations/perf-probes/prelude/natives-shape/NativesShapeRaise.fss; ./bin/fortress run NativesShapeRaise   (unchanged tree)
### compile rc=0
5
IntegerOverflow caught
### run rc=0
$ run-shadow.sh tmp/shadow-g12345 explorations/perf-probes/prelude/natives-shape/NativesShapeRaise.fss   (the five patches and the raise translation)
5
IntegerOverflow caught
### rc=0
