########## java WorldFlip explorations/run-c4/src/FlatArrays.fss   (INTERPRETER prelude, full compilerPhaseOrder, instrumented)
### world=INTERPRETER-LIBRARIES (FortressLibrary/FortressBuiltin/AnyType)  phases=codegen  target=[explorations/run-c4/src/FlatArrays.fss]
@@PROBE checkApi String
@@PROBE checkApi String -> errors=12
@@PROBE checkApi FlatString
@@PROBE checkApi FlatString -> errors=4
@@PROBE checkApi NatReflect
@@PROBE checkApi NatReflect -> errors=0
@@PROBE checkApi FlatArrays
@@PROBE OverloadingChecker CRASHED on FlatArrays : java.lang.Error: Not yet implemented
@@PROBE    at com.sun.fortress.useful.NI.nyi(NI.java:52)
@@PROBE    at com.sun.fortress.scala_src.useful.STypesUtil$.makeInferenceArg(STypesUtil.scala:557)
@@PROBE    at com.sun.fortress.scala_src.useful.STypesUtil$.$anonfun$inferStaticParamsHelper$4(STypesUtil.scala:966)
@@PROBE    at scala.collection.immutable.List.map(List.scala:236)
@@PROBE    at com.sun.fortress.scala_src.useful.STypesUtil$.inferStaticParamsHelper(STypesUtil.scala:966)
@@PROBE    at com.sun.fortress.scala_src.types.TypeSchemaAnalyzer.subEDsolution(TypeSchemaAnalyzer.scala:194)
@@PROBE checkApi FlatArrays -> errors=0
@@PROBE checkApi Stream
@@PROBE checkApi Stream -> errors=0
@@PROBE checkApi AnyType
@@PROBE checkApi AnyType -> errors=0
@@PROBE checkApi FortressBuiltin
@@PROBE checkApi FortressBuiltin -> errors=18
@@PROBE checkApi FortressLibrary
@@PROBE checkApi FortressLibrary -> errors=108
/home/user/fortress/Library/FortressLibrary.fsi:121:19-27:
    Type TotalComparison excludes FortressLibrary.Comparison but it extends FortressLibrary.Comparison.
/home/user/fortress/Library/FortressLibrary.fsi:121:19-27:
    Types Comparison and StandardTotalOrder[\TotalComparison\] exclude each other.  TotalComparison must not extend them.
/home/user/fortress/Library/FortressLibrary.fsi:121:31-65:
    Types StandardTotalOrder[\TotalComparison\] and Comparison exclude each other.  TotalComparison must not extend them.
/home/user/fortress/Library/FortressLibrary.fsi:121:31-66:
    Type TotalComparison excludes FortressLibrary.StandardTotalOrder but it extends FortressLibrary.StandardTotalOrder.
/home/user/fortress/Library/FortressLibrary.fsi:132:25-39:
    Type LessThan excludes FortressLibrary.TotalComparison but it extends FortressLibrary.TotalComparison.
/home/user/fortress/Library/FortressLibrary.fsi:143:28-42:
    Type GreaterThan excludes FortressLibrary.TotalComparison but it extends FortressLibrary.TotalComparison.
/home/user/fortress/Library/FortressLibrary.fsi:153:24-38:
    Type EqualTo excludes FortressLibrary.TotalComparison but it extends FortressLibrary.TotalComparison.
/home/user/fortress/Library/FortressLibrary.fsi:370:20-22:
    Type QQ excludes FortressLibrary.RR64 but it extends FortressLibrary.RR64.
/home/user/fortress/Library/FortressLibrary.fsi:370:20-22:
    Types RR64 and StandardPartialOrder[\QQ\] exclude each other.  QQ must not extend them.
/home/user/fortress/Library/FortressLibrary.fsi:370:26-49:
    Types StandardPartialOrder[\QQ\] and RR64 exclude each other.  QQ must not extend them.
/home/user/fortress/Library/FortressLibrary.fsi:370:26-50:
    Type QQ excludes FortressLibrary.StandardPartialOrder but it extends FortressLibrary.StandardPartialOrder.
/home/user/fortress/Library/FortressLibrary.fsi:406:1-35:
    Invalid comprises clause: a trait with a comprises ...,
    such as FortressLibrary.QQ, should not be extended.
/home/user/fortress/Library/FortressLibrary.fsi:406:29:
    Type AnyIntegral excludes FortressLibrary.QQ but it extends FortressLibrary.QQ.
/home/user/fortress/Library/FortressLibrary.fsi:408:53-73:
    Types StandardTotalOrder[\I\] and AnyIntegral exclude each other.  Integral must not extend them.
/home/user/fortress/Library/FortressLibrary.fsi:408:53-74:
    Type Integral[\I\] excludes FortressLibrary.StandardTotalOrder but it extends FortressLibrary.StandardTotalOrder.
/home/user/fortress/Library/FortressLibrary.fsi:408:78-87:
    Type Integral[\I\] excludes FortressLibrary.AnyIntegral but it extends FortressLibrary.AnyIntegral.
/home/user/fortress/Library/FortressLibrary.fsi:408:78-87:
    Types AnyIntegral and StandardTotalOrder[\I\] exclude each other.  Integral must not extend them.
/home/user/fortress/Library/FortressLibrary.fsi:434:22:
    Type NN64 excludes FortressLibrary.ZZ but it extends FortressLibrary.ZZ.
/home/user/fortress/Library/FortressLibrary.fsi:434:22:
    Types ZZ and Integral[\NN64\] exclude each other.  NN64 must not extend them.
/home/user/fortress/Library/FortressLibrary.fsi:434:26-39:
    Types Integral[\NN64\] and ZZ exclude each other.  NN64 must not extend them.
/home/user/fortress/Library/FortressLibrary.fsi:434:26-40:
    Type NN64 excludes FortressLibrary.Integral but it extends FortressLibrary.Integral.
/home/user/fortress/Library/FortressLibrary.fsi:461:22-24:
    Type ZZ32 excludes FortressLibrary.ZZ64 but it extends FortressLibrary.ZZ64.
/home/user/fortress/Library/FortressLibrary.fsi:461:22-24:
    Types ZZ64 and Integral[\ZZ32\] exclude each other.  ZZ32 must not extend them.
/home/user/fortress/Library/FortressLibrary.fsi:461:28-41:
    Types Integral[\ZZ32\] and ZZ64 exclude each other.  ZZ32 must not extend them.
/home/user/fortress/Library/FortressLibrary.fsi:461:28-42:
    Type ZZ32 excludes FortressLibrary.Integral but it extends FortressLibrary.Integral.
/home/user/fortress/Library/FortressLibrary.fsi:495:22:
    Type ZZ64 excludes FortressLibrary.ZZ but it extends FortressLibrary.ZZ.
/home/user/fortress/Library/FortressLibrary.fsi:495:22:
    Types ZZ and Integral[\ZZ64\] exclude each other.  ZZ64 must not extend them.
/home/user/fortress/Library/FortressLibrary.fsi:495:26-39:
    Types Integral[\ZZ64\] and ZZ exclude each other.  ZZ64 must not extend them.
/home/user/fortress/Library/FortressLibrary.fsi:495:26-40:
    Type ZZ64 excludes FortressLibrary.Integral but it extends FortressLibrary.Integral.
/home/user/fortress/Library/FortressLibrary.fsi:533:20-32:
    Type ZZ excludes FortressLibrary.Integral but it extends FortressLibrary.Integral.
/home/user/fortress/Library/FortressLibrary.fsi:813:32-49:
    Types Equality[\AnyMaybe\] and AnyUniqueItem exclude each other.  AnyMaybe must not extend them.
/home/user/fortress/Library/FortressLibrary.fsi:813:32-50:
    Type AnyMaybe excludes FortressLibrary.Equality but it extends FortressLibrary.Equality.
/home/user/fortress/Library/FortressLibrary.fsi:813:54-65:
    Type AnyMaybe excludes FortressLibrary.AnyUniqueItem but it extends FortressLibrary.AnyUniqueItem.
/home/user/fortress/Library/FortressLibrary.fsi:813:54-65:
    Types AnyUniqueItem and Equality[\AnyMaybe\] exclude each other.  AnyMaybe must not extend them.
/home/user/fortress/Library/FortressLibrary.fsi:830:19-25:
    Type Maybe[\T\] excludes FortressLibrary.AnyMaybe but it extends FortressLibrary.AnyMaybe.
/home/user/fortress/Library/FortressLibrary.fsi:830:19-25:
    Types AnyMaybe and UniqueItem[\T\] exclude each other.  Maybe must not extend them.
/home/user/fortress/Library/FortressLibrary.fsi:830:63-75:
    Types UniqueItem[\T\] and AnyMaybe exclude each other.  Maybe must not extend them.
/home/user/fortress/Library/FortressLibrary.fsi:830:63-76:
    Type Maybe[\T\] excludes FortressLibrary.UniqueItem but it extends FortressLibrary.UniqueItem.
/home/user/fortress/Library/FortressLibrary.fsi:835:37-46:
    Type Just[\T\] excludes FortressLibrary.Maybe but it extends FortressLibrary.Maybe.
/home/user/fortress/Library/FortressLibrary.fsi:859:35-44:
    Type Nothing[\T\] excludes FortressLibrary.Maybe but it extends FortressLibrary.Maybe.
/home/user/fortress/Library/FortressLibrary.fsi:1814:1-30:
    Types DistributesOver[\MaxReductionN\] and DistributesOver[\MinReductionN\] exclude each other.  SumReduction must not extend them.
/home/user/fortress/Library/FortressLibrary.fsi:1814:1-31:
    Type SumReduction excludes FortressLibrary.DistributesOver but it extends FortressLibrary.DistributesOver.
/home/user/fortress/Library/FortressLibrary.fsi:1815:1-30:
    Types DistributesOver[\MinReductionN\] and DistributesOver[\MaxReductionN\] exclude each other.  SumReduction must not extend them.
/home/user/fortress/Library/FortressLibrary.fsi:1815:1-31:
    Type SumReduction excludes FortressLibrary.DistributesOver but it extends FortressLibrary.DistributesOver.
/home/user/fortress/Library/FortressLibrary.fsi:1825:1-29:
    Types DistributesOver[\SumReduction\] and DistributesOver[\MaxReductionN\] exclude each other.  ProdReduction must not extend them.
/home/user/fortress/Library/FortressLibrary.fsi:1825:1-29:
    Types DistributesOver[\SumReduction\] and DistributesOver[\MinReductionN\] exclude each other.  ProdReduction must not extend them.
/home/user/fortress/Library/FortressLibrary.fsi:1825:1-30:
    Type ProdReduction excludes FortressLibrary.DistributesOver but it extends FortressLibrary.DistributesOver.
/home/user/fortress/Library/FortressLibrary.fsi:1826:1-30:
    Types DistributesOver[\MinReductionN\] and DistributesOver[\MaxReductionN\] exclude each other.  ProdReduction must not extend them.
/home/user/fortress/Library/FortressLibrary.fsi:1826:1-30:
    Types DistributesOver[\MinReductionN\] and DistributesOver[\SumReduction\] exclude each other.  ProdReduction must not extend them.
/home/user/fortress/Library/FortressLibrary.fsi:1826:1-31:
    Type ProdReduction excludes FortressLibrary.DistributesOver but it extends FortressLibrary.DistributesOver.
/home/user/fortress/Library/FortressLibrary.fsi:1827:1-30:
    Types DistributesOver[\MaxReductionN\] and DistributesOver[\MinReductionN\] exclude each other.  ProdReduction must not extend them.
/home/user/fortress/Library/FortressLibrary.fsi:1827:1-30:
    Types DistributesOver[\MaxReductionN\] and DistributesOver[\SumReduction\] exclude each other.  ProdReduction must not extend them.
/home/user/fortress/Library/FortressLibrary.fsi:1827:1-32:
    Type ProdReduction excludes FortressLibrary.DistributesOver but it extends FortressLibrary.DistributesOver.
/home/user/fortress/Library/FortressLibrary.fsi:2308:5-60:
/home/user/fortress/Library/FortressLibrary.fsi:2324:5-51:
    There are multiple declarations of splitWithOffsets with the same parameter type: ()
/home/user/fortress/Library/FortressLibrary.fsi:2309:5-2312:4:
/home/user/fortress/Library/FortressLibrary.fsi:2325:5-2327:48:
    There are multiple declarations of split with the same parameter type: ()
/home/user/fortress/Library/FortressLibrary.fsi:2523:51-64:
    Type RelationalPredicateCondition[\E\] excludes FortressLibrary.Condition but it extends FortressLibrary.Condition.
/home/user/fortress/ProjectFortress/LibraryBuiltin/FortressBuiltin.fsi:76:26-29:
    Type Int excludes FortressLibrary.ZZ32 but it extends FortressLibrary.ZZ32.
/home/user/fortress/ProjectFortress/LibraryBuiltin/FortressBuiltin.fsi:79:27-30:
    Type Long excludes FortressLibrary.ZZ64 but it extends FortressLibrary.ZZ64.
/home/user/fortress/ProjectFortress/LibraryBuiltin/FortressBuiltin.fsi:82:29-52:
    Types StandardTotalOrder[\NN32\] and NN64 exclude each other.  NN32 must not extend them.
/home/user/fortress/ProjectFortress/LibraryBuiltin/FortressBuiltin.fsi:82:29-53:
    Type NN32 excludes FortressLibrary.StandardTotalOrder but it extends FortressLibrary.StandardTotalOrder.
/home/user/fortress/ProjectFortress/LibraryBuiltin/FortressBuiltin.fsi:82:57-59:
    Type NN32 excludes FortressLibrary.NN64 but it extends FortressLibrary.NN64.
/home/user/fortress/ProjectFortress/LibraryBuiltin/FortressBuiltin.fsi:82:57-59:
    Types NN64 and StandardTotalOrder[\NN32\] exclude each other.  NN32 must not extend them.
/home/user/fortress/ProjectFortress/LibraryBuiltin/FortressBuiltin.fsi:110:35-38:
    Type UnsignedLong excludes FortressLibrary.NN64 but it extends FortressLibrary.NN64.
/home/user/fortress/ProjectFortress/LibraryBuiltin/FortressBuiltin.fsi:113:29-31:
    Type IntLiteral excludes FortressLibrary.ZZ32 but it extends FortressLibrary.ZZ32.
/home/user/fortress/ProjectFortress/LibraryBuiltin/FortressBuiltin.fsi:145:23:
    Type BigNum excludes FortressLibrary.ZZ but it extends FortressLibrary.ZZ.
File FlatArrays.fss has 65 errors.
### rc=-1
exit=255
ELAPSED 9 s
