Rats! Parser Generator, v. 1.14.1, (C) 2004-2008 Robert Grimm
Processing /tmp/fortress7249002204699128877rats/com/sun/fortress/parser/templateparser/TemplateParser.rats ...
Note: /tmp/fortress7249002204699128877rats/com/sun/fortress/parser/templateparser/TemplateParser9.java uses unchecked or unsafe operations.
Note: Recompile with -Xlint:unchecked for details.

Rats! Parser Generator, v. 1.14.1, (C) 2004-2008 Robert Grimm
Processing /tmp/fortress15906223043025765357rats/com/sun/fortress/parser/templateparser/TemplateParser.rats ...
Note: /tmp/fortress15906223043025765357rats/com/sun/fortress/parser/templateparser/TemplateParser15.java uses unchecked or unsafe operations.
Note: Recompile with -Xlint:unchecked for details.

com.sun.fortress.exceptions.ProgramError: /home/user/fortress/explorations/apl-probes/b06a_repeat_g.fsi:1:1-78:
Unification error: Closure/Constructor for sumOf param 1 (xs:List[\ZZ32\]) got arg ArrayList[\Int\] of type ArrayList[\Int\]
Context:
/home/user/fortress/explorations/apl-probes/b06a_repeat_g.fsi:1:1-78:
toplevel:

Turn on "-debug interpreter" for Java-level stack trace.
java.lang.Throwable
	at com.sun.fortress.Shell.failureBoilerplate(Shell.java:748)
	at com.sun.fortress.Shell.walk(Shell.java:1166)
	at com.sun.fortress.Shell.walk(Shell.java:1116)
	at com.sun.fortress.Shell.subMain(Shell.java:483)
	at com.sun.fortress.Shell.main(Shell.java:362)
	at com.sun.fortress.Shell.main(Shell.java:349)
EXIT=1
