Exception in thread "main" com.sun.fortress.exceptions.MacroError: not supported now
	at com.sun.fortress.syntax_abstractions.phases.ComposingSyntaxDefTranslator$1DepthConvertVisitor.forOptionDepth(ComposingSyntaxDefTranslator.java:509)
	at com.sun.fortress.syntax_abstractions.phases.ComposingSyntaxDefTranslator$1DepthConvertVisitor.forOptionDepth(ComposingSyntaxDefTranslator.java:472)
	at com.sun.fortress.syntax_abstractions.environments.Depth$OptionDepth.accept(Depth.java:100)
	at com.sun.fortress.syntax_abstractions.phases.ComposingSyntaxDefTranslator.createVariableBinding(ComposingSyntaxDefTranslator.java:532)
	at com.sun.fortress.syntax_abstractions.phases.ComposingSyntaxDefTranslator.createAction(ComposingSyntaxDefTranslator.java:76)
	at com.sun.fortress.syntax_abstractions.phases.ComposingSyntaxDefTranslator.visitSyntaxDef(ComposingSyntaxDefTranslator.java:66)
	at com.sun.fortress.syntax_abstractions.phases.ComposingSyntaxDefTranslator.visitSyntaxDefs(ComposingSyntaxDefTranslator.java:54)
	at com.sun.fortress.syntax_abstractions.ParserMaker.addEntry(ParserMaker.java:255)
	at com.sun.fortress.syntax_abstractions.ParserMaker.makeParser(ParserMaker.java:110)
	at com.sun.fortress.syntax_abstractions.ParserMaker.parserForGrammar(ParserMaker.java:81)
	at com.sun.fortress.syntax_abstractions.phases.TemplateParser.createParser(TemplateParser.java:98)
	at com.sun.fortress.syntax_abstractions.phases.TemplateParser$1.forGrammarDecl(TemplateParser.java:49)
	at com.sun.fortress.syntax_abstractions.phases.TemplateParser$1.forGrammarDecl(TemplateParser.java:45)
	at com.sun.fortress.nodes.GrammarDecl.accept(GrammarDecl.java:66)
	at com.sun.fortress.nodes.NodeUpdateVisitor.recur(NodeUpdateVisitor.java:11045)
	at com.sun.fortress.nodes.NodeUpdateVisitor.recurOnListOfDecl(NodeUpdateVisitor.java:11063)
	at com.sun.fortress.nodes.NodeUpdateVisitor.forApi(NodeUpdateVisitor.java:4454)
	at com.sun.fortress.nodes.NodeUpdateVisitor.forApi(NodeUpdateVisitor.java:29)
	at com.sun.fortress.nodes.Api.accept(Api.java:39)
	at com.sun.fortress.syntax_abstractions.phases.TemplateParser.parseTemplates(TemplateParser.java:45)
	at com.sun.fortress.syntax_abstractions.phases.GrammarRewriter.parseTemplates(GrammarRewriter.java:123)
	at com.sun.fortress.syntax_abstractions.phases.GrammarRewriter.rewriteApis(GrammarRewriter.java:67)
	at com.sun.fortress.compiler.phases.GrammarPhase.execute(GrammarPhase.java:39)
	at com.sun.fortress.compiler.phases.Phase.run(Phase.java:52)
	at com.sun.fortress.compiler.phases.Phase.run(Phase.java:51)
	at com.sun.fortress.compiler.phases.Phase.run(Phase.java:51)
	at com.sun.fortress.compiler.phases.Phase.run(Phase.java:51)
	at com.sun.fortress.compiler.phases.Phase.run(Phase.java:51)
	at com.sun.fortress.Shell.analyze(Shell.java:1265)
	at com.sun.fortress.repository.GraphRepository.parseApis(GraphRepository.java:735)
	at com.sun.fortress.repository.GraphRepository.refreshGraph(GraphRepository.java:492)
	at com.sun.fortress.repository.GraphRepository.getComponent(GraphRepository.java:202)
	at com.sun.fortress.repository.GraphRepository.getLinkedComponent(GraphRepository.java:886)
	at com.sun.fortress.Shell.eval(Shell.java:620)
	at com.sun.fortress.Shell.walk(Shell.java:1125)
	at com.sun.fortress.Shell.walk(Shell.java:1116)
	at com.sun.fortress.Shell.subMain(Shell.java:483)
	at com.sun.fortress.Shell.main(Shell.java:362)
	at com.sun.fortress.Shell.main(Shell.java:349)
EXIT=1
