$ ./bin/fortress -compiler-lib explorations/perf-probes/prelude/import-java-interpreter/ijDouble.fss
Exception in thread "main" java.lang.ClassCastException
	at java.base/jdk.internal.reflect.DirectConstructorHandleAccessor.newInstance(DirectConstructorHandleAccessor.java:62)
	at java.base/java.lang.reflect.Constructor.newInstanceWithCaller(Constructor.java:499)
	at java.base/java.lang.reflect.Constructor.newInstance(Constructor.java:483)
	at java.base/java.util.concurrent.ForkJoinTask.getException(ForkJoinTask.java:564)
	at java.base/java.util.concurrent.ForkJoinTask.reportException(ForkJoinTask.java:580)
	at java.base/java.util.concurrent.ForkJoinTask.join(ForkJoinTask.java:670)
	at java.base/java.util.concurrent.ForkJoinPool.invoke(ForkJoinPool.java:3149)
	at com.sun.fortress.interpreter.Driver.runProgram(Driver.java:562)
	at com.sun.fortress.Shell.eval(Shell.java:621)
	at com.sun.fortress.Shell.walk(Shell.java:1125)
	at com.sun.fortress.Shell.walk(Shell.java:1116)
	at com.sun.fortress.Shell.walk(Shell.java:1114)
	at com.sun.fortress.Shell.subMain(Shell.java:483)
	at com.sun.fortress.Shell.main(Shell.java:362)
	at com.sun.fortress.Shell.main(Shell.java:349)
Caused by: java.lang.ClassCastException: class com.sun.fortress.interpreter.env.ForeignComponentWrapper cannot be cast to class com.sun.fortress.interpreter.env.ComponentWrapper (com.sun.fortress.interpreter.env.ForeignComponentWrapper and com.sun.fortress.interpreter.env.ComponentWrapper are in unnamed module of loader 'app')
	at com.sun.fortress.interpreter.Driver.ensureApiImplemented(Driver.java:466)
	at com.sun.fortress.interpreter.Driver.ensureImportsImplemented(Driver.java:410)
	at com.sun.fortress.interpreter.Driver.evalComponent(Driver.java:180)
	at com.sun.fortress.interpreter.Driver.runProgramTask(Driver.java:503)
	at com.sun.fortress.interpreter.evaluator.tasks.EvaluatorTask.compute(EvaluatorTask.java:46)
	at java.base/java.util.concurrent.RecursiveAction.exec(RecursiveAction.java:194)
	at java.base/java.util.concurrent.ForkJoinTask.doExec(ForkJoinTask.java:511)
	at java.base/java.util.concurrent.ForkJoinPool$WorkQueue.topLevelExec(ForkJoinPool.java:1450)
	at java.base/java.util.concurrent.ForkJoinPool.runWorker(ForkJoinPool.java:2019)
	at java.base/java.util.concurrent.ForkJoinWorkerThread.run(ForkJoinWorkerThread.java:187)
### rc=1

$ ./bin/fortress -compiler-lib explorations/perf-probes/prelude/import-java-interpreter/ijEquiv.fss
Exception in thread "main" java.lang.ClassCastException
	at java.base/jdk.internal.reflect.DirectConstructorHandleAccessor.newInstance(DirectConstructorHandleAccessor.java:62)
	at java.base/java.lang.reflect.Constructor.newInstanceWithCaller(Constructor.java:499)
	at java.base/java.lang.reflect.Constructor.newInstance(Constructor.java:483)
	at java.base/java.util.concurrent.ForkJoinTask.getException(ForkJoinTask.java:564)
	at java.base/java.util.concurrent.ForkJoinTask.reportException(ForkJoinTask.java:580)
	at java.base/java.util.concurrent.ForkJoinTask.join(ForkJoinTask.java:670)
	at java.base/java.util.concurrent.ForkJoinPool.invoke(ForkJoinPool.java:3149)
	at com.sun.fortress.interpreter.Driver.runProgram(Driver.java:562)
	at com.sun.fortress.Shell.eval(Shell.java:621)
	at com.sun.fortress.Shell.walk(Shell.java:1125)
	at com.sun.fortress.Shell.walk(Shell.java:1116)
	at com.sun.fortress.Shell.walk(Shell.java:1114)
	at com.sun.fortress.Shell.subMain(Shell.java:483)
	at com.sun.fortress.Shell.main(Shell.java:362)
	at com.sun.fortress.Shell.main(Shell.java:349)
Caused by: java.lang.ClassCastException: class com.sun.fortress.interpreter.env.ForeignComponentWrapper cannot be cast to class com.sun.fortress.interpreter.env.ComponentWrapper (com.sun.fortress.interpreter.env.ForeignComponentWrapper and com.sun.fortress.interpreter.env.ComponentWrapper are in unnamed module of loader 'app')
	at com.sun.fortress.interpreter.Driver.ensureApiImplemented(Driver.java:466)
	at com.sun.fortress.interpreter.Driver.ensureImportsImplemented(Driver.java:410)
	at com.sun.fortress.interpreter.Driver.evalComponent(Driver.java:180)
	at com.sun.fortress.interpreter.Driver.runProgramTask(Driver.java:503)
	at com.sun.fortress.interpreter.evaluator.tasks.EvaluatorTask.compute(EvaluatorTask.java:46)
	at java.base/java.util.concurrent.RecursiveAction.exec(RecursiveAction.java:194)
	at java.base/java.util.concurrent.ForkJoinTask.doExec(ForkJoinTask.java:511)
	at java.base/java.util.concurrent.ForkJoinPool$WorkQueue.topLevelExec(ForkJoinPool.java:1450)
	at java.base/java.util.concurrent.ForkJoinPool.runWorker(ForkJoinPool.java:2019)
	at java.base/java.util.concurrent.ForkJoinWorkerThread.run(ForkJoinWorkerThread.java:187)
### rc=1

