########## Distance -order check -setting walk Library/FortressLibrary.fss
# jvm flags: -Dfortress.analyzer.overload.cache=false
# machine: nproc=4; model name: Intel(R) Xeon(R) Processor @ 2.10GHz; cpu MHz: 2100.000
# load average at start: 12.55 8.93 7.55; JDK: openjdk version "25.0.4" 2026-07-21; FORTRESS_THREADS=1
# disk: 11G free of 252G
# start 2026-09-27T10:03:05Z
### order=check phases=[ PREDISAMBIGUATEDESUGAR DISAMBIGUATE GRAMMAR PRETYPECHECKDESUGAR INTEGERLITERALFOLDING TYPECHECK ] setting=walk (extendsObject=false compiledExpr=false) prelude=INTERPRETER target=[Library/FortressLibrary.fss] overloadCache=false
Library/FortressLibrary.fsi:121:19-27:
    Type TotalComparison excludes FortressLibrary.Comparison but it extends FortressLibrary.Comparison.
Library/FortressLibrary.fsi:121:19-27:
    Types Comparison and StandardTotalOrder[\TotalComparison\] exclude each other.  TotalComparison must not extend them.
Library/FortressLibrary.fsi:121:31-65:
    Types StandardTotalOrder[\TotalComparison\] and Comparison exclude each other.  TotalComparison must not extend them.
Library/FortressLibrary.fsi:121:31-66:
    Type TotalComparison excludes FortressLibrary.StandardTotalOrder but it extends FortressLibrary.StandardTotalOrder.
Library/FortressLibrary.fsi:132:25-39:
    Type LessThan excludes FortressLibrary.TotalComparison but it extends FortressLibrary.TotalComparison.
Library/FortressLibrary.fsi:143:28-42:
    Type GreaterThan excludes FortressLibrary.TotalComparison but it extends FortressLibrary.TotalComparison.
Library/FortressLibrary.fsi:153:24-38:
    Type EqualTo excludes FortressLibrary.TotalComparison but it extends FortressLibrary.TotalComparison.
Library/FortressLibrary.fsi:431:1-469:2:
    Invalid comprises clause: FortressLibrary.AnyIntegral has a comprises clause
    but its immediate subtype Integral is not eligible to extend it.
Library/FortressLibrary.fsi:879:32-49:
    Types Equality[\AnyMaybe\] and AnyUniqueItem exclude each other.  AnyMaybe must not extend them.
Library/FortressLibrary.fsi:879:32-50:
    Type AnyMaybe excludes FortressLibrary.Equality but it extends FortressLibrary.Equality.
Library/FortressLibrary.fsi:879:54-65:
    Type AnyMaybe excludes FortressLibrary.AnyUniqueItem but it extends FortressLibrary.AnyUniqueItem.
Library/FortressLibrary.fsi:879:54-65:
    Types AnyUniqueItem and Equality[\AnyMaybe\] exclude each other.  AnyMaybe must not extend them.
Library/FortressLibrary.fsi:896:19-25:
    Type Maybe[\T\] excludes FortressLibrary.AnyMaybe but it extends FortressLibrary.AnyMaybe.
Library/FortressLibrary.fsi:896:19-25:
    Types AnyMaybe and UniqueItem[\T\] exclude each other.  Maybe must not extend them.
Library/FortressLibrary.fsi:896:63-75:
    Types UniqueItem[\T\] and AnyMaybe exclude each other.  Maybe must not extend them.
Library/FortressLibrary.fsi:896:63-76:
    Type Maybe[\T\] excludes FortressLibrary.UniqueItem but it extends FortressLibrary.UniqueItem.
Library/FortressLibrary.fsi:901:37-46:
    Type Just[\T\] excludes FortressLibrary.Maybe but it extends FortressLibrary.Maybe.
Library/FortressLibrary.fsi:925:35-44:
    Type Nothing[\T\] excludes FortressLibrary.Maybe but it extends FortressLibrary.Maybe.
Library/FortressLibrary.fsi:1240:5-1245:5:
Library/FortressLibrary.fsi:825:5-47:
    Invalid overloading of map in trait CompactFullSeqScalarRange:
     [\G\](SequentialGenerator[\I\], I->G)->SequentialGenerator[\G\] @ Library/FortressLibrary.fsi:825:5-47
 and [\R\](Indexed[\I,I\], I->R)->Indexed[\R,I\] @ Library/FortressLibrary.fsi:1240:5-1245:5
Library/FortressLibrary.fsi:1240:5-1245:5:
Library/FortressLibrary.fsi:825:5-47:
    Invalid overloading of map in trait StridedFullSeqScalarRange:
     [\G\](SequentialGenerator[\I\], I->G)->SequentialGenerator[\G\] @ Library/FortressLibrary.fsi:825:5-47
 and [\R\](Indexed[\I,I\], I->R)->Indexed[\R,I\] @ Library/FortressLibrary.fsi:1240:5-1245:5
Library/FortressLibrary.fsi:1360:5-46:
Library/FortressLibrary.fsi:1361:5-44:
    Invalid overloading of fill in trait PrimImmutableArray:
     (ReadableArray[\T,ZZ32\], T)->ReadableArray[\T,ZZ32\] @ Library/FortressLibrary.fsi:1361:5-44
 and (ReadableArray[\T,ZZ32\], ZZ32->T)->ReadableArray[\T,ZZ32\] @ Library/FortressLibrary.fsi:1360:5-46
Library/FortressLibrary.fsi:1360:5-46:
Library/FortressLibrary.fsi:1361:5-44:
    Invalid overloading of fill in trait PrimitiveArray:
     (ReadableArray[\T,ZZ32\], T)->ReadableArray[\T,ZZ32\] @ Library/FortressLibrary.fsi:1361:5-44
 and (ReadableArray[\T,ZZ32\], ZZ32->T)->ReadableArray[\T,ZZ32\] @ Library/FortressLibrary.fsi:1360:5-46
Library/FortressLibrary.fsi:1360:5-46:
Library/FortressLibrary.fsi:1380:5-44:
    Invalid overloading of fill in trait PrimImmutableArray:
     (ImmutableArray[\T,ZZ32\], T)->ImmutableArray[\T,ZZ32\] @ Library/FortressLibrary.fsi:1380:5-44
 and (ReadableArray[\T,ZZ32\], ZZ32->T)->ReadableArray[\T,ZZ32\] @ Library/FortressLibrary.fsi:1360:5-46
Library/FortressLibrary.fsi:1360:5-46:
Library/FortressLibrary.fsi:1400:5-35:
    Invalid overloading of fill in trait PrimitiveArray:
     (Array[\T,ZZ32\], T)->Array[\T,ZZ32\] @ Library/FortressLibrary.fsi:1400:5-35
 and (ReadableArray[\T,ZZ32\], ZZ32->T)->ReadableArray[\T,ZZ32\] @ Library/FortressLibrary.fsi:1360:5-46
Library/FortressLibrary.fsi:1360:5-46:
Library/FortressLibrary.fsi:1432:5-15:
    Invalid overloading of fill in trait PrimImmutableArray:
     (ReadableArray[\T,ZZ32\], ZZ32->T)->ReadableArray[\T,ZZ32\] @ Library/FortressLibrary.fsi:1360:5-46
 and (StandardImmutableArrayType[\ImmutableArray1[\T,0,s0\],T,ZZ32\], T)->ImmutableArray1[\T,0,s0\] @ Library/FortressLibrary.fsi:1432:5-15
Library/FortressLibrary.fsi:1360:5-46:
Library/FortressLibrary.fsi:1432:5-15:
    Invalid overloading of fill in trait PrimitiveArray:
     (ReadableArray[\T,ZZ32\], ZZ32->T)->ReadableArray[\T,ZZ32\] @ Library/FortressLibrary.fsi:1360:5-46
 and (StandardImmutableArrayType[\Array1[\T,0,s0\],T,ZZ32\], T)->Array1[\T,0,s0\] @ Library/FortressLibrary.fsi:1432:5-15
Library/FortressLibrary.fsi:1361:5-44:
Library/FortressLibrary.fsi:1379:5-47:
    Invalid overloading of fill in trait PrimImmutableArray:
     (ImmutableArray[\T,ZZ32\], ZZ32->T)->ImmutableArray[\T,ZZ32\] @ Library/FortressLibrary.fsi:1379:5-47
 and (ReadableArray[\T,ZZ32\], T)->ReadableArray[\T,ZZ32\] @ Library/FortressLibrary.fsi:1361:5-44
Library/FortressLibrary.fsi:1361:5-44:
Library/FortressLibrary.fsi:1399:5-38:
    Invalid overloading of fill in trait PrimitiveArray:
     (Array[\T,ZZ32\], ZZ32->T)->Array[\T,ZZ32\] @ Library/FortressLibrary.fsi:1399:5-38
 and (ReadableArray[\T,ZZ32\], T)->ReadableArray[\T,ZZ32\] @ Library/FortressLibrary.fsi:1361:5-44
Library/FortressLibrary.fsi:1361:5-44:
Library/FortressLibrary.fsi:1431:5-18:
    Invalid overloading of fill in trait PrimImmutableArray:
     (ReadableArray[\T,ZZ32\], T)->ReadableArray[\T,ZZ32\] @ Library/FortressLibrary.fsi:1361:5-44
 and (StandardImmutableArrayType[\ImmutableArray1[\T,0,s0\],T,ZZ32\], ZZ32->T)->ImmutableArray1[\T,0,s0\] @ Library/FortressLibrary.fsi:1431:5-18
Library/FortressLibrary.fsi:1361:5-44:
Library/FortressLibrary.fsi:1431:5-18:
    Invalid overloading of fill in trait PrimitiveArray:
     (ReadableArray[\T,ZZ32\], T)->ReadableArray[\T,ZZ32\] @ Library/FortressLibrary.fsi:1361:5-44
 and (StandardImmutableArrayType[\Array1[\T,0,s0\],T,ZZ32\], ZZ32->T)->Array1[\T,0,s0\] @ Library/FortressLibrary.fsi:1431:5-18
Library/FortressLibrary.fsi:1379:5-47:
Library/FortressLibrary.fsi:1380:5-44:
    Invalid overloading of fill in trait PrimImmutableArray:
     (ImmutableArray[\T,ZZ32\], T)->ImmutableArray[\T,ZZ32\] @ Library/FortressLibrary.fsi:1380:5-44
 and (ImmutableArray[\T,ZZ32\], ZZ32->T)->ImmutableArray[\T,ZZ32\] @ Library/FortressLibrary.fsi:1379:5-47
Library/FortressLibrary.fsi:1379:5-47:
Library/FortressLibrary.fsi:1431:5-18:
    Invalid overloading of fill in trait PrimImmutableArray:
     (ImmutableArray[\T,ZZ32\], ZZ32->T)->ImmutableArray[\T,ZZ32\] @ Library/FortressLibrary.fsi:1379:5-47
 and (StandardImmutableArrayType[\ImmutableArray1[\T,0,s0\],T,ZZ32\], ZZ32->T)->ImmutableArray1[\T,0,s0\] @ Library/FortressLibrary.fsi:1431:5-18
Library/FortressLibrary.fsi:1379:5-47:
Library/FortressLibrary.fsi:1432:5-15:
    Invalid overloading of fill in trait PrimImmutableArray:
     (ImmutableArray[\T,ZZ32\], ZZ32->T)->ImmutableArray[\T,ZZ32\] @ Library/FortressLibrary.fsi:1379:5-47
 and (StandardImmutableArrayType[\ImmutableArray1[\T,0,s0\],T,ZZ32\], T)->ImmutableArray1[\T,0,s0\] @ Library/FortressLibrary.fsi:1432:5-15
Library/FortressLibrary.fsi:1380:5-44:
Library/FortressLibrary.fsi:1431:5-18:
    Invalid overloading of fill in trait PrimImmutableArray:
     (ImmutableArray[\T,ZZ32\], T)->ImmutableArray[\T,ZZ32\] @ Library/FortressLibrary.fsi:1380:5-44
 and (StandardImmutableArrayType[\ImmutableArray1[\T,0,s0\],T,ZZ32\], ZZ32->T)->ImmutableArray1[\T,0,s0\] @ Library/FortressLibrary.fsi:1431:5-18
Library/FortressLibrary.fsi:1380:5-44:
Library/FortressLibrary.fsi:1432:5-15:
    Invalid overloading of fill in trait PrimImmutableArray:
     (ImmutableArray[\T,ZZ32\], T)->ImmutableArray[\T,ZZ32\] @ Library/FortressLibrary.fsi:1380:5-44
 and (StandardImmutableArrayType[\ImmutableArray1[\T,0,s0\],T,ZZ32\], T)->ImmutableArray1[\T,0,s0\] @ Library/FortressLibrary.fsi:1432:5-15
Library/FortressLibrary.fsi:1399:5-38:
Library/FortressLibrary.fsi:1400:5-35:
    Invalid overloading of fill in trait PrimitiveArray:
     (Array[\T,ZZ32\], T)->Array[\T,ZZ32\] @ Library/FortressLibrary.fsi:1400:5-35
 and (Array[\T,ZZ32\], ZZ32->T)->Array[\T,ZZ32\] @ Library/FortressLibrary.fsi:1399:5-38
Library/FortressLibrary.fsi:1399:5-38:
Library/FortressLibrary.fsi:1431:5-18:
    Invalid overloading of fill in trait PrimitiveArray:
     (Array[\T,ZZ32\], ZZ32->T)->Array[\T,ZZ32\] @ Library/FortressLibrary.fsi:1399:5-38
 and (StandardImmutableArrayType[\Array1[\T,0,s0\],T,ZZ32\], ZZ32->T)->Array1[\T,0,s0\] @ Library/FortressLibrary.fsi:1431:5-18
Library/FortressLibrary.fsi:1399:5-38:
Library/FortressLibrary.fsi:1432:5-15:
    Invalid overloading of fill in trait PrimitiveArray:
     (Array[\T,ZZ32\], ZZ32->T)->Array[\T,ZZ32\] @ Library/FortressLibrary.fsi:1399:5-38
 and (StandardImmutableArrayType[\Array1[\T,0,s0\],T,ZZ32\], T)->Array1[\T,0,s0\] @ Library/FortressLibrary.fsi:1432:5-15
Library/FortressLibrary.fsi:1400:5-35:
Library/FortressLibrary.fsi:1431:5-18:
    Invalid overloading of fill in trait PrimitiveArray:
     (Array[\T,ZZ32\], T)->Array[\T,ZZ32\] @ Library/FortressLibrary.fsi:1400:5-35
 and (StandardImmutableArrayType[\Array1[\T,0,s0\],T,ZZ32\], ZZ32->T)->Array1[\T,0,s0\] @ Library/FortressLibrary.fsi:1431:5-18
Library/FortressLibrary.fsi:1400:5-35:
Library/FortressLibrary.fsi:1432:5-15:
    Invalid overloading of fill in trait PrimitiveArray:
     (Array[\T,ZZ32\], T)->Array[\T,ZZ32\] @ Library/FortressLibrary.fsi:1400:5-35
 and (StandardImmutableArrayType[\Array1[\T,0,s0\],T,ZZ32\], T)->Array1[\T,0,s0\] @ Library/FortressLibrary.fsi:1432:5-15
Library/FortressLibrary.fsi:1431:5-18:
Library/FortressLibrary.fsi:1432:5-15:
    Invalid overloading of fill in trait PrimImmutableArray:
     (StandardImmutableArrayType[\ImmutableArray1[\T,0,s0\],T,ZZ32\], T)->ImmutableArray1[\T,0,s0\] @ Library/FortressLibrary.fsi:1432:5-15
 and (StandardImmutableArrayType[\ImmutableArray1[\T,0,s0\],T,ZZ32\], ZZ32->T)->ImmutableArray1[\T,0,s0\] @ Library/FortressLibrary.fsi:1431:5-18
Library/FortressLibrary.fsi:1431:5-18:
Library/FortressLibrary.fsi:1432:5-15:
    Invalid overloading of fill in trait PrimitiveArray:
     (StandardImmutableArrayType[\Array1[\T,0,s0\],T,ZZ32\], T)->Array1[\T,0,s0\] @ Library/FortressLibrary.fsi:1432:5-15
 and (StandardImmutableArrayType[\Array1[\T,0,s0\],T,ZZ32\], ZZ32->T)->Array1[\T,0,s0\] @ Library/FortressLibrary.fsi:1431:5-18
Library/FortressLibrary.fsi:2148:5-34:
Library/RangeInternals.fsi:257:5-258:4:
    For every,
the return type of (RangeInternals.LeftScalarRange[\I\], I)->RangeInternals.ScalarRange[\I\] @ Library/RangeInternals.fsi:257:5-258:4 should be a subtype of the
    return type of (BoundedRange[\I\], I)->BoundedRange[\I\] @ Library/FortressLibrary.fsi:2148:5-34
Library/FortressLibrary.fsi:2149:5-32:
Library/RangeInternals.fsi:259:5-34:
    For atMost,
the return type of (RangeInternals.LeftScalarRange[\I\], I)->RangeInternals.ScalarRange[\I\] @ Library/RangeInternals.fsi:259:5-34 should be a subtype of the
    return type of (BoundedRange[\I\], I)->FullRange[\I\] @ Library/FortressLibrary.fsi:2149:5-32
Library/FortressLibrary.fsi:2149:5-32:
Library/RangeInternals.fsi:319:5-34:
    For atMost,
the return type of (RangeInternals.RightScalarRange[\I\], I)->RangeInternals.ScalarRange[\I\] @ Library/RangeInternals.fsi:319:5-34 should be a subtype of the
    return type of (BoundedRange[\I\], I)->FullRange[\I\] @ Library/FortressLibrary.fsi:2149:5-32
Library/FortressLibrary.fsi:2558:51-64:
    Type RelationalPredicateCondition[\E\] excludes FortressLibrary.Condition but it extends FortressLibrary.Condition.
Library/RangeInternals.fsi:46:5-47:5:
Library/RangeInternals.fsi:63:5-58:
    Invalid overloading of CAP in API RangeInternals:
     [\I extends Integral[\I\], J extends Integral[\J\]\](RangeInternals.Range2D[\I,J\], Range[\(I, J)\])->Range[\(I, J)\] @ Library/RangeInternals.fsi:63:5-58
 and [\I extends Integral[\I\]\](RangeInternals.ScalarRange[\I\], Range[\I\])->Range[\I\] @ Library/RangeInternals.fsi:46:5-47:5
Library/RangeInternals.fsi:46:5-47:5:
Library/RangeInternals.fsi:64:5-58:
    Invalid overloading of CAP in API RangeInternals:
     [\I extends Integral[\I\], J extends Integral[\J\]\](RangeInternals.Range2D[\I,J\], RangeInternals.Range2D[\I,J\])->Range[\(I, J)\] @ Library/RangeInternals.fsi:64:5-58
 and [\I extends Integral[\I\]\](RangeInternals.ScalarRange[\I\], Range[\I\])->Range[\I\] @ Library/RangeInternals.fsi:46:5-47:5
Library/RangeInternals.fsi:46:5-47:5:
Library/RangeInternals.fsi:98:5-64:
    Invalid overloading of CAP in API RangeInternals:
     [\I extends Integral[\I\], J extends Integral[\J\], K extends Integral[\K\]\](RangeInternals.Range3D[\I,J,K\], Range[\(I, J, K)\])->Range[\(I, J, K)\] @ Library/RangeInternals.fsi:98:5-64
 and [\I extends Integral[\I\]\](RangeInternals.ScalarRange[\I\], Range[\I\])->Range[\I\] @ Library/RangeInternals.fsi:46:5-47:5
Library/RangeInternals.fsi:46:5-47:5:
Library/RangeInternals.fsi:99:5-64:
    Invalid overloading of CAP in API RangeInternals:
     [\I extends Integral[\I\], J extends Integral[\J\], K extends Integral[\K\]\](RangeInternals.Range3D[\I,J,K\], RangeInternals.Range3D[\I,J,K\])->Range[\(I, J, K)\] @ Library/RangeInternals.fsi:99:5-64
 and [\I extends Integral[\I\]\](RangeInternals.ScalarRange[\I\], Range[\I\])->Range[\I\] @ Library/RangeInternals.fsi:46:5-47:5
Library/RangeInternals.fsi:63:5-58:
Library/RangeInternals.fsi:98:5-64:
    Invalid overloading of CAP in API RangeInternals:
     [\I extends Integral[\I\], J extends Integral[\J\], K extends Integral[\K\]\](RangeInternals.Range3D[\I,J,K\], Range[\(I, J, K)\])->Range[\(I, J, K)\] @ Library/RangeInternals.fsi:98:5-64
 and [\I extends Integral[\I\], J extends Integral[\J\]\](RangeInternals.Range2D[\I,J\], Range[\(I, J)\])->Range[\(I, J)\] @ Library/RangeInternals.fsi:63:5-58
Library/RangeInternals.fsi:63:5-58:
Library/RangeInternals.fsi:99:5-64:
    Invalid overloading of CAP in API RangeInternals:
     [\I extends Integral[\I\], J extends Integral[\J\], K extends Integral[\K\]\](RangeInternals.Range3D[\I,J,K\], RangeInternals.Range3D[\I,J,K\])->Range[\(I, J, K)\] @ Library/RangeInternals.fsi:99:5-64
 and [\I extends Integral[\I\], J extends Integral[\J\]\](RangeInternals.Range2D[\I,J\], Range[\(I, J)\])->Range[\(I, J)\] @ Library/RangeInternals.fsi:63:5-58
Library/RangeInternals.fsi:64:5-58:
Library/RangeInternals.fsi:98:5-64:
    Invalid overloading of CAP in API RangeInternals:
     [\I extends Integral[\I\], J extends Integral[\J\], K extends Integral[\K\]\](RangeInternals.Range3D[\I,J,K\], Range[\(I, J, K)\])->Range[\(I, J, K)\] @ Library/RangeInternals.fsi:98:5-64
 and [\I extends Integral[\I\], J extends Integral[\J\]\](RangeInternals.Range2D[\I,J\], RangeInternals.Range2D[\I,J\])->Range[\(I, J)\] @ Library/RangeInternals.fsi:64:5-58
Library/RangeInternals.fsi:64:5-58:
Library/RangeInternals.fsi:99:5-64:
    Invalid overloading of CAP in API RangeInternals:
     [\I extends Integral[\I\], J extends Integral[\J\], K extends Integral[\K\]\](RangeInternals.Range3D[\I,J,K\], RangeInternals.Range3D[\I,J,K\])->Range[\(I, J, K)\] @ Library/RangeInternals.fsi:99:5-64
 and [\I extends Integral[\I\], J extends Integral[\J\]\](RangeInternals.Range2D[\I,J\], RangeInternals.Range2D[\I,J\])->Range[\(I, J)\] @ Library/RangeInternals.fsi:64:5-58
Library/RangeInternals.fsi:237:5-238:5:
Library/RangeInternals.fsi:63:5-58:
    Invalid overloading of CAP in API RangeInternals:
     [\I extends Integral[\I\], J extends Integral[\J\]\](RangeInternals.Range2D[\I,J\], Range[\(I, J)\])->Range[\(I, J)\] @ Library/RangeInternals.fsi:63:5-58
 and [\I extends Integral[\I\]\](RangeInternals.BoundedScalarRange[\I\], RangeInternals.ScalarRange[\I\])->RangeInternals.BoundedScalarRange[\I\] @ Library/RangeInternals.fsi:237:5-238:5
Library/RangeInternals.fsi:237:5-238:5:
Library/RangeInternals.fsi:64:5-58:
    Invalid overloading of CAP in API RangeInternals:
     [\I extends Integral[\I\], J extends Integral[\J\]\](RangeInternals.Range2D[\I,J\], RangeInternals.Range2D[\I,J\])->Range[\(I, J)\] @ Library/RangeInternals.fsi:64:5-58
 and [\I extends Integral[\I\]\](RangeInternals.BoundedScalarRange[\I\], RangeInternals.ScalarRange[\I\])->RangeInternals.BoundedScalarRange[\I\] @ Library/RangeInternals.fsi:237:5-238:5
Library/RangeInternals.fsi:237:5-238:5:
Library/RangeInternals.fsi:98:5-64:
    Invalid overloading of CAP in API RangeInternals:
     [\I extends Integral[\I\], J extends Integral[\J\], K extends Integral[\K\]\](RangeInternals.Range3D[\I,J,K\], Range[\(I, J, K)\])->Range[\(I, J, K)\] @ Library/RangeInternals.fsi:98:5-64
 and [\I extends Integral[\I\]\](RangeInternals.BoundedScalarRange[\I\], RangeInternals.ScalarRange[\I\])->RangeInternals.BoundedScalarRange[\I\] @ Library/RangeInternals.fsi:237:5-238:5
Library/RangeInternals.fsi:237:5-238:5:
Library/RangeInternals.fsi:99:5-64:
    Invalid overloading of CAP in API RangeInternals:
     [\I extends Integral[\I\], J extends Integral[\J\], K extends Integral[\K\]\](RangeInternals.Range3D[\I,J,K\], RangeInternals.Range3D[\I,J,K\])->Range[\(I, J, K)\] @ Library/RangeInternals.fsi:99:5-64
 and [\I extends Integral[\I\]\](RangeInternals.BoundedScalarRange[\I\], RangeInternals.ScalarRange[\I\])->RangeInternals.BoundedScalarRange[\I\] @ Library/RangeInternals.fsi:237:5-238:5
Library/RangeInternals.fsi:429:5-430:5:
Library/RangeInternals.fsi:505:5-506:5:
    Invalid overloading of IN in API RangeInternals:
     [\I extends Integral[\I\]\](I, RangeInternals.CompactFullScalarRange[\I\])->Boolean @ Library/RangeInternals.fsi:429:5-430:5
 and [\I extends Integral[\I\]\](I, RangeInternals.StridedFullScalarRange[\I\])->Boolean @ Library/RangeInternals.fsi:505:5-506:5
Library/RangeInternals.fsi:612:1-75:
Library/RangeInternals.fsi:614:1-104:
    Invalid overloading of openRangeHelper in API RangeInternals:
     [\I extends Integral[\I\], J extends Integral[\J\]\]()->(I, J)->RangeInternals.OpenRange2D[\I,J\] @ Library/RangeInternals.fsi:614:1-104
 and [\I extends Integral[\I\]\]()->I->RangeInternals.OpenScalarRange[\I\] @ Library/RangeInternals.fsi:612:1-75
Library/RangeInternals.fsi:612:1-75:
Library/RangeInternals.fsi:616:1-135:
    Invalid overloading of openRangeHelper in API RangeInternals:
     [\I extends Integral[\I\], J extends Integral[\J\], K extends Integral[\K\]\]()->(I, J, K)->RangeInternals.OpenRange3D[\I,J,K\] @ Library/RangeInternals.fsi:616:1-135
 and [\I extends Integral[\I\]\]()->I->RangeInternals.OpenScalarRange[\I\] @ Library/RangeInternals.fsi:612:1-75
Library/RangeInternals.fsi:614:1-104:
Library/RangeInternals.fsi:616:1-135:
    Invalid overloading of openRangeHelper in API RangeInternals:
     [\I extends Integral[\I\], J extends Integral[\J\], K extends Integral[\K\]\]()->(I, J, K)->RangeInternals.OpenRange3D[\I,J,K\] @ Library/RangeInternals.fsi:616:1-135
 and [\I extends Integral[\I\], J extends Integral[\J\]\]()->(I, J)->RangeInternals.OpenRange2D[\I,J\] @ Library/RangeInternals.fsi:614:1-104
File FortressLibrary.fss has 62 errors.
### rc=-1
exit=255
ELAPSED 73 s
# end 2026-09-27T10:04:18Z
