########## Distance -order check -setting compile Library/FortressLibrary.fss
# jvm flags: -Dfortress.analyzer.overload.cache=false
# machine: nproc=4; model name: Intel(R) Xeon(R) Processor @ 2.10GHz; cpu MHz: 2100.000
# load average at start: 14.72 10.38 8.17; JDK: openjdk version "25.0.4" 2026-07-21; FORTRESS_THREADS=1
# disk: 11G free of 252G
# start 2026-09-27T10:04:18Z
### order=check phases=[ PREDISAMBIGUATEDESUGAR DISAMBIGUATE GRAMMAR PRETYPECHECKDESUGAR INTEGERLITERALFOLDING TYPECHECK ] setting=compile (extendsObject=true compiledExpr=true) prelude=INTERPRETER target=[Library/FortressLibrary.fss] overloadCache=false
Library/FortressLibrary.fsi:121:19-27:
    Type TotalComparison excludes FortressLibrary.Comparison but it extends FortressLibrary.Comparison.
Library/FortressLibrary.fsi:121:19-27:
    Types Comparison and StandardTotalOrder[\TotalComparison\] exclude each other.  TotalComparison must not extend them.
Library/FortressLibrary.fsi:121:31-65:
    Types StandardTotalOrder[\TotalComparison\] and Comparison exclude each other.  TotalComparison must not extend them.
Library/FortressLibrary.fsi:121:31-66:
    Type TotalComparison excludes FortressLibrary.StandardTotalOrder but it extends FortressLibrary.StandardTotalOrder.
Library/FortressLibrary.fsi:132:25-39:
    Type LessThan excludes FortressLibrary.TotalComparison but it extends FortressLibrary.TotalComparison.
Library/FortressLibrary.fsi:143:28-42:
    Type GreaterThan excludes FortressLibrary.TotalComparison but it extends FortressLibrary.TotalComparison.
Library/FortressLibrary.fsi:153:24-38:
    Type EqualTo excludes FortressLibrary.TotalComparison but it extends FortressLibrary.TotalComparison.
Library/FortressLibrary.fsi:431:1-469:2:
    Invalid comprises clause: FortressLibrary.AnyIntegral has a comprises clause
    but its immediate subtype Integral is not eligible to extend it.
Library/FortressLibrary.fsi:714:20-32:
    Ill-formed type: Condition[\()\]
    The static argument () does not satisfy the corresponding bound Object.
Library/FortressLibrary.fsi:743:36-51:
    Ill-formed type: Generator[\(E, G)\]
    The static argument (E, G) does not satisfy the corresponding bound Object.
Library/FortressLibrary.fsi:769:38-50:
    Ill-formed type: Condition[\()\]
    The static argument () does not satisfy the corresponding bound Object.
Library/FortressLibrary.fsi:827:35-50:
    Ill-formed type: Generator[\(E, F)\]
    The static argument (E, F) does not satisfy the corresponding bound Object.
Library/FortressLibrary.fsi:841:31-49:
    Ill-formed type: Generator[\(ZZ32, E)\]
    The static argument (ZZ32, E) does not satisfy the corresponding bound Object.
Library/FortressLibrary.fsi:855:36-51:
    Ill-formed type: Generator[\(E, G)\]
    The static argument (E, G) does not satisfy the corresponding bound Object.
Library/FortressLibrary.fsi:864:24-36:
    Ill-formed type: Condition[\()\]
    The static argument () does not satisfy the corresponding bound Object.
Library/FortressLibrary.fsi:864:47-59:
    Ill-formed type: Condition[\()\]
    The static argument () does not satisfy the corresponding bound Object.
Library/FortressLibrary.fsi:864:68-80:
    Ill-formed type: Condition[\()\]
    The static argument () does not satisfy the corresponding bound Object.
Library/FortressLibrary.fsi:867:23-35:
    Ill-formed type: Condition[\()\]
    The static argument () does not satisfy the corresponding bound Object.
Library/FortressLibrary.fsi:867:46-58:
    Ill-formed type: Condition[\()\]
    The static argument () does not satisfy the corresponding bound Object.
Library/FortressLibrary.fsi:867:67-79:
    Ill-formed type: Condition[\()\]
    The static argument () does not satisfy the corresponding bound Object.
Library/FortressLibrary.fsi:879:32-49:
    Types Equality[\AnyMaybe\] and AnyUniqueItem exclude each other.  AnyMaybe must not extend them.
Library/FortressLibrary.fsi:879:32-50:
    Type AnyMaybe excludes FortressLibrary.Equality but it extends FortressLibrary.Equality.
Library/FortressLibrary.fsi:879:54-65:
    Type AnyMaybe excludes FortressLibrary.AnyUniqueItem but it extends FortressLibrary.AnyUniqueItem.
Library/FortressLibrary.fsi:879:54-65:
    Types AnyUniqueItem and Equality[\AnyMaybe\] exclude each other.  AnyMaybe must not extend them.
Library/FortressLibrary.fsi:896:19-25:
    Type Maybe[\T\] excludes FortressLibrary.AnyMaybe but it extends FortressLibrary.AnyMaybe.
Library/FortressLibrary.fsi:896:19-25:
    Types AnyMaybe and UniqueItem[\T\] exclude each other.  Maybe must not extend them.
Library/FortressLibrary.fsi:896:63-75:
    Types UniqueItem[\T\] and AnyMaybe exclude each other.  Maybe must not extend them.
Library/FortressLibrary.fsi:896:63-76:
    Type Maybe[\T\] excludes FortressLibrary.UniqueItem but it extends FortressLibrary.UniqueItem.
Library/FortressLibrary.fsi:901:37-46:
    Type Just[\T\] excludes FortressLibrary.Maybe but it extends FortressLibrary.Maybe.
Library/FortressLibrary.fsi:912:36-51:
    Ill-formed type: Generator[\(T, G)\]
    The static argument (T, G) does not satisfy the corresponding bound Object.
Library/FortressLibrary.fsi:925:35-44:
    Type Nothing[\T\] excludes FortressLibrary.Maybe but it extends FortressLibrary.Maybe.
Library/FortressLibrary.fsi:936:36-51:
    Ill-formed type: Generator[\(T, G)\]
    The static argument (T, G) does not satisfy the corresponding bound Object.
Library/FortressLibrary.fsi:978:36-51:
    Ill-formed type: Generator[\(T, G)\]
    The static argument (T, G) does not satisfy the corresponding bound Object.
Library/FortressLibrary.fsi:1198:31-46:
    Ill-formed type: Indexed[\(I, E),I\]
    The static argument (I, E) does not satisfy the corresponding bound Object.
Library/FortressLibrary.fsi:1250:34-51:
    Ill-formed type: ZeroIndexed[\(E, F)\]
    The static argument (E, F) does not satisfy the corresponding bound Object.
Library/FortressLibrary.fsi:1254:19-36:
    Ill-formed type: ZeroIndexed[\(E, F)\]
    The static argument (E, F) does not satisfy the corresponding bound Object.
Library/FortressLibrary.fsi:1254:41-68:
    Ill-formed type: DelegatedIndexed[\(E, F),ZZ32\]
    The static argument (E, F) does not satisfy the corresponding bound Object.
Library/FortressLibrary.fsi:1259:28-45:
    Ill-formed type: ZeroIndexed[\(E, F)\]
    The static argument (E, F) does not satisfy the corresponding bound Object.
Library/FortressLibrary.fsi:1286:36-51:
    Ill-formed type: Generator[\(E, G)\]
    The static argument (E, G) does not satisfy the corresponding bound Object.
Library/FortressLibrary.fsi:1319:31-46:
    Ill-formed type: Indexed[\(I, E),I\]
    The static argument (I, E) does not satisfy the corresponding bound Object.
Library/FortressLibrary.fsi:1379:5-47:
Library/FortressLibrary.fsi:1431:5-18:
    Invalid overloading of fill in trait PrimImmutableArray:
     (ImmutableArray[\T,ZZ32\], ZZ32->T)->ImmutableArray[\T,ZZ32\] @ Library/FortressLibrary.fsi:1379:5-47
 and (StandardImmutableArrayType[\ImmutableArray1[\T,0,s0\],T,ZZ32\], ZZ32->T)->ImmutableArray1[\T,0,s0\] @ Library/FortressLibrary.fsi:1431:5-18
Library/FortressLibrary.fsi:1380:5-44:
Library/FortressLibrary.fsi:1432:5-15:
    Invalid overloading of fill in trait PrimImmutableArray:
     (ImmutableArray[\T,ZZ32\], T)->ImmutableArray[\T,ZZ32\] @ Library/FortressLibrary.fsi:1380:5-44
 and (StandardImmutableArrayType[\ImmutableArray1[\T,0,s0\],T,ZZ32\], T)->ImmutableArray1[\T,0,s0\] @ Library/FortressLibrary.fsi:1432:5-15
Library/FortressLibrary.fsi:1399:5-38:
Library/FortressLibrary.fsi:1431:5-18:
    Invalid overloading of fill in trait PrimitiveArray:
     (Array[\T,ZZ32\], ZZ32->T)->Array[\T,ZZ32\] @ Library/FortressLibrary.fsi:1399:5-38
 and (StandardImmutableArrayType[\Array1[\T,0,s0\],T,ZZ32\], ZZ32->T)->Array1[\T,0,s0\] @ Library/FortressLibrary.fsi:1431:5-18
Library/FortressLibrary.fsi:1400:5-35:
Library/FortressLibrary.fsi:1432:5-15:
    Invalid overloading of fill in trait PrimitiveArray:
     (Array[\T,ZZ32\], T)->Array[\T,ZZ32\] @ Library/FortressLibrary.fsi:1400:5-35
 and (StandardImmutableArrayType[\Array1[\T,0,s0\],T,ZZ32\], T)->Array1[\T,0,s0\] @ Library/FortressLibrary.fsi:1432:5-15
Library/FortressLibrary.fsi:1412:27-46:
    Ill-formed type: Array[\E,(ZZ32, ZZ32)\]
    The static argument (ZZ32, ZZ32) does not satisfy the corresponding bound Object.
Library/FortressLibrary.fsi:1413:34-58:
    Ill-formed type: Array[\E,(ZZ32, ZZ32, ZZ32)\]
    The static argument (ZZ32, ZZ32, ZZ32) does not satisfy the corresponding bound Object.
Library/FortressLibrary.fsi:1418:36-64:
    Ill-formed type: ImmutableArray[\E,(ZZ32, ZZ32)\]
    The static argument (ZZ32, ZZ32) does not satisfy the corresponding bound Object.
Library/FortressLibrary.fsi:1419:43-76:
    Ill-formed type: ImmutableArray[\E,(ZZ32, ZZ32, ZZ32)\]
    The static argument (ZZ32, ZZ32, ZZ32) does not satisfy the corresponding bound Object.
Library/FortressLibrary.fsi:1605:15-77:
    Ill-formed type: StandardMutableArrayType[\Array2[\T,b0,s0,b1,s1\],T,(ZZ32, ZZ32)\]
    The static argument (ZZ32, ZZ32) does not satisfy the corresponding bound Object.
Library/FortressLibrary.fsi:1609:19-47:
    Ill-formed type: CompactFullRange[\(ZZ32, ZZ32)\]
    The static argument (ZZ32, ZZ32) does not satisfy the corresponding bound Object.
Library/FortressLibrary.fsi:1615:9-26:
    Ill-formed type: Range[\(ZZ32, ZZ32)\]
    The static argument (ZZ32, ZZ32) does not satisfy the corresponding bound Object.
Library/FortressLibrary.fsi:1615:32-51:
    Ill-formed type: Array[\T,(ZZ32, ZZ32)\]
    The static argument (ZZ32, ZZ32) does not satisfy the corresponding bound Object.
Library/FortressLibrary.fsi:1618:26-45:
    Ill-formed type: Array[\T,(ZZ32, ZZ32)\]
    The static argument (ZZ32, ZZ32) does not satisfy the corresponding bound Object.
Library/FortressLibrary.fsi:1628:17-45:
    Ill-formed type: CompactFullRange[\(ZZ32, ZZ32)\]
    The static argument (ZZ32, ZZ32) does not satisfy the corresponding bound Object.
Library/FortressLibrary.fsi:1639:12-40:
    Ill-formed type: ImmutableArray[\T,(ZZ32, ZZ32)\]
    The static argument (ZZ32, ZZ32) does not satisfy the corresponding bound Object.
Library/FortressLibrary.fsi:1720:15-1721:56:
    Ill-formed type: StandardMutableArrayType[\Array3[\T,b0,s0,b1,s1,b2,s2\],T,(ZZ32, ZZ32, ZZ32)\]
    The static argument (ZZ32, ZZ32, ZZ32) does not satisfy the corresponding bound Object.
Library/FortressLibrary.fsi:1732:21-54:
    Ill-formed type: CompactFullRange[\(ZZ32, ZZ32, ZZ32)\]
    The static argument (ZZ32, ZZ32, ZZ32) does not satisfy the corresponding bound Object.
Library/FortressLibrary.fsi:1746:11-33:
    Ill-formed type: Range[\(ZZ32, ZZ32, ZZ32)\]
    The static argument (ZZ32, ZZ32, ZZ32) does not satisfy the corresponding bound Object.
Library/FortressLibrary.fsi:1746:39-63:
    Ill-formed type: Array[\T,(ZZ32, ZZ32, ZZ32)\]
    The static argument (ZZ32, ZZ32, ZZ32) does not satisfy the corresponding bound Object.
Library/FortressLibrary.fsi:1749:32-51:
    Ill-formed type: Array[\T,(ZZ32, ZZ32)\]
    The static argument (ZZ32, ZZ32) does not satisfy the corresponding bound Object.
Library/FortressLibrary.fsi:1760:19-52:
    Ill-formed type: CompactFullRange[\(ZZ32, ZZ32, ZZ32)\]
    The static argument (ZZ32, ZZ32, ZZ32) does not satisfy the corresponding bound Object.
Library/FortressLibrary.fsi:1767:14-47:
    Ill-formed type: ImmutableArray[\T,(ZZ32, ZZ32, ZZ32)\]
    The static argument (ZZ32, ZZ32, ZZ32) does not satisfy the corresponding bound Object.
Library/FortressLibrary.fsi:1796:40-77:
    Ill-formed type: Maybe[\(Reduction[\R\], Reduction[\R\])\]
    The static argument (Reduction[\R\], Reduction[\R\]) does not satisfy the corresponding bound Object.
Library/FortressLibrary.fsi:1799:41-78:
    Ill-formed type: Maybe[\(Reduction[\R\], Reduction[\R\])\]
    The static argument (Reduction[\R\], Reduction[\R\]) does not satisfy the corresponding bound Object.
Library/FortressLibrary.fsi:1802:36-73:
    Ill-formed type: Maybe[\(Reduction[\R\], Reduction[\R\])\]
    The static argument (Reduction[\R\], Reduction[\R\]) does not satisfy the corresponding bound Object.
Library/FortressLibrary.fsi:1878:32-61:
    Ill-formed type: CommutativeMonoidReduction[\()\]
    The static argument () does not satisfy the corresponding bound Object.
Library/FortressLibrary.fsi:1917:65-91:
    Ill-formed type: CommutativeReduction[\(T, T)\]
    The static argument (T, T) does not satisfy the corresponding bound Object.
Library/FortressLibrary.fsi:1937:9-49:
    Ill-formed type: Comprehension[\(T, U),(T, U),(T, U),AnyMaybe\]
    The static argument (T, U) does not satisfy the corresponding bound Object.
Library/FortressLibrary.fsi:1938:82-97:
    Ill-formed type: Generator[\(T, U)\]
    The static argument (T, U) does not satisfy the corresponding bound Object.
Library/FortressLibrary.fsi:1941:9-49:
    Ill-formed type: Comprehension[\(T, U),(T, U),(T, U),AnyMaybe\]
    The static argument (T, U) does not satisfy the corresponding bound Object.
Library/FortressLibrary.fsi:1942:82-97:
    Ill-formed type: Generator[\(T, U)\]
    The static argument (T, U) does not satisfy the corresponding bound Object.
Library/FortressLibrary.fsi:1945:9-49:
    Ill-formed type: Comprehension[\(T, U),(T, U),(T, U),AnyMaybe\]
    The static argument (T, U) does not satisfy the corresponding bound Object.
Library/FortressLibrary.fsi:1946:82-97:
    Ill-formed type: Generator[\(T, U)\]
    The static argument (T, U) does not satisfy the corresponding bound Object.
Library/FortressLibrary.fsi:1949:9-49:
    Ill-formed type: Comprehension[\(T, U),(T, U),(T, U),AnyMaybe\]
    The static argument (T, U) does not satisfy the corresponding bound Object.
Library/FortressLibrary.fsi:1950:82-97:
    Ill-formed type: Generator[\(T, U)\]
    The static argument (T, U) does not satisfy the corresponding bound Object.
Library/FortressLibrary.fsi:2023:15-53:
    Ill-formed type: Comprehension[\Any,String,String,String\]
    The static argument Any does not satisfy the corresponding bound Object.
Library/FortressLibrary.fsi:2025:15-28:
    Ill-formed type: Generator[\Any\]
    The static argument Any does not satisfy the corresponding bound Object.
Library/FortressLibrary.fsi:2030:16-54:
    Ill-formed type: Comprehension[\Any,String,String,String\]
    The static argument Any does not satisfy the corresponding bound Object.
Library/FortressLibrary.fsi:2032:16-29:
    Ill-formed type: Generator[\Any\]
    The static argument Any does not satisfy the corresponding bound Object.
Library/FortressLibrary.fsi:2037:15-55:
    Ill-formed type: Comprehension[\Any,String,String,AnyMaybe\]
    The static argument Any does not satisfy the corresponding bound Object.
Library/FortressLibrary.fsi:2052:65-84:
    Ill-formed type: MonoidReduction[\Any\]
    The static argument Any does not satisfy the corresponding bound Object.
Library/FortressLibrary.fsi:2064:38-63:
    Ill-formed type: Comprehension[\T,T,Any,Any\]
    The static argument Any does not satisfy the corresponding bound Object.
Library/FortressLibrary.fsi:2068:22-34:
    Ill-formed type: Condition[\()\]
    The static argument () does not satisfy the corresponding bound Object.
Library/FortressLibrary.fsi:2071:21-33:
    Ill-formed type: Condition[\()\]
    The static argument () does not satisfy the corresponding bound Object.
Library/FortressLibrary.fsi:2128:33-46:
    Ill-formed type: OpenRange[\Any\]
    The static argument Any does not satisfy the corresponding bound Object.
Library/FortressLibrary.fsi:2199:28-50:
    Ill-formed type: CompactFullRange[\(I, J)\]
    The static argument (I, J) does not satisfy the corresponding bound Object.
Library/FortressLibrary.fsi:2201:32-56:
    Ill-formed type: CompactFullRange[\(I, J, K)\]
    The static argument (I, J, K) does not satisfy the corresponding bound Object.
Library/FortressLibrary.fsi:2205:28-50:
    Ill-formed type: CompactFullRange[\(I, J)\]
    The static argument (I, J) does not satisfy the corresponding bound Object.
Library/FortressLibrary.fsi:2207:32-56:
    Ill-formed type: CompactFullRange[\(I, J, K)\]
    The static argument (I, J, K) does not satisfy the corresponding bound Object.
Library/FortressLibrary.fsi:2211:66-81:
    Ill-formed type: LeftRange[\(I, J)\]
    The static argument (I, J) does not satisfy the corresponding bound Object.
Library/FortressLibrary.fsi:2213:10-27:
    Ill-formed type: LeftRange[\(I, J, K)\]
    The static argument (I, J, K) does not satisfy the corresponding bound Object.
Library/FortressLibrary.fsi:2218:67-84:
    Ill-formed type: ExtentRange[\(I, J)\]
    The static argument (I, J) does not satisfy the corresponding bound Object.
Library/FortressLibrary.fsi:2220:10-29:
    Ill-formed type: ExtentRange[\(I, J, K)\]
    The static argument (I, J, K) does not satisfy the corresponding bound Object.
Library/FortressLibrary.fsi:2223:67-83:
    Ill-formed type: RightRange[\(I, J)\]
    The static argument (I, J) does not satisfy the corresponding bound Object.
Library/FortressLibrary.fsi:2225:10-28:
    Ill-formed type: RightRange[\(I, J, K)\]
    The static argument (I, J, K) does not satisfy the corresponding bound Object.
Library/FortressLibrary.fsi:2250:68-83:
    Ill-formed type: OpenRange[\(I, J)\]
    The static argument (I, J) does not satisfy the corresponding bound Object.
Library/FortressLibrary.fsi:2252:23-40:
    Ill-formed type: OpenRange[\(I, J, K)\]
    The static argument (I, J, K) does not satisfy the corresponding bound Object.
Library/FortressLibrary.fsi:2359:34-58:
    Ill-formed type: Generator[\(ZZ32, String)\]
    The static argument (ZZ32, String) does not satisfy the corresponding bound Object.
Library/FortressLibrary.fsi:2546:29-183:
    Ill-formed type: Generator[\((ActualReduction[\R,L1\], ActualReduction[\R,L2\], E->R)->Boolean, (ActualReduction[\R,L1\], ActualReduction[\R,L1\], E->R)->R)\]
    The static argument ((ActualReduction[\R,L1\], ActualReduction[\R,L2\], E->R)->Boolean, (ActualReduction[\R,L1\], ActualReduction[\R,L1\], E->R)->R) does not satisfy the corresponding bound Object.
Library/FortressLibrary.fsi:2549:124-136:
    Ill-formed type: Condition[\()\]
    The static argument () does not satisfy the corresponding bound Object.
Library/FortressLibrary.fsi:2551:37-261:
    Ill-formed type: Generator[\((ActualReduction[\R,L1\], ActualReduction[\R,L2\], Generator[\E\]->Condition[\()\], E->R)->Boolean, (ActualReduction[\R,L1\], ActualReduction[\R,L2\], Generator[\E\]->Condition[\()\], E->R)->R)\]
    The static argument ((ActualReduction[\R,L1\], ActualReduction[\R,L2\], Generator[\E\]->Condition[\()\], E->R)->Boolean, (ActualReduction[\R,L1\], ActualReduction[\R,L2\], Generator[\E\]->Condition[\()\], E->R)->R) does not satisfy the corresponding bound Object.
Library/FortressLibrary.fsi:2553:33-45:
    Ill-formed type: Condition[\()\]
    The static argument () does not satisfy the corresponding bound Object.
Library/FortressLibrary.fsi:2558:51-63:
    Ill-formed type: Condition[\()\]
    The static argument () does not satisfy the corresponding bound Object.
Library/FortressLibrary.fsi:2558:51-64:
    Type RelationalPredicateCondition[\E\] excludes FortressLibrary.Condition but it extends FortressLibrary.Condition.
Library/FortressLibrary.fsi:2558:78-90:
    Ill-formed type: Condition[\()\]
    The static argument () does not satisfy the corresponding bound Object.
Library/List.fsi:76:25-44:
    Ill-formed type: Maybe[\(E, List.List[\E\])\]
    The static argument (E, List.List[\E\]) does not satisfy the corresponding bound Object.
Library/List.fsi:77:26-45:
    Ill-formed type: Maybe[\(List.List[\E\], E)\]
    The static argument (List.List[\E\], E) does not satisfy the corresponding bound Object.
Library/List.fsi:135:22-32:
    Ill-formed type: List.List[\(E, F)\]
    The static argument (E, F) does not satisfy the corresponding bound Object.
Library/RangeInternals.fsi:54:13-25:
    Ill-formed type: Range[\(I, J)\]
    The static argument (I, J) does not satisfy the corresponding bound Object.
Library/RangeInternals.fsi:61:29-49:
    Ill-formed type: RangeWithLeft[\(I, J)\]
    The static argument (I, J) does not satisfy the corresponding bound Object.
Library/RangeInternals.fsi:62:29-50:
    Ill-formed type: RangeWithRight[\(I, J)\]
    The static argument (I, J) does not satisfy the corresponding bound Object.
Library/RangeInternals.fsi:63:26-38:
    Ill-formed type: Range[\(I, J)\]
    The static argument (I, J) does not satisfy the corresponding bound Object.
Library/RangeInternals.fsi:63:44-56:
    Ill-formed type: Range[\(I, J)\]
    The static argument (I, J) does not satisfy the corresponding bound Object.
Library/RangeInternals.fsi:64:44-56:
    Ill-formed type: Range[\(I, J)\]
    The static argument (I, J) does not satisfy the corresponding bound Object.
Library/RangeInternals.fsi:87:13-28:
    Ill-formed type: Range[\(I, J, K)\]
    The static argument (I, J, K) does not satisfy the corresponding bound Object.
Library/RangeInternals.fsi:96:37-60:
    Ill-formed type: RangeWithLeft[\(I, J, K)\]
    The static argument (I, J, K) does not satisfy the corresponding bound Object.
Library/RangeInternals.fsi:97:37-61:
    Ill-formed type: RangeWithRight[\(I, J, K)\]
    The static argument (I, J, K) does not satisfy the corresponding bound Object.
Library/RangeInternals.fsi:98:26-41:
    Ill-formed type: Range[\(I, J, K)\]
    The static argument (I, J, K) does not satisfy the corresponding bound Object.
Library/RangeInternals.fsi:98:47-62:
    Ill-formed type: Range[\(I, J, K)\]
    The static argument (I, J, K) does not satisfy the corresponding bound Object.
Library/RangeInternals.fsi:99:47-62:
    Ill-formed type: Range[\(I, J, K)\]
    The static argument (I, J, K) does not satisfy the corresponding bound Object.
Library/RangeInternals.fsi:144:15-31:
    Ill-formed type: OpenRange[\(I, J)\]
    The static argument (I, J) does not satisfy the corresponding bound Object.
Library/RangeInternals.fsi:159:15-34:
    Ill-formed type: OpenRange[\(I, J, K)\]
    The static argument (I, J, K) does not satisfy the corresponding bound Object.
Library/RangeInternals.fsi:203:15-33:
    Ill-formed type: ExtentRange[\(I, J)\]
    The static argument (I, J) does not satisfy the corresponding bound Object.
Library/RangeInternals.fsi:206:22-33:
    Ill-formed type: Just[\(I, J)\]
    The static argument (I, J) does not satisfy the corresponding bound Object.
Library/RangeInternals.fsi:220:15-36:
    Ill-formed type: ExtentRange[\(I, J, K)\]
    The static argument (I, J, K) does not satisfy the corresponding bound Object.
Library/RangeInternals.fsi:224:22-36:
    Ill-formed type: Just[\(I, J, K)\]
    The static argument (I, J, K) does not satisfy the corresponding bound Object.
Library/RangeInternals.fsi:274:15-31:
    Ill-formed type: LeftRange[\(I, J)\]
    The static argument (I, J) does not satisfy the corresponding bound Object.
Library/RangeInternals.fsi:277:20-31:
    Ill-formed type: Just[\(I, J)\]
    The static argument (I, J) does not satisfy the corresponding bound Object.
Library/RangeInternals.fsi:282:16-35:
    Ill-formed type: BoundedRange[\(I, J)\]
    The static argument (I, J) does not satisfy the corresponding bound Object.
Library/RangeInternals.fsi:290:15-34:
    Ill-formed type: LeftRange[\(I, J, K)\]
    The static argument (I, J, K) does not satisfy the corresponding bound Object.
Library/RangeInternals.fsi:294:20-34:
    Ill-formed type: Just[\(I, J, K)\]
    The static argument (I, J, K) does not satisfy the corresponding bound Object.
Library/RangeInternals.fsi:300:16-38:
    Ill-formed type: BoundedRange[\(I, J, K)\]
    The static argument (I, J, K) does not satisfy the corresponding bound Object.
Library/RangeInternals.fsi:334:15-32:
    Ill-formed type: RightRange[\(I, J)\]
    The static argument (I, J) does not satisfy the corresponding bound Object.
Library/RangeInternals.fsi:337:21-32:
    Ill-formed type: Just[\(I, J)\]
    The static argument (I, J) does not satisfy the corresponding bound Object.
Library/RangeInternals.fsi:342:16-35:
    Ill-formed type: BoundedRange[\(I, J)\]
    The static argument (I, J) does not satisfy the corresponding bound Object.
Library/RangeInternals.fsi:351:15-35:
    Ill-formed type: RightRange[\(I, J, K)\]
    The static argument (I, J, K) does not satisfy the corresponding bound Object.
Library/RangeInternals.fsi:355:21-35:
    Ill-formed type: Just[\(I, J, K)\]
    The static argument (I, J, K) does not satisfy the corresponding bound Object.
Library/RangeInternals.fsi:361:16-38:
    Ill-formed type: BoundedRange[\(I, J, K)\]
    The static argument (I, J, K) does not satisfy the corresponding bound Object.
Library/RangeInternals.fsi:387:15-31:
    Ill-formed type: FullRange[\(I, J)\]
    The static argument (I, J) does not satisfy the corresponding bound Object.
Library/RangeInternals.fsi:387:53-84:
    Ill-formed type: DelegatedIndexed[\(I, J),(I, J)\]
    The static argument (I, J) does not satisfy the corresponding bound Object.
Library/RangeInternals.fsi:390:22-33:
    Ill-formed type: Just[\(I, J)\]
    The static argument (I, J) does not satisfy the corresponding bound Object.
Library/RangeInternals.fsi:391:25-41:
    Ill-formed type: Generator[\(I, J)\]
    The static argument (I, J) does not satisfy the corresponding bound Object.
Library/RangeInternals.fsi:392:23-39:
    Ill-formed type: Generator[\(I, J)\]
    The static argument (I, J) does not satisfy the corresponding bound Object.
Library/RangeInternals.fsi:397:14-26:
    Ill-formed type: Range[\(I, J)\]
    The static argument (I, J) does not satisfy the corresponding bound Object.
Library/RangeInternals.fsi:398:24-35:
    Ill-formed type: Maybe[\(I, J)\]
    The static argument (I, J) does not satisfy the corresponding bound Object.
Library/RangeInternals.fsi:405:15-34:
    Ill-formed type: FullRange[\(I, J, K)\]
    The static argument (I, J, K) does not satisfy the corresponding bound Object.
Library/RangeInternals.fsi:405:59-96:
    Ill-formed type: DelegatedIndexed[\(I, J, K),(I, J, K)\]
    The static argument (I, J, K) does not satisfy the corresponding bound Object.
Library/RangeInternals.fsi:409:22-36:
    Ill-formed type: Just[\(I, J, K)\]
    The static argument (I, J, K) does not satisfy the corresponding bound Object.
Library/RangeInternals.fsi:410:25-44:
    Ill-formed type: Generator[\(I, J, K)\]
    The static argument (I, J, K) does not satisfy the corresponding bound Object.
Library/RangeInternals.fsi:411:23-39:
    Ill-formed type: Generator[\(I, J)\]
    The static argument (I, J) does not satisfy the corresponding bound Object.
Library/RangeInternals.fsi:416:14-29:
    Ill-formed type: Range[\(I, J, K)\]
    The static argument (I, J, K) does not satisfy the corresponding bound Object.
Library/RangeInternals.fsi:417:26-39:
    Ill-formed type: Maybe[\(I, J, K)\]
    The static argument (I, J, K) does not satisfy the corresponding bound Object.
Library/RangeInternals.fsi:425:31-48:
    Ill-formed type: Indexed[\(I, I),I\]
    The static argument (I, I) does not satisfy the corresponding bound Object.
Library/RangeInternals.fsi:461:15-38:
    Ill-formed type: CompactFullRange[\(I, J)\]
    The static argument (I, J) does not satisfy the corresponding bound Object.
Library/RangeInternals.fsi:465:23-39:
    Ill-formed type: Generator[\(I, J)\]
    The static argument (I, J) does not satisfy the corresponding bound Object.
Library/RangeInternals.fsi:466:31-57:
    Ill-formed type: Generator[\((I, J), (I, J))\]
    The static argument ((I, J), (I, J)) does not satisfy the corresponding bound Object.
Library/RangeInternals.fsi:468:20-31:
    Ill-formed type: Just[\(I, J)\]
    The static argument (I, J) does not satisfy the corresponding bound Object.
Library/RangeInternals.fsi:469:21-32:
    Ill-formed type: Just[\(I, J)\]
    The static argument (I, J) does not satisfy the corresponding bound Object.
Library/RangeInternals.fsi:481:15-41:
    Ill-formed type: CompactFullRange[\(I, J, K)\]
    The static argument (I, J, K) does not satisfy the corresponding bound Object.
Library/RangeInternals.fsi:485:23-42:
    Ill-formed type: Generator[\(I, J, K)\]
    The static argument (I, J, K) does not satisfy the corresponding bound Object.
Library/RangeInternals.fsi:486:31-63:
    Ill-formed type: Generator[\((I, J, K), (I, J, K))\]
    The static argument ((I, J, K), (I, J, K)) does not satisfy the corresponding bound Object.
Library/RangeInternals.fsi:488:20-34:
    Ill-formed type: Just[\(I, J, K)\]
    The static argument (I, J, K) does not satisfy the corresponding bound Object.
Library/RangeInternals.fsi:489:21-35:
    Ill-formed type: Just[\(I, J, K)\]
    The static argument (I, J, K) does not satisfy the corresponding bound Object.
Library/RangeInternals.fsi:501:31-48:
    Ill-formed type: Indexed[\(I, I),I\]
    The static argument (I, I) does not satisfy the corresponding bound Object.
Library/RangeInternals.fsi:535:15-38:
    Ill-formed type: StridedFullRange[\(I, J)\]
    The static argument (I, J) does not satisfy the corresponding bound Object.
Library/RangeInternals.fsi:537:23-39:
    Ill-formed type: Generator[\(I, J)\]
    The static argument (I, J) does not satisfy the corresponding bound Object.
Library/RangeInternals.fsi:538:31-57:
    Ill-formed type: Generator[\((I, J), (I, J))\]
    The static argument ((I, J), (I, J)) does not satisfy the corresponding bound Object.
Library/RangeInternals.fsi:540:20-31:
    Ill-formed type: Just[\(I, J)\]
    The static argument (I, J) does not satisfy the corresponding bound Object.
Library/RangeInternals.fsi:541:21-32:
    Ill-formed type: Just[\(I, J)\]
    The static argument (I, J) does not satisfy the corresponding bound Object.
Library/RangeInternals.fsi:555:15-41:
    Ill-formed type: StridedFullRange[\(I, J, K)\]
    The static argument (I, J, K) does not satisfy the corresponding bound Object.
Library/RangeInternals.fsi:557:23-42:
    Ill-formed type: Generator[\(I, J, K)\]
    The static argument (I, J, K) does not satisfy the corresponding bound Object.
Library/RangeInternals.fsi:558:31-63:
    Ill-formed type: Generator[\((I, J, K), (I, J, K))\]
    The static argument ((I, J, K), (I, J, K)) does not satisfy the corresponding bound Object.
Library/RangeInternals.fsi:560:20-34:
    Ill-formed type: Just[\(I, J, K)\]
    The static argument (I, J, K) does not satisfy the corresponding bound Object.
Library/RangeInternals.fsi:561:21-35:
    Ill-formed type: Just[\(I, J, K)\]
    The static argument (I, J, K) does not satisfy the corresponding bound Object.
Library/RangeInternals.fsi:596:85-101:
    Ill-formed type: LeftRange[\(I, J)\]
    The static argument (I, J) does not satisfy the corresponding bound Object.
Library/RangeInternals.fsi:598:120-139:
    Ill-formed type: LeftRange[\(I, J, K)\]
    The static argument (I, J, K) does not satisfy the corresponding bound Object.
Library/RangeInternals.fsi:602:87-105:
    Ill-formed type: ExtentRange[\(I, J)\]
    The static argument (I, J) does not satisfy the corresponding bound Object.
Library/RangeInternals.fsi:604:122-143:
    Ill-formed type: ExtentRange[\(I, J, K)\]
    The static argument (I, J, K) does not satisfy the corresponding bound Object.
Library/RangeInternals.fsi:608:86-103:
    Ill-formed type: RightRange[\(I, J)\]
    The static argument (I, J) does not satisfy the corresponding bound Object.
Library/RangeInternals.fsi:610:121-141:
    Ill-formed type: RightRange[\(I, J, K)\]
    The static argument (I, J, K) does not satisfy the corresponding bound Object.
Library/RangeInternals.fsi:620:85-101:
    Ill-formed type: OpenRange[\(I, J)\]
    The static argument (I, J) does not satisfy the corresponding bound Object.
Library/RangeInternals.fsi:622:120-139:
    Ill-formed type: OpenRange[\(I, J, K)\]
    The static argument (I, J, K) does not satisfy the corresponding bound Object.
Library/Stream.fsi:52:14-27:
    Ill-formed type: Generator[\Any\]
    The static argument Any does not satisfy the corresponding bound Object.
ProjectFortress/LibraryBuiltin/FortressBuiltin.fsi:152:15-27:
    Ill-formed type: Condition[\()\]
    The static argument () does not satisfy the corresponding bound Object.
File FortressLibrary.fss has 184 errors.
### rc=-1
exit=255
ELAPSED 30 s
# end 2026-09-27T10:04:48Z
