########## Distance -order check -setting walk Library/Stream.fss
# jvm flags: -Dprobe.tolerant=true -Dprobe.all=true -Dfortress.analyzer.overload.cache=false -Dprobe.componentOnly=true
# machine: nproc=4; model name: Intel(R) Xeon(R) Processor @ 2.10GHz; cpu MHz: 2100.000
# load average at start: 18.88 16.15 13.18; JDK: openjdk version "25.0.4" 2026-07-21; FORTRESS_THREADS=1
# disk: 9.9G free of 252G
# start 2026-09-27T10:24:23Z
### order=check phases=[ PREDISAMBIGUATEDESUGAR DISAMBIGUATE GRAMMAR PRETYPECHECKDESUGAR INTEGERLITERALFOLDING TYPECHECK ] setting=walk (extendsObject=false compiledExpr=false) prelude=INTERPRETER target=[Library/Stream.fss] overloadCache=false
@@TC API	AnyType	errors=0
@@TC API	Stream	errors=0
@@TC API	FlatString	errors=0
@@TC API	String	errors=0
@@TC API	FortressLibrary	errors=38
@@TC API	FortressBuiltin	errors=0
@@TC APIS-NOT-SUCCESSFUL	38 errors kept
@@SC STAGE	component Stream	hierarchy	errors=0
@@SC STAGE	component Stream	apiextract	errors=0
@@SC STAGE	component Stream	acyclic	errors=0
@@SC STAGE	component Stream	wellformed1	errors=0
@@TC DECL-OK	TraitDecl	Library/Stream.fss:20:1-22:2	errors=0
@@TC DECL-OK	TraitDecl	Library/Stream.fss:24:1-26:2	errors=0
@@TC DECL-OK	TraitDecl	Library/Stream.fss:28:1-31:2	errors=0
@@TC DECL-OK	TraitDecl	Library/Stream.fss:33:1-76:14	errors=2
@@SC STAGE	component Stream	typecheck	errors=2
@@SC STAGE	component Stream	wellformed2	errors=0
@@SC STAGE	component Stream	overloading	errors=0
@@SC STAGE	component Stream	export	errors=1
@@TC COMPONENT	Stream	errors=6
@@TC COMPONENTS-NOT-SUCCESSFUL	6 errors kept
### rc=0
exit=0
ELAPSED 23 s
# end 2026-09-27T10:24:46Z
