########## Distance -order check -setting walk Library/FortressLibrary.fss
# jvm flags: -Dprobe.tolerant=true -Dprobe.all=true -Dfortress.analyzer.overload.cache=false
# machine: nproc=4; model name: Intel(R) Xeon(R) Processor @ 2.10GHz; cpu MHz: 2100.000
# load average at start: 7.44 7.30 6.94; JDK: openjdk version "25.0.4" 2026-07-21; FORTRESS_THREADS=1
# disk: 11G free of 252G
# start 2026-09-27T10:01:13Z
### order=check phases=[ PREDISAMBIGUATEDESUGAR DISAMBIGUATE GRAMMAR PRETYPECHECKDESUGAR INTEGERLITERALFOLDING TYPECHECK ] setting=walk (extendsObject=false compiledExpr=false) prelude=INTERPRETER target=[Library/FortressLibrary.fss] overloadCache=false
@@SC STAGE	api Writer	hierarchy	errors=0
@@SC STAGE	api Writer	acyclic	errors=0
@@SC STAGE	api Writer	wellformed1	errors=0
@@SC STAGE	api Writer	wellformed2	errors=0
@@SC STAGE	api Writer	overloading	errors=0
@@TC API	Writer	errors=0
@@SC STAGE	api AnyType	hierarchy	errors=0
@@SC STAGE	api AnyType	acyclic	errors=0
@@SC STAGE	api AnyType	wellformed1	errors=0
@@SC STAGE	api AnyType	wellformed2	errors=0
@@SC STAGE	api AnyType	overloading	errors=0
@@TC API	AnyType	errors=0
@@SC STAGE	api Stream	hierarchy	errors=0
@@SC STAGE	api Stream	acyclic	errors=0
@@SC STAGE	api Stream	wellformed1	errors=0
@@SC STAGE	api Stream	wellformed2	errors=0
@@SC STAGE	api Stream	overloading	errors=0
@@TC API	Stream	errors=0
@@SC STAGE	api NatReflect	hierarchy	errors=0
@@SC STAGE	api NatReflect	acyclic	errors=0
@@SC STAGE	api NatReflect	wellformed1	errors=0
@@SC STAGE	api NatReflect	wellformed2	errors=0
@@SC STAGE	api NatReflect	overloading	errors=0
@@TC API	NatReflect	errors=0
@@SC STAGE	api FlatString	hierarchy	errors=0
@@SC STAGE	api FlatString	acyclic	errors=0
@@SC STAGE	api FlatString	wellformed1	errors=0
@@SC STAGE	api FlatString	wellformed2	errors=0
@@SC STAGE	api FlatString	overloading	errors=0
@@TC API	FlatString	errors=0
@@SC STAGE	api String	hierarchy	errors=0
@@SC STAGE	api String	acyclic	errors=0
@@SC STAGE	api String	wellformed1	errors=0
@@SC STAGE	api String	wellformed2	errors=0
@@SC STAGE	api String	overloading	errors=0
@@TC API	String	errors=0
@@SC STAGE	api List	hierarchy	errors=0
@@SC STAGE	api List	acyclic	errors=0
@@SC STAGE	api List	wellformed1	errors=0
@@SC STAGE	api List	wellformed2	errors=0
@@SC STAGE	api List	overloading	errors=0
@@TC API	List	errors=0
@@SC STAGE	api TypeProxy	hierarchy	errors=0
@@SC STAGE	api TypeProxy	acyclic	errors=0
@@SC STAGE	api TypeProxy	wellformed1	errors=0
@@SC STAGE	api TypeProxy	wellformed2	errors=0
@@SC STAGE	api TypeProxy	overloading	errors=0
@@TC API	TypeProxy	errors=0
@@SC STAGE	api RangeInternals	hierarchy	errors=0
@@SC STAGE	api RangeInternals	acyclic	errors=0
@@SC STAGE	api RangeInternals	wellformed1	errors=0
@@SC STAGE	api RangeInternals	wellformed2	errors=0
@@SC STAGE	api RangeInternals	overloading	errors=21
@@TC API	RangeInternals	errors=21
@@SC STAGE	api FortressLibrary	hierarchy	errors=0
@@SC STAGE	api FortressLibrary	acyclic	errors=19
@@SC STAGE	api FortressLibrary	wellformed1	errors=0
@@SC STAGE	api FortressLibrary	wellformed2	errors=0
@@SC STAGE	api FortressLibrary	overloading	errors=161
@@TC API	FortressLibrary	errors=180
@@SC STAGE	api NativeArray	hierarchy	errors=0
@@SC STAGE	api NativeArray	acyclic	errors=0
@@SC STAGE	api NativeArray	wellformed1	errors=0
@@SC STAGE	api NativeArray	wellformed2	errors=0
@@SC STAGE	api NativeArray	overloading	errors=22
@@TC API	NativeArray	errors=22
@@SC STAGE	api FortressBuiltin	hierarchy	errors=0
@@SC STAGE	api FortressBuiltin	acyclic	errors=0
@@SC STAGE	api FortressBuiltin	wellformed1	errors=0
@@SC STAGE	api FortressBuiltin	wellformed2	errors=0
@@SC STAGE	api FortressBuiltin	overloading	errors=0
@@TC API	FortressBuiltin	errors=0
@@TC APIS-NOT-SUCCESSFUL	223 errors kept
@@SC STAGE	component FortressLibrary	hierarchy	errors=0
@@SC STAGE	component FortressLibrary	apiextract	errors=0
@@SC STAGE	component FortressLibrary	acyclic	errors=21
@@SC STAGE	component FortressLibrary	wellformed1	errors=34
@@TC DECL-OK	FnDecl	Library/FortressLibrary.fss:33:1-37:4	errors=0
@@TC DECL-OK	FnDecl	Library/FortressLibrary.fss:39:1-43:4	errors=0
@@TC DECL-OK	FnDecl	Library/FortressLibrary.fss:47:1-22	errors=0
@@TC DECL-OK	FnDecl	Library/FortressLibrary.fss:49:1-51:26	errors=0
@@TC DECL-OK	FnDecl	Library/FortressLibrary.fss:52:1-75:4	errors=0
@@TC DECL-OK	FnDecl	Library/FortressLibrary.fss:54:1-75:4	errors=0
@@TC DECL-OK	FnDecl	Library/FortressLibrary.fss:65:1-75:4	errors=0
@@TC DECL-OK	FnDecl	Library/FortressLibrary.fss:67:1-75:4	errors=0
@@TC DECL-OK	FnDecl	Library/FortressLibrary.fss:69:1-75:4	errors=0
@@TC DECL-OK	TraitDecl	Library/FortressLibrary.fss:75:1-78:2	errors=0
@@TC DECL-OK	ObjectDecl	Library/FortressLibrary.fss:80:1-83:2	errors=0
@@TC DECL-OK	FnDecl	Library/FortressLibrary.fss:85:1-87:43	errors=0
@@TC DECL-OK	FnDecl	Library/FortressLibrary.fss:88:1-37	errors=0
@@TC DECL-OK	FnDecl	Library/FortressLibrary.fss:90:1-94:62	errors=0
@@TC DECL-OK	FnDecl	Library/FortressLibrary.fss:96:1-39	errors=0
@@TC DECL-OK	FnDecl	Library/FortressLibrary.fss:98:1-42	errors=0
@@TC DECL-OK	TraitDecl	Library/FortressLibrary.fss:100:1-102:2	errors=0
@@TC DECL-OK	ObjectDecl	Library/FortressLibrary.fss:106:1-114:2	errors=0
@@TC DECL-OK	ObjectDecl	Library/FortressLibrary.fss:116:1-124:2	errors=0
@@TC DECL-OK	FnDecl	Library/FortressLibrary.fss:126:1-127:76	errors=0
@@TC DECL-OK	FnDecl	Library/FortressLibrary.fss:129:1-130:107	errors=1
@@TC DECL-OK	TraitDecl	Library/FortressLibrary.fss:132:1-146:2	errors=0
@@TC DECL-OK	ObjectDecl	Library/FortressLibrary.fss:150:1-156:2	errors=0
@@TC DECL-OK	TraitDecl	Library/FortressLibrary.fss:158:1-173:2	errors=1
@@TC DECL-OK	ObjectDecl	Library/FortressLibrary.fss:175:1-185:2	errors=0
@@TC DECL-OK	ObjectDecl	Library/FortressLibrary.fss:187:1-196:2	errors=0
@@TC DECL-OK	ObjectDecl	Library/FortressLibrary.fss:198:1-208:2	errors=0
@@TC DECL-OK	TraitDecl	Library/FortressLibrary.fss:213:1-226:2	errors=4
@@TC DECL-OK	TraitDecl	Library/FortressLibrary.fss:235:1-237:2	errors=0
@@TC DECL-OK	TraitDecl	Library/FortressLibrary.fss:246:1-248:2	errors=0
@@TC DECL-OK	TraitDecl	Library/FortressLibrary.fss:257:1-262:2	errors=2
@@TC DECL-OK	TraitDecl	Library/FortressLibrary.fss:270:1-283:2	errors=24
@@TC DECL-OK	FnDecl	Library/FortressLibrary.fss:286:1-289:6	errors=1
@@TC DECL-OK	FnDecl	Library/FortressLibrary.fss:291:1-294:6	errors=1
@@TC DECL-OK	FnDecl	Library/FortressLibrary.fss:296:1-300:6	errors=3
@@TC DECL-OK	FnDecl	Library/FortressLibrary.fss:302:1-42	errors=0
@@TC DECL-OK	FnDecl	Library/FortressLibrary.fss:304:1-69	errors=0
@@TC DECL-OK	FnDecl	Library/FortressLibrary.fss:306:1-310:6	errors=3
@@TC DECL-OK	FnDecl	Library/FortressLibrary.fss:312:1-320:2	errors=1
@@TC DECL-OK	TraitDecl	Library/FortressLibrary.fss:328:1-25	errors=0
@@TC DECL-OK	TraitDecl	Library/FortressLibrary.fss:331:1-336:2	errors=2
@@TC DECL-OK	TraitDecl	Library/FortressLibrary.fss:339:1-30	errors=0
@@TC DECL-OK	TraitDecl	Library/FortressLibrary.fss:343:1-350:2	errors=0
@@TC DECL-OK	TraitDecl	Library/FortressLibrary.fss:352:1-366:2	errors=0
@@TC DECL-OK	FnDecl	Library/FortressLibrary.fss:368:1-377:6	errors=0
@@TC DECL-OK	TraitDecl	Library/FortressLibrary.fss:379:1-495:2	errors=0
@@TC DECL-OK	FnDecl	Library/FortressLibrary.fss:497:1-542:9	errors=7
@@TC DECL-OK	TraitDecl	Library/FortressLibrary.fss:544:1-626:2	errors=12
@@TC DECL-OK	ObjectDecl	Library/FortressLibrary.fss:628:1-639:2	errors=0
@@TC DECL-OK	TraitDecl	Library/FortressLibrary.fss:641:1-80	errors=0
@@TC DECL-OK	TraitDecl	Library/FortressLibrary.fss:644:1-686:2	errors=9
@@TC DECL-OK	TraitDecl	Library/FortressLibrary.fss:688:1-758:2	errors=29
@@TC DECL-OK	TraitDecl	Library/FortressLibrary.fss:760:1-842:2	errors=29
@@TC DECL-OK	TraitDecl	Library/FortressLibrary.fss:844:1-906:2	errors=28
@@TC DECL-OK	TraitDecl	Library/FortressLibrary.fss:908:1-994:2	errors=28
@@TC DECL-OK	TraitDecl	Library/FortressLibrary.fss:1005:1-1017:2	errors=1
@@TC DECL-OK	FnDecl	Library/FortressLibrary.fss:1020:1-1022:42	errors=0
@@TC DECL-OK	FnDecl	Library/FortressLibrary.fss:1023:1-1025:48	errors=0
@@TC DECL-OK	FnDecl	Library/FortressLibrary.fss:1026:1-1058:3	errors=0
@@TC DECL-OK	TraitDecl	Library/FortressLibrary.fss:1059:1-1157:12	errors=1
@@TC DECL-OK	FnDecl	Library/FortressLibrary.fss:1165:1-1166:25	errors=0
@@TC DECL-OK	FnDecl	Library/FortressLibrary.fss:1168:1-1169:20	errors=0
@@TC DECL-OK	FnDecl	Library/FortressLibrary.fss:1171:1-59	errors=0
@@TC DECL-OK	FnDecl	Library/FortressLibrary.fss:1173:1-62	errors=1
@@TC DECL-OK	FnDecl	Library/FortressLibrary.fss:1175:1-70	errors=0
@@TC DECL-OK	FnDecl	Library/FortressLibrary.fss:1176:1-1178:42	errors=0
@@TC DECL-OK	FnDecl	Library/FortressLibrary.fss:1179:1-1187:21	errors=1
@@TC DECL-OK	FnDecl	Library/FortressLibrary.fss:1188:1-1193:6	errors=0
@@TC DECL-OK	FnDecl	Library/FortressLibrary.fss:1200:1-1208:2	errors=0
@@TC DECL-OK	FnDecl	Library/FortressLibrary.fss:1216:1-1219:85	errors=0
@@TC DECL-CRASH	FnDecl	Library/FortressLibrary.fss:1220:1-1224:4	com.sun.fortress.exceptions.InterpreterBug	com.sun.fortress.exceptions.InterpreterBug.bug(InterpreterBug.java:67)	** bug! Library/FortressLibrary.fss:1222:10     Type is not inferred.
@@TC DECL-OK	FnDecl	Library/FortressLibrary.fss:1246:1-1267:4	errors=1
@@TC DECL-OK	FnDecl	Library/FortressLibrary.fss:1272:1-1275:2	errors=0
@@TC DECL-OK	TraitDecl	Library/FortressLibrary.fss:1278:1-1297:22	errors=0
@@TC DECL-OK	TraitDecl	Library/FortressLibrary.fss:1302:1-1341:12	errors=9
@@TC DECL-OK	FnDecl	Library/FortressLibrary.fss:1344:1-1346:58	errors=0
@@TC DECL-OK	FnDecl	Library/FortressLibrary.fss:1347:1-1351:2	errors=0
@@TC DECL-OK	FnDecl	Library/FortressLibrary.fss:1351:1-1394:10	errors=0
@@TC DECL-OK	TraitDecl	Library/FortressLibrary.fss:1394:1-1396:2	errors=0
@@TC DECL-OK	FnDecl	Library/FortressLibrary.fss:1398:1-1407:51	errors=0
@@TC DECL-OK	TraitDecl	Library/FortressLibrary.fss:1408:1-1412:2	errors=0
@@TC DECL-OK	ObjectDecl	Library/FortressLibrary.fss:1414:1-1440:2	errors=2
@@TC DECL-OK	ObjectDecl	Library/FortressLibrary.fss:1444:1-1467:2	errors=1
@@TC DECL-OK	TraitDecl	Library/FortressLibrary.fss:1471:1-1475:2	errors=0
@@TC DECL-OK	TraitDecl	Library/FortressLibrary.fss:1482:1-1488:2	errors=0
@@TC DECL-OK	ObjectDecl	Library/FortressLibrary.fss:1490:1-1513:2	errors=1
@@TC DECL-OK	ObjectDecl	Library/FortressLibrary.fss:1515:1-1522:2	errors=0
@@TC DECL-OK	FnDecl	Library/FortressLibrary.fss:1524:1-1525:82	errors=0
@@TC DECL-OK	FnDecl	Library/FortressLibrary.fss:1527:1-1528:111	errors=0
@@TC DECL-OK	ObjectDecl	Library/FortressLibrary.fss:1530:1-1537:2	errors=0
@@TC DECL-OK	FnDecl	Library/FortressLibrary.fss:1539:1-1540:82	errors=0
@@TC DECL-OK	FnDecl	Library/FortressLibrary.fss:1542:1-1547:62	errors=0
@@TC DECL-OK	TraitDecl	Library/FortressLibrary.fss:1549:1-1550:2	errors=0
@@TC DECL-OK	TraitDecl	Library/FortressLibrary.fss:1554:1-1555:2	errors=0
@@TC DECL-OK	ObjectDecl	Library/FortressLibrary.fss:1557:1-1559:2	errors=0
@@TC DECL-OK	ObjectDecl	Library/FortressLibrary.fss:1561:1-1563:2	errors=0
@@TC DECL-OK	ObjectDecl	Library/FortressLibrary.fss:1565:1-1567:2	errors=0
@@TC DECL-OK	ObjectDecl	Library/FortressLibrary.fss:1569:1-1571:2	errors=0
@@TC DECL-OK	ObjectDecl	Library/FortressLibrary.fss:1573:1-1575:2	errors=0
@@TC DECL-OK	ObjectDecl	Library/FortressLibrary.fss:1577:1-1579:2	errors=0
@@TC DECL-OK	ObjectDecl	Library/FortressLibrary.fss:1581:1-1583:2	errors=0
@@TC DECL-OK	ObjectDecl	Library/FortressLibrary.fss:1585:1-1587:2	errors=0
@@TC DECL-OK	ObjectDecl	Library/FortressLibrary.fss:1589:1-1591:2	errors=0
@@TC DECL-OK	ObjectDecl	Library/FortressLibrary.fss:1593:1-1595:2	errors=0
@@TC DECL-OK	ObjectDecl	Library/FortressLibrary.fss:1597:1-1599:2	errors=0
@@TC DECL-OK	ObjectDecl	Library/FortressLibrary.fss:1602:1-1604:2	errors=0
@@TC DECL-OK	ObjectDecl	Library/FortressLibrary.fss:1606:1-1608:2	errors=0
@@TC DECL-OK	ObjectDecl	Library/FortressLibrary.fss:1610:1-1612:2	errors=0
@@TC DECL-OK	ObjectDecl	Library/FortressLibrary.fss:1614:1-1616:2	errors=0
@@TC DECL-OK	ObjectDecl	Library/FortressLibrary.fss:1618:1-1620:2	errors=0
@@TC DECL-OK	ObjectDecl	Library/FortressLibrary.fss:1622:1-1624:2	errors=0
@@TC DECL-OK	ObjectDecl	Library/FortressLibrary.fss:1626:1-1628:2	errors=0
@@TC DECL-OK	TraitDecl	Library/FortressLibrary.fss:1632:1-1633:2	errors=0
@@TC DECL-OK	ObjectDecl	Library/FortressLibrary.fss:1635:1-1637:2	errors=0
@@TC DECL-OK	ObjectDecl	Library/FortressLibrary.fss:1639:1-1641:2	errors=0
@@TC DECL-OK	ObjectDecl	Library/FortressLibrary.fss:1643:1-1645:2	errors=0
@@TC DECL-OK	ObjectDecl	Library/FortressLibrary.fss:1648:1-1650:2	errors=0
@@TC DECL-OK	ObjectDecl	Library/FortressLibrary.fss:1652:1-1654:2	errors=0
@@TC DECL-OK	ObjectDecl	Library/FortressLibrary.fss:1656:1-1658:2	errors=0
@@TC DECL-OK	ObjectDecl	Library/FortressLibrary.fss:1660:1-1662:2	errors=0
@@TC DECL-OK	ObjectDecl	Library/FortressLibrary.fss:1664:1-1666:2	errors=0
@@TC DECL-OK	ObjectDecl	Library/FortressLibrary.fss:1668:1-1670:2	errors=0
@@TC DECL-OK	ObjectDecl	Library/FortressLibrary.fss:1673:1-1675:2	errors=0
@@TC DECL-OK	FnDecl	Library/FortressLibrary.fss:1681:1-1684:2	errors=1
@@TC DECL-OK	TraitDecl	Library/FortressLibrary.fss:1686:1-1691:2	errors=0
@@TC DECL-OK	TraitDecl	Library/FortressLibrary.fss:1694:1-1696:2	errors=0
@@TC DECL-OK	TraitDecl	Library/FortressLibrary.fss:1701:1-1702:2	errors=0
@@TC DECL-OK	TraitDecl	Library/FortressLibrary.fss:1704:1-1705:2	errors=0
@@TC DECL-OK	TraitDecl	Library/FortressLibrary.fss:1707:1-1708:2	errors=0
@@TC DECL-OK	TraitDecl	Library/FortressLibrary.fss:1714:1-44	errors=0
@@TC DECL-OK	TraitDecl	Library/FortressLibrary.fss:1716:1-44	errors=0
@@TC DECL-OK	TraitDecl	Library/FortressLibrary.fss:1718:1-44	errors=0
@@TC DECL-OK	TraitDecl	Library/FortressLibrary.fss:1738:1-1816:2	errors=1
@@TC DECL-OK	TraitDecl	Library/FortressLibrary.fss:1818:1-1824:2	errors=0
@@TC DECL-OK	ObjectDecl	Library/FortressLibrary.fss:1826:1-1835:2	errors=0
@@TC DECL-OK	TraitDecl	Library/FortressLibrary.fss:1837:1-1849:2	errors=1
@@TC DECL-OK	FnDecl	Library/FortressLibrary.fss:1851:1-1858:4	errors=0
@@TC DECL-OK	TraitDecl	Library/FortressLibrary.fss:1868:1-1882:2	errors=1
@@TC DECL-OK	TraitDecl	Library/FortressLibrary.fss:1891:1-1900:2	errors=0
@@TC DECL-OK	TraitDecl	Library/FortressLibrary.fss:1904:1-1970:2	errors=0
@@TC DECL-OK	TraitDecl	Library/FortressLibrary.fss:1972:1-1986:2	errors=0
@@TC DECL-OK	TraitDecl	Library/FortressLibrary.fss:1988:1-2020:2	errors=1
@@TC DECL-OK	FnDecl	Library/FortressLibrary.fss:2024:1-70	errors=1
@@TC DECL-OK	FnDecl	Library/FortressLibrary.fss:2025:1-2026:49	errors=1
@@TC DECL-OK	FnDecl	Library/FortressLibrary.fss:2027:1-2031:67	errors=1
@@TC DECL-OK	FnDecl	Library/FortressLibrary.fss:2032:1-2033:19	errors=0
@@TC DECL-OK	FnDecl	Library/FortressLibrary.fss:2034:1-2035:43	errors=0
@@TC DECL-OK	FnDecl	Library/FortressLibrary.fss:2036:1-2040:44	errors=0
@@TC DECL-OK	FnDecl	Library/FortressLibrary.fss:2041:1-2051:67	errors=1
@@TC DECL-OK	FnDecl	Library/FortressLibrary.fss:2052:1-2059:3	errors=0
@@TC DECL-OK	FnDecl	Library/FortressLibrary.fss:2061:1-79	errors=1
@@TC DECL-OK	FnDecl	Library/FortressLibrary.fss:2062:1-2063:28	errors=0
@@TC DECL-OK	FnDecl	Library/FortressLibrary.fss:2065:1-2066:38	errors=1
@@TC DECL-OK	FnDecl	Library/FortressLibrary.fss:2067:1-2073:56	errors=0
@@TC DECL-OK	TraitDecl	Library/FortressLibrary.fss:2074:1-2086:2	errors=2
@@TC DECL-OK	TraitDecl	Library/FortressLibrary.fss:2089:1-2099:2	errors=2
@@TC DECL-OK	FnDecl	Library/FortressLibrary.fss:2106:1-2109:4	errors=1
@@TC DECL-OK	TraitDecl	Library/FortressLibrary.fss:2115:1-2146:2	errors=0
@@TC DECL-OK	TraitDecl	Library/FortressLibrary.fss:2148:1-2191:2	errors=6
@@TC DECL-OK	TraitDecl	Library/FortressLibrary.fss:2195:1-2241:2	errors=5
@@TC DECL-OK	FnDecl	Library/FortressLibrary.fss:2244:1-2247:28	errors=0
@@TC DECL-OK	FnDecl	Library/FortressLibrary.fss:2249:1-2259:45	errors=0
@@TC DECL-OK	ObjectDecl	Library/FortressLibrary.fss:2260:1-2272:2	errors=0
@@TC DECL-OK	ObjectDecl	Library/FortressLibrary.fss:2275:1-2287:2	errors=1
@@TC DECL-OK	TraitDecl	Library/FortressLibrary.fss:2289:1-18	errors=0
@@TC DECL-OK	TraitDecl	Library/FortressLibrary.fss:2291:1-2304:2	errors=18
@@TC DECL-OK	ObjectDecl	Library/FortressLibrary.fss:2306:1-2312:2	errors=0
@@TC DECL-OK	FnDecl	Library/FortressLibrary.fss:2320:1-2326:4	errors=4
@@TC DECL-OK	FnDecl	Library/FortressLibrary.fss:2331:1-2337:4	errors=4
@@TC DECL-OK	FnDecl	Library/FortressLibrary.fss:2339:1-2341:41	errors=1
@@TC DECL-OK	FnDecl	Library/FortressLibrary.fss:2342:1-2346:6	errors=0
@@TC DECL-OK	FnDecl	Library/FortressLibrary.fss:2347:1-68	errors=0
@@TC DECL-OK	FnDecl	Library/FortressLibrary.fss:2348:1-75	errors=1
@@TC DECL-OK	FnDecl	Library/FortressLibrary.fss:2350:1-2353:77	errors=0
@@TC DECL-OK	FnDecl	Library/FortressLibrary.fss:2354:1-79	errors=0
@@TC DECL-OK	FnDecl	Library/FortressLibrary.fss:2355:1-2356:28	errors=1
@@TC DECL-OK	FnDecl	Library/FortressLibrary.fss:2357:1-2358:29	errors=1
@@TC DECL-OK	FnDecl	Library/FortressLibrary.fss:2360:1-2361:69	errors=0
@@TC DECL-OK	FnDecl	Library/FortressLibrary.fss:2363:1-2364:69	errors=0
@@TC DECL-OK	FnDecl	Library/FortressLibrary.fss:2366:1-2367:67	errors=0
@@TC DECL-OK	FnDecl	Library/FortressLibrary.fss:2369:1-2370:73	errors=0
@@TC DECL-OK	FnDecl	Library/FortressLibrary.fss:2372:1-2373:71	errors=0
@@TC DECL-OK	FnDecl	Library/FortressLibrary.fss:2375:1-2376:74	errors=0
@@TC DECL-OK	FnDecl	Library/FortressLibrary.fss:2378:1-2379:71	errors=0
@@TC DECL-OK	FnDecl	Library/FortressLibrary.fss:2381:1-71	errors=0
@@TC DECL-OK	FnDecl	Library/FortressLibrary.fss:2383:1-2390:48	errors=0
@@TC DECL-CRASH	TraitDecl	Library/FortressLibrary.fss:2391:1-2505:2	com.sun.fortress.exceptions.InterpreterBug	com.sun.fortress.exceptions.InterpreterBug.bug(InterpreterBug.java:67)	** bug! TryChecker returned an untyped expr: FnExpr at Library/FortressLibrary.fss:2409.11 fn (i) => do r := r // " " row(i) end Expected type was: ZZ32->Any FortressLibrary.ZZ32->Any
@@TC DECL-OK	FnDecl	Library/FortressLibrary.fss:2508:1-2514:4	errors=0
@@TC DECL-OK	ObjectDecl	Library/FortressLibrary.fss:2517:1-2523:2	errors=0
@@TC DECL-OK	ObjectDecl	Library/FortressLibrary.fss:2527:1-2544:2	errors=0
@@TC DECL-OK	ObjectDecl	Library/FortressLibrary.fss:2553:1-2573:2	errors=0
@@TC DECL-OK	ObjectDecl	Library/FortressLibrary.fss:2575:1-2584:2	errors=0
@@TC DECL-OK	ObjectDecl	Library/FortressLibrary.fss:2586:1-2595:2	errors=0
@@TC DECL-OK	TraitDecl	Library/FortressLibrary.fss:2597:1-18	errors=0
@@TC DECL-OK	TraitDecl	Library/FortressLibrary.fss:2599:1-2662:2	errors=35
@@TC DECL-OK	ObjectDecl	Library/FortressLibrary.fss:2665:1-2671:2	errors=0
@@TC DECL-OK	ObjectDecl	Library/FortressLibrary.fss:2673:1-2691:2	errors=3
@@TC DECL-OK	FnDecl	Library/FortressLibrary.fss:2693:1-2698:6	errors=1
@@TC DECL-OK	FnDecl	Library/FortressLibrary.fss:2702:1-2706:6	errors=0
@@TC DECL-OK	FnDecl	Library/FortressLibrary.fss:2707:1-2708:29	errors=0
@@TC DECL-OK	FnDecl	Library/FortressLibrary.fss:2709:1-2714:50	errors=0
@@TC DECL-OK	FnDecl	Library/FortressLibrary.fss:2715:1-2716:30	errors=0
@@TC DECL-OK	FnDecl	Library/FortressLibrary.fss:2717:1-2722:22	errors=4
@@TC DECL-OK	FnDecl	Library/FortressLibrary.fss:2723:1-2725:27	errors=0
@@TC DECL-OK	FnDecl	Library/FortressLibrary.fss:2727:1-2732:34	errors=0
@@TC DECL-OK	FnDecl	Library/FortressLibrary.fss:2733:1-2734:72	errors=0
@@TC DECL-OK	FnDecl	Library/FortressLibrary.fss:2736:1-2739:34	errors=0
@@TC DECL-OK	FnDecl	Library/FortressLibrary.fss:2740:1-2741:72	errors=0
@@TC DECL-OK	FnDecl	Library/FortressLibrary.fss:2743:1-2744:70	errors=0
@@TC DECL-OK	FnDecl	Library/FortressLibrary.fss:2746:1-2747:77	errors=0
@@TC DECL-OK	FnDecl	Library/FortressLibrary.fss:2749:1-2750:75	errors=0
@@TC DECL-OK	FnDecl	Library/FortressLibrary.fss:2752:1-2753:77	errors=0
@@TC DECL-OK	FnDecl	Library/FortressLibrary.fss:2755:1-2763:27	errors=0
@@TC DECL-CRASH	TraitDecl	Library/FortressLibrary.fss:2764:1-2877:2	com.sun.fortress.exceptions.InterpreterBug	com.sun.fortress.exceptions.InterpreterBug.bug(InterpreterBug.java:67)	** bug! TryChecker returned an untyped expr: FnExpr at Library/FortressLibrary.fss:2800.13 fn (k) => do r := r " ;;"  // " " plane(k) end Expected type was: ZZ32->Any FortressLibrary.ZZ32->Any
@@TC DECL-OK	FnDecl	Library/FortressLibrary.fss:2880:1-2886:64	errors=0
@@TC DECL-OK	ObjectDecl	Library/FortressLibrary.fss:2888:1-2897:2	errors=0
@@TC DECL-OK	ObjectDecl	Library/FortressLibrary.fss:2906:1-2916:2	errors=0
@@TC DECL-OK	FnDecl	Library/FortressLibrary.fss:2918:1-2920:43	errors=0
@@TC DECL-OK	FnDecl	Library/FortressLibrary.fss:2922:1-2923:39	errors=0
@@TC DECL-OK	FnDecl	Library/FortressLibrary.fss:2924:1-2925:32	errors=0
@@TC DECL-OK	FnDecl	Library/FortressLibrary.fss:2926:1-2941:62	errors=1
@@TC DECL-OK	TraitDecl	Library/FortressLibrary.fss:2943:1-2947:2	errors=0
@@TC DECL-OK	ObjectDecl	Library/FortressLibrary.fss:2949:1-2954:2	errors=0
@@TC DECL-OK	TraitDecl	Library/FortressLibrary.fss:2960:1-2979:2	errors=0
@@TC DECL-OK	TraitDecl	Library/FortressLibrary.fss:2981:1-2983:2	errors=0
@@TC DECL-OK	ObjectDecl	Library/FortressLibrary.fss:2985:1-2988:2	errors=0
@@TC DECL-OK	TraitDecl	Library/FortressLibrary.fss:2990:1-2995:2	errors=0
@@TC DECL-OK	TraitDecl	Library/FortressLibrary.fss:2997:1-3000:2	errors=0
@@TC DECL-OK	TraitDecl	Library/FortressLibrary.fss:3003:1-3023:2	errors=2
@@TC DECL-OK	ObjectDecl	Library/FortressLibrary.fss:3028:1-3048:2	errors=3
@@TC DECL-OK	TraitDecl	Library/FortressLibrary.fss:3053:1-33	errors=0
@@TC DECL-OK	TraitDecl	Library/FortressLibrary.fss:3055:1-3057:2	errors=0
@@TC DECL-OK	TraitDecl	Library/FortressLibrary.fss:3060:1-3063:2	errors=1
@@TC DECL-OK	TraitDecl	Library/FortressLibrary.fss:3065:1-3067:2	errors=0
@@TC DECL-OK	TraitDecl	Library/FortressLibrary.fss:3069:1-3073:2	errors=0
@@TC DECL-OK	TraitDecl	Library/FortressLibrary.fss:3075:1-3079:2	errors=0
@@TC DECL-OK	ObjectDecl	Library/FortressLibrary.fss:3081:1-3084:2	errors=0
@@TC DECL-OK	ObjectDecl	Library/FortressLibrary.fss:3086:1-3088:2	errors=0
@@TC DECL-OK	ObjectDecl	Library/FortressLibrary.fss:3094:1-3099:2	errors=0
@@TC DECL-OK	TraitDecl	Library/FortressLibrary.fss:3101:1-29	errors=0
@@TC DECL-OK	FnDecl	Library/FortressLibrary.fss:3107:1-3118:6	errors=1
@@TC DECL-OK	FnDecl	Library/FortressLibrary.fss:3120:1-3131:6	errors=1
@@TC DECL-OK	ObjectDecl	Library/FortressLibrary.fss:3133:1-3136:2	errors=0
@@TC DECL-OK	ObjectDecl	Library/FortressLibrary.fss:3138:1-3142:2	errors=0
@@TC DECL-OK	ObjectDecl	Library/FortressLibrary.fss:3144:1-3148:2	errors=0
@@TC DECL-OK	ObjectDecl	Library/FortressLibrary.fss:3150:1-3158:2	errors=0
@@TC DECL-OK	FnDecl	Library/FortressLibrary.fss:3160:1-3161:43	errors=0
@@TC DECL-OK	FnDecl	Library/FortressLibrary.fss:3163:1-3164:49	errors=0
@@TC DECL-OK	ObjectDecl	Library/FortressLibrary.fss:3166:1-3172:2	errors=0
@@TC DECL-OK	FnDecl	Library/FortressLibrary.fss:3174:1-3175:44	errors=0
@@TC DECL-OK	FnDecl	Library/FortressLibrary.fss:3177:1-3178:50	errors=0
@@TC DECL-OK	ObjectDecl	Library/FortressLibrary.fss:3180:1-3183:2	errors=0
@@TC DECL-OK	FnDecl	Library/FortressLibrary.fss:3184:1-3185:49	errors=0
@@TC DECL-OK	FnDecl	Library/FortressLibrary.fss:3186:1-3187:60	errors=1
@@TC DECL-OK	ObjectDecl	Library/FortressLibrary.fss:3189:1-3192:2	errors=0
@@TC DECL-OK	FnDecl	Library/FortressLibrary.fss:3193:1-3194:49	errors=0
@@TC DECL-OK	FnDecl	Library/FortressLibrary.fss:3195:1-3196:60	errors=1
@@TC DECL-OK	ObjectDecl	Library/FortressLibrary.fss:3198:1-3205:2	errors=1
@@TC DECL-OK	FnDecl	Library/FortressLibrary.fss:3206:1-3208:97	errors=1
@@TC DECL-OK	FnDecl	Library/FortressLibrary.fss:3209:1-3210:71	errors=1
@@TC DECL-OK	FnDecl	Library/FortressLibrary.fss:3212:1-3214:84	errors=0
@@TC DECL-OK	FnDecl	Library/FortressLibrary.fss:3216:1-3217:63	errors=1
@@TC DECL-OK	FnDecl	Library/FortressLibrary.fss:3219:1-3221:84	errors=0
@@TC DECL-OK	FnDecl	Library/FortressLibrary.fss:3223:1-3227:35	errors=1
@@TC DECL-OK	ObjectDecl	Library/FortressLibrary.fss:3229:1-3242:2	errors=1
@@TC DECL-OK	FnDecl	Library/FortressLibrary.fss:3243:1-3245:98	errors=0
@@TC DECL-OK	FnDecl	Library/FortressLibrary.fss:3246:1-3247:78	errors=0
@@TC DECL-OK	ObjectDecl	Library/FortressLibrary.fss:3249:1-3262:2	errors=1
@@TC DECL-OK	FnDecl	Library/FortressLibrary.fss:3263:1-3265:98	errors=0
@@TC DECL-OK	FnDecl	Library/FortressLibrary.fss:3266:1-3267:78	errors=0
@@TC DECL-OK	ObjectDecl	Library/FortressLibrary.fss:3269:1-3282:2	errors=1
@@TC DECL-OK	FnDecl	Library/FortressLibrary.fss:3283:1-3285:98	errors=0
@@TC DECL-OK	FnDecl	Library/FortressLibrary.fss:3286:1-3287:78	errors=0
@@TC DECL-OK	ObjectDecl	Library/FortressLibrary.fss:3289:1-3302:2	errors=1
@@TC DECL-OK	FnDecl	Library/FortressLibrary.fss:3303:1-3305:98	errors=0
@@TC DECL-OK	FnDecl	Library/FortressLibrary.fss:3306:1-3310:85	errors=0
@@TC DECL-OK	ObjectDecl	Library/FortressLibrary.fss:3311:1-3318:2	errors=0
@@TC DECL-OK	FnDecl	Library/FortressLibrary.fss:3320:1-3321:50	errors=0
@@TC DECL-OK	FnDecl	Library/FortressLibrary.fss:3323:1-3324:77	errors=1
@@TC DECL-OK	ObjectDecl	Library/FortressLibrary.fss:3326:1-3333:2	errors=0
@@TC DECL-OK	FnDecl	Library/FortressLibrary.fss:3335:1-3336:49	errors=0
@@TC DECL-OK	FnDecl	Library/FortressLibrary.fss:3338:1-3357:3	errors=0
@@TC DECL-OK	ObjectDecl	Library/FortressLibrary.fss:3359:1-3364:2	errors=0
@@TC DECL-OK	FnDecl	Library/FortressLibrary.fss:3366:1-3367:47	errors=0
@@TC DECL-OK	FnDecl	Library/FortressLibrary.fss:3369:1-3372:51	errors=0
@@TC DECL-OK	ObjectDecl	Library/FortressLibrary.fss:3373:1-3377:2	errors=0
@@TC DECL-OK	ObjectDecl	Library/FortressLibrary.fss:3380:1-3384:2	errors=0
@@TC DECL-OK	ObjectDecl	Library/FortressLibrary.fss:3387:1-3390:2	errors=0
@@TC DECL-OK	FnDecl	Library/FortressLibrary.fss:3394:1-3396:62	errors=0
@@TC DECL-OK	FnDecl	Library/FortressLibrary.fss:3398:1-3403:40	errors=1
@@TC DECL-OK	FnDecl	Library/FortressLibrary.fss:3404:1-3406:61	errors=0
@@TC DECL-OK	FnDecl	Library/FortressLibrary.fss:3408:1-3413:18	errors=0
@@TC DECL-OK	FnDecl	Library/FortressLibrary.fss:3414:1-3416:54	errors=0
@@TC DECL-OK	FnDecl	Library/FortressLibrary.fss:3418:1-3423:44	errors=1
@@TC DECL-OK	ObjectDecl	Library/FortressLibrary.fss:3424:1-3428:2	errors=0
@@TC DECL-OK	ObjectDecl	Library/FortressLibrary.fss:3433:1-3437:2	errors=1
@@TC DECL-OK	FnDecl	Library/FortressLibrary.fss:3447:1-3453:21	errors=1
@@TC DECL-OK	TraitDecl	Library/FortressLibrary.fss:3454:1-56	errors=0
@@TC DECL-OK	TraitDecl	Library/FortressLibrary.fss:3456:1-3468:2	errors=2
@@TC DECL-OK	ObjectDecl	Library/FortressLibrary.fss:3470:1-3474:2	errors=0
@@TC DECL-OK	ObjectDecl	Library/FortressLibrary.fss:3476:1-3494:2	errors=2
@@TC DECL-OK	ObjectDecl	Library/FortressLibrary.fss:3496:1-3502:2	errors=0
@@TC DECL-OK	TraitDecl	Library/FortressLibrary.fss:3504:1-3516:2	errors=1
@@TC DECL-OK	ObjectDecl	Library/FortressLibrary.fss:3518:1-3522:2	errors=0
@@TC DECL-OK	ObjectDecl	Library/FortressLibrary.fss:3524:1-3530:2	errors=0
@@TC DECL-OK	TraitDecl	Library/FortressLibrary.fss:3532:1-3555:2	errors=1
@@TC DECL-OK	ObjectDecl	Library/FortressLibrary.fss:3557:1-3572:2	errors=1
@@TC DECL-OK	ObjectDecl	Library/FortressLibrary.fss:3574:1-3580:2	errors=0
@@TC DECL-OK	TraitDecl	Library/FortressLibrary.fss:3582:1-3593:2	errors=2
@@TC DECL-OK	ObjectDecl	Library/FortressLibrary.fss:3595:1-3601:2	errors=1
@@TC DECL-OK	ObjectDecl	Library/FortressLibrary.fss:3603:1-3609:2	errors=0
@@TC DECL-OK	TraitDecl	Library/FortressLibrary.fss:3612:1-3618:2	errors=0
@@TC DECL-OK	ObjectDecl	Library/FortressLibrary.fss:3620:1-3623:2	errors=0
@@TC DECL-OK	TraitDecl	Library/FortressLibrary.fss:3625:1-3643:2	errors=0
@@TC DECL-OK	ObjectDecl	Library/FortressLibrary.fss:3645:1-3648:2	errors=0
@@TC DECL-OK	ObjectDecl	Library/FortressLibrary.fss:3665:1-3678:2	errors=2
@@TC DECL-OK	TraitDecl	Library/FortressLibrary.fss:3690:1-3737:2	errors=2
@@TC DECL-OK	TraitDecl	Library/FortressLibrary.fss:3739:1-45	errors=0
@@TC DECL-OK	TraitDecl	Library/FortressLibrary.fss:3741:1-3753:2	errors=1
@@TC DECL-OK	ObjectDecl	Library/FortressLibrary.fss:3755:1-3770:2	errors=5
@@TC DECL-OK	TraitDecl	Library/FortressLibrary.fss:3772:1-3774:2	errors=0
@@TC DECL-OK	TraitDecl	Library/FortressLibrary.fss:3776:1-3793:2	errors=1
@@TC DECL-OK	TraitDecl	Library/FortressLibrary.fss:3795:1-3803:2	errors=0
@@TC DECL-OK	TraitDecl	Library/FortressLibrary.fss:3805:1-3808:2	errors=0
@@TC DECL-OK	TraitDecl	Library/FortressLibrary.fss:3810:1-3828:2	errors=1
@@TC DECL-OK	TraitDecl	Library/FortressLibrary.fss:3830:1-3832:2	errors=0
@@TC DECL-OK	TraitDecl	Library/FortressLibrary.fss:3834:1-3853:2	errors=2
@@TC DECL-OK	TraitDecl	Library/FortressLibrary.fss:3855:1-3869:2	errors=4
@@TC DECL-OK	TraitDecl	Library/FortressLibrary.fss:3871:1-3883:2	errors=3
@@TC DECL-OK	TraitDecl	Library/FortressLibrary.fss:3885:1-53	errors=0
@@TC DECL-OK	FnDecl	Library/FortressLibrary.fss:3888:1-107	errors=1
@@TC DECL-OK	FnDecl	Library/FortressLibrary.fss:3889:1-3891:82	errors=1
@@TC DECL-OK	FnDecl	Library/FortressLibrary.fss:3892:1-3896:6	errors=1
@@TC DECL-OK	FnDecl	Library/FortressLibrary.fss:3898:1-3899:40	errors=1
@@TC DECL-OK	FnDecl	Library/FortressLibrary.fss:3900:1-3902:84	errors=1
@@TC DECL-OK	FnDecl	Library/FortressLibrary.fss:3903:1-3907:4	errors=1
@@TC DECL-OK	FnDecl	Library/FortressLibrary.fss:3910:1-81	errors=1
@@TC DECL-OK	FnDecl	Library/FortressLibrary.fss:3911:1-3914:4	errors=1
@@TC DECL-OK	FnDecl	Library/FortressLibrary.fss:3915:1-3919:4	errors=1
@@TC DECL-OK	FnDecl	Library/FortressLibrary.fss:3921:1-37	errors=1
@@TC DECL-OK	FnDecl	Library/FortressLibrary.fss:3923:1-85	errors=1
@@TC DECL-OK	FnDecl	Library/FortressLibrary.fss:3924:1-3925:64	errors=1
@@TC DECL-OK	FnDecl	Library/FortressLibrary.fss:3926:1-3928:81	errors=1
@@TC DECL-OK	FnDecl	Library/FortressLibrary.fss:3930:1-83	errors=1
@@TC DECL-OK	FnDecl	Library/FortressLibrary.fss:3931:1-3932:63	errors=1
@@TC DECL-OK	FnDecl	Library/FortressLibrary.fss:3933:1-3935:80	errors=1
@@TC DECL-OK	FnDecl	Library/FortressLibrary.fss:3944:1-45	errors=0
@@TC DECL-OK	FnDecl	Library/FortressLibrary.fss:3945:1-45	errors=0
@@TC DECL-OK	FnDecl	Library/FortressLibrary.fss:3946:1-3955:3	errors=1
@@TC DECL-OK	FnDecl	Library/FortressLibrary.fss:3957:1-38	errors=1
@@TC DECL-OK	FnDecl	Library/FortressLibrary.fss:3959:1-82	errors=1
@@TC DECL-OK	FnDecl	Library/FortressLibrary.fss:3960:1-3961:63	errors=1
@@TC DECL-OK	FnDecl	Library/FortressLibrary.fss:3962:1-3964:81	errors=1
@@TC DECL-OK	FnDecl	Library/FortressLibrary.fss:3966:1-4017:3	errors=1
@@TC DECL-OK	FnDecl	Library/FortressLibrary.fss:4019:1-4022:3	errors=0
@@TC DECL-OK	FnDecl	Library/FortressLibrary.fss:4024:1-4028:62	errors=0
@@TC DECL-OK	TraitDecl	Library/FortressLibrary.fss:4030:1-4158:11	errors=11
@@TC DECL-OK	ObjectDecl	Library/FortressLibrary.fss:4161:1-4175:2	errors=0
@@TC DECL-OK	FnDecl	Library/FortressLibrary.fss:4177:1-4181:62	errors=1
@@TC DECL-OK	FnDecl	Library/FortressLibrary.fss:4183:1-90	errors=1
@@TC DECL-OK	FnDecl	Library/FortressLibrary.fss:4184:1-107	errors=1
@@TC DECL-OK	VarDecl	Library/FortressLibrary.fss:4186:1-34	errors=0
@@TC DECL-OK	FnDecl	Library/FortressLibrary.fss:4187:1-72	errors=0
@@TC DECL-OK	FnDecl	Library/FortressLibrary.fss:4188:1-4194:4	errors=0
@@TC DECL-OK	FnDecl	Library/FortressLibrary.fss:4196:1-104	errors=1
@@TC DECL-OK	FnDecl	Library/FortressLibrary.fss:4198:1-95	errors=1
@@TC DECL-OK	FnDecl	Library/FortressLibrary.fss:4199:1-47	errors=0
@@TC DECL-OK	FnDecl	Library/FortressLibrary.fss:4201:1-4203:37	errors=1
@@TC DECL-OK	FnDecl	Library/FortressLibrary.fss:4204:1-59	errors=0
@@TC DECL-OK	FnDecl	Library/FortressLibrary.fss:4205:1-73	errors=0
@@TC DECL-OK	FnDecl	Library/FortressLibrary.fss:4206:1-64	errors=0
@@TC DECL-OK	FnDecl	Library/FortressLibrary.fss:4207:1-78	errors=0
@@TC DECL-OK	FnDecl	Library/FortressLibrary.fss:4209:1-115	errors=0
@@TC DECL-OK	FnDecl	Library/FortressLibrary.fss:4210:1-77	errors=0
@@TC DECL-OK	FnDecl	Library/FortressLibrary.fss:4211:1-125	errors=0
@@TC DECL-OK	FnDecl	Library/FortressLibrary.fss:4212:1-4214:89	errors=0
@@TC DECL-OK	FnDecl	Library/FortressLibrary.fss:4215:1-22	errors=0
@@TC DECL-OK	FnDecl	Library/FortressLibrary.fss:4216:1-26	errors=0
@@TC DECL-OK	FnDecl	Library/FortressLibrary.fss:4217:1-32	errors=0
@@TC DECL-OK	FnDecl	Library/FortressLibrary.fss:4218:1-37	errors=0
@@TC DECL-OK	FnDecl	Library/FortressLibrary.fss:4220:1-4227:6	errors=0
@@TC DECL-OK	FnDecl	Library/FortressLibrary.fss:4229:1-4234:6	errors=0
@@TC DECL-CRASH	FnDecl	Library/FortressLibrary.fss:4248:1-4261:4	java.lang.RuntimeException	com.sun.fortress.scala_src.types.TypeAnalyzer.$anonfun$typeCons$1(TypeAnalyzer.scala:723)	Not in the trait table: FortressBuiltin.Character FortressBuiltin.Character @ Compiler internal generated.:0:0
@@TC DECL-OK	FnDecl	Library/FortressLibrary.fss:4264:1-4265:1	errors=0
@@TC DECL-CRASH	FnDecl	Library/FortressLibrary.fss:4267:1-4272:2	java.lang.RuntimeException	com.sun.fortress.scala_src.types.TypeAnalyzer.$anonfun$typeCons$1(TypeAnalyzer.scala:723)	Not in the trait table: FortressBuiltin.Character FortressBuiltin.Character @ Compiler internal generated.:0:0
@@TC DECL-OK	FnDecl	Library/FortressLibrary.fss:4276:1-4280:88	errors=1
@@TC DECL-OK	FnDecl	Library/FortressLibrary.fss:4281:1-4285:88	errors=0
@@TC DECL-OK	FnDecl	Library/FortressLibrary.fss:4286:1-4288:76	errors=0
@@TC DECL-OK	FnDecl	Library/FortressLibrary.fss:4289:1-116	errors=1
@@TC DECL-OK	FnDecl	Library/FortressLibrary.fss:4290:1-117	errors=1
@@TC DECL-OK	FnDecl	Library/FortressLibrary.fss:4292:1-116	errors=1
@@TC DECL-OK	FnDecl	Library/FortressLibrary.fss:4293:1-4297:3	errors=1
@@TC DECL-OK	FnDecl	Library/FortressLibrary.fss:4299:1-4300:78	errors=1
@@TC DECL-OK	FnDecl	Library/FortressLibrary.fss:4302:1-65	errors=0
@@TC DECL-OK	FnDecl	Library/FortressLibrary.fss:4303:1-63	errors=0
@@TC DECL-OK	FnDecl	Library/FortressLibrary.fss:4304:1-65	errors=0
@@TC DECL-OK	FnDecl	Library/FortressLibrary.fss:4305:1-69	errors=0
@@TC DECL-OK	FnDecl	Library/FortressLibrary.fss:4306:1-71	errors=0
@@TC DECL-OK	FnDecl	Library/FortressLibrary.fss:4307:1-57	errors=0
@@TC DECL-OK	FnDecl	Library/FortressLibrary.fss:4308:1-64	errors=0
@@TC DECL-OK	FnDecl	Library/FortressLibrary.fss:4309:1-70	errors=0
@@TC DECL-OK	FnDecl	Library/FortressLibrary.fss:4310:1-4313:34	errors=0
@@TC DECL-OK	FnDecl	Library/FortressLibrary.fss:4315:1-4317:65	errors=0
@@TC DECL-OK	FnDecl	Library/FortressLibrary.fss:4319:1-4323:4	errors=0
@@TC DECL-OK	FnDecl	Library/FortressLibrary.fss:4325:1-4333:4	errors=1
@@TC DECL-OK	FnDecl	Library/FortressLibrary.fss:4335:1-4343:4	errors=1
@@TC DECL-OK	FnDecl	Library/FortressLibrary.fss:4345:1-4353:4	errors=1
@@TC DECL-OK	FnDecl	Library/FortressLibrary.fss:4355:1-4363:4	errors=1
@@TC DECL-OK	FnDecl	Library/FortressLibrary.fss:4365:1-4369:4	errors=2
@@TC DECL-OK	FnDecl	Library/FortressLibrary.fss:4371:1-4375:4	errors=0
@@TC DECL-OK	FnDecl	Library/FortressLibrary.fss:4377:1-4385:4	errors=2
@@TC DECL-OK	FnDecl	Library/FortressLibrary.fss:4387:1-4395:4	errors=2
@@TC DECL-OK	FnDecl	Library/FortressLibrary.fss:4397:1-4405:4	errors=2
@@TC DECL-OK	FnDecl	Library/FortressLibrary.fss:4407:1-4415:4	errors=2
@@TC DECL-OK	FnDecl	Library/FortressLibrary.fss:4417:1-4421:4	errors=3
@@TC DECL-OK	ObjectDecl	Library/FortressLibrary.fss:4423:1-4424:2	errors=0
@@TC DECL-OK	VarDecl	Library/FortressLibrary.fss:4430:1-39	errors=0
@@TC DECL-OK	FnDecl	Library/FortressLibrary.fss:4431:1-60	errors=0
@@TC DECL-OK	FnDecl	Library/FortressLibrary.fss:4432:1-4435:63	errors=0
@@TC DECL-OK	TraitDecl	Library/FortressLibrary.fss:4436:1-45	errors=0
@@TC DECL-OK	TraitDecl	Library/FortressLibrary.fss:4439:1-4491:2	errors=7
@@TC DECL-OK	TraitDecl	Library/FortressLibrary.fss:4494:1-4504:2	errors=5
@@TC DECL-OK	ObjectDecl	Library/FortressLibrary.fss:4507:1-4512:2	errors=1
@@TC DECL-OK	TraitDecl	Library/FortressLibrary.fss:4516:1-4530:2	errors=3
@@TC DECL-OK	ObjectDecl	Library/FortressLibrary.fss:4533:1-4536:2	errors=0
@@TC DECL-OK	FnDecl	Library/FortressLibrary.fss:4539:1-4541:50	errors=0
@@TC DECL-OK	ObjectDecl	Library/FortressLibrary.fss:4542:1-4546:2	errors=0
@@TC DECL-OK	FnDecl	Library/FortressLibrary.fss:4549:1-4555:2	errors=4
@@TC DECL-OK	FnDecl	Library/FortressLibrary.fss:4555:1-4559:2	errors=0
@@TC DECL-OK	FnDecl	Library/FortressLibrary.fss:4562:1-4566:2	errors=1
@@TC DECL-OK	FnDecl	Library/FortressLibrary.fss:4574:1-101	errors=1
@@TC DECL-OK	FnDecl	Library/FortressLibrary.fss:4575:1-101	errors=1
@@TC DECL-OK	FnDecl	Library/FortressLibrary.fss:4576:1-4579:88	errors=1
@@TC DECL-OK	FnDecl	Library/FortressLibrary.fss:4580:1-101	errors=1
@@TC DECL-OK	FnDecl	Library/FortressLibrary.fss:4581:1-105	errors=1
@@TC DECL-OK	FnDecl	Library/FortressLibrary.fss:4582:1-105	errors=1
@@TC DECL-OK	FnDecl	Library/FortressLibrary.fss:4583:1-105	errors=1
@@TC DECL-OK	FnDecl	Library/FortressLibrary.fss:4584:1-4585:1	errors=1
@@TC DECL-OK	FnDecl	Library/FortressLibrary.fss:383:5-32	errors=0
@@TC DECL-OK	FnDecl	Library/FortressLibrary.fss:548:5-33	errors=0
@@TC DECL-OK	FnDecl	Library/FortressLibrary.fss:549:5-33	errors=0
@@TC DECL-OK	FnDecl	Library/FortressLibrary.fss:550:5-33	errors=0
@@TC DECL-OK	FnDecl	Library/FortressLibrary.fss:551:5-33	errors=0
@@TC DECL-OK	FnDecl	Library/FortressLibrary.fss:552:5-31	errors=0
@@TC DECL-OK	FnDecl	Library/FortressLibrary.fss:763:5-30	errors=0
@@TC DECL-OK	FnDecl	Library/FortressLibrary.fss:764:5-38	errors=1
@@TC DECL-OK	FnDecl	Library/FortressLibrary.fss:847:5-30	errors=0
@@TC DECL-OK	FnDecl	Library/FortressLibrary.fss:911:5-28	errors=0
@@TC DECL-OK	FnDecl	Library/FortressLibrary.fss:912:5-28	errors=0
@@TC DECL-OK	FnDecl	Library/FortressLibrary.fss:913:5-43	errors=1
@@TC DECL-OK	FnDecl	Library/FortressLibrary.fss:914:5-917:8	errors=1
@@SC STAGE	component FortressLibrary	typecheck	errors=455
@@SC STAGE	component FortressLibrary	wellformed2	errors=70
@@SC STAGE	component FortressLibrary	overloading	errors=388
@@SC STAGE	component FortressLibrary	export	errors=2
@@TC COMPONENT	FortressLibrary	errors=1940
@@TC COMPONENTS-NOT-SUCCESSFUL	1940 errors kept
### rc=0
exit=0
ELAPSED 722 s
# end 2026-09-27T10:13:15Z
