########## Distance -order check -setting walk ProjectFortress/LibraryBuiltin/FortressBuiltin.fss
# jvm flags: -Dprobe.tolerant=true -Dprobe.all=true -Dfortress.analyzer.overload.cache=false -Dprobe.componentOnly=true
# machine: nproc=4; model name: Intel(R) Xeon(R) Processor @ 2.10GHz; cpu MHz: 2100.000
# load average at start: 16.35 14.36 11.72; JDK: openjdk version "25.0.4" 2026-07-21; FORTRESS_THREADS=1
# disk: 10G free of 252G
# start 2026-09-27T10:19:05Z
### order=check phases=[ PREDISAMBIGUATEDESUGAR DISAMBIGUATE GRAMMAR PRETYPECHECKDESUGAR INTEGERLITERALFOLDING TYPECHECK ] setting=walk (extendsObject=false compiledExpr=false) prelude=INTERPRETER target=[ProjectFortress/LibraryBuiltin/FortressBuiltin.fss] overloadCache=false
@@TC API	AnyType	errors=0
@@TC API	Stream	errors=0
@@TC API	FlatString	errors=0
@@TC API	String	errors=0
@@TC API	FortressLibrary	errors=38
@@TC API	FortressBuiltin	errors=0
@@TC APIS-NOT-SUCCESSFUL	38 errors kept
@@SC STAGE	component FortressBuiltin	hierarchy	errors=0
@@SC STAGE	component FortressBuiltin	apiextract	errors=0
@@SC STAGE	component FortressBuiltin	acyclic	errors=0
@@SC STAGE	component FortressBuiltin	wellformed1	errors=0
@@TC DECL-OK	VarDecl	ProjectFortress/LibraryBuiltin/FortressBuiltin.fss:15:1-23	errors=0
@@TC DECL-OK	VarDecl	ProjectFortress/LibraryBuiltin/FortressBuiltin.fss:16:1-33:3	errors=0
@@TC DECL-OK	FnDecl	ProjectFortress/LibraryBuiltin/FortressBuiltin.fss:34:1-35:72	errors=1
@@TC DECL-CRASH	TraitDecl	ProjectFortress/LibraryBuiltin/FortressBuiltin.fss:37:1-52:2	java.lang.RuntimeException	com.sun.fortress.scala_src.types.TypeAnalyzer.$anonfun$typeCons$1(TypeAnalyzer.scala:723)	Not in the trait table: FortressBuiltin.Character FortressBuiltin.Character @ Compiler internal generated.:0:0
@@TC DECL-OK	ObjectDecl	ProjectFortress/LibraryBuiltin/FortressBuiltin.fss:54:1-192:2	errors=61
@@TC DECL-OK	ObjectDecl	ProjectFortress/LibraryBuiltin/FortressBuiltin.fss:194:1-201:2	errors=3
@@TC DECL-OK	ObjectDecl	ProjectFortress/LibraryBuiltin/FortressBuiltin.fss:203:1-367:2	errors=55
@@TC DECL-OK	ObjectDecl	ProjectFortress/LibraryBuiltin/FortressBuiltin.fss:369:1-376:2	errors=3
@@TC DECL-OK	ObjectDecl	ProjectFortress/LibraryBuiltin/FortressBuiltin.fss:378:1-385:2	errors=3
@@TC DECL-OK	ObjectDecl	ProjectFortress/LibraryBuiltin/FortressBuiltin.fss:387:1-457:2	errors=31
@@TC DECL-OK	ObjectDecl	ProjectFortress/LibraryBuiltin/FortressBuiltin.fss:459:1-468:2	errors=5
@@TC DECL-OK	ObjectDecl	ProjectFortress/LibraryBuiltin/FortressBuiltin.fss:470:1-535:2	errors=7
@@TC DECL-OK	ObjectDecl	ProjectFortress/LibraryBuiltin/FortressBuiltin.fss:537:1-544:2	errors=3
@@TC DECL-OK	ObjectDecl	ProjectFortress/LibraryBuiltin/FortressBuiltin.fss:547:1-579:2	errors=1
@@TC DECL-OK	FnDecl	ProjectFortress/LibraryBuiltin/FortressBuiltin.fss:581:1-60	errors=0
@@TC DECL-CRASH	ObjectDecl	ProjectFortress/LibraryBuiltin/FortressBuiltin.fss:583:1-695:2	java.lang.RuntimeException	com.sun.fortress.scala_src.types.TypeAnalyzer.$anonfun$typeCons$1(TypeAnalyzer.scala:723)	Not in the trait table: FortressBuiltin.Character FortressBuiltin.Character @ Compiler internal generated.:0:0
@@TC DECL-OK	ObjectDecl	ProjectFortress/LibraryBuiltin/FortressBuiltin.fss:697:1-706:2	errors=4
@@TC DECL-OK	FnDecl	ProjectFortress/LibraryBuiltin/FortressBuiltin.fss:708:1-85	errors=1
@@SC STAGE	component FortressBuiltin	typecheck	errors=192
@@SC STAGE	component FortressBuiltin	wellformed2	errors=0
@@SC STAGE	component FortressBuiltin	overloading	errors=0
@@SC STAGE	component FortressBuiltin	export	errors=1
@@TC COMPONENT	FortressBuiltin	errors=386
@@TC COMPONENTS-NOT-SUCCESSFUL	386 errors kept
### rc=0
exit=0
ELAPSED 50 s
# end 2026-09-27T10:19:55Z
