########## Distance -order full -setting compile Library/RangeInternals.fss
# jvm flags: -Dprobe.tolerant=true -Dprobe.skipOverloads=true -Dprobe.bottomCompare=true -Dfortress.analyzer.overload.cache=false
# machine: nproc=4; model name: Intel(R) Xeon(R) Processor @ 2.10GHz; cpu MHz: 2100.000
# load average at start: 16.05 14.80 13.72; JDK: openjdk version "25.0.4" 2026-07-21; FORTRESS_THREADS=1
# disk: 9.6G free of 252G
# start 2026-09-27T10:38:00Z
### order=full phases=[ PREDISAMBIGUATEDESUGAR DISAMBIGUATE GRAMMAR PRETYPECHECKDESUGAR INTEGERLITERALFOLDING TYPECHECK DESUGAR OVERLOADREWRITE CODEGEN ] setting=compile (extendsObject=true compiledExpr=true) prelude=INTERPRETER target=[Library/RangeInternals.fss] overloadCache=false
@@TC API	AnyType	errors=0
@@TC API	Stream	errors=4
@@TC API	FlatString	errors=0
@@TC API	String	errors=0
@@TC API	TypeProxy	errors=0
@@TC API	RangeInternals	errors=304
@@TC API	FortressLibrary	errors=402
@@TC API	FortressBuiltin	errors=4
@@TC APIS-NOT-SUCCESSFUL	714 errors kept
@@TC DECL-OK	VarDecl	Library/RangeInternals.fss:16:1-29:52	errors=0
@@TC DECL-OK	FnDecl	Library/RangeInternals.fss:30:1-37:35	errors=0
@@TC DECL-OK	FnDecl	Library/RangeInternals.fss:38:1-39:55	errors=1
@@TC DECL-OK	FnDecl	Library/RangeInternals.fss:40:1-41:46	errors=0
@@TC DECL-OK	FnDecl	Library/RangeInternals.fss:42:1-43:55	errors=1
@@TC DECL-OK	FnDecl	Library/RangeInternals.fss:44:1-50:11	errors=0
@@TC DECL-OK	FnDecl	Library/RangeInternals.fss:51:1-53:50	errors=0
@@TC DECL-OK	FnDecl	Library/RangeInternals.fss:55:1-57:48	errors=0
@@TC DECL-OK	FnDecl	Library/RangeInternals.fss:60:1-80:6	errors=0
@@TC DECL-OK	FnDecl	Library/RangeInternals.fss:87:1-97:6	errors=5
@@TC DECL-OK	FnDecl	Library/RangeInternals.fss:99:1-102:4	errors=0
@@TC DECL-OK	FnDecl	Library/RangeInternals.fss:104:1-108:4	errors=1
@@TC DECL-OK	FnDecl	Library/RangeInternals.fss:112:1-68	errors=0
@@TC DECL-OK	FnDecl	Library/RangeInternals.fss:114:1-117:4	errors=0
@@TC DECL-OK	FnDecl	Library/RangeInternals.fss:119:1-123:4	errors=1
@@TC DECL-OK	FnDecl	Library/RangeInternals.fss:127:1-140:4	errors=2
@@TC DECL-OK	TraitDecl	Library/RangeInternals.fss:146:1-164:2	errors=3
@@TC DECL-OK	FnDecl	Library/RangeInternals.fss:166:1-168:75	errors=0
@@TC DECL-OK	TraitDecl	Library/RangeInternals.fss:170:1-211:2	errors=5
@@TC DECL-OK	TraitDecl	Library/RangeInternals.fss:213:1-224:2	errors=2
@@TC DECL-OK	FnDecl	Library/RangeInternals.fss:226:1-228:75	errors=0
@@TC DECL-OK	TraitDecl	Library/RangeInternals.fss:230:1-280:2	errors=5
@@TC DECL-OK	TraitDecl	Library/RangeInternals.fss:282:1-299:2	errors=2
@@TC DECL-OK	TraitDecl	Library/RangeInternals.fss:301:1-303:2	errors=0
@@TC DECL-OK	ObjectDecl	Library/RangeInternals.fss:305:1-330:2	errors=7
@@TC DECL-OK	FnDecl	Library/RangeInternals.fss:332:1-334:43	errors=0
@@TC DECL-OK	ObjectDecl	Library/RangeInternals.fss:336:1-347:2	errors=3
@@TC DECL-OK	FnDecl	Library/RangeInternals.fss:349:1-351:55	errors=0
@@TC DECL-OK	ObjectDecl	Library/RangeInternals.fss:353:1-366:2	errors=4
@@TC DECL-OK	FnDecl	Library/RangeInternals.fss:368:1-82	errors=1
@@TC DECL-OK	TraitDecl	Library/RangeInternals.fss:370:1-372:2	errors=0
@@TC DECL-OK	ObjectDecl	Library/RangeInternals.fss:377:1-456:2	errors=42
@@TC DECL-OK	FnDecl	Library/RangeInternals.fss:458:1-459:89	errors=1
@@TC DECL-OK	FnDecl	Library/RangeInternals.fss:461:1-463:57	errors=0
@@TC DECL-OK	ObjectDecl	Library/RangeInternals.fss:465:1-483:2	errors=3
@@TC DECL-OK	FnDecl	Library/RangeInternals.fss:485:1-487:75	errors=0
@@TC DECL-OK	ObjectDecl	Library/RangeInternals.fss:489:1-507:2	errors=4
@@TC DECL-OK	TraitDecl	Library/RangeInternals.fss:509:1-551:2	errors=30
@@TC DECL-OK	TraitDecl	Library/RangeInternals.fss:553:1-561:2	errors=1
@@TC DECL-OK	ObjectDecl	Library/RangeInternals.fss:563:1-605:2	errors=11
@@TC DECL-OK	FnDecl	Library/RangeInternals.fss:607:1-115	errors=1
@@TC DECL-OK	FnDecl	Library/RangeInternals.fss:609:1-610:49	errors=0
@@TC DECL-OK	FnDecl	Library/RangeInternals.fss:612:1-614:67	errors=0
@@TC DECL-OK	ObjectDecl	Library/RangeInternals.fss:616:1-639:2	errors=2
@@TC DECL-OK	FnDecl	Library/RangeInternals.fss:641:1-643:91	errors=0
@@TC DECL-OK	ObjectDecl	Library/RangeInternals.fss:645:1-669:2	errors=4
@@TC DECL-OK	TraitDecl	Library/RangeInternals.fss:671:1-679:2	errors=1
@@TC DECL-OK	ObjectDecl	Library/RangeInternals.fss:681:1-724:2	errors=22
@@TC DECL-OK	FnDecl	Library/RangeInternals.fss:726:1-727:45	errors=1
@@TC DECL-OK	FnDecl	Library/RangeInternals.fss:729:1-730:50	errors=0
@@TC DECL-OK	FnDecl	Library/RangeInternals.fss:732:1-734:70	errors=0
@@TC DECL-OK	ObjectDecl	Library/RangeInternals.fss:736:1-759:2	errors=2
@@TC DECL-OK	FnDecl	Library/RangeInternals.fss:761:1-763:95	errors=0
@@TC DECL-OK	ObjectDecl	Library/RangeInternals.fss:765:1-789:2	errors=4
@@TC DECL-OK	TraitDecl	Library/RangeInternals.fss:791:1-894:2	errors=21
@@TC DECL-OK	TraitDecl	Library/RangeInternals.fss:896:1-931:2	errors=3
@@TC DECL-OK	FnDecl	Library/RangeInternals.fss:933:1-67	errors=0
@@TC DECL-OK	TraitDecl	Library/RangeInternals.fss:936:1-982:2	errors=5
@@TC DECL-OK	TraitDecl	Library/RangeInternals.fss:984:1-1011:2	errors=7
@@TC DECL-OK	ObjectDecl	Library/RangeInternals.fss:1013:1-1057:2	errors=2
@@TC DECL-OK	ObjectDecl	Library/RangeInternals.fss:1059:1-1084:2	errors=2
@@TC DECL-OK	FnDecl	Library/RangeInternals.fss:1086:1-1088:80	errors=0
@@TC DECL-OK	ObjectDecl	Library/RangeInternals.fss:1090:1-1117:2	errors=4
@@TC DECL-OK	FnDecl	Library/RangeInternals.fss:1119:1-1121:107	errors=0
@@TC DECL-OK	ObjectDecl	Library/RangeInternals.fss:1123:1-1153:2	errors=4
@@TC DECL-OK	TraitDecl	Library/RangeInternals.fss:1155:1-1181:2	errors=10
@@TC DECL-OK	ObjectDecl	Library/RangeInternals.fss:1183:1-1282:2	errors=8
@@TC DECL-OK	ObjectDecl	Library/RangeInternals.fss:1284:1-1325:2	errors=5
@@TC DECL-OK	FnDecl	Library/RangeInternals.fss:1328:1-1331:48	errors=0
@@TC DECL-OK	ObjectDecl	Library/RangeInternals.fss:1333:1-1361:2	errors=9
@@TC DECL-OK	FnDecl	Library/RangeInternals.fss:1363:1-1366:58	errors=0
@@TC DECL-OK	ObjectDecl	Library/RangeInternals.fss:1368:1-1392:4	errors=5
@@TC DECL-OK	FnDecl	Library/RangeInternals.fss:1395:1-1397:59	errors=1
@@TC DECL-OK	FnDecl	Library/RangeInternals.fss:1399:1-1400:70	errors=0
@@TC DECL-OK	FnDecl	Library/RangeInternals.fss:1402:1-1408:6	errors=1
@@TC DECL-OK	FnDecl	Library/RangeInternals.fss:1410:1-1416:6	errors=1
@@TC DECL-OK	FnDecl	Library/RangeInternals.fss:1418:1-1421:53	errors=1
@@TC DECL-OK	FnDecl	Library/RangeInternals.fss:1422:1-1423:46	errors=1
@@TC DECL-OK	FnDecl	Library/RangeInternals.fss:1424:1-1426:54	errors=2
@@TC DECL-OK	FnDecl	Library/RangeInternals.fss:1427:1-1432:54	errors=3
@@TC DECL-OK	FnDecl	Library/RangeInternals.fss:1433:1-125	errors=0
@@TC DECL-OK	FnDecl	Library/RangeInternals.fss:1434:1-1436:44	errors=0
@@TC DECL-OK	FnDecl	Library/RangeInternals.fss:1437:1-1439:54	errors=0
@@TC DECL-OK	FnDecl	Library/RangeInternals.fss:1441:1-87	errors=1
@@TC DECL-OK	FnDecl	Library/RangeInternals.fss:1442:1-1443:52	errors=1
@@TC DECL-OK	FnDecl	Library/RangeInternals.fss:1444:1-1446:38	errors=1
@@TC DECL-OK	FnDecl	Library/RangeInternals.fss:1448:1-1454:6	errors=2
@@TC DECL-OK	FnDecl	Library/RangeInternals.fss:1455:1-1463:6	errors=2
@@TC DECL-OK	FnDecl	Library/RangeInternals.fss:1464:1-1473:6	errors=2
@@TC DECL-OK	FnDecl	Library/RangeInternals.fss:1475:1-90	errors=1
@@TC DECL-OK	FnDecl	Library/RangeInternals.fss:1476:1-1477:54	errors=1
@@TC DECL-OK	FnDecl	Library/RangeInternals.fss:1478:1-1480:39	errors=1
@@TC DECL-OK	FnDecl	Library/RangeInternals.fss:1482:1-1483:50	errors=1
@@TC DECL-OK	FnDecl	Library/RangeInternals.fss:1484:1-1485:46	errors=1
@@TC DECL-OK	FnDecl	Library/RangeInternals.fss:1486:1-1487:85	errors=1
@@TC DECL-OK	FnDecl	Library/RangeInternals.fss:1489:1-85	errors=0
@@TC DECL-OK	FnDecl	Library/RangeInternals.fss:1490:1-1491:48	errors=0
@@TC DECL-OK	FnDecl	Library/RangeInternals.fss:1492:1-1494:32	errors=0
@@TC COMPONENT	RangeInternals	errors=1274
@@TC COMPONENTS-NOT-SUCCESSFUL	1274 errors kept
@@DS WHOLE-FAIL	case	edu.rice.cs.plt.tuple.OptionUnwrapException	null
@@DS FAIL	case	Library/RangeInternals.fss:377:1-456:2	edu.rice.cs.plt.tuple.OptionUnwrapException	edu.rice.cs.plt.tuple.Null.unwrap(Null.java:58)	null
@@DS PERDECL	case	decls=98	failed=1
@@CG OVLSKIP	RangeInternals	sets=10
@@CG OVLSKIP	RangeInternals	sets=2
@@CG PREFAIL	ObjectDecl OpenScalarRange	Library/RangeInternals.fss:305:1-330:2	edu.rice.cs.plt.tuple.OptionUnwrapException	edu.rice.cs.plt.tuple.Null.unwrap:58	null
@@CG OVLSKIP	RangeInternals	sets=0
@@CG PREFAIL	ObjectDecl OpenRange2D	Library/RangeInternals.fss:336:1-347:2	com.sun.fortress.exceptions.CompilerError	com.sun.fortress.compiler.codegen.CodeGen.sayWhat:1567	 Library/RangeInternals.fss:343:34-71:     Can't compile Juxt at Library/RangeInternals.fss:343.34
@@CG OVLSKIP	RangeInternals	sets=0
@@CG PREFAIL	ObjectDecl OpenRange3D	Library/RangeInternals.fss:353:1-366:2	com.sun.fortress.exceptions.CompilerError	com.sun.fortress.compiler.codegen.CodeGen.sayWhat:1567	 Library/RangeInternals.fss:362:36-80:     Can't compile Juxt at Library/RangeInternals.fss:362.36
@@CG OVLSKIP	RangeInternals	sets=1
@@CG PREFAIL	ObjectDecl ExtentScalarRange	Library/RangeInternals.fss:377:1-456:2	com.sun.fortress.exceptions.CompilerError	com.sun.fortress.compiler.codegen.CodeGen.sayWhat:1567	 Library/RangeInternals.fss:380:34-49:     Can't compile Juxt at Library/RangeInternals.fss:380.34
@@CG OVLSKIP	RangeInternals	sets=0
@@CG PREFAIL	ObjectDecl ExtentRange2D	Library/RangeInternals.fss:465:1-483:2	com.sun.fortress.exceptions.CompilerError	com.sun.fortress.compiler.codegen.CodeGen.sayWhat:1567	 Library/RangeInternals.fss:471:38-67:     Can't compile Juxt at Library/RangeInternals.fss:471.38
@@CG OVLSKIP	RangeInternals	sets=0
@@CG PREFAIL	ObjectDecl ExtentRange3D	Library/RangeInternals.fss:489:1-507:2	com.sun.fortress.exceptions.CompilerError	com.sun.fortress.compiler.codegen.CodeGen.sayWhat:1567	 Library/RangeInternals.fss:495:40-80:     Can't compile Juxt at Library/RangeInternals.fss:495.40
@@CG OVLSKIP	RangeInternals	sets=3
@@CG PREFAIL	ObjectDecl LeftScalarRange	Library/RangeInternals.fss:563:1-605:2	com.sun.fortress.exceptions.CompilerError	com.sun.fortress.compiler.codegen.CodeGen.sayWhat:1579	 Library/RangeInternals.fss:571:9-23:     Variable being bound lacks type information! node = LocalVarDecl at Library/RangeInternals.fss:571.9
@@CG OVLSKIP	RangeInternals	sets=0
@@CG PREFAIL	ObjectDecl LeftRange2D	Library/RangeInternals.fss:616:1-639:2	com.sun.fortress.exceptions.CompilerError	com.sun.fortress.compiler.codegen.CodeGen.sayWhat:1567	 Library/RangeInternals.fss:626:35-81:     Can't compile Juxt at Library/RangeInternals.fss:626.35
@@CG OVLSKIP	RangeInternals	sets=0
@@CG PREFAIL	ObjectDecl LeftRange3D	Library/RangeInternals.fss:645:1-669:2	com.sun.fortress.exceptions.CompilerError	com.sun.fortress.compiler.codegen.CodeGen.sayWhat:1567	 Library/RangeInternals.fss:656:37-94:     Can't compile Juxt at Library/RangeInternals.fss:656.37
@@CG OVLSKIP	RangeInternals	sets=2
@@CG PREFAIL	ObjectDecl RightScalarRange	Library/RangeInternals.fss:681:1-724:2	com.sun.fortress.exceptions.CompilerError	com.sun.fortress.compiler.codegen.CodeGen.sayWhat:1579	 Library/RangeInternals.fss:689:9-23:     Variable being bound lacks type information! node = LocalVarDecl at Library/RangeInternals.fss:689.9
@@CG OVLSKIP	RangeInternals	sets=0
@@CG PREFAIL	ObjectDecl RightRange2D	Library/RangeInternals.fss:736:1-759:2	com.sun.fortress.exceptions.CompilerError	com.sun.fortress.compiler.codegen.CodeGen.sayWhat:1567	 Library/RangeInternals.fss:746:34-79:     Can't compile Juxt at Library/RangeInternals.fss:746.34
@@CG OVLSKIP	RangeInternals	sets=0
@@CG PREFAIL	ObjectDecl RightRange3D	Library/RangeInternals.fss:765:1-789:2	com.sun.fortress.exceptions.CompilerError	com.sun.fortress.compiler.codegen.CodeGen.sayWhat:1567	 Library/RangeInternals.fss:776:36-92:     Can't compile Juxt at Library/RangeInternals.fss:776.36
@@CG OVLSKIP	RangeInternals	sets=0
@@CG PREFAIL	ObjectDecl CompactFullParScalarRange	Library/RangeInternals.fss:1013:1-1057:2	com.sun.fortress.exceptions.CompilerError	com.sun.fortress.compiler.codegen.CodeGen.sayWhat:1567	 Library/RangeInternals.fss:1025:13-1035:9:     Can't compile LetFn at Library/RangeInternals.fss:1025.13
@@CG OVLSKIP	RangeInternals	sets=0
@@CG PREFAIL	ObjectDecl CompactFullSeqScalarRange	Library/RangeInternals.fss:1059:1-1084:2	com.sun.fortress.exceptions.CompilerError	com.sun.fortress.compiler.codegen.CodeGen.sayWhat:1567	 Library/RangeInternals.fss:1066:49-81:     Can't compile AsIfExpr at Library/RangeInternals.fss:1066.49
@@CG OVLSKIP	RangeInternals	sets=1
@@CG PREFAIL	ObjectDecl CompactFullRange2D	Library/RangeInternals.fss:1090:1-1117:2	com.sun.fortress.exceptions.CompilerError	com.sun.fortress.compiler.codegen.CodeGen.sayWhat:1567	 Library/RangeInternals.fss:1096:9-53:     Can't compile Juxt at Library/RangeInternals.fss:1096.9
@@CG OVLSKIP	RangeInternals	sets=2
@@CG PREFAIL	ObjectDecl CompactFullRange3D	Library/RangeInternals.fss:1123:1-1153:2	com.sun.fortress.exceptions.CompilerError	com.sun.fortress.compiler.codegen.CodeGen.sayWhat:1567	 Library/RangeInternals.fss:1129:9-55:     Can't compile Juxt at Library/RangeInternals.fss:1129.9
@@CG OVLSKIP	RangeInternals	sets=0
@@CG PREFAIL	ObjectDecl StridedFullParScalarRange	Library/RangeInternals.fss:1183:1-1282:2	edu.rice.cs.plt.tuple.OptionUnwrapException	edu.rice.cs.plt.tuple.Null.unwrap:58	null
@@CG OVLSKIP	RangeInternals	sets=0
@@CG PREFAIL	ObjectDecl StridedFullSeqScalarRange	Library/RangeInternals.fss:1284:1-1325:2	com.sun.fortress.exceptions.CompilerError	com.sun.fortress.compiler.codegen.CodeGen.sayWhat:1567	 Library/RangeInternals.fss:1290:49-82:     Can't compile Juxt at Library/RangeInternals.fss:1290.49
@@CG OVLSKIP	RangeInternals	sets=1
@@CG PREFAIL	ObjectDecl StridedFullRange2D	Library/RangeInternals.fss:1333:1-1361:2	com.sun.fortress.exceptions.CompilerError	com.sun.fortress.compiler.codegen.CodeGen.sayWhat:1567	 Library/RangeInternals.fss:1337:9-77:     Can't compile Juxt at Library/RangeInternals.fss:1337.9
@@CG OVLSKIP	RangeInternals	sets=2
@@CG PREFAIL	ObjectDecl StridedFullRange3D	Library/RangeInternals.fss:1368:1-1392:4	com.sun.fortress.exceptions.CompilerError	com.sun.fortress.compiler.codegen.CodeGen.sayWhat:1567	 Library/RangeInternals.fss:1372:9-1373:72:     Can't compile Juxt at Library/RangeInternals.fss:1372.9
@@CG OK	VarDecl [private printLimit:IntLiteral]	Library/RangeInternals.fss:16:1-29:52
@@CG OK	FnDecl roundToStride	Library/RangeInternals.fss:30:1-37:35
@@CG FAIL	FnDecl atOrAboveGoingUp	Library/RangeInternals.fss:38:1-39:55	edu.rice.cs.plt.tuple.OptionUnwrapException	edu.rice.cs.plt.tuple.Null.unwrap:58	null
@@CG OK	FnDecl atOrBelowGoingUp	Library/RangeInternals.fss:40:1-41:46
@@CG FAIL	FnDecl atOrBelowGoingDown	Library/RangeInternals.fss:42:1-43:55	edu.rice.cs.plt.tuple.OptionUnwrapException	edu.rice.cs.plt.tuple.Null.unwrap:58	null
@@CG OK	FnDecl atOrAboveGoingDown	Library/RangeInternals.fss:44:1-50:11
@@CG OK	FnDecl atOrBelow	Library/RangeInternals.fss:51:1-53:50
@@CG OK	FnDecl atOrAbove	Library/RangeInternals.fss:55:1-57:48
@@CG OK	FnDecl meetingPoint	Library/RangeInternals.fss:60:1-80:6
@@CG FAIL	FnDecl SCMP	Library/RangeInternals.fss:87:1-97:6	edu.rice.cs.plt.tuple.OptionUnwrapException	edu.rice.cs.plt.tuple.Null.unwrap:58	null
@@CG OK	FnDecl SCMP	Library/RangeInternals.fss:99:1-102:4
@@CG FAIL	FnDecl SCMP	Library/RangeInternals.fss:104:1-108:4	com.sun.fortress.exceptions.CompilerError	com.sun.fortress.compiler.codegen.CodeGen.sayWhat:1579	 Library/RangeInternals.fss:106:5-18:     Variable being bound lacks type information! node = LocalVarDecl at Library/RangeInternals.fss:106.5
@@CG OK	FnDecl PCMP	Library/RangeInternals.fss:112:1-68
@@CG OK	FnDecl PCMP	Library/RangeInternals.fss:114:1-117:4
@@CG FAIL	FnDecl PCMP	Library/RangeInternals.fss:119:1-123:4	com.sun.fortress.exceptions.CompilerError	com.sun.fortress.compiler.codegen.CodeGen.sayWhat:1579	 Library/RangeInternals.fss:121:5-18:     Variable being bound lacks type information! node = LocalVarDecl at Library/RangeInternals.fss:121.5
@@CG FAIL	FnDecl checkSelection	Library/RangeInternals.fss:127:1-140:4	com.sun.fortress.exceptions.CompilerError	com.sun.fortress.compiler.codegen.CodeGen.sayWhat:1579	 Library/RangeInternals.fss:129:5-23:     Variable being bound lacks type information! node = LocalVarDecl at Library/RangeInternals.fss:129.5
@@CG OVLSKIP	RangeInternals	sets=0
@@CG FAIL	TraitDecl ScalarRange	Library/RangeInternals.fss:146:1-164:2	com.sun.fortress.exceptions.CompilerError	com.sun.fortress.compiler.codegen.CodeGen.sayWhat:1579	 Library/RangeInternals.fss:148:9-50:     Variable being bound lacks type information! node = LocalVarDecl at Library/RangeInternals.fss:148.9
@@CG OK	FnDecl combine2D	Library/RangeInternals.fss:166:1-168:75
@@CG OVLSKIP	RangeInternals	sets=2
@@CG FAIL	TraitDecl Range2D	Library/RangeInternals.fss:170:1-211:2	com.sun.fortress.exceptions.CompilerError	com.sun.fortress.compiler.codegen.CodeGen.sayWhat:1567	 Library/RangeInternals.fss:178:9-66:     Can't compile Juxt at Library/RangeInternals.fss:178.9
@@CG OVLSKIP	RangeInternals	sets=0
@@CG FAIL	TraitDecl ActualRange2D	Library/RangeInternals.fss:213:1-224:2	com.sun.fortress.exceptions.CompilerError	com.sun.fortress.compiler.codegen.CodeGen.sayWhat:1579	 Library/RangeInternals.fss:220:23-69:     Missing type information for TupleExpr at Library/RangeInternals.fss:220.23 node = TupleExpr at Library/RangeInternals.fss:220.23
@@CG OK	FnDecl combine3D	Library/RangeInternals.fss:226:1-228:75
@@CG OVLSKIP	RangeInternals	sets=2
@@CG FAIL	TraitDecl Range3D	Library/RangeInternals.fss:230:1-280:2	com.sun.fortress.exceptions.CompilerError	com.sun.fortress.compiler.codegen.CodeGen.sayWhat:1567	 Library/RangeInternals.fss:241:9-91:     Can't compile Juxt at Library/RangeInternals.fss:241.9
@@CG OVLSKIP	RangeInternals	sets=0
@@CG FAIL	TraitDecl ActualRange3D	Library/RangeInternals.fss:282:1-299:2	com.sun.fortress.exceptions.CompilerError	com.sun.fortress.compiler.codegen.CodeGen.sayWhat:1579	 Library/RangeInternals.fss:291:23-293:45:     Missing type information for TupleExpr at Library/RangeInternals.fss:291.23 node = TupleExpr at Library/RangeInternals.fss:291.23
@@CG OVLSKIP	RangeInternals	sets=0
@@CG OK	TraitDecl PartialScalarRange	Library/RangeInternals.fss:301:1-303:2
@@CG OK	ObjectDecl OpenScalarRange	Library/RangeInternals.fss:305:1-330:2
@@CG OK	FnDecl combine2D	Library/RangeInternals.fss:332:1-334:43
@@CG OK	ObjectDecl OpenRange2D	Library/RangeInternals.fss:336:1-347:2
@@CG OK	FnDecl combine3D	Library/RangeInternals.fss:349:1-351:55
@@CG OK	ObjectDecl OpenRange3D	Library/RangeInternals.fss:353:1-366:2
@@CG FAIL	FnDecl open	Library/RangeInternals.fss:368:1-82	com.sun.fortress.exceptions.CompilerError	com.sun.fortress.compiler.codegen.CodeGen.sayWhat:1567	 Library/RangeInternals.fss:368:59-80:     Can't compile Juxt at Library/RangeInternals.fss:368.59
@@CG OVLSKIP	RangeInternals	sets=0
@@CG OK	TraitDecl ScalarRangeWithExtent	Library/RangeInternals.fss:370:1-372:2
@@CG OK	ObjectDecl ExtentScalarRange	Library/RangeInternals.fss:377:1-456:2
@@CG FAIL	FnDecl extentScalarRange	Library/RangeInternals.fss:458:1-459:89	edu.rice.cs.plt.tuple.OptionUnwrapException	edu.rice.cs.plt.tuple.Null.unwrap:58	null
@@CG OK	FnDecl combine2D	Library/RangeInternals.fss:461:1-463:57
@@CG OK	ObjectDecl ExtentRange2D	Library/RangeInternals.fss:465:1-483:2
@@CG OK	FnDecl combine3D	Library/RangeInternals.fss:485:1-487:75
@@CG OK	ObjectDecl ExtentRange3D	Library/RangeInternals.fss:489:1-507:2
@@CG OVLSKIP	RangeInternals	sets=1
@@CG FAIL	TraitDecl BoundedScalarRange	Library/RangeInternals.fss:509:1-551:2	edu.rice.cs.plt.tuple.OptionUnwrapException	edu.rice.cs.plt.tuple.Null.unwrap:58	null
@@CG OVLSKIP	RangeInternals	sets=0
@@CG FAIL	TraitDecl ScalarRangeWithLeft	Library/RangeInternals.fss:553:1-561:2	edu.rice.cs.plt.tuple.OptionUnwrapException	edu.rice.cs.plt.tuple.Null.unwrap:58	null
@@CG OK	ObjectDecl LeftScalarRange	Library/RangeInternals.fss:563:1-605:2
@@CG FAIL	FnDecl leftScalarRange	Library/RangeInternals.fss:607:1-115	com.sun.fortress.exceptions.CompilerError	com.sun.fortress.compiler.codegen.CodeGen.sayWhat:1579	 Library/RangeInternals.fss:607:80-113:     Missing type information for MethodInvocation at Library/RangeInternals.fss:607.80 node = MethodInvocation at Library/RangeInternals.fss:607.80
@@CG OK	FnDecl leftScalarRangeInter	Library/RangeInternals.fss:609:1-610:49
@@CG OK	FnDecl combine2D	Library/RangeInternals.fss:612:1-614:67
@@CG OK	ObjectDecl LeftRange2D	Library/RangeInternals.fss:616:1-639:2
@@CG OK	FnDecl combine3D	Library/RangeInternals.fss:641:1-643:91
@@CG OK	ObjectDecl LeftRange3D	Library/RangeInternals.fss:645:1-669:2
@@CG OVLSKIP	RangeInternals	sets=0
@@CG FAIL	TraitDecl ScalarRangeWithRight	Library/RangeInternals.fss:671:1-679:2	edu.rice.cs.plt.tuple.OptionUnwrapException	edu.rice.cs.plt.tuple.Null.unwrap:58	null
@@CG OK	ObjectDecl RightScalarRange	Library/RangeInternals.fss:681:1-724:2
@@CG FAIL	FnDecl rightScalarRange	Library/RangeInternals.fss:726:1-727:45	com.sun.fortress.exceptions.CompilerError	com.sun.fortress.compiler.codegen.CodeGen.sayWhat:1579	 Library/RangeInternals.fss:727:9-43:     Missing type information for MethodInvocation at Library/RangeInternals.fss:727.9 node = MethodInvocation at Library/RangeInternals.fss:727.9
@@CG OK	FnDecl rightScalarRangeInter	Library/RangeInternals.fss:729:1-730:50
@@CG OK	FnDecl combine2D	Library/RangeInternals.fss:732:1-734:70
@@CG OK	ObjectDecl RightRange2D	Library/RangeInternals.fss:736:1-759:2
@@CG OK	FnDecl combine3D	Library/RangeInternals.fss:761:1-763:95
@@CG OK	ObjectDecl RightRange3D	Library/RangeInternals.fss:765:1-789:2
@@CG OVLSKIP	RangeInternals	sets=2
@@CG FAIL	TraitDecl FullScalarRange	Library/RangeInternals.fss:791:1-894:2	com.sun.fortress.exceptions.CompilerError	com.sun.fortress.compiler.codegen.CodeGen.sayWhat:1567	 Library/RangeInternals.fss:794:34-52:     Can't compile Juxt at Library/RangeInternals.fss:794.34
@@CG OVLSKIP	RangeInternals	sets=1
@@CG FAIL	TraitDecl FullRange2D	Library/RangeInternals.fss:896:1-931:2	com.sun.fortress.exceptions.CompilerError	com.sun.fortress.compiler.codegen.CodeGen.sayWhat:1567	 Library/RangeInternals.fss:899:38-81:     Can't compile Juxt at Library/RangeInternals.fss:899.38
@@CG OK	FnDecl tupleFlatten	Library/RangeInternals.fss:933:1-67
@@CG OVLSKIP	RangeInternals	sets=2
@@CG FAIL	TraitDecl FullRange3D	Library/RangeInternals.fss:936:1-982:2	com.sun.fortress.exceptions.CompilerError	com.sun.fortress.compiler.codegen.CodeGen.sayWhat:1567	 Library/RangeInternals.fss:941:9-70:     Can't compile Juxt at Library/RangeInternals.fss:941.9
@@CG OVLSKIP	RangeInternals	sets=1
@@CG FAIL	TraitDecl CompactFullScalarRange	Library/RangeInternals.fss:984:1-1011:2	com.sun.fortress.exceptions.CompilerError	com.sun.fortress.compiler.codegen.CodeGen.sayWhat:1579	 Library/RangeInternals.fss:987:9-22:     Variable being bound lacks type information! node = LocalVarDecl at Library/RangeInternals.fss:987.9
@@CG OK	ObjectDecl CompactFullParScalarRange	Library/RangeInternals.fss:1013:1-1057:2
@@CG OK	ObjectDecl CompactFullSeqScalarRange	Library/RangeInternals.fss:1059:1-1084:2
@@CG OK	FnDecl combine2D	Library/RangeInternals.fss:1086:1-1088:80
@@CG OK	ObjectDecl CompactFullRange2D	Library/RangeInternals.fss:1090:1-1117:2
@@CG OK	FnDecl combine3D	Library/RangeInternals.fss:1119:1-1121:107
@@CG OK	ObjectDecl CompactFullRange3D	Library/RangeInternals.fss:1123:1-1153:2
@@CG OVLSKIP	RangeInternals	sets=1
@@CG FAIL	TraitDecl StridedFullScalarRange	Library/RangeInternals.fss:1155:1-1181:2	com.sun.fortress.exceptions.CompilerError	com.sun.fortress.compiler.codegen.CodeGen.sayWhat:1579	 Library/RangeInternals.fss:1158:9-72:     Variable being bound lacks type information! node = LocalVarDecl at Library/RangeInternals.fss:1158.9
@@CG OK	ObjectDecl StridedFullParScalarRange	Library/RangeInternals.fss:1183:1-1282:2
@@CG OK	ObjectDecl StridedFullSeqScalarRange	Library/RangeInternals.fss:1284:1-1325:2
@@CG OK	FnDecl combine2D	Library/RangeInternals.fss:1328:1-1331:48
@@CG OK	ObjectDecl StridedFullRange2D	Library/RangeInternals.fss:1333:1-1361:2
@@CG OK	FnDecl combine3D	Library/RangeInternals.fss:1363:1-1366:58
@@CG OK	ObjectDecl StridedFullRange3D	Library/RangeInternals.fss:1368:1-1392:4
@@CG FAIL	FnDecl fullScalarRange	Library/RangeInternals.fss:1395:1-1397:59	edu.rice.cs.plt.tuple.OptionUnwrapException	edu.rice.cs.plt.tuple.Null.unwrap:58	null
@@CG OK	FnDecl fullScalarRangeInter	Library/RangeInternals.fss:1399:1-1400:70
@@CG FAIL	FnDecl fullRange2D	Library/RangeInternals.fss:1402:1-1408:6	edu.rice.cs.plt.tuple.OptionUnwrapException	edu.rice.cs.plt.tuple.Null.unwrap:58	null
@@CG FAIL	FnDecl fullRange3D	Library/RangeInternals.fss:1410:1-1416:6	com.sun.fortress.exceptions.CompilerError	com.sun.fortress.compiler.codegen.CodeGen.sayWhat:1567	 Library/RangeInternals.fss:1412:20-14:     Can't compile AmbiguousMultifixOpExpr at Library/RangeInternals.fss:1412.20
@@CG FAIL	FnDecl emptyScalarRange	Library/RangeInternals.fss:1418:1-1421:53	com.sun.fortress.exceptions.CompilerError	com.sun.fortress.compiler.codegen.CodeGen.sayWhat:1567	 Library/RangeInternals.fss:1418:50-84:     Can't compile Juxt at Library/RangeInternals.fss:1418.50
@@CG FAIL	FnDecl sized1Range	Library/RangeInternals.fss:1422:1-1423:46	com.sun.fortress.exceptions.CompilerError	com.sun.fortress.compiler.codegen.CodeGen.sayWhat:1567	 Library/RangeInternals.fss:1423:5-45:     Can't compile Juxt at Library/RangeInternals.fss:1423.5
@@CG FAIL	FnDecl sized2Range	Library/RangeInternals.fss:1424:1-1426:54	com.sun.fortress.exceptions.CompilerError	com.sun.fortress.compiler.codegen.CodeGen.sayWhat:1567	 Library/RangeInternals.fss:1426:5-53:     Can't compile Juxt at Library/RangeInternals.fss:1426.5
@@CG FAIL	FnDecl sized3Range	Library/RangeInternals.fss:1427:1-1432:54	com.sun.fortress.exceptions.CompilerError	com.sun.fortress.compiler.codegen.CodeGen.sayWhat:1567	 Library/RangeInternals.fss:1429:5-67:     Can't compile Juxt at Library/RangeInternals.fss:1429.5
@@CG OK	FnDecl bounded1Range	Library/RangeInternals.fss:1433:1-125
@@CG OK	FnDecl bounded2Range	Library/RangeInternals.fss:1434:1-1436:44
@@CG OK	FnDecl bounded3Range	Library/RangeInternals.fss:1437:1-1439:54
@@CG FAIL	FnDecl left1Range	Library/RangeInternals.fss:1441:1-87	com.sun.fortress.exceptions.CompilerError	com.sun.fortress.compiler.codegen.CodeGen.sayWhat:1567	 Library/RangeInternals.fss:1441:63-86:     Can't compile Juxt at Library/RangeInternals.fss:1441.63
@@CG FAIL	FnDecl left2Range	Library/RangeInternals.fss:1442:1-1443:52	com.sun.fortress.exceptions.CompilerError	com.sun.fortress.compiler.codegen.CodeGen.sayWhat:1567	 Library/RangeInternals.fss:1443:26-51:     Can't compile Juxt at Library/RangeInternals.fss:1443.26
@@CG FAIL	FnDecl left3Range	Library/RangeInternals.fss:1444:1-1446:38	com.sun.fortress.exceptions.CompilerError	com.sun.fortress.compiler.codegen.CodeGen.sayWhat:1567	 Library/RangeInternals.fss:1446:5-36:     Can't compile Juxt at Library/RangeInternals.fss:1446.5
@@CG FAIL	FnDecl extent1Range	Library/RangeInternals.fss:1448:1-1454:6	edu.rice.cs.plt.tuple.OptionUnwrapException	edu.rice.cs.plt.tuple.Null.unwrap:58	null
@@CG FAIL	FnDecl extent2Range	Library/RangeInternals.fss:1455:1-1463:6	edu.rice.cs.plt.tuple.OptionUnwrapException	edu.rice.cs.plt.tuple.Null.unwrap:58	null
@@CG FAIL	FnDecl extent3Range	Library/RangeInternals.fss:1464:1-1473:6	com.sun.fortress.exceptions.CompilerError	com.sun.fortress.compiler.codegen.CodeGen.sayWhat:1567	 Library/RangeInternals.fss:1466:15-10:     Can't compile AmbiguousMultifixOpExpr at Library/RangeInternals.fss:1466.15
@@CG FAIL	FnDecl right1Range	Library/RangeInternals.fss:1475:1-90	com.sun.fortress.exceptions.CompilerError	com.sun.fortress.compiler.codegen.CodeGen.sayWhat:1567	 Library/RangeInternals.fss:1475:65-89:     Can't compile Juxt at Library/RangeInternals.fss:1475.65
@@CG FAIL	FnDecl right2Range	Library/RangeInternals.fss:1476:1-1477:54	com.sun.fortress.exceptions.CompilerError	com.sun.fortress.compiler.codegen.CodeGen.sayWhat:1567	 Library/RangeInternals.fss:1477:27-53:     Can't compile Juxt at Library/RangeInternals.fss:1477.27
@@CG FAIL	FnDecl right3Range	Library/RangeInternals.fss:1478:1-1480:39	com.sun.fortress.exceptions.CompilerError	com.sun.fortress.compiler.codegen.CodeGen.sayWhat:1567	 Library/RangeInternals.fss:1480:5-37:     Can't compile Juxt at Library/RangeInternals.fss:1480.5
@@CG FAIL	FnDecl openRangeHelper	Library/RangeInternals.fss:1482:1-1483:50	com.sun.fortress.exceptions.CompilerError	com.sun.fortress.compiler.codegen.CodeGen.sayWhat:1567	 Library/RangeInternals.fss:1483:28-49:     Can't compile Juxt at Library/RangeInternals.fss:1483.28
@@CG FAIL	FnDecl openRangeHelper	Library/RangeInternals.fss:1484:1-1485:46	com.sun.fortress.exceptions.CompilerError	com.sun.fortress.compiler.codegen.CodeGen.sayWhat:1567	 Library/RangeInternals.fss:1485:26-45:     Can't compile Juxt at Library/RangeInternals.fss:1485.26
@@CG FAIL	FnDecl openRangeHelper	Library/RangeInternals.fss:1486:1-1487:85	com.sun.fortress.exceptions.CompilerError	com.sun.fortress.compiler.codegen.CodeGen.sayWhat:1567	 Library/RangeInternals.fss:1487:58-83:     Can't compile Juxt at Library/RangeInternals.fss:1487.58
@@CG OK	FnDecl open1Range	Library/RangeInternals.fss:1489:1-85
@@CG OK	FnDecl open2Range	Library/RangeInternals.fss:1490:1-1491:48
@@CG OK	FnDecl open3Range	Library/RangeInternals.fss:1492:1-1494:32
@@CG FAIL	_RewriteFnOverloadDecl _RewriteFnOverloadDecl at Library/RangeInternals.fss:1265.33	Library/RangeInternals.fss:1265:33-41	edu.rice.cs.plt.tuple.OptionUnwrapException	edu.rice.cs.plt.tuple.Null.unwrap:58	null
@@CG FAIL	_RewriteFnOverloadDecl _RewriteFnOverloadDecl at Compiler internal generated.:0.0	Compiler internal generated.:0:0	edu.rice.cs.plt.tuple.OptionUnwrapException	edu.rice.cs.plt.tuple.Null.unwrap:58	null
@@CG FAIL	_RewriteFnOverloadDecl _RewriteFnOverloadDecl at Library/RangeInternals.fss:136.9	Library/RangeInternals.fss:136:9-19	edu.rice.cs.plt.tuple.OptionUnwrapException	edu.rice.cs.plt.tuple.Null.unwrap:58	null
@@CG FAIL	_RewriteFnOverloadDecl _RewriteFnOverloadDecl at Library/RangeInternals.fss:1158.15	Library/RangeInternals.fss:1158:15-19	edu.rice.cs.plt.tuple.OptionUnwrapException	edu.rice.cs.plt.tuple.Null.unwrap:58	null
@@CG FAIL	_RewriteFnOverloadDecl _RewriteFnOverloadDecl at Library/RangeInternals.fss:1352.9	Library/RangeInternals.fss:1352:9-22	edu.rice.cs.plt.tuple.OptionUnwrapException	edu.rice.cs.plt.tuple.Null.unwrap:58	null
@@CG FAIL	_RewriteFnOverloadDecl _RewriteFnOverloadDecl at Library/RangeInternals.fss:1391.43	Library/RangeInternals.fss:1391:43-58	edu.rice.cs.plt.tuple.OptionUnwrapException	edu.rice.cs.plt.tuple.Null.unwrap:58	null
@@CG FAIL	_RewriteFnOverloadDecl _RewriteFnOverloadDecl at Library/RangeInternals.fss:1466.12	Library/RangeInternals.fss:1466:12	edu.rice.cs.plt.tuple.OptionUnwrapException	edu.rice.cs.plt.tuple.Null.unwrap:58	null
@@CG FAIL	_RewriteFnOverloadDecl _RewriteFnOverloadDecl at Library/RangeInternals.fss:1412.16	Library/RangeInternals.fss:1412:16-17	edu.rice.cs.plt.tuple.OptionUnwrapException	edu.rice.cs.plt.tuple.Null.unwrap:58	null
@@CG FAIL	_RewriteFnOverloadDecl _RewriteFnOverloadDecl at Library/RangeInternals.fss:107.74	Library/RangeInternals.fss:107:74-76	edu.rice.cs.plt.tuple.OptionUnwrapException	edu.rice.cs.plt.tuple.Null.unwrap:58	null
@@CG FAIL	_RewriteFnOverloadDecl _RewriteFnOverloadDecl at Library/RangeInternals.fss:122.74	Library/RangeInternals.fss:122:74-76	edu.rice.cs.plt.tuple.OptionUnwrapException	edu.rice.cs.plt.tuple.Null.unwrap:58	null
@@CG FAIL	_RewriteFnOverloadDecl _RewriteFnOverloadDecl at Library/RangeInternals.fss:1010.34	Library/RangeInternals.fss:1010:34	edu.rice.cs.plt.tuple.OptionUnwrapException	edu.rice.cs.plt.tuple.Null.unwrap:58	null
@@CG FAIL	_RewriteFnOverloadDecl _RewriteFnOverloadDecl at Library/RangeInternals.fss:1265.59	Library/RangeInternals.fss:1265:59-64	edu.rice.cs.plt.tuple.OptionUnwrapException	edu.rice.cs.plt.tuple.Null.unwrap:58	null
@@CG FAIL	_RewriteFnOverloadDecl _RewriteFnOverloadDecl at Library/RangeInternals.fss:1266.61	Library/RangeInternals.fss:1266:61-67	edu.rice.cs.plt.tuple.OptionUnwrapException	edu.rice.cs.plt.tuple.Null.unwrap:58	null
@@CG FAIL	_RewriteFnOverloadDecl _RewriteFnOverloadDecl at Library/RangeInternals.fss:1379.75	Library/RangeInternals.fss:1379:75-76	edu.rice.cs.plt.tuple.OptionUnwrapException	edu.rice.cs.plt.tuple.Null.unwrap:58	null
@@CG FAIL	_RewriteFnOverloadDecl _RewriteFnOverloadDecl at Library/RangeInternals.fss:526.37	Library/RangeInternals.fss:526:37-38	edu.rice.cs.plt.tuple.OptionUnwrapException	edu.rice.cs.plt.tuple.Null.unwrap:58	null
@@CG FAIL	_RewriteFnOverloadDecl _RewriteFnOverloadDecl at Library/RangeInternals.fss:873.40	Library/RangeInternals.fss:873:40-41	edu.rice.cs.plt.tuple.OptionUnwrapException	edu.rice.cs.plt.tuple.Null.unwrap:58	null
@@CG FAIL	_RewriteFnOverloadDecl _RewriteFnOverloadDecl at Library/RangeInternals.fss:1266.39	Library/RangeInternals.fss:1266:39-43	edu.rice.cs.plt.tuple.OptionUnwrapException	edu.rice.cs.plt.tuple.Null.unwrap:58	null
@@CG FAIL	_RewriteFnOverloadDecl _RewriteFnOverloadDecl at Library/RangeInternals.fss:1265.48	Library/RangeInternals.fss:1265:48-52	edu.rice.cs.plt.tuple.OptionUnwrapException	edu.rice.cs.plt.tuple.Null.unwrap:58	null
@@CG FAIL	_RewriteFnOverloadDecl _RewriteFnOverloadDecl at Library/RangeInternals.fss:1266.47	Library/RangeInternals.fss:1266:47-51	edu.rice.cs.plt.tuple.OptionUnwrapException	edu.rice.cs.plt.tuple.Null.unwrap:58	null
@@CG FAIL	_RewriteFnOverloadDecl _RewriteFnOverloadDecl at Library/RangeInternals.fss:122.51	Library/RangeInternals.fss:122:51-67	edu.rice.cs.plt.tuple.OptionUnwrapException	edu.rice.cs.plt.tuple.Null.unwrap:58	null
@@CG FAIL	_RewriteFnOverloadDecl _RewriteFnOverloadDecl at Library/RangeInternals.fss:675.16	Library/RangeInternals.fss:675:16-17	edu.rice.cs.plt.tuple.OptionUnwrapException	edu.rice.cs.plt.tuple.Null.unwrap:58	null
@@CG FAIL	_RewriteFnOverloadDecl _RewriteFnOverloadDecl at Library/RangeInternals.fss:557.16	Library/RangeInternals.fss:557:16-17	edu.rice.cs.plt.tuple.OptionUnwrapException	edu.rice.cs.plt.tuple.Null.unwrap:58	null
@@CG FAIL	_RewriteFnOverloadDecl _RewriteFnOverloadDecl at Library/RangeInternals.fss:1310.16	Library/RangeInternals.fss:1310:16	edu.rice.cs.plt.tuple.OptionUnwrapException	edu.rice.cs.plt.tuple.Null.unwrap:58	null
@@CG FAIL	_RewriteFnOverloadDecl _RewriteFnOverloadDecl at Library/RangeInternals.fss:1159.16	Library/RangeInternals.fss:1159:16	edu.rice.cs.plt.tuple.OptionUnwrapException	edu.rice.cs.plt.tuple.Null.unwrap:58	null
@@CG FAIL	_RewriteFnOverloadDecl _RewriteFnOverloadDecl at Library/RangeInternals.fss:821.19	Library/RangeInternals.fss:821:19	edu.rice.cs.plt.tuple.OptionUnwrapException	edu.rice.cs.plt.tuple.Null.unwrap:58	null
@@CG FAIL	_RewriteFnOverloadDecl _RewriteFnOverloadDecl at Library/RangeInternals.fss:844.14	Library/RangeInternals.fss:844:14	edu.rice.cs.plt.tuple.OptionUnwrapException	edu.rice.cs.plt.tuple.Null.unwrap:58	null
@@CG FAIL	_RewriteFnOverloadDecl _RewriteFnOverloadDecl at Library/RangeInternals.fss:251.31	Library/RangeInternals.fss:251:31-41	edu.rice.cs.plt.tuple.OptionUnwrapException	edu.rice.cs.plt.tuple.Null.unwrap:58	null
@@CG FAIL	_RewriteFnOverloadDecl _RewriteFnOverloadDecl at Library/RangeInternals.fss:953.77	Library/RangeInternals.fss:953:77	edu.rice.cs.plt.tuple.OptionUnwrapException	edu.rice.cs.plt.tuple.Null.unwrap:58	null
@@CG FAIL	_RewriteFnOverloadDecl _RewriteFnOverloadDecl at Library/RangeInternals.fss:383.9	Library/RangeInternals.fss:383:9-400:10	edu.rice.cs.plt.tuple.OptionUnwrapException	edu.rice.cs.plt.tuple.Null.unwrap:58	null
@@CG FAIL	_RewriteFnOverloadDecl _RewriteFnOverloadDecl at Library/RangeInternals.fss:1429.62	Library/RangeInternals.fss:1429:62	edu.rice.cs.plt.tuple.OptionUnwrapException	edu.rice.cs.plt.tuple.Null.unwrap:58	null
@@CG FAIL	_RewriteFnOverloadDecl _RewriteFnOverloadDecl at Library/RangeInternals.fss:1467.15	Library/RangeInternals.fss:1467:15	edu.rice.cs.plt.tuple.OptionUnwrapException	edu.rice.cs.plt.tuple.Null.unwrap:58	null
@@CG FAIL	_RewriteFnOverloadDecl _RewriteFnOverloadDecl at Library/RangeInternals.fss:1180.24	Library/RangeInternals.fss:1180:24	edu.rice.cs.plt.tuple.OptionUnwrapException	edu.rice.cs.plt.tuple.Null.unwrap:58	null
@@CG FAIL	_RewriteFnOverloadDecl _RewriteFnOverloadDecl at Library/RangeInternals.fss:1487.58	Library/RangeInternals.fss:1487:58-83	edu.rice.cs.plt.tuple.OptionUnwrapException	edu.rice.cs.plt.tuple.Null.unwrap:58	null
@@CG FAIL	_RewriteFnOverloadDecl _RewriteFnOverloadDecl at Library/RangeInternals.fss:941.57	Library/RangeInternals.fss:941:57-69	edu.rice.cs.plt.tuple.OptionUnwrapException	edu.rice.cs.plt.tuple.Null.unwrap:58	null
@@CG FAIL	_RewriteFnOverloadDecl _RewriteFnOverloadDecl at Library/RangeInternals.fss:1466.23	Library/RangeInternals.fss:1466:23	edu.rice.cs.plt.tuple.OptionUnwrapException	edu.rice.cs.plt.tuple.Null.unwrap:58	null
@@CG COMPONENT-OK	RangeInternals
### rc=0
exit=0
ELAPSED 316 s
# end 2026-09-27T10:43:16Z
