########## DistanceMulti -order check -setting compile Library/FortressLibrary.fss Library/RangeInternals.fss ProjectFortress/LibraryBuiltin/FortressBuiltin.fss ProjectFortress/LibraryBuiltin/NativeArray.fss Library/List.fss Library/String.fss Library/FlatString.fss Library/Stream.fss ProjectFortress/LibraryBuiltin/NatReflect.fss Library/TypeProxy.fss Library/Writer.fss ProjectFortress/LibraryBuiltin/AnyType.fss
# jvm flags: -Dprobe.tolerant=true -Dprobe.all=true -Dfortress.analyzer.overload.cache=false
# machine: nproc=4; model name: Intel(R) Xeon(R) Processor @ 2.10GHz; cpu MHz: 2100.000
# load average at start: 15.99 15.23 14.01; JDK: openjdk version "25.0.4" 2026-07-21; FORTRESS_THREADS=1
# disk: 9.6G free of 252G
# start 2026-09-27T10:39:59Z
### order=check setting=compile (extendsObject=true compiledExpr=true) prelude=INTERPRETER targets=[Library/FortressLibrary.fss, Library/RangeInternals.fss, ProjectFortress/LibraryBuiltin/FortressBuiltin.fss, ProjectFortress/LibraryBuiltin/NativeArray.fss, Library/List.fss, Library/String.fss, Library/FlatString.fss, Library/Stream.fss, ProjectFortress/LibraryBuiltin/NatReflect.fss, Library/TypeProxy.fss, Library/Writer.fss, ProjectFortress/LibraryBuiltin/AnyType.fss] overloadCache=false
### target Library/FortressLibrary.fss componentOnly=false
@@SC STAGE	api FlatString	hierarchy	errors=0
@@SC STAGE	api FlatString	acyclic	errors=0
@@SC STAGE	api FlatString	wellformed1	errors=0
@@SC STAGE	api FlatString	wellformed2	errors=0
@@SC STAGE	api FlatString	overloading	errors=0
@@TC API	FlatString	errors=0
@@SC STAGE	api FortressLibrary	hierarchy	errors=0
@@SC STAGE	api FortressLibrary	acyclic	errors=19
@@SC STAGE	api FortressLibrary	wellformed1	errors=91
@@SC STAGE	api FortressLibrary	wellformed2	errors=91
@@SC STAGE	api FortressLibrary	overloading	errors=100
@@TC API	FortressLibrary	errors=301
@@SC STAGE	api RangeInternals	hierarchy	errors=0
@@SC STAGE	api RangeInternals	acyclic	errors=0
@@SC STAGE	api RangeInternals	wellformed1	errors=76
@@SC STAGE	api RangeInternals	wellformed2	errors=76
@@SC STAGE	api RangeInternals	overloading	errors=21
@@TC API	RangeInternals	errors=173
@@SC STAGE	api TypeProxy	hierarchy	errors=0
@@SC STAGE	api TypeProxy	acyclic	errors=0
@@SC STAGE	api TypeProxy	wellformed1	errors=0
@@SC STAGE	api TypeProxy	wellformed2	errors=0
@@SC STAGE	api TypeProxy	overloading	errors=0
@@TC API	TypeProxy	errors=0
@@SC STAGE	api NatReflect	hierarchy	errors=0
@@SC STAGE	api NatReflect	acyclic	errors=0
@@SC STAGE	api NatReflect	wellformed1	errors=0
@@SC STAGE	api NatReflect	wellformed2	errors=0
@@SC STAGE	api NatReflect	overloading	errors=0
@@TC API	NatReflect	errors=0
@@SC STAGE	api FortressBuiltin	hierarchy	errors=0
@@SC STAGE	api FortressBuiltin	acyclic	errors=0
@@SC STAGE	api FortressBuiltin	wellformed1	errors=1
@@SC STAGE	api FortressBuiltin	wellformed2	errors=1
@@SC STAGE	api FortressBuiltin	overloading	errors=0
@@TC API	FortressBuiltin	errors=2
@@SC STAGE	api Writer	hierarchy	errors=0
@@SC STAGE	api Writer	acyclic	errors=0
@@SC STAGE	api Writer	wellformed1	errors=0
@@SC STAGE	api Writer	wellformed2	errors=0
@@SC STAGE	api Writer	overloading	errors=0
@@TC API	Writer	errors=0
@@SC STAGE	api NativeArray	hierarchy	errors=0
@@SC STAGE	api NativeArray	acyclic	errors=0
@@SC STAGE	api NativeArray	wellformed1	errors=0
@@SC STAGE	api NativeArray	wellformed2	errors=0
@@SC STAGE	api NativeArray	overloading	errors=4
@@TC API	NativeArray	errors=4
@@SC STAGE	api List	hierarchy	errors=0
@@SC STAGE	api List	acyclic	errors=0
@@SC STAGE	api List	wellformed1	errors=3
@@SC STAGE	api List	wellformed2	errors=3
@@SC STAGE	api List	overloading	errors=0
@@TC API	List	errors=6
@@SC STAGE	api AnyType	hierarchy	errors=0
@@SC STAGE	api AnyType	acyclic	errors=0
@@SC STAGE	api AnyType	wellformed1	errors=0
@@SC STAGE	api AnyType	wellformed2	errors=0
@@SC STAGE	api AnyType	overloading	errors=0
@@TC API	AnyType	errors=0
@@SC STAGE	api String	hierarchy	errors=0
@@SC STAGE	api String	acyclic	errors=0
@@SC STAGE	api String	wellformed1	errors=0
@@SC STAGE	api String	wellformed2	errors=0
@@SC STAGE	api String	overloading	errors=0
@@TC API	String	errors=0
@@SC STAGE	api Stream	hierarchy	errors=0
@@SC STAGE	api Stream	acyclic	errors=0
@@SC STAGE	api Stream	wellformed1	errors=1
@@SC STAGE	api Stream	wellformed2	errors=1
@@SC STAGE	api Stream	overloading	errors=0
@@TC API	Stream	errors=2
@@TC APIS-NOT-SUCCESSFUL	488 errors kept
@@SC STAGE	component FortressLibrary	hierarchy	errors=0
@@SC STAGE	component FortressLibrary	apiextract	errors=0
@@SC STAGE	component FortressLibrary	acyclic	errors=21
@@SC STAGE	component FortressLibrary	wellformed1	errors=142
@@TC DECL-OK	FnDecl	Library/FortressLibrary.fss:33:1-37:4	errors=0
@@TC DECL-OK	FnDecl	Library/FortressLibrary.fss:39:1-43:4	errors=0
@@TC DECL-OK	FnDecl	Library/FortressLibrary.fss:47:1-22	errors=0
@@TC DECL-OK	FnDecl	Library/FortressLibrary.fss:49:1-51:26	errors=0
@@TC DECL-OK	FnDecl	Library/FortressLibrary.fss:52:1-75:4	errors=0
@@TC DECL-OK	FnDecl	Library/FortressLibrary.fss:54:1-75:4	errors=0
@@TC DECL-OK	FnDecl	Library/FortressLibrary.fss:65:1-75:4	errors=0
@@TC DECL-OK	FnDecl	Library/FortressLibrary.fss:67:1-75:4	errors=0
@@TC DECL-OK	FnDecl	Library/FortressLibrary.fss:69:1-75:4	errors=0
@@TC DECL-OK	TraitDecl	Library/FortressLibrary.fss:75:1-78:2	errors=0
@@TC DECL-OK	ObjectDecl	Library/FortressLibrary.fss:80:1-83:2	errors=0
@@TC DECL-OK	FnDecl	Library/FortressLibrary.fss:85:1-87:43	errors=0
@@TC DECL-OK	FnDecl	Library/FortressLibrary.fss:88:1-37	errors=0
@@TC DECL-OK	FnDecl	Library/FortressLibrary.fss:90:1-94:62	errors=0
@@TC DECL-OK	FnDecl	Library/FortressLibrary.fss:96:1-39	errors=0
@@TC DECL-OK	FnDecl	Library/FortressLibrary.fss:98:1-42	errors=0
@@TC DECL-OK	TraitDecl	Library/FortressLibrary.fss:100:1-102:2	errors=0
@@TC DECL-OK	ObjectDecl	Library/FortressLibrary.fss:106:1-114:2	errors=0
@@TC DECL-OK	ObjectDecl	Library/FortressLibrary.fss:116:1-124:2	errors=0
@@TC DECL-OK	FnDecl	Library/FortressLibrary.fss:126:1-127:76	errors=0
@@TC DECL-OK	FnDecl	Library/FortressLibrary.fss:129:1-130:107	errors=1
@@TC DECL-OK	TraitDecl	Library/FortressLibrary.fss:132:1-146:2	errors=0
@@TC DECL-OK	ObjectDecl	Library/FortressLibrary.fss:150:1-156:2	errors=0
@@TC DECL-OK	TraitDecl	Library/FortressLibrary.fss:158:1-173:2	errors=0
@@TC DECL-OK	ObjectDecl	Library/FortressLibrary.fss:175:1-185:2	errors=0
@@TC DECL-OK	ObjectDecl	Library/FortressLibrary.fss:187:1-196:2	errors=0
@@TC DECL-OK	ObjectDecl	Library/FortressLibrary.fss:198:1-208:2	errors=0
@@TC DECL-OK	TraitDecl	Library/FortressLibrary.fss:213:1-226:2	errors=4
@@TC DECL-OK	TraitDecl	Library/FortressLibrary.fss:235:1-237:2	errors=0
@@TC DECL-OK	TraitDecl	Library/FortressLibrary.fss:246:1-248:2	errors=0
@@TC DECL-OK	TraitDecl	Library/FortressLibrary.fss:257:1-262:2	errors=2
@@TC DECL-OK	TraitDecl	Library/FortressLibrary.fss:270:1-283:2	errors=24
@@TC DECL-OK	FnDecl	Library/FortressLibrary.fss:286:1-289:6	errors=0
@@TC DECL-OK	FnDecl	Library/FortressLibrary.fss:291:1-294:6	errors=0
@@TC DECL-OK	FnDecl	Library/FortressLibrary.fss:296:1-300:6	errors=3
@@TC DECL-OK	FnDecl	Library/FortressLibrary.fss:302:1-42	errors=0
@@TC DECL-OK	FnDecl	Library/FortressLibrary.fss:304:1-69	errors=0
@@TC DECL-OK	FnDecl	Library/FortressLibrary.fss:306:1-310:6	errors=3
@@TC DECL-OK	FnDecl	Library/FortressLibrary.fss:312:1-320:2	errors=1
@@TC DECL-OK	TraitDecl	Library/FortressLibrary.fss:328:1-25	errors=0
@@TC DECL-OK	TraitDecl	Library/FortressLibrary.fss:331:1-336:2	errors=2
@@TC DECL-OK	TraitDecl	Library/FortressLibrary.fss:339:1-30	errors=0
@@TC DECL-OK	TraitDecl	Library/FortressLibrary.fss:343:1-350:2	errors=0
@@TC DECL-OK	TraitDecl	Library/FortressLibrary.fss:352:1-366:2	errors=0
@@TC DECL-OK	FnDecl	Library/FortressLibrary.fss:368:1-377:6	errors=0
@@TC DECL-OK	TraitDecl	Library/FortressLibrary.fss:379:1-495:2	errors=0
@@TC DECL-OK	FnDecl	Library/FortressLibrary.fss:497:1-542:9	errors=7
@@TC DECL-OK	TraitDecl	Library/FortressLibrary.fss:544:1-626:2	errors=12
@@TC DECL-OK	ObjectDecl	Library/FortressLibrary.fss:628:1-639:2	errors=0
@@TC DECL-OK	TraitDecl	Library/FortressLibrary.fss:641:1-80	errors=0
@@TC DECL-OK	TraitDecl	Library/FortressLibrary.fss:644:1-686:2	errors=9
@@TC DECL-OK	TraitDecl	Library/FortressLibrary.fss:688:1-758:2	errors=0
@@TC DECL-OK	TraitDecl	Library/FortressLibrary.fss:760:1-842:2	errors=0
@@TC DECL-OK	TraitDecl	Library/FortressLibrary.fss:844:1-906:2	errors=0
@@TC DECL-OK	TraitDecl	Library/FortressLibrary.fss:908:1-994:2	errors=0
@@TC DECL-OK	TraitDecl	Library/FortressLibrary.fss:1005:1-1017:2	errors=0
@@TC DECL-OK	FnDecl	Library/FortressLibrary.fss:1020:1-1022:42	errors=0
@@TC DECL-OK	FnDecl	Library/FortressLibrary.fss:1023:1-1025:48	errors=0
@@TC DECL-OK	FnDecl	Library/FortressLibrary.fss:1026:1-1058:3	errors=0
@@TC DECL-OK	TraitDecl	Library/FortressLibrary.fss:1059:1-1157:12	errors=1
@@TC DECL-OK	FnDecl	Library/FortressLibrary.fss:1165:1-1166:25	errors=0
@@TC DECL-OK	FnDecl	Library/FortressLibrary.fss:1168:1-1169:20	errors=0
@@TC DECL-OK	FnDecl	Library/FortressLibrary.fss:1171:1-59	errors=0
@@TC DECL-OK	FnDecl	Library/FortressLibrary.fss:1173:1-62	errors=1
@@TC DECL-OK	FnDecl	Library/FortressLibrary.fss:1175:1-70	errors=0
@@TC DECL-OK	FnDecl	Library/FortressLibrary.fss:1176:1-1178:42	errors=1
@@TC DECL-OK	FnDecl	Library/FortressLibrary.fss:1179:1-1187:21	errors=1
@@TC DECL-OK	FnDecl	Library/FortressLibrary.fss:1188:1-1193:6	errors=0
@@TC DECL-OK	FnDecl	Library/FortressLibrary.fss:1200:1-1208:2	errors=0
@@TC DECL-OK	FnDecl	Library/FortressLibrary.fss:1216:1-1219:85	errors=0
@@TC DECL-CRASH	FnDecl	Library/FortressLibrary.fss:1220:1-1224:4	com.sun.fortress.exceptions.InterpreterBug	com.sun.fortress.exceptions.InterpreterBug.bug(InterpreterBug.java:67)	** bug! Library/FortressLibrary.fss:1222:10     Type is not inferred.
@@TC DECL-OK	FnDecl	Library/FortressLibrary.fss:1246:1-1267:4	errors=1
@@TC DECL-OK	FnDecl	Library/FortressLibrary.fss:1272:1-1275:2	errors=0
@@TC DECL-OK	TraitDecl	Library/FortressLibrary.fss:1278:1-1297:22	errors=0
@@TC DECL-OK	TraitDecl	Library/FortressLibrary.fss:1302:1-1341:12	errors=9
@@TC DECL-OK	FnDecl	Library/FortressLibrary.fss:1344:1-1346:58	errors=0
@@TC DECL-OK	FnDecl	Library/FortressLibrary.fss:1347:1-1351:2	errors=0
@@TC DECL-OK	FnDecl	Library/FortressLibrary.fss:1351:1-1394:10	errors=0
@@TC DECL-OK	TraitDecl	Library/FortressLibrary.fss:1394:1-1396:2	errors=0
@@TC DECL-OK	FnDecl	Library/FortressLibrary.fss:1398:1-1407:51	errors=1
@@TC DECL-OK	TraitDecl	Library/FortressLibrary.fss:1408:1-1412:2	errors=0
@@TC DECL-OK	ObjectDecl	Library/FortressLibrary.fss:1414:1-1440:2	errors=1
@@TC DECL-OK	ObjectDecl	Library/FortressLibrary.fss:1444:1-1467:2	errors=0
@@TC DECL-OK	TraitDecl	Library/FortressLibrary.fss:1471:1-1475:2	errors=0
@@TC DECL-OK	TraitDecl	Library/FortressLibrary.fss:1482:1-1488:2	errors=0
@@TC DECL-OK	ObjectDecl	Library/FortressLibrary.fss:1490:1-1513:2	errors=0
@@TC DECL-OK	ObjectDecl	Library/FortressLibrary.fss:1515:1-1522:2	errors=0
@@TC DECL-OK	FnDecl	Library/FortressLibrary.fss:1524:1-1525:82	errors=0
@@TC DECL-OK	FnDecl	Library/FortressLibrary.fss:1527:1-1528:111	errors=1
@@TC DECL-OK	ObjectDecl	Library/FortressLibrary.fss:1530:1-1537:2	errors=0
@@TC DECL-OK	FnDecl	Library/FortressLibrary.fss:1539:1-1540:82	errors=0
@@TC DECL-OK	FnDecl	Library/FortressLibrary.fss:1542:1-1547:62	errors=1
@@TC DECL-OK	TraitDecl	Library/FortressLibrary.fss:1549:1-1550:2	errors=0
@@TC DECL-OK	TraitDecl	Library/FortressLibrary.fss:1554:1-1555:2	errors=0
@@TC DECL-OK	ObjectDecl	Library/FortressLibrary.fss:1557:1-1559:2	errors=0
@@TC DECL-OK	ObjectDecl	Library/FortressLibrary.fss:1561:1-1563:2	errors=0
@@TC DECL-OK	ObjectDecl	Library/FortressLibrary.fss:1565:1-1567:2	errors=0
@@TC DECL-OK	ObjectDecl	Library/FortressLibrary.fss:1569:1-1571:2	errors=0
@@TC DECL-OK	ObjectDecl	Library/FortressLibrary.fss:1573:1-1575:2	errors=0
@@TC DECL-OK	ObjectDecl	Library/FortressLibrary.fss:1577:1-1579:2	errors=0
@@TC DECL-OK	ObjectDecl	Library/FortressLibrary.fss:1581:1-1583:2	errors=0
@@TC DECL-OK	ObjectDecl	Library/FortressLibrary.fss:1585:1-1587:2	errors=0
@@TC DECL-OK	ObjectDecl	Library/FortressLibrary.fss:1589:1-1591:2	errors=0
@@TC DECL-OK	ObjectDecl	Library/FortressLibrary.fss:1593:1-1595:2	errors=0
@@TC DECL-OK	ObjectDecl	Library/FortressLibrary.fss:1597:1-1599:2	errors=0
@@TC DECL-OK	ObjectDecl	Library/FortressLibrary.fss:1602:1-1604:2	errors=0
@@TC DECL-OK	ObjectDecl	Library/FortressLibrary.fss:1606:1-1608:2	errors=0
@@TC DECL-OK	ObjectDecl	Library/FortressLibrary.fss:1610:1-1612:2	errors=0
@@TC DECL-OK	ObjectDecl	Library/FortressLibrary.fss:1614:1-1616:2	errors=0
@@TC DECL-OK	ObjectDecl	Library/FortressLibrary.fss:1618:1-1620:2	errors=0
@@TC DECL-OK	ObjectDecl	Library/FortressLibrary.fss:1622:1-1624:2	errors=0
@@TC DECL-OK	ObjectDecl	Library/FortressLibrary.fss:1626:1-1628:2	errors=0
@@TC DECL-OK	TraitDecl	Library/FortressLibrary.fss:1632:1-1633:2	errors=0
@@TC DECL-OK	ObjectDecl	Library/FortressLibrary.fss:1635:1-1637:2	errors=0
@@TC DECL-OK	ObjectDecl	Library/FortressLibrary.fss:1639:1-1641:2	errors=0
@@TC DECL-OK	ObjectDecl	Library/FortressLibrary.fss:1643:1-1645:2	errors=0
@@TC DECL-OK	ObjectDecl	Library/FortressLibrary.fss:1648:1-1650:2	errors=0
@@TC DECL-OK	ObjectDecl	Library/FortressLibrary.fss:1652:1-1654:2	errors=0
@@TC DECL-OK	ObjectDecl	Library/FortressLibrary.fss:1656:1-1658:2	errors=0
@@TC DECL-OK	ObjectDecl	Library/FortressLibrary.fss:1660:1-1662:2	errors=0
@@TC DECL-OK	ObjectDecl	Library/FortressLibrary.fss:1664:1-1666:2	errors=0
@@TC DECL-OK	ObjectDecl	Library/FortressLibrary.fss:1668:1-1670:2	errors=0
@@TC DECL-OK	ObjectDecl	Library/FortressLibrary.fss:1673:1-1675:2	errors=0
@@TC DECL-OK	FnDecl	Library/FortressLibrary.fss:1681:1-1684:2	errors=0
@@TC DECL-OK	TraitDecl	Library/FortressLibrary.fss:1686:1-1691:2	errors=0
@@TC DECL-OK	TraitDecl	Library/FortressLibrary.fss:1694:1-1696:2	errors=0
@@TC DECL-OK	TraitDecl	Library/FortressLibrary.fss:1701:1-1702:2	errors=0
@@TC DECL-OK	TraitDecl	Library/FortressLibrary.fss:1704:1-1705:2	errors=0
@@TC DECL-OK	TraitDecl	Library/FortressLibrary.fss:1707:1-1708:2	errors=0
@@TC DECL-OK	TraitDecl	Library/FortressLibrary.fss:1714:1-44	errors=0
@@TC DECL-OK	TraitDecl	Library/FortressLibrary.fss:1716:1-44	errors=0
@@TC DECL-OK	TraitDecl	Library/FortressLibrary.fss:1718:1-44	errors=0
@@TC DECL-OK	TraitDecl	Library/FortressLibrary.fss:1738:1-1816:2	errors=1
@@TC DECL-OK	TraitDecl	Library/FortressLibrary.fss:1818:1-1824:2	errors=0
@@TC DECL-OK	ObjectDecl	Library/FortressLibrary.fss:1826:1-1835:2	errors=0
@@TC DECL-OK	TraitDecl	Library/FortressLibrary.fss:1837:1-1849:2	errors=2
@@TC DECL-OK	FnDecl	Library/FortressLibrary.fss:1851:1-1858:4	errors=0
@@TC DECL-OK	TraitDecl	Library/FortressLibrary.fss:1868:1-1882:2	errors=1
@@TC DECL-OK	TraitDecl	Library/FortressLibrary.fss:1891:1-1900:2	errors=0
@@TC DECL-OK	TraitDecl	Library/FortressLibrary.fss:1904:1-1970:2	errors=1
@@TC DECL-OK	TraitDecl	Library/FortressLibrary.fss:1972:1-1986:2	errors=0
@@TC DECL-OK	TraitDecl	Library/FortressLibrary.fss:1988:1-2020:2	errors=0
@@TC DECL-OK	FnDecl	Library/FortressLibrary.fss:2024:1-70	errors=1
@@TC DECL-OK	FnDecl	Library/FortressLibrary.fss:2025:1-2026:49	errors=1
@@TC DECL-OK	FnDecl	Library/FortressLibrary.fss:2027:1-2031:67	errors=1
@@TC DECL-OK	FnDecl	Library/FortressLibrary.fss:2032:1-2033:19	errors=0
@@TC DECL-OK	FnDecl	Library/FortressLibrary.fss:2034:1-2035:43	errors=0
@@TC DECL-OK	FnDecl	Library/FortressLibrary.fss:2036:1-2040:44	errors=0
@@TC DECL-OK	FnDecl	Library/FortressLibrary.fss:2041:1-2051:67	errors=1
@@TC DECL-OK	FnDecl	Library/FortressLibrary.fss:2052:1-2059:3	errors=0
@@TC DECL-OK	FnDecl	Library/FortressLibrary.fss:2061:1-79	errors=1
@@TC DECL-OK	FnDecl	Library/FortressLibrary.fss:2062:1-2063:28	errors=0
@@TC DECL-OK	FnDecl	Library/FortressLibrary.fss:2065:1-2066:38	errors=1
@@TC DECL-OK	FnDecl	Library/FortressLibrary.fss:2067:1-2073:56	errors=0
@@TC DECL-OK	TraitDecl	Library/FortressLibrary.fss:2074:1-2086:2	errors=2
@@TC DECL-OK	TraitDecl	Library/FortressLibrary.fss:2089:1-2099:2	errors=2
@@TC DECL-OK	FnDecl	Library/FortressLibrary.fss:2106:1-2109:4	errors=1
@@TC DECL-OK	TraitDecl	Library/FortressLibrary.fss:2115:1-2146:2	errors=0
@@TC DECL-OK	TraitDecl	Library/FortressLibrary.fss:2148:1-2191:2	errors=5
@@TC DECL-OK	TraitDecl	Library/FortressLibrary.fss:2195:1-2241:2	errors=5
@@TC DECL-OK	FnDecl	Library/FortressLibrary.fss:2244:1-2247:28	errors=0
@@TC DECL-OK	FnDecl	Library/FortressLibrary.fss:2249:1-2259:45	errors=0
@@TC DECL-OK	ObjectDecl	Library/FortressLibrary.fss:2260:1-2272:2	errors=0
@@TC DECL-OK	ObjectDecl	Library/FortressLibrary.fss:2275:1-2287:2	errors=1
@@TC DECL-OK	TraitDecl	Library/FortressLibrary.fss:2289:1-18	errors=0
@@TC DECL-OK	TraitDecl	Library/FortressLibrary.fss:2291:1-2304:2	errors=18
@@TC DECL-OK	ObjectDecl	Library/FortressLibrary.fss:2306:1-2312:2	errors=0
@@TC DECL-OK	FnDecl	Library/FortressLibrary.fss:2320:1-2326:4	errors=4
@@TC DECL-OK	FnDecl	Library/FortressLibrary.fss:2331:1-2337:4	errors=4
@@TC DECL-OK	FnDecl	Library/FortressLibrary.fss:2339:1-2341:41	errors=1
@@TC DECL-OK	FnDecl	Library/FortressLibrary.fss:2342:1-2346:6	errors=0
@@TC DECL-OK	FnDecl	Library/FortressLibrary.fss:2347:1-68	errors=1
@@TC DECL-OK	FnDecl	Library/FortressLibrary.fss:2348:1-75	errors=0
@@TC DECL-OK	FnDecl	Library/FortressLibrary.fss:2350:1-2353:77	errors=0
@@TC DECL-OK	FnDecl	Library/FortressLibrary.fss:2354:1-79	errors=0
@@TC DECL-OK	FnDecl	Library/FortressLibrary.fss:2355:1-2356:28	errors=1
@@TC DECL-OK	FnDecl	Library/FortressLibrary.fss:2357:1-2358:29	errors=1
@@TC DECL-OK	FnDecl	Library/FortressLibrary.fss:2360:1-2361:69	errors=0
@@TC DECL-OK	FnDecl	Library/FortressLibrary.fss:2363:1-2364:69	errors=0
@@TC DECL-OK	FnDecl	Library/FortressLibrary.fss:2366:1-2367:67	errors=0
@@TC DECL-OK	FnDecl	Library/FortressLibrary.fss:2369:1-2370:73	errors=0
@@TC DECL-OK	FnDecl	Library/FortressLibrary.fss:2372:1-2373:71	errors=0
@@TC DECL-OK	FnDecl	Library/FortressLibrary.fss:2375:1-2376:74	errors=0
@@TC DECL-OK	FnDecl	Library/FortressLibrary.fss:2378:1-2379:71	errors=0
@@TC DECL-OK	FnDecl	Library/FortressLibrary.fss:2381:1-71	errors=0
@@TC DECL-OK	FnDecl	Library/FortressLibrary.fss:2383:1-2390:48	errors=0
@@TC DECL-CRASH	TraitDecl	Library/FortressLibrary.fss:2391:1-2505:2	com.sun.fortress.exceptions.InterpreterBug	com.sun.fortress.exceptions.InterpreterBug.bug(InterpreterBug.java:67)	** bug! TryChecker returned an untyped expr: FnExpr at Library/FortressLibrary.fss:2409.11 fn (i) => do r := r // " " row(i) end Expected type was: ZZ32->Any FortressLibrary.ZZ32->Any
@@TC DECL-OK	FnDecl	Library/FortressLibrary.fss:2508:1-2514:4	errors=0
@@TC DECL-OK	ObjectDecl	Library/FortressLibrary.fss:2517:1-2523:2	errors=0
@@TC DECL-OK	ObjectDecl	Library/FortressLibrary.fss:2527:1-2544:2	errors=0
@@TC DECL-OK	ObjectDecl	Library/FortressLibrary.fss:2553:1-2573:2	errors=1
@@TC DECL-OK	ObjectDecl	Library/FortressLibrary.fss:2575:1-2584:2	errors=0
@@TC DECL-OK	ObjectDecl	Library/FortressLibrary.fss:2586:1-2595:2	errors=0
@@TC DECL-OK	TraitDecl	Library/FortressLibrary.fss:2597:1-18	errors=0
@@TC DECL-OK	TraitDecl	Library/FortressLibrary.fss:2599:1-2662:2	errors=35
@@TC DECL-OK	ObjectDecl	Library/FortressLibrary.fss:2665:1-2671:2	errors=0
@@TC DECL-OK	ObjectDecl	Library/FortressLibrary.fss:2673:1-2691:2	errors=3
@@TC DECL-OK	FnDecl	Library/FortressLibrary.fss:2693:1-2698:6	errors=1
@@TC DECL-OK	FnDecl	Library/FortressLibrary.fss:2702:1-2706:6	errors=0
@@TC DECL-OK	FnDecl	Library/FortressLibrary.fss:2707:1-2708:29	errors=1
@@TC DECL-OK	FnDecl	Library/FortressLibrary.fss:2709:1-2714:50	errors=0
@@TC DECL-OK	FnDecl	Library/FortressLibrary.fss:2715:1-2716:30	errors=0
@@TC DECL-OK	FnDecl	Library/FortressLibrary.fss:2717:1-2722:22	errors=4
@@TC DECL-OK	FnDecl	Library/FortressLibrary.fss:2723:1-2725:27	errors=0
@@TC DECL-OK	FnDecl	Library/FortressLibrary.fss:2727:1-2732:34	errors=0
@@TC DECL-OK	FnDecl	Library/FortressLibrary.fss:2733:1-2734:72	errors=0
@@TC DECL-OK	FnDecl	Library/FortressLibrary.fss:2736:1-2739:34	errors=0
@@TC DECL-OK	FnDecl	Library/FortressLibrary.fss:2740:1-2741:72	errors=0
@@TC DECL-OK	FnDecl	Library/FortressLibrary.fss:2743:1-2744:70	errors=0
@@TC DECL-OK	FnDecl	Library/FortressLibrary.fss:2746:1-2747:77	errors=0
@@TC DECL-OK	FnDecl	Library/FortressLibrary.fss:2749:1-2750:75	errors=0
@@TC DECL-OK	FnDecl	Library/FortressLibrary.fss:2752:1-2753:77	errors=0
@@TC DECL-OK	FnDecl	Library/FortressLibrary.fss:2755:1-2763:27	errors=0
@@TC DECL-CRASH	TraitDecl	Library/FortressLibrary.fss:2764:1-2877:2	com.sun.fortress.exceptions.InterpreterBug	com.sun.fortress.exceptions.InterpreterBug.bug(InterpreterBug.java:67)	** bug! TryChecker returned an untyped expr: FnExpr at Library/FortressLibrary.fss:2800.13 fn (k) => do r := r " ;;"  // " " plane(k) end Expected type was: ZZ32->Any FortressLibrary.ZZ32->Any
@@TC DECL-OK	FnDecl	Library/FortressLibrary.fss:2880:1-2886:64	errors=0
@@TC DECL-OK	ObjectDecl	Library/FortressLibrary.fss:2888:1-2897:2	errors=0
@@TC DECL-OK	ObjectDecl	Library/FortressLibrary.fss:2906:1-2916:2	errors=0
@@TC DECL-OK	FnDecl	Library/FortressLibrary.fss:2918:1-2920:43	errors=0
@@TC DECL-OK	FnDecl	Library/FortressLibrary.fss:2922:1-2923:39	errors=0
@@TC DECL-OK	FnDecl	Library/FortressLibrary.fss:2924:1-2925:32	errors=0
@@TC DECL-OK	FnDecl	Library/FortressLibrary.fss:2926:1-2941:62	errors=1
@@TC DECL-OK	TraitDecl	Library/FortressLibrary.fss:2943:1-2947:2	errors=0
@@TC DECL-OK	ObjectDecl	Library/FortressLibrary.fss:2949:1-2954:2	errors=0
@@TC DECL-OK	TraitDecl	Library/FortressLibrary.fss:2960:1-2979:2	errors=0
@@TC DECL-OK	TraitDecl	Library/FortressLibrary.fss:2981:1-2983:2	errors=0
@@TC DECL-OK	ObjectDecl	Library/FortressLibrary.fss:2985:1-2988:2	errors=0
@@TC DECL-OK	TraitDecl	Library/FortressLibrary.fss:2990:1-2995:2	errors=0
@@TC DECL-OK	TraitDecl	Library/FortressLibrary.fss:2997:1-3000:2	errors=0
@@TC DECL-OK	TraitDecl	Library/FortressLibrary.fss:3003:1-3023:2	errors=3
@@TC DECL-OK	ObjectDecl	Library/FortressLibrary.fss:3028:1-3048:2	errors=4
@@TC DECL-OK	TraitDecl	Library/FortressLibrary.fss:3053:1-33	errors=0
@@TC DECL-OK	TraitDecl	Library/FortressLibrary.fss:3055:1-3057:2	errors=0
@@TC DECL-OK	TraitDecl	Library/FortressLibrary.fss:3060:1-3063:2	errors=1
@@TC DECL-OK	TraitDecl	Library/FortressLibrary.fss:3065:1-3067:2	errors=0
@@TC DECL-OK	TraitDecl	Library/FortressLibrary.fss:3069:1-3073:2	errors=0
@@TC DECL-OK	TraitDecl	Library/FortressLibrary.fss:3075:1-3079:2	errors=0
@@TC DECL-OK	ObjectDecl	Library/FortressLibrary.fss:3081:1-3084:2	errors=0
@@TC DECL-OK	ObjectDecl	Library/FortressLibrary.fss:3086:1-3088:2	errors=0
@@TC DECL-OK	ObjectDecl	Library/FortressLibrary.fss:3094:1-3099:2	errors=0
@@TC DECL-OK	TraitDecl	Library/FortressLibrary.fss:3101:1-29	errors=0
@@TC DECL-OK	FnDecl	Library/FortressLibrary.fss:3107:1-3118:6	errors=1
@@TC DECL-OK	FnDecl	Library/FortressLibrary.fss:3120:1-3131:6	errors=1
@@TC DECL-OK	ObjectDecl	Library/FortressLibrary.fss:3133:1-3136:2	errors=0
@@TC DECL-OK	ObjectDecl	Library/FortressLibrary.fss:3138:1-3142:2	errors=0
@@TC DECL-OK	ObjectDecl	Library/FortressLibrary.fss:3144:1-3148:2	errors=0
@@TC DECL-OK	ObjectDecl	Library/FortressLibrary.fss:3150:1-3158:2	errors=0
@@TC DECL-OK	FnDecl	Library/FortressLibrary.fss:3160:1-3161:43	errors=0
@@TC DECL-OK	FnDecl	Library/FortressLibrary.fss:3163:1-3164:49	errors=0
@@TC DECL-OK	ObjectDecl	Library/FortressLibrary.fss:3166:1-3172:2	errors=0
@@TC DECL-OK	FnDecl	Library/FortressLibrary.fss:3174:1-3175:44	errors=0
@@TC DECL-OK	FnDecl	Library/FortressLibrary.fss:3177:1-3178:50	errors=0
@@TC DECL-OK	ObjectDecl	Library/FortressLibrary.fss:3180:1-3183:2	errors=0
@@TC DECL-OK	FnDecl	Library/FortressLibrary.fss:3184:1-3185:49	errors=0
@@TC DECL-OK	FnDecl	Library/FortressLibrary.fss:3186:1-3187:60	errors=0
@@TC DECL-OK	ObjectDecl	Library/FortressLibrary.fss:3189:1-3192:2	errors=0
@@TC DECL-OK	FnDecl	Library/FortressLibrary.fss:3193:1-3194:49	errors=0
@@TC DECL-OK	FnDecl	Library/FortressLibrary.fss:3195:1-3196:60	errors=1
@@TC DECL-OK	ObjectDecl	Library/FortressLibrary.fss:3198:1-3205:2	errors=1
@@TC DECL-OK	FnDecl	Library/FortressLibrary.fss:3206:1-3208:97	errors=1
@@TC DECL-OK	FnDecl	Library/FortressLibrary.fss:3209:1-3210:71	errors=1
@@TC DECL-OK	FnDecl	Library/FortressLibrary.fss:3212:1-3214:84	errors=0
@@TC DECL-OK	FnDecl	Library/FortressLibrary.fss:3216:1-3217:63	errors=1
@@TC DECL-OK	FnDecl	Library/FortressLibrary.fss:3219:1-3221:84	errors=0
@@TC DECL-OK	FnDecl	Library/FortressLibrary.fss:3223:1-3227:35	errors=0
@@TC DECL-OK	ObjectDecl	Library/FortressLibrary.fss:3229:1-3242:2	errors=1
@@TC DECL-OK	FnDecl	Library/FortressLibrary.fss:3243:1-3245:98	errors=0
@@TC DECL-OK	FnDecl	Library/FortressLibrary.fss:3246:1-3247:78	errors=0
@@TC DECL-OK	ObjectDecl	Library/FortressLibrary.fss:3249:1-3262:2	errors=1
@@TC DECL-OK	FnDecl	Library/FortressLibrary.fss:3263:1-3265:98	errors=0
@@TC DECL-OK	FnDecl	Library/FortressLibrary.fss:3266:1-3267:78	errors=0
@@TC DECL-OK	ObjectDecl	Library/FortressLibrary.fss:3269:1-3282:2	errors=1
@@TC DECL-OK	FnDecl	Library/FortressLibrary.fss:3283:1-3285:98	errors=0
@@TC DECL-OK	FnDecl	Library/FortressLibrary.fss:3286:1-3287:78	errors=0
@@TC DECL-OK	ObjectDecl	Library/FortressLibrary.fss:3289:1-3302:2	errors=1
@@TC DECL-OK	FnDecl	Library/FortressLibrary.fss:3303:1-3305:98	errors=0
@@TC DECL-OK	FnDecl	Library/FortressLibrary.fss:3306:1-3310:85	errors=0
@@TC DECL-OK	ObjectDecl	Library/FortressLibrary.fss:3311:1-3318:2	errors=0
@@TC DECL-OK	FnDecl	Library/FortressLibrary.fss:3320:1-3321:50	errors=0
@@TC DECL-OK	FnDecl	Library/FortressLibrary.fss:3323:1-3324:77	errors=1
@@TC DECL-OK	ObjectDecl	Library/FortressLibrary.fss:3326:1-3333:2	errors=0
@@TC DECL-OK	FnDecl	Library/FortressLibrary.fss:3335:1-3336:49	errors=0
@@TC DECL-OK	FnDecl	Library/FortressLibrary.fss:3338:1-3357:3	errors=0
@@TC DECL-OK	ObjectDecl	Library/FortressLibrary.fss:3359:1-3364:2	errors=0
@@TC DECL-OK	FnDecl	Library/FortressLibrary.fss:3366:1-3367:47	errors=0
@@TC DECL-OK	FnDecl	Library/FortressLibrary.fss:3369:1-3372:51	errors=0
@@TC DECL-OK	ObjectDecl	Library/FortressLibrary.fss:3373:1-3377:2	errors=0
@@TC DECL-OK	ObjectDecl	Library/FortressLibrary.fss:3380:1-3384:2	errors=0
@@TC DECL-OK	ObjectDecl	Library/FortressLibrary.fss:3387:1-3390:2	errors=0
@@TC DECL-OK	FnDecl	Library/FortressLibrary.fss:3394:1-3396:62	errors=0
@@TC DECL-OK	FnDecl	Library/FortressLibrary.fss:3398:1-3403:40	errors=1
@@TC DECL-OK	FnDecl	Library/FortressLibrary.fss:3404:1-3406:61	errors=0
@@TC DECL-OK	FnDecl	Library/FortressLibrary.fss:3408:1-3413:18	errors=1
@@TC DECL-OK	FnDecl	Library/FortressLibrary.fss:3414:1-3416:54	errors=0
@@TC DECL-OK	FnDecl	Library/FortressLibrary.fss:3418:1-3423:44	errors=1
@@TC DECL-OK	ObjectDecl	Library/FortressLibrary.fss:3424:1-3428:2	errors=0
@@TC DECL-OK	ObjectDecl	Library/FortressLibrary.fss:3433:1-3437:2	errors=1
@@TC DECL-OK	FnDecl	Library/FortressLibrary.fss:3447:1-3453:21	errors=1
@@TC DECL-OK	TraitDecl	Library/FortressLibrary.fss:3454:1-56	errors=0
@@TC DECL-OK	TraitDecl	Library/FortressLibrary.fss:3456:1-3468:2	errors=2
@@TC DECL-OK	ObjectDecl	Library/FortressLibrary.fss:3470:1-3474:2	errors=0
@@TC DECL-OK	ObjectDecl	Library/FortressLibrary.fss:3476:1-3494:2	errors=3
@@TC DECL-OK	ObjectDecl	Library/FortressLibrary.fss:3496:1-3502:2	errors=0
@@TC DECL-OK	TraitDecl	Library/FortressLibrary.fss:3504:1-3516:2	errors=1
@@TC DECL-OK	ObjectDecl	Library/FortressLibrary.fss:3518:1-3522:2	errors=0
@@TC DECL-OK	ObjectDecl	Library/FortressLibrary.fss:3524:1-3530:2	errors=0
@@TC DECL-OK	TraitDecl	Library/FortressLibrary.fss:3532:1-3555:2	errors=1
@@TC DECL-OK	ObjectDecl	Library/FortressLibrary.fss:3557:1-3572:2	errors=1
@@TC DECL-OK	ObjectDecl	Library/FortressLibrary.fss:3574:1-3580:2	errors=0
@@TC DECL-OK	TraitDecl	Library/FortressLibrary.fss:3582:1-3593:2	errors=2
@@TC DECL-OK	ObjectDecl	Library/FortressLibrary.fss:3595:1-3601:2	errors=1
@@TC DECL-OK	ObjectDecl	Library/FortressLibrary.fss:3603:1-3609:2	errors=0
@@TC DECL-OK	TraitDecl	Library/FortressLibrary.fss:3612:1-3618:2	errors=0
@@TC DECL-OK	ObjectDecl	Library/FortressLibrary.fss:3620:1-3623:2	errors=0
@@TC DECL-OK	TraitDecl	Library/FortressLibrary.fss:3625:1-3643:2	errors=0
@@TC DECL-OK	ObjectDecl	Library/FortressLibrary.fss:3645:1-3648:2	errors=0
@@TC DECL-OK	ObjectDecl	Library/FortressLibrary.fss:3665:1-3678:2	errors=3
@@TC DECL-OK	TraitDecl	Library/FortressLibrary.fss:3690:1-3737:2	errors=2
@@TC DECL-OK	TraitDecl	Library/FortressLibrary.fss:3739:1-45	errors=0
@@TC DECL-OK	TraitDecl	Library/FortressLibrary.fss:3741:1-3753:2	errors=1
@@TC DECL-OK	ObjectDecl	Library/FortressLibrary.fss:3755:1-3770:2	errors=5
@@TC DECL-OK	TraitDecl	Library/FortressLibrary.fss:3772:1-3774:2	errors=0
@@TC DECL-OK	TraitDecl	Library/FortressLibrary.fss:3776:1-3793:2	errors=1
@@TC DECL-OK	TraitDecl	Library/FortressLibrary.fss:3795:1-3803:2	errors=0
@@TC DECL-OK	TraitDecl	Library/FortressLibrary.fss:3805:1-3808:2	errors=0
@@TC DECL-OK	TraitDecl	Library/FortressLibrary.fss:3810:1-3828:2	errors=1
@@TC DECL-OK	TraitDecl	Library/FortressLibrary.fss:3830:1-3832:2	errors=0
@@TC DECL-OK	TraitDecl	Library/FortressLibrary.fss:3834:1-3853:2	errors=2
@@TC DECL-OK	TraitDecl	Library/FortressLibrary.fss:3855:1-3869:2	errors=3
@@TC DECL-OK	TraitDecl	Library/FortressLibrary.fss:3871:1-3883:2	errors=5
@@TC DECL-OK	TraitDecl	Library/FortressLibrary.fss:3885:1-53	errors=0
@@TC DECL-OK	FnDecl	Library/FortressLibrary.fss:3888:1-107	errors=1
@@TC DECL-OK	FnDecl	Library/FortressLibrary.fss:3889:1-3891:82	errors=1
@@TC DECL-OK	FnDecl	Library/FortressLibrary.fss:3892:1-3896:6	errors=1
@@TC DECL-OK	FnDecl	Library/FortressLibrary.fss:3898:1-3899:40	errors=1
@@TC DECL-OK	FnDecl	Library/FortressLibrary.fss:3900:1-3902:84	errors=1
@@TC DECL-OK	FnDecl	Library/FortressLibrary.fss:3903:1-3907:4	errors=1
@@TC DECL-OK	FnDecl	Library/FortressLibrary.fss:3910:1-81	errors=1
@@TC DECL-OK	FnDecl	Library/FortressLibrary.fss:3911:1-3914:4	errors=1
@@TC DECL-OK	FnDecl	Library/FortressLibrary.fss:3915:1-3919:4	errors=1
@@TC DECL-OK	FnDecl	Library/FortressLibrary.fss:3921:1-37	errors=1
@@TC DECL-OK	FnDecl	Library/FortressLibrary.fss:3923:1-85	errors=1
@@TC DECL-OK	FnDecl	Library/FortressLibrary.fss:3924:1-3925:64	errors=1
@@TC DECL-OK	FnDecl	Library/FortressLibrary.fss:3926:1-3928:81	errors=1
@@TC DECL-OK	FnDecl	Library/FortressLibrary.fss:3930:1-83	errors=1
@@TC DECL-OK	FnDecl	Library/FortressLibrary.fss:3931:1-3932:63	errors=1
@@TC DECL-OK	FnDecl	Library/FortressLibrary.fss:3933:1-3935:80	errors=1
@@TC DECL-OK	FnDecl	Library/FortressLibrary.fss:3944:1-45	errors=0
@@TC DECL-OK	FnDecl	Library/FortressLibrary.fss:3945:1-45	errors=0
@@TC DECL-OK	FnDecl	Library/FortressLibrary.fss:3946:1-3955:3	errors=1
@@TC DECL-OK	FnDecl	Library/FortressLibrary.fss:3957:1-38	errors=1
@@TC DECL-OK	FnDecl	Library/FortressLibrary.fss:3959:1-82	errors=1
@@TC DECL-OK	FnDecl	Library/FortressLibrary.fss:3960:1-3961:63	errors=1
@@TC DECL-OK	FnDecl	Library/FortressLibrary.fss:3962:1-3964:81	errors=1
@@TC DECL-OK	FnDecl	Library/FortressLibrary.fss:3966:1-4017:3	errors=1
@@TC DECL-OK	FnDecl	Library/FortressLibrary.fss:4019:1-4022:3	errors=0
@@TC DECL-OK	FnDecl	Library/FortressLibrary.fss:4024:1-4028:62	errors=0
@@TC DECL-OK	TraitDecl	Library/FortressLibrary.fss:4030:1-4158:11	errors=11
@@TC DECL-OK	ObjectDecl	Library/FortressLibrary.fss:4161:1-4175:2	errors=1
@@TC DECL-OK	FnDecl	Library/FortressLibrary.fss:4177:1-4181:62	errors=1
@@TC DECL-OK	FnDecl	Library/FortressLibrary.fss:4183:1-90	errors=0
@@TC DECL-OK	FnDecl	Library/FortressLibrary.fss:4184:1-107	errors=0
@@TC DECL-OK	VarDecl	Library/FortressLibrary.fss:4186:1-34	errors=0
@@TC DECL-OK	FnDecl	Library/FortressLibrary.fss:4187:1-72	errors=0
@@TC DECL-OK	FnDecl	Library/FortressLibrary.fss:4188:1-4194:4	errors=0
@@TC DECL-OK	FnDecl	Library/FortressLibrary.fss:4196:1-104	errors=0
@@TC DECL-OK	FnDecl	Library/FortressLibrary.fss:4198:1-95	errors=0
@@TC DECL-OK	FnDecl	Library/FortressLibrary.fss:4199:1-47	errors=0
@@TC DECL-OK	FnDecl	Library/FortressLibrary.fss:4201:1-4203:37	errors=0
@@TC DECL-OK	FnDecl	Library/FortressLibrary.fss:4204:1-59	errors=0
@@TC DECL-OK	FnDecl	Library/FortressLibrary.fss:4205:1-73	errors=0
@@TC DECL-OK	FnDecl	Library/FortressLibrary.fss:4206:1-64	errors=0
@@TC DECL-OK	FnDecl	Library/FortressLibrary.fss:4207:1-78	errors=0
@@TC DECL-OK	FnDecl	Library/FortressLibrary.fss:4209:1-115	errors=0
@@TC DECL-OK	FnDecl	Library/FortressLibrary.fss:4210:1-77	errors=0
@@TC DECL-OK	FnDecl	Library/FortressLibrary.fss:4211:1-125	errors=0
@@TC DECL-OK	FnDecl	Library/FortressLibrary.fss:4212:1-4214:89	errors=0
@@TC DECL-OK	FnDecl	Library/FortressLibrary.fss:4215:1-22	errors=0
@@TC DECL-OK	FnDecl	Library/FortressLibrary.fss:4216:1-26	errors=0
@@TC DECL-OK	FnDecl	Library/FortressLibrary.fss:4217:1-32	errors=0
@@TC DECL-OK	FnDecl	Library/FortressLibrary.fss:4218:1-37	errors=0
@@TC DECL-OK	FnDecl	Library/FortressLibrary.fss:4220:1-4227:6	errors=0
@@TC DECL-OK	FnDecl	Library/FortressLibrary.fss:4229:1-4234:6	errors=0
@@TC DECL-CRASH	FnDecl	Library/FortressLibrary.fss:4248:1-4261:4	java.lang.RuntimeException	com.sun.fortress.scala_src.types.TypeAnalyzer.$anonfun$typeCons$1(TypeAnalyzer.scala:723)	Not in the trait table: FortressBuiltin.Character FortressBuiltin.Character @ Compiler internal generated.:0:0
@@TC DECL-OK	FnDecl	Library/FortressLibrary.fss:4264:1-4265:1	errors=0
@@TC DECL-CRASH	FnDecl	Library/FortressLibrary.fss:4267:1-4272:2	java.lang.RuntimeException	com.sun.fortress.scala_src.types.TypeAnalyzer.$anonfun$typeCons$1(TypeAnalyzer.scala:723)	Not in the trait table: FortressBuiltin.Character FortressBuiltin.Character @ Compiler internal generated.:0:0
@@TC DECL-OK	FnDecl	Library/FortressLibrary.fss:4276:1-4280:88	errors=0
@@TC DECL-OK	FnDecl	Library/FortressLibrary.fss:4281:1-4285:88	errors=0
@@TC DECL-OK	FnDecl	Library/FortressLibrary.fss:4286:1-4288:76	errors=0
@@TC DECL-OK	FnDecl	Library/FortressLibrary.fss:4289:1-116	errors=0
@@TC DECL-OK	FnDecl	Library/FortressLibrary.fss:4290:1-117	errors=0
@@TC DECL-OK	FnDecl	Library/FortressLibrary.fss:4292:1-116	errors=0
@@TC DECL-OK	FnDecl	Library/FortressLibrary.fss:4293:1-4297:3	errors=0
@@TC DECL-OK	FnDecl	Library/FortressLibrary.fss:4299:1-4300:78	errors=0
@@TC DECL-OK	FnDecl	Library/FortressLibrary.fss:4302:1-65	errors=0
@@TC DECL-OK	FnDecl	Library/FortressLibrary.fss:4303:1-63	errors=0
@@TC DECL-OK	FnDecl	Library/FortressLibrary.fss:4304:1-65	errors=0
@@TC DECL-OK	FnDecl	Library/FortressLibrary.fss:4305:1-69	errors=0
@@TC DECL-OK	FnDecl	Library/FortressLibrary.fss:4306:1-71	errors=0
@@TC DECL-OK	FnDecl	Library/FortressLibrary.fss:4307:1-57	errors=0
@@TC DECL-OK	FnDecl	Library/FortressLibrary.fss:4308:1-64	errors=0
@@TC DECL-OK	FnDecl	Library/FortressLibrary.fss:4309:1-70	errors=0
@@TC DECL-OK	FnDecl	Library/FortressLibrary.fss:4310:1-4313:34	errors=0
@@TC DECL-OK	FnDecl	Library/FortressLibrary.fss:4315:1-4317:65	errors=0
@@TC DECL-OK	FnDecl	Library/FortressLibrary.fss:4319:1-4323:4	errors=0
@@TC DECL-OK	FnDecl	Library/FortressLibrary.fss:4325:1-4333:4	errors=1
@@TC DECL-OK	FnDecl	Library/FortressLibrary.fss:4335:1-4343:4	errors=1
@@TC DECL-OK	FnDecl	Library/FortressLibrary.fss:4345:1-4353:4	errors=1
@@TC DECL-OK	FnDecl	Library/FortressLibrary.fss:4355:1-4363:4	errors=1
@@TC DECL-OK	FnDecl	Library/FortressLibrary.fss:4365:1-4369:4	errors=2
@@TC DECL-OK	FnDecl	Library/FortressLibrary.fss:4371:1-4375:4	errors=0
@@TC DECL-OK	FnDecl	Library/FortressLibrary.fss:4377:1-4385:4	errors=2
@@TC DECL-OK	FnDecl	Library/FortressLibrary.fss:4387:1-4395:4	errors=2
@@TC DECL-OK	FnDecl	Library/FortressLibrary.fss:4397:1-4405:4	errors=2
@@TC DECL-OK	FnDecl	Library/FortressLibrary.fss:4407:1-4415:4	errors=2
@@TC DECL-OK	FnDecl	Library/FortressLibrary.fss:4417:1-4421:4	errors=3
@@TC DECL-OK	ObjectDecl	Library/FortressLibrary.fss:4423:1-4424:2	errors=0
@@TC DECL-OK	VarDecl	Library/FortressLibrary.fss:4430:1-39	errors=0
@@TC DECL-OK	FnDecl	Library/FortressLibrary.fss:4431:1-60	errors=0
@@TC DECL-OK	FnDecl	Library/FortressLibrary.fss:4432:1-4435:63	errors=0
@@TC DECL-OK	TraitDecl	Library/FortressLibrary.fss:4436:1-45	errors=0
@@TC DECL-OK	TraitDecl	Library/FortressLibrary.fss:4439:1-4491:2	errors=9
@@TC DECL-OK	TraitDecl	Library/FortressLibrary.fss:4494:1-4504:2	errors=5
@@TC DECL-OK	ObjectDecl	Library/FortressLibrary.fss:4507:1-4512:2	errors=1
@@TC DECL-OK	TraitDecl	Library/FortressLibrary.fss:4516:1-4530:2	errors=3
@@TC DECL-OK	ObjectDecl	Library/FortressLibrary.fss:4533:1-4536:2	errors=0
@@TC DECL-OK	FnDecl	Library/FortressLibrary.fss:4539:1-4541:50	errors=0
@@TC DECL-OK	ObjectDecl	Library/FortressLibrary.fss:4542:1-4546:2	errors=0
@@TC DECL-OK	FnDecl	Library/FortressLibrary.fss:4549:1-4555:2	errors=4
@@TC DECL-OK	FnDecl	Library/FortressLibrary.fss:4555:1-4559:2	errors=0
@@TC DECL-OK	FnDecl	Library/FortressLibrary.fss:4562:1-4566:2	errors=1
@@TC DECL-OK	FnDecl	Library/FortressLibrary.fss:4574:1-101	errors=1
@@TC DECL-OK	FnDecl	Library/FortressLibrary.fss:4575:1-101	errors=1
@@TC DECL-OK	FnDecl	Library/FortressLibrary.fss:4576:1-4579:88	errors=1
@@TC DECL-OK	FnDecl	Library/FortressLibrary.fss:4580:1-101	errors=1
@@TC DECL-OK	FnDecl	Library/FortressLibrary.fss:4581:1-105	errors=1
@@TC DECL-OK	FnDecl	Library/FortressLibrary.fss:4582:1-105	errors=1
@@TC DECL-OK	FnDecl	Library/FortressLibrary.fss:4583:1-105	errors=1
@@TC DECL-OK	FnDecl	Library/FortressLibrary.fss:4584:1-4585:1	errors=1
@@TC DECL-OK	FnDecl	Library/FortressLibrary.fss:383:5-32	errors=0
@@TC DECL-OK	FnDecl	Library/FortressLibrary.fss:548:5-33	errors=0
@@TC DECL-OK	FnDecl	Library/FortressLibrary.fss:549:5-33	errors=0
@@TC DECL-OK	FnDecl	Library/FortressLibrary.fss:550:5-33	errors=0
@@TC DECL-OK	FnDecl	Library/FortressLibrary.fss:551:5-33	errors=0
@@TC DECL-OK	FnDecl	Library/FortressLibrary.fss:552:5-31	errors=0
@@TC DECL-OK	FnDecl	Library/FortressLibrary.fss:763:5-30	errors=0
@@TC DECL-OK	FnDecl	Library/FortressLibrary.fss:764:5-38	errors=1
@@TC DECL-OK	FnDecl	Library/FortressLibrary.fss:847:5-30	errors=0
@@TC DECL-OK	FnDecl	Library/FortressLibrary.fss:911:5-28	errors=0
@@TC DECL-OK	FnDecl	Library/FortressLibrary.fss:912:5-28	errors=0
@@TC DECL-OK	FnDecl	Library/FortressLibrary.fss:913:5-43	errors=1
@@TC DECL-OK	FnDecl	Library/FortressLibrary.fss:914:5-917:8	errors=1
@@SC STAGE	component FortressLibrary	typecheck	errors=334
@@SC STAGE	component FortressLibrary	wellformed2	errors=286

This domain: Vector[\T,s0\]
Concrete methods and domains: List((Vector[\T,s0\].+(self:Vector[\T,s0\], v:Vector[\T,s0\]):Vector[\T,s0\],Vector[\T,s0\]))
More specific concrete methods and domains: List()
Domain union of List() is BottomType
Domain Vector[\T,s0\] is not a subtype of BottomType

This domain: Matrix[\T,s0,s1\]
Concrete methods and domains: List((Matrix[\T,s0,s1\].+(self:Matrix[\T,s0,s1\], v:Matrix[\T,s0,s1\]):Matrix[\T,s0,s1\],Matrix[\T,s0,s1\]))
More specific concrete methods and domains: List()
Domain union of List() is BottomType
Domain Matrix[\T,s0,s1\] is not a subtype of BottomType

This domain: Matrix[\T,s0,s1\]
Concrete methods and domains: List((Matrix[\T,s0,s1\].+(self:Matrix[\T,s0,s1\], v:Matrix[\T,s0,s1\]):Matrix[\T,s0,s1\],Matrix[\T,s0,s1\]))
More specific concrete methods and domains: List()
Domain union of List() is BottomType
Domain Matrix[\T,s0,s1\] is not a subtype of BottomType

This domain: (Any, Any)
Concrete methods and domains: List((MaxReduction[\T\].simpleJoin(a:T, b:T):T,(T, T)))
More specific concrete methods and domains: List((MaxReduction[\T\].simpleJoin(a:T, b:T):T,(T, T)))
Domain union of List((T, T)) is (T, T)
Domain (Any, Any) is not a subtype of (T, T)

This domain: (Reduction[\R\], PossibleReductionPair[\R\]->R)
Concrete methods and domains: List((Condition[\E\].generate[\G extends Object\](r:Reduction[\G\], body:E->G):G,(Reduction[\G\], PossibleReductionPair[\R\]->G)))
More specific concrete methods and domains: List()
Domain union of List() is BottomType
Domain (Reduction[\R\], PossibleReductionPair[\R\]->R) is not a subtype of BottomType

This domain: (Any, Any)
Concrete methods and domains: List((MinMaxReduction[\T\].simpleJoin(a:(T, T), b:(T, T)):(T, T),((T, T), (T, T))))
More specific concrete methods and domains: List((MinMaxReduction[\T\].simpleJoin(a:(T, T), b:(T, T)):(T, T),((T, T), (T, T))))
Domain union of List(((T, T), (T, T))) is ((T, T), (T, T))
Domain (Any, Any) is not a subtype of ((T, T), (T, T))

This domain: (Any, Any)
Concrete methods and domains: List((TupleMinMaxReduction[\T,U\].simpleJoin(a:(T, U), b:(T, U)):(T, U),((T, U), (T, U))))
More specific concrete methods and domains: List((TupleMinMaxReduction[\T,U\].simpleJoin(a:(T, U), b:(T, U)):(T, U),((T, U), (T, U))))
Domain union of List(((T, U), (T, U))) is ((T, U), (T, U))
Domain (Any, Any) is not a subtype of ((T, U), (T, U))

This domain: (Any, Any)
Concrete methods and domains: List((TupleMaxMaxReduction[\T,U\].simpleJoin(a:(T, U), b:(T, U)):(T, U),((T, U), (T, U))))
More specific concrete methods and domains: List((TupleMaxMaxReduction[\T,U\].simpleJoin(a:(T, U), b:(T, U)):(T, U),((T, U), (T, U))))
Domain union of List(((T, U), (T, U))) is ((T, U), (T, U))
Domain (Any, Any) is not a subtype of ((T, U), (T, U))

This domain: (Any, Any)
Concrete methods and domains: List((NewlineReduction.simpleJoin(a:String, b:String):String,(String, String)))
More specific concrete methods and domains: List((NewlineReduction.simpleJoin(a:String, b:String):String,(String, String)))
Domain union of List((String, String)) is (String, String)
Domain (Any, Any) is not a subtype of (String, String)

This domain: (Any, Any)
Concrete methods and domains: List((TupleMinMinReduction[\T,U\].simpleJoin(a:(T, U), b:(T, U)):(T, U),((T, U), (T, U))))
More specific concrete methods and domains: List((TupleMinMinReduction[\T,U\].simpleJoin(a:(T, U), b:(T, U)):(T, U),((T, U), (T, U))))
Domain union of List(((T, U), (T, U))) is ((T, U), (T, U))
Domain (Any, Any) is not a subtype of ((T, U), (T, U))

This domain: (Any, Any)
Concrete methods and domains: List((TupleMaxMinReduction[\T,U\].simpleJoin(a:(T, U), b:(T, U)):(T, U),((T, U), (T, U))))
More specific concrete methods and domains: List((TupleMaxMinReduction[\T,U\].simpleJoin(a:(T, U), b:(T, U)):(T, U),((T, U), (T, U))))
Domain union of List(((T, U), (T, U))) is ((T, U), (T, U))
Domain (Any, Any) is not a subtype of ((T, U), (T, U))

This domain: (Any, Any)
Concrete methods and domains: List((MinReduction[\T\].simpleJoin(a:T, b:T):T,(T, T)))
More specific concrete methods and domains: List((MinReduction[\T\].simpleJoin(a:T, b:T):T,(T, T)))
Domain union of List((T, T)) is (T, T)
Domain (Any, Any) is not a subtype of (T, T)
@@SC STAGE	component FortressLibrary	overloading	errors=223
@@SC STAGE	component FortressLibrary	export	errors=2
@@SC STAGE	component FortressLibrary	variance	errors=0
@@TC COMPONENT	FortressLibrary	errors=3024
@@TC COMPONENTS-NOT-SUCCESSFUL	3024 errors kept
### done Library/FortressLibrary.fss rc=0 seconds=997
### target Library/RangeInternals.fss componentOnly=true
@@SC STAGE	component RangeInternals	hierarchy	errors=0
@@SC STAGE	component RangeInternals	apiextract	errors=0
@@SC STAGE	component RangeInternals	acyclic	errors=0
@@SC STAGE	component RangeInternals	wellformed1	errors=112
@@TC DECL-OK	VarDecl	Library/RangeInternals.fss:16:1-29:52	errors=0
@@TC DECL-OK	FnDecl	Library/RangeInternals.fss:30:1-37:35	errors=0
@@TC DECL-OK	FnDecl	Library/RangeInternals.fss:38:1-39:55	errors=1
@@TC DECL-OK	FnDecl	Library/RangeInternals.fss:40:1-41:46	errors=0
@@TC DECL-OK	FnDecl	Library/RangeInternals.fss:42:1-43:55	errors=1
@@TC DECL-OK	FnDecl	Library/RangeInternals.fss:44:1-50:11	errors=0
@@TC DECL-OK	FnDecl	Library/RangeInternals.fss:51:1-53:50	errors=0
@@TC DECL-OK	FnDecl	Library/RangeInternals.fss:55:1-57:48	errors=0
@@TC DECL-OK	FnDecl	Library/RangeInternals.fss:60:1-80:6	errors=0
@@TC DECL-OK	FnDecl	Library/RangeInternals.fss:87:1-97:6	errors=5
@@TC DECL-OK	FnDecl	Library/RangeInternals.fss:99:1-102:4	errors=0
@@TC DECL-OK	FnDecl	Library/RangeInternals.fss:104:1-108:4	errors=1
@@TC DECL-OK	FnDecl	Library/RangeInternals.fss:112:1-68	errors=0
@@TC DECL-OK	FnDecl	Library/RangeInternals.fss:114:1-117:4	errors=0
@@TC DECL-OK	FnDecl	Library/RangeInternals.fss:119:1-123:4	errors=1
@@TC DECL-OK	FnDecl	Library/RangeInternals.fss:127:1-140:4	errors=2
@@TC DECL-OK	TraitDecl	Library/RangeInternals.fss:146:1-164:2	errors=3
@@TC DECL-OK	FnDecl	Library/RangeInternals.fss:166:1-168:75	errors=0
@@TC DECL-OK	TraitDecl	Library/RangeInternals.fss:170:1-211:2	errors=5
@@TC DECL-OK	TraitDecl	Library/RangeInternals.fss:213:1-224:2	errors=2
@@TC DECL-OK	FnDecl	Library/RangeInternals.fss:226:1-228:75	errors=0
@@TC DECL-OK	TraitDecl	Library/RangeInternals.fss:230:1-280:2	errors=5
@@TC DECL-OK	TraitDecl	Library/RangeInternals.fss:282:1-299:2	errors=2
@@TC DECL-OK	TraitDecl	Library/RangeInternals.fss:301:1-303:2	errors=0
@@TC DECL-OK	ObjectDecl	Library/RangeInternals.fss:305:1-330:2	errors=7
@@TC DECL-OK	FnDecl	Library/RangeInternals.fss:332:1-334:43	errors=0
@@TC DECL-OK	ObjectDecl	Library/RangeInternals.fss:336:1-347:2	errors=3
@@TC DECL-OK	FnDecl	Library/RangeInternals.fss:349:1-351:55	errors=0
@@TC DECL-OK	ObjectDecl	Library/RangeInternals.fss:353:1-366:2	errors=4
@@TC DECL-OK	FnDecl	Library/RangeInternals.fss:368:1-82	errors=1
@@TC DECL-OK	TraitDecl	Library/RangeInternals.fss:370:1-372:2	errors=0
@@TC DECL-OK	ObjectDecl	Library/RangeInternals.fss:377:1-456:2	errors=42
@@TC DECL-OK	FnDecl	Library/RangeInternals.fss:458:1-459:89	errors=1
@@TC DECL-OK	FnDecl	Library/RangeInternals.fss:461:1-463:57	errors=0
@@TC DECL-OK	ObjectDecl	Library/RangeInternals.fss:465:1-483:2	errors=3
@@TC DECL-OK	FnDecl	Library/RangeInternals.fss:485:1-487:75	errors=0
@@TC DECL-OK	ObjectDecl	Library/RangeInternals.fss:489:1-507:2	errors=4
@@TC DECL-OK	TraitDecl	Library/RangeInternals.fss:509:1-551:2	errors=30
@@TC DECL-OK	TraitDecl	Library/RangeInternals.fss:553:1-561:2	errors=1
@@TC DECL-OK	ObjectDecl	Library/RangeInternals.fss:563:1-605:2	errors=11
@@TC DECL-OK	FnDecl	Library/RangeInternals.fss:607:1-115	errors=1
@@TC DECL-OK	FnDecl	Library/RangeInternals.fss:609:1-610:49	errors=0
@@TC DECL-OK	FnDecl	Library/RangeInternals.fss:612:1-614:67	errors=0
@@TC DECL-OK	ObjectDecl	Library/RangeInternals.fss:616:1-639:2	errors=2
@@TC DECL-OK	FnDecl	Library/RangeInternals.fss:641:1-643:91	errors=0
@@TC DECL-OK	ObjectDecl	Library/RangeInternals.fss:645:1-669:2	errors=4
@@TC DECL-OK	TraitDecl	Library/RangeInternals.fss:671:1-679:2	errors=1
@@TC DECL-OK	ObjectDecl	Library/RangeInternals.fss:681:1-724:2	errors=22
@@TC DECL-OK	FnDecl	Library/RangeInternals.fss:726:1-727:45	errors=1
@@TC DECL-OK	FnDecl	Library/RangeInternals.fss:729:1-730:50	errors=0
@@TC DECL-OK	FnDecl	Library/RangeInternals.fss:732:1-734:70	errors=0
@@TC DECL-OK	ObjectDecl	Library/RangeInternals.fss:736:1-759:2	errors=2
@@TC DECL-OK	FnDecl	Library/RangeInternals.fss:761:1-763:95	errors=0
@@TC DECL-OK	ObjectDecl	Library/RangeInternals.fss:765:1-789:2	errors=4
@@TC DECL-OK	TraitDecl	Library/RangeInternals.fss:791:1-894:2	errors=21
@@TC DECL-OK	TraitDecl	Library/RangeInternals.fss:896:1-931:2	errors=3
@@TC DECL-OK	FnDecl	Library/RangeInternals.fss:933:1-67	errors=0
@@TC DECL-OK	TraitDecl	Library/RangeInternals.fss:936:1-982:2	errors=5
@@TC DECL-OK	TraitDecl	Library/RangeInternals.fss:984:1-1011:2	errors=7
@@TC DECL-OK	ObjectDecl	Library/RangeInternals.fss:1013:1-1057:2	errors=2
@@TC DECL-OK	ObjectDecl	Library/RangeInternals.fss:1059:1-1084:2	errors=2
@@TC DECL-OK	FnDecl	Library/RangeInternals.fss:1086:1-1088:80	errors=0
@@TC DECL-OK	ObjectDecl	Library/RangeInternals.fss:1090:1-1117:2	errors=4
@@TC DECL-OK	FnDecl	Library/RangeInternals.fss:1119:1-1121:107	errors=0
@@TC DECL-OK	ObjectDecl	Library/RangeInternals.fss:1123:1-1153:2	errors=4
@@TC DECL-OK	TraitDecl	Library/RangeInternals.fss:1155:1-1181:2	errors=10
@@TC DECL-OK	ObjectDecl	Library/RangeInternals.fss:1183:1-1282:2	errors=8
@@TC DECL-OK	ObjectDecl	Library/RangeInternals.fss:1284:1-1325:2	errors=5
@@TC DECL-OK	FnDecl	Library/RangeInternals.fss:1328:1-1331:48	errors=0
@@TC DECL-OK	ObjectDecl	Library/RangeInternals.fss:1333:1-1361:2	errors=9
@@TC DECL-OK	FnDecl	Library/RangeInternals.fss:1363:1-1366:58	errors=0
@@TC DECL-OK	ObjectDecl	Library/RangeInternals.fss:1368:1-1392:4	errors=5
@@TC DECL-OK	FnDecl	Library/RangeInternals.fss:1395:1-1397:59	errors=1
@@TC DECL-OK	FnDecl	Library/RangeInternals.fss:1399:1-1400:70	errors=0
@@TC DECL-OK	FnDecl	Library/RangeInternals.fss:1402:1-1408:6	errors=1
@@TC DECL-OK	FnDecl	Library/RangeInternals.fss:1410:1-1416:6	errors=1
@@TC DECL-OK	FnDecl	Library/RangeInternals.fss:1418:1-1421:53	errors=1
@@TC DECL-OK	FnDecl	Library/RangeInternals.fss:1422:1-1423:46	errors=1
@@TC DECL-OK	FnDecl	Library/RangeInternals.fss:1424:1-1426:54	errors=2
@@TC DECL-OK	FnDecl	Library/RangeInternals.fss:1427:1-1432:54	errors=3
@@TC DECL-OK	FnDecl	Library/RangeInternals.fss:1433:1-125	errors=0
@@TC DECL-OK	FnDecl	Library/RangeInternals.fss:1434:1-1436:44	errors=0
@@TC DECL-OK	FnDecl	Library/RangeInternals.fss:1437:1-1439:54	errors=0
@@TC DECL-OK	FnDecl	Library/RangeInternals.fss:1441:1-87	errors=1
@@TC DECL-OK	FnDecl	Library/RangeInternals.fss:1442:1-1443:52	errors=1
@@TC DECL-OK	FnDecl	Library/RangeInternals.fss:1444:1-1446:38	errors=1
@@TC DECL-OK	FnDecl	Library/RangeInternals.fss:1448:1-1454:6	errors=2
@@TC DECL-OK	FnDecl	Library/RangeInternals.fss:1455:1-1463:6	errors=2
@@TC DECL-OK	FnDecl	Library/RangeInternals.fss:1464:1-1473:6	errors=2
@@TC DECL-OK	FnDecl	Library/RangeInternals.fss:1475:1-90	errors=1
@@TC DECL-OK	FnDecl	Library/RangeInternals.fss:1476:1-1477:54	errors=1
@@TC DECL-OK	FnDecl	Library/RangeInternals.fss:1478:1-1480:39	errors=1
@@TC DECL-OK	FnDecl	Library/RangeInternals.fss:1482:1-1483:50	errors=1
@@TC DECL-OK	FnDecl	Library/RangeInternals.fss:1484:1-1485:46	errors=1
@@TC DECL-OK	FnDecl	Library/RangeInternals.fss:1486:1-1487:85	errors=1
@@TC DECL-OK	FnDecl	Library/RangeInternals.fss:1489:1-85	errors=0
@@TC DECL-OK	FnDecl	Library/RangeInternals.fss:1490:1-1491:48	errors=0
@@TC DECL-OK	FnDecl	Library/RangeInternals.fss:1492:1-1494:32	errors=0
@@SC STAGE	component RangeInternals	typecheck	errors=282
@@SC STAGE	component RangeInternals	wellformed2	errors=243

This domain: Range[\(I, J, K)\]
Concrete methods and domains: List((RangeInternals.Range3D[\I,J,K\].CAP(self:RangeInternals.Range3D[\I,J,K\], other:Range[\(I, J, K)\]):Range[\(I, J, K)\],Range[\(I, J, K)\]), (RangeInternals.Range3D[\I,J,K\].CAP(self:RangeInternals.Range3D[\I,J,K\], other:RangeInternals.Range3D[\I,J,K\]):Range[\(I, J, K)\],RangeInternals.Range3D[\I,J,K\]))
More specific concrete methods and domains: List()
Domain union of List() is BottomType
Domain Range[\(I, J, K)\] is not a subtype of BottomType

This domain: Range[\I\]
Concrete methods and domains: List((RangeInternals.ScalarRange[\I\].CAP(self:RangeInternals.ScalarRange[\I\], other:Range[\I\]):Range[\I\],Range[\I\]), (RangeInternals.ExtentScalarRange[\I\].CAP(self:RangeInternals.ExtentScalarRange[\I\], other:Range[\I\]):RangeInternals.ScalarRangeWithExtent[\I\],Range[\I\]))
More specific concrete methods and domains: List((RangeInternals.ScalarRange[\I\].CAP(self:RangeInternals.ScalarRange[\I\], other:Range[\I\]):Range[\I\],Range[\I\]), (RangeInternals.ExtentScalarRange[\I\].CAP(self:RangeInternals.ExtentScalarRange[\I\], other:Range[\I\]):RangeInternals.ScalarRangeWithExtent[\I\],Range[\I\]))
Domain union of List(Range[\I\], Range[\I\]) is OR(Range[\I$39535$39536\],Range[\I$39537\])
Domain Range[\I\] is not a subtype of OR(Range[\I$39535$39536\],Range[\I$39537\])

This domain: Range[\I\]
Concrete methods and domains: List((RangeInternals.OpenScalarRange[\I\].CAP(self:RangeInternals.OpenScalarRange[\I\], other:RangeInternals.ScalarRange[\I\]):RangeInternals.ScalarRange[\I\],RangeInternals.ScalarRange[\I\]), (RangeInternals.ScalarRange[\I\].CAP(self:RangeInternals.ScalarRange[\I\], other:Range[\I\]):Range[\I\],Range[\I\]))
More specific concrete methods and domains: List((RangeInternals.OpenScalarRange[\I\].CAP(self:RangeInternals.OpenScalarRange[\I\], other:RangeInternals.ScalarRange[\I\]):RangeInternals.ScalarRange[\I\],RangeInternals.ScalarRange[\I\]), (RangeInternals.ScalarRange[\I\].CAP(self:RangeInternals.ScalarRange[\I\], other:Range[\I\]):Range[\I\],Range[\I\]))
Domain union of List(RangeInternals.ScalarRange[\I\], Range[\I\]) is OR(RangeInternals.ScalarRange[\I$39561$39562\],Range[\I$39563\])
Domain Range[\I\] is not a subtype of OR(RangeInternals.ScalarRange[\I$39561$39562\],Range[\I$39563\])

This domain: I
Concrete methods and domains: List((RangeInternals.LeftScalarRange[\I\].IN(n:I, self:RangeInternals.LeftScalarRange[\I\]):Boolean,I))
More specific concrete methods and domains: List((RangeInternals.LeftScalarRange[\I\].IN(n:I, self:RangeInternals.LeftScalarRange[\I\]):Boolean,I))
Domain union of List(I) is I$39594
Domain I is not a subtype of I$39594

This domain: I
Concrete methods and domains: List((RangeInternals.LeftScalarRange[\I\].IN(n:I, self:RangeInternals.LeftScalarRange[\I\]):Boolean,I))
More specific concrete methods and domains: List((RangeInternals.LeftScalarRange[\I\].IN(n:I, self:RangeInternals.LeftScalarRange[\I\]):Boolean,I))
Domain union of List(I) is I$39597
Domain I is not a subtype of I$39597

This domain: (I, J, K)
Concrete methods and domains: List((RangeInternals.Range3D[\I,J,K\].IN(n:(I, J, K), self:RangeInternals.Range3D[\I,J,K\]):Boolean,(I, J, K)))
More specific concrete methods and domains: List()
Domain union of List() is BottomType
Domain (I, J, K) is not a subtype of BottomType

This domain: (I, J, K)
Concrete methods and domains: List((RangeInternals.Range3D[\I,J,K\].IN(n:(I, J, K), self:RangeInternals.Range3D[\I,J,K\]):Boolean,(I, J, K)))
More specific concrete methods and domains: List()
Domain union of List() is BottomType
Domain (I, J, K) is not a subtype of BottomType

This domain: (I, J)
Concrete methods and domains: List((RangeInternals.Range2D[\I,J\].IN(n:(I, J), self:RangeInternals.Range2D[\I,J\]):Boolean,(I, J)))
More specific concrete methods and domains: List()
Domain union of List() is BottomType
Domain (I, J) is not a subtype of BottomType

This domain: (I, J)
Concrete methods and domains: List((RangeInternals.Range2D[\I,J\].IN(n:(I, J), self:RangeInternals.Range2D[\I,J\]):Boolean,(I, J)))
More specific concrete methods and domains: List()
Domain union of List() is BottomType
Domain (I, J) is not a subtype of BottomType

This domain: Range[\(I, J)\]
Concrete methods and domains: List((RangeInternals.Range2D[\I,J\].CAP(self:RangeInternals.Range2D[\I,J\], other:Range[\(I, J)\]):Range[\(I, J)\],Range[\(I, J)\]), (RangeInternals.Range2D[\I,J\].CAP(self:RangeInternals.Range2D[\I,J\], other:RangeInternals.Range2D[\I,J\]):Range[\(I, J)\],RangeInternals.Range2D[\I,J\]))
More specific concrete methods and domains: List()
Domain union of List() is BottomType
Domain Range[\(I, J)\] is not a subtype of BottomType

This domain: ()
Concrete methods and domains: List()
More specific concrete methods and domains: List()
Domain union of List() is BottomType
Domain () is not a subtype of BottomType

This domain: Range[\(I, J)\]
Concrete methods and domains: List((RangeInternals.Range2D[\I,J\].CAP(self:RangeInternals.Range2D[\I,J\], other:RangeInternals.Range2D[\I,J\]):Range[\(I, J)\],RangeInternals.Range2D[\I,J\]), (RangeInternals.Range2D[\I,J\].CAP(self:RangeInternals.Range2D[\I,J\], other:Range[\(I, J)\]):Range[\(I, J)\],Range[\(I, J)\]))
More specific concrete methods and domains: List()
Domain union of List() is BottomType
Domain Range[\(I, J)\] is not a subtype of BottomType

This domain: (I, J)
Concrete methods and domains: List((RangeInternals.Range2D[\I,J\].IN(n:(I, J), self:RangeInternals.Range2D[\I,J\]):Boolean,(I, J)))
More specific concrete methods and domains: List()
Domain union of List() is BottomType
Domain (I, J) is not a subtype of BottomType

This domain: (I, J)
Concrete methods and domains: List((RangeInternals.Range2D[\I,J\].IN(n:(I, J), self:RangeInternals.Range2D[\I,J\]):Boolean,(I, J)))
More specific concrete methods and domains: List()
Domain union of List() is BottomType
Domain (I, J) is not a subtype of BottomType

This domain: (I, J, K)
Concrete methods and domains: List((RangeInternals.Range3D[\I,J,K\].IN(n:(I, J, K), self:RangeInternals.Range3D[\I,J,K\]):Boolean,(I, J, K)))
More specific concrete methods and domains: List()
Domain union of List() is BottomType
Domain (I, J, K) is not a subtype of BottomType

This domain: (I, J, K)
Concrete methods and domains: List((RangeInternals.Range3D[\I,J,K\].IN(n:(I, J, K), self:RangeInternals.Range3D[\I,J,K\]):Boolean,(I, J, K)))
More specific concrete methods and domains: List()
Domain union of List() is BottomType
Domain (I, J, K) is not a subtype of BottomType

This domain: ()
Concrete methods and domains: List()
More specific concrete methods and domains: List()
Domain union of List() is BottomType
Domain () is not a subtype of BottomType

This domain: Range[\(I, J, K)\]
Concrete methods and domains: List((RangeInternals.Range3D[\I,J,K\].CAP(self:RangeInternals.Range3D[\I,J,K\], other:Range[\(I, J, K)\]):Range[\(I, J, K)\],Range[\(I, J, K)\]), (RangeInternals.Range3D[\I,J,K\].CAP(self:RangeInternals.Range3D[\I,J,K\], other:RangeInternals.Range3D[\I,J,K\]):Range[\(I, J, K)\],RangeInternals.Range3D[\I,J,K\]))
More specific concrete methods and domains: List()
Domain union of List() is BottomType
Domain Range[\(I, J, K)\] is not a subtype of BottomType
@@SC STAGE	component RangeInternals	overloading	errors=39
@@SC STAGE	component RangeInternals	export	errors=2
@@SC STAGE	component RangeInternals	variance	errors=0
@@TC COMPONENT	RangeInternals	errors=2034
@@TC COMPONENTS-NOT-SUCCESSFUL	2034 errors kept
### done Library/RangeInternals.fss rc=0 seconds=275
### target ProjectFortress/LibraryBuiltin/FortressBuiltin.fss componentOnly=true
@@SC STAGE	component FortressBuiltin	hierarchy	errors=0
@@SC STAGE	component FortressBuiltin	apiextract	errors=0
@@SC STAGE	component FortressBuiltin	acyclic	errors=0
@@SC STAGE	component FortressBuiltin	wellformed1	errors=2
@@TC DECL-OK	VarDecl	ProjectFortress/LibraryBuiltin/FortressBuiltin.fss:15:1-23	errors=0
@@TC DECL-OK	VarDecl	ProjectFortress/LibraryBuiltin/FortressBuiltin.fss:16:1-33:3	errors=0
@@TC DECL-OK	FnDecl	ProjectFortress/LibraryBuiltin/FortressBuiltin.fss:34:1-35:72	errors=0
@@TC DECL-CRASH	TraitDecl	ProjectFortress/LibraryBuiltin/FortressBuiltin.fss:37:1-52:2	java.lang.RuntimeException	com.sun.fortress.scala_src.types.TypeAnalyzer.$anonfun$typeCons$1(TypeAnalyzer.scala:723)	Not in the trait table: FortressBuiltin.Character FortressBuiltin.Character @ Compiler internal generated.:0:0
@@TC DECL-OK	ObjectDecl	ProjectFortress/LibraryBuiltin/FortressBuiltin.fss:54:1-192:2	errors=0
@@TC DECL-OK	ObjectDecl	ProjectFortress/LibraryBuiltin/FortressBuiltin.fss:194:1-201:2	errors=0
@@TC DECL-OK	ObjectDecl	ProjectFortress/LibraryBuiltin/FortressBuiltin.fss:203:1-367:2	errors=3
@@TC DECL-OK	ObjectDecl	ProjectFortress/LibraryBuiltin/FortressBuiltin.fss:369:1-376:2	errors=0
@@TC DECL-OK	ObjectDecl	ProjectFortress/LibraryBuiltin/FortressBuiltin.fss:378:1-385:2	errors=0
@@TC DECL-OK	ObjectDecl	ProjectFortress/LibraryBuiltin/FortressBuiltin.fss:387:1-457:2	errors=0
@@TC DECL-OK	ObjectDecl	ProjectFortress/LibraryBuiltin/FortressBuiltin.fss:459:1-468:2	errors=2
@@TC DECL-OK	ObjectDecl	ProjectFortress/LibraryBuiltin/FortressBuiltin.fss:470:1-535:2	errors=2
@@TC DECL-OK	ObjectDecl	ProjectFortress/LibraryBuiltin/FortressBuiltin.fss:537:1-544:2	errors=0
@@TC DECL-OK	ObjectDecl	ProjectFortress/LibraryBuiltin/FortressBuiltin.fss:547:1-579:2	errors=1
@@TC DECL-OK	FnDecl	ProjectFortress/LibraryBuiltin/FortressBuiltin.fss:581:1-60	errors=0
@@TC DECL-CRASH	ObjectDecl	ProjectFortress/LibraryBuiltin/FortressBuiltin.fss:583:1-695:2	java.lang.RuntimeException	com.sun.fortress.scala_src.types.TypeAnalyzer.$anonfun$typeCons$1(TypeAnalyzer.scala:723)	Not in the trait table: FortressBuiltin.Character FortressBuiltin.Character @ Compiler internal generated.:0:0
@@TC DECL-OK	ObjectDecl	ProjectFortress/LibraryBuiltin/FortressBuiltin.fss:697:1-706:2	errors=0
@@TC DECL-OK	FnDecl	ProjectFortress/LibraryBuiltin/FortressBuiltin.fss:708:1-85	errors=0
@@SC STAGE	component FortressBuiltin	typecheck	errors=8
@@SC STAGE	component FortressBuiltin	wellformed2	errors=5
@@SC STAGE	component FortressBuiltin	overloading	errors=0
@@SC STAGE	component FortressBuiltin	export	errors=1
@@SC STAGE	component FortressBuiltin	variance	errors=0
@@TC COMPONENT	FortressBuiltin	errors=48
@@TC COMPONENTS-NOT-SUCCESSFUL	48 errors kept
### done ProjectFortress/LibraryBuiltin/FortressBuiltin.fss rc=0 seconds=15
### target ProjectFortress/LibraryBuiltin/NativeArray.fss componentOnly=true
@@SC STAGE	component NativeArray	hierarchy	errors=0
@@SC STAGE	component NativeArray	apiextract	errors=0
@@SC STAGE	component NativeArray	acyclic	errors=0
@@SC STAGE	component NativeArray	wellformed1	errors=0
@@TC DECL-OK	VarDecl	ProjectFortress/LibraryBuiltin/NativeArray.fss:15:1-23	errors=0
@@TC DECL-OK	VarDecl	ProjectFortress/LibraryBuiltin/NativeArray.fss:16:1-57	errors=0
@@TC DECL-OK	ObjectDecl	ProjectFortress/LibraryBuiltin/NativeArray.fss:18:1-30:2	errors=0
@@TC DECL-OK	ObjectDecl	ProjectFortress/LibraryBuiltin/NativeArray.fss:32:1-41:2	errors=0
@@TC DECL-OK	ObjectDecl	ProjectFortress/LibraryBuiltin/NativeArray.fss:43:1-52:2	errors=0
@@SC STAGE	component NativeArray	typecheck	errors=0
@@SC STAGE	component NativeArray	wellformed2	errors=0
@@SC STAGE	component NativeArray	overloading	errors=6
@@SC STAGE	component NativeArray	export	errors=0
@@SC STAGE	component NativeArray	variance	errors=0
@@TC COMPONENT	NativeArray	errors=18
@@TC COMPONENTS-NOT-SUCCESSFUL	18 errors kept
### done ProjectFortress/LibraryBuiltin/NativeArray.fss rc=0 seconds=10
### target Library/List.fss componentOnly=true
@@TC API	OneShotFlag	errors=0
@@TC API	CovariantCollection	errors=0
@@SC STAGE	component List	hierarchy	errors=0
@@SC STAGE	component List	apiextract	errors=0
@@SC STAGE	component List	acyclic	errors=0
@@SC STAGE	component List	wellformed1	errors=6
@@TC DECL-OK	VarDecl	Library/List.fss:70:1-21	errors=0
@@TC DECL-OK	FnDecl	Library/List.fss:72:1-50	errors=1
@@TC DECL-OK	FnDecl	Library/List.fss:74:1-82:6	errors=1
@@TC DECL-OK	TraitDecl	Library/List.fss:86:1-91:2	errors=3
@@TC DECL-OK	FnDecl	Library/List.fss:93:1-100:6	errors=1
@@TC DECL-OK	FnDecl	Library/List.fss:102:1-103:61	errors=1
@@TC DECL-OK	FnDecl	Library/List.fss:105:1-111:32	errors=1
@@TC DECL-OK	TraitDecl	Library/List.fss:112:1-173:2	errors=3
@@TC DECL-OK	FnDecl	Library/List.fss:176:1-45	errors=1
@@TC DECL-OK	FnDecl	Library/List.fss:177:1-178:87	errors=1
@@TC DECL-OK	FnDecl	Library/List.fss:179:1-180:80	errors=0
@@TC DECL-OK	FnDecl	Library/List.fss:182:1-183:52	errors=0
@@TC DECL-OK	FnDecl	Library/List.fss:184:1-188:21	errors=0
@@TC DECL-OK	FnDecl	Library/List.fss:189:1-190:56	errors=0
@@TC DECL-OK	FnDecl	Library/List.fss:191:1-197:4	errors=0
@@TC DECL-OK	FnDecl	Library/List.fss:198:1-203:6	errors=0
@@TC DECL-OK	FnDecl	Library/List.fss:204:1-206:50	errors=0
@@TC DECL-OK	FnDecl	Library/List.fss:207:1-228:4	errors=1
@@TC DECL-OK	ObjectDecl	Library/List.fss:231:1-235:2	errors=0
@@TC DECL-OK	ObjectDecl	Library/List.fss:238:1-242:2	errors=0
@@TC DECL-OK	ObjectDecl	Library/List.fss:245:1-249:2	errors=0
@@TC DECL-OK	ObjectDecl	Library/List.fss:251:1-477:2	errors=11
@@TC DECL-OK	FnDecl	Library/List.fss:479:1-480:54	errors=0
@@TC DECL-OK	FnDecl	Library/List.fss:482:1-486:72	errors=0
@@TC DECL-OK	FnDecl	Library/List.fss:487:1-488:68	errors=0
@@TC DECL-OK	FnDecl	Library/List.fss:490:1-51	errors=1
@@TC DECL-OK	FnDecl	Library/List.fss:492:1-496:4	errors=0
@@TC DECL-OK	FnDecl	Library/List.fss:498:1-499:65	errors=7
@@SC STAGE	component List	typecheck	errors=33
@@SC STAGE	component List	wellformed2	errors=20
@@SC STAGE	component List	overloading	errors=0
@@SC STAGE	component List	export	errors=2
@@SC STAGE	component List	variance	errors=0
@@TC COMPONENT	List	errors=183
@@TC COMPONENTS-NOT-SUCCESSFUL	183 errors kept
### done Library/List.fss rc=0 seconds=57
### target Library/String.fss componentOnly=true
@@SC STAGE	component String	hierarchy	errors=0
@@SC STAGE	component String	apiextract	errors=0
@@SC STAGE	component String	acyclic	errors=0
@@SC STAGE	component String	wellformed1	errors=5
@@TC DECL-OK	VarDecl	Library/String.fss:20:3-27:4	errors=0
@@TC DECL-OK	TraitDecl	Library/String.fss:33:3-39:17	errors=0
@@TC DECL-OK	TraitDecl	Library/String.fss:41:3-45:16	errors=0
@@TC DECL-OK	FnDecl	Library/String.fss:53:5-59:8	errors=0
@@TC DECL-OK	FnDecl	Library/String.fss:61:5-71:8	errors=0
@@TC DECL-OK	ObjectDecl	Library/String.fss:75:3-169:14	errors=38
@@TC DECL-OK	ObjectDecl	Library/String.fss:171:3-258:20	errors=4
@@TC DECL-OK	ObjectDecl	Library/String.fss:260:3-264:20	errors=0
@@TC DECL-OK	ObjectDecl	Library/String.fss:270:3-320:16	errors=2
@@TC DECL-CRASH	FnDecl	Library/String.fss:322:1-332:2	java.lang.RuntimeException	com.sun.fortress.scala_src.types.TypeAnalyzer.$anonfun$typeCons$1(TypeAnalyzer.scala:723)	Not in the trait table: FortressBuiltin.Character FortressBuiltin.Character @ Compiler internal generated.:0:0
@@TC DECL-OK	ObjectDecl	Library/String.fss:338:3-492:14	errors=29
@@TC DECL-OK	ObjectDecl	Library/String.fss:494:3-535:16	errors=6
@@TC DECL-OK	FnDecl	Library/String.fss:537:3-553:4	errors=0
@@TC DECL-OK	VarDecl	Library/String.fss:555:3-30	errors=0
@@TC DECL-OK	VarDecl	Library/String.fss:557:3-33	errors=0
@@TC DECL-OK	VarDecl	Library/String.fss:558:3-45	errors=0
@@SC STAGE	component String	typecheck	errors=79
@@SC STAGE	component String	wellformed2	errors=16
@@SC STAGE	component String	overloading	errors=2
@@SC STAGE	component String	export	errors=1
@@SC STAGE	component String	variance	errors=0
@@TC COMPONENT	String	errors=309
@@TC COMPONENTS-NOT-SUCCESSFUL	309 errors kept
### done Library/String.fss rc=0 seconds=60
### target Library/FlatString.fss componentOnly=true
@@SC STAGE	component FlatString	hierarchy	errors=0
@@SC STAGE	component FlatString	apiextract	errors=0
@@SC STAGE	component FlatString	acyclic	errors=0
@@SC STAGE	component FlatString	wellformed1	errors=2
@@TC DECL-OK	VarDecl	Library/FlatString.fss:20:1-23	errors=0
@@TC DECL-OK	VarDecl	Library/FlatString.fss:21:1-57	errors=0
@@TC DECL-OK	VarDecl	Library/FlatString.fss:23:1-40	errors=0
@@TC DECL-OK	FnDecl	Library/FlatString.fss:25:1-26:75	errors=0
@@TC DECL-OK	FnDecl	Library/FlatString.fss:28:1-32:4	errors=1
@@TC DECL-OK	ObjectDecl	Library/FlatString.fss:34:1-151:13	errors=4
@@SC STAGE	component FlatString	typecheck	errors=5
@@SC STAGE	component FlatString	wellformed2	errors=2
@@SC STAGE	component FlatString	overloading	errors=2
@@SC STAGE	component FlatString	export	errors=1
@@SC STAGE	component FlatString	variance	errors=0
@@TC COMPONENT	FlatString	errors=36
@@TC COMPONENTS-NOT-SUCCESSFUL	36 errors kept
### done Library/FlatString.fss rc=0 seconds=8
### target Library/Stream.fss componentOnly=true
@@SC STAGE	component Stream	hierarchy	errors=0
@@SC STAGE	component Stream	apiextract	errors=0
@@SC STAGE	component Stream	acyclic	errors=0
@@SC STAGE	component Stream	wellformed1	errors=2
@@TC DECL-OK	TraitDecl	Library/Stream.fss:20:1-22:2	errors=0
@@TC DECL-OK	TraitDecl	Library/Stream.fss:24:1-26:2	errors=0
@@TC DECL-OK	TraitDecl	Library/Stream.fss:28:1-31:2	errors=0
@@TC DECL-OK	TraitDecl	Library/Stream.fss:33:1-76:14	errors=3
@@SC STAGE	component Stream	typecheck	errors=3
@@SC STAGE	component Stream	wellformed2	errors=5
@@SC STAGE	component Stream	overloading	errors=0
@@SC STAGE	component Stream	export	errors=1
@@SC CRASH	component Stream	variance	edu.rice.cs.plt.tuple.OptionUnwrapException	edu.rice.cs.plt.tuple.Null.unwrap(Null.java:58)	null
@@SC STAGE	component Stream	variance	errors=0
@@TC COMPONENT	Stream	errors=33
@@TC COMPONENTS-NOT-SUCCESSFUL	33 errors kept
### done Library/Stream.fss rc=0 seconds=0
### target ProjectFortress/LibraryBuiltin/NatReflect.fss componentOnly=true
@@SC STAGE	component NatReflect	hierarchy	errors=0
@@SC STAGE	component NatReflect	apiextract	errors=0
@@SC STAGE	component NatReflect	acyclic	errors=0
@@SC STAGE	component NatReflect	wellformed1	errors=3
@@TC DECL-OK	TraitDecl	ProjectFortress/LibraryBuiltin/NatReflect.fss:23:1-26:2	errors=0
@@TC DECL-OK	ObjectDecl	ProjectFortress/LibraryBuiltin/NatReflect.fss:28:1-31:2	errors=0
@@TC DECL-OK	FnDecl	ProjectFortress/LibraryBuiltin/NatReflect.fss:42:3-48:6	errors=0
@@TC DECL-OK	FnDecl	ProjectFortress/LibraryBuiltin/NatReflect.fss:51:1-57:2	errors=0
@@SC STAGE	component NatReflect	typecheck	errors=0
@@SC STAGE	component NatReflect	wellformed2	errors=3
@@SC STAGE	component NatReflect	overloading	errors=0
@@SC STAGE	component NatReflect	export	errors=0
@@SC STAGE	component NatReflect	variance	errors=0
@@TC COMPONENT	NatReflect	errors=18
@@TC COMPONENTS-NOT-SUCCESSFUL	18 errors kept
### done ProjectFortress/LibraryBuiltin/NatReflect.fss rc=0 seconds=2
### target Library/TypeProxy.fss componentOnly=true
@@SC STAGE	component TypeProxy	hierarchy	errors=0
@@SC STAGE	component TypeProxy	apiextract	errors=0
@@SC STAGE	component TypeProxy	acyclic	errors=0
@@SC STAGE	component TypeProxy	wellformed1	errors=0
@@TC DECL-OK	ObjectDecl	Library/TypeProxy.fss:21:1-24:2	errors=0
@@SC STAGE	component TypeProxy	typecheck	errors=0
@@SC STAGE	component TypeProxy	wellformed2	errors=0
@@SC STAGE	component TypeProxy	overloading	errors=0
@@SC STAGE	component TypeProxy	export	errors=0
@@SC STAGE	component TypeProxy	variance	errors=0
@@TC COMPONENT	TypeProxy	errors=0
### done Library/TypeProxy.fss rc=0 seconds=0
### target Library/Writer.fss componentOnly=true
@@SC STAGE	component Writer	hierarchy	errors=0
@@SC STAGE	component Writer	apiextract	errors=0
@@SC STAGE	component Writer	acyclic	errors=0
@@SC STAGE	component Writer	wellformed1	errors=0
@@TC DECL-OK	VarDecl	Library/Writer.fss:17:1-23	errors=0
@@TC DECL-OK	VarDecl	Library/Writer.fss:18:1-57	errors=0
@@TC DECL-OK	VarDecl	Library/Writer.fss:20:1-28	errors=0
@@TC DECL-OK	VarDecl	Library/Writer.fss:21:1-29	errors=0
@@TC DECL-OK	FnDecl	Library/Writer.fss:23:1-24:69	errors=0
@@TC DECL-OK	FnDecl	Library/Writer.fss:25:1-26:69	errors=0
@@TC DECL-OK	ObjectDecl	Library/Writer.fss:28:1-50:9	errors=0
@@TC DECL-OK	ObjectDecl	Library/Writer.fss:52:1-67:17	errors=0
@@SC STAGE	component Writer	typecheck	errors=0
@@SC STAGE	component Writer	wellformed2	errors=0
@@SC STAGE	component Writer	overloading	errors=0
@@SC STAGE	component Writer	export	errors=1
@@SC STAGE	component Writer	variance	errors=0
@@TC COMPONENT	Writer	errors=3
@@TC COMPONENTS-NOT-SUCCESSFUL	3 errors kept
### done Library/Writer.fss rc=0 seconds=2
### target ProjectFortress/LibraryBuiltin/AnyType.fss componentOnly=true
@@SC STAGE	component AnyType	hierarchy	errors=0
@@SC STAGE	component AnyType	apiextract	errors=0
@@SC STAGE	component AnyType	acyclic	errors=0
@@SC STAGE	component AnyType	wellformed1	errors=0
@@TC DECL-OK	TraitDecl	ProjectFortress/LibraryBuiltin/AnyType.fss:15:1-12	errors=0
@@SC STAGE	component AnyType	typecheck	errors=0
@@SC STAGE	component AnyType	wellformed2	errors=0
@@SC STAGE	component AnyType	overloading	errors=0
@@SC STAGE	component AnyType	export	errors=0
@@SC STAGE	component AnyType	variance	errors=0
@@TC COMPONENT	AnyType	errors=0
### done ProjectFortress/LibraryBuiltin/AnyType.fss rc=0 seconds=0
### all seconds=1431 rc=0
exit=0
ELAPSED 1433 s
# end 2026-09-27T11:03:52Z
