  1.8 2.0 2.2 2.4000000000000004 ]
2.0 X (scalar juxtaposition) = [0#3,0#4]
[ 0.2 0.4 0.6000000000000001 0.8
  1.0 1.2000000000000002 1.4000000000000001 1.6
  1.8 2.0 2.2 2.4000000000000004 ]
X 2.0                        = [0#3,0#4]
[ 0.2 0.4 0.6000000000000001 0.8
  1.0 1.2000000000000002 1.4000000000000001 1.6
  1.8 2.0 2.2 2.4000000000000004 ]
x DOT x                      = 30.0
x pmul x                     = [0#4][ 1.0 4.0 9.0 16.0 ]
X.t() X    (d x d)           = [0#4,0#4]
[ 1.07 1.2200000000000002 1.37 1.5200000000000005
  1.2200000000000002 1.4000000000000001 1.58 1.7600000000000002
  1.37 1.58 1.7900000000000003 2.0000000000000004
  1.5200000000000005 1.7600000000000002 2.0000000000000004 2.2400000000000007 ]
outer g x^T                  = [0#2,0#4]
[ 0.5 1.0 1.5 2.0
  1.0 2.0 3.0 4.0 ]
X.map(relu)                  = [0#3,0#4]
[ 0.1 0.2 0.30000000000000004 0.4
  0.5 0.6000000000000001 0.7000000000000001 0.8
  0.9 1.0 1.1 1.2000000000000002 ]
X.ivmap                      = [0#3,0#4]
[ 0.1 0.0 0.0 0.0
  0.5 0.6000000000000001 0.0 0.0
  0.9 1.0 1.1 0.0 ]
X[1,:].copy()                = [0#4][ 0.5 0.6000000000000001 0.7000000000000001 0.8 ]
X[:,2].copy()                = [0#3][ 0.30000000000000004 0.7000000000000001 1.1 ]
|x| = 4  |X| = 12  X.sizes = (3,4)
||x|| = 5.477225575051661
W.t() W   (d x d)            = [0#4,0#4]
[ 0.0026000000000000003 0.0032 0.0038000000000000004 0.0044
  0.0032 0.004 0.0048000000000000004 0.0056
  0.0038000000000000004 0.0048000000000000004 0.0058000000000000005 0.0068000000000000005
  0.0044 0.0056 0.0068000000000000005 0.008 ]
(X W.t()).t()                = [0#2,0#3]
[ 0.030000000000000002 0.07 0.11000000000000001
  0.07 0.17400000000000002 0.278 ]
exit: 0
[recovered from the transcript, run-b.jsonl line 216: start of the run is missing (the command displayed only the tail); shown through | tail, so lines run.sh wrote to the file may be absent]
