[ 2.0 4.0
  6.0 8.0 ]}
BIG OPLUS over 4 contributions = {7|->[0#2,0#2]
[ 10.0 20.0
  30.0 40.0 ], 9|->[0#2,0#2]
[ 6.0 12.0
  18.0 24.0 ]}
s[7] = [0#2,0#2]
[ 10.0 20.0
  30.0 40.0 ]
com.sun.fortress.exceptions.ProgramError: /home/user/fortress/explorations/run-b/probes/c04_gradmap.fss:30:20-26:
Unexpected method value dom(self:NodeMap[\Key,Val\]):Set.Set[\Key\]fn meth(self 0) [no type] (/home/user/fortress/Library/Map.fss:299:5-62) when invoking method dom given receiver NodeMap[\ZZ32,Array[\RR64,(ZZ32,ZZ32)\]\]
Context:
/home/user/fortress/explorations/run-b/probes/c04_gradmap.fss:30:20-26:
toplevel:

Turn on "-debug interpreter" for Java-level stack trace.
java.lang.Throwable
	at com.sun.fortress.Shell.failureBoilerplate(Shell.java:748)
	at com.sun.fortress.Shell.walk(Shell.java:1166)
	at com.sun.fortress.Shell.walk(Shell.java:1116)
	at com.sun.fortress.Shell.subMain(Shell.java:483)
	at com.sun.fortress.Shell.main(Shell.java:362)
	at com.sun.fortress.Shell.main(Shell.java:349)
exit: 1
[recovered from the transcript, run-b.jsonl line 237: start of the run is missing (the command displayed only the tail); shown through | tail, so lines run.sh wrote to the file may be absent]
