$ FORTRESS_THREADS=1 ./bin/fortress explorations/run-b/probes/c05_rowwise.fss
X = [0#3,0#4]
[ -0.4 -0.3 -0.19999999999999996 -0.09999999999999998
  0.0 0.10000000000000009 0.20000000000000007 0.30000000000000004
  0.4 0.5 0.6000000000000001 0.7000000000000002 ]
mean square of row 1 = 0.03500000000000002
rmsnorm rows = [0#3,0#4]
[ -1.460496123517539 -1.0953720926381543 -0.7302480617587693 -0.36512403087938466
  0.0 0.5344461398290552 1.0688922796581097 1.6033384194871645
  0.7126853327239795 0.8908566659049744 1.0690279990859695 1.2471993322669643 ]
masked scores = [0#3,0#3]
[ 0.3 -Infinity -Infinity
  -0.10000000000000003 0.14000000000000007 -Infinity
  -0.5 0.38000000000000017 1.2600000000000005 ]
softmax rows = [0#3,0#3]
[ 1.0 0.0 0.0
  0.44028635073280703 0.5597136492671929 0.0
  0.1084206279212235 0.2613912600248473 0.6301881120539292 ]
P X = [0#3,0#4]
[ -0.4 -0.3 -0.19999999999999996 -0.09999999999999998
  -0.17611454029312282 -0.07611454029312276 0.023885459706877235 0.1238854597068772
  0.20870699365308226 0.3087069936530823 0.4087069936530824 0.5087069936530825 ]
relu(X) = [0#3,0#4]
[ 0.0 0.0 0.0 0.0
  0.0 0.10000000000000009 0.20000000000000007 0.30000000000000004
  0.4 0.5 0.6000000000000001 0.7000000000000002 ]
row 1 DOT row 1 = 0.14000000000000007
exp((-1.0/0.0)) = 0.0  MAX with (-1.0/0.0) = 3.0
exit: 0
[recovered from the transcript, run-b.jsonl line 264: shown through | tail, so lines run.sh wrote to the file may be absent]
