$ FORTRESS_THREADS=1 ./bin/fortress explorations/run-b/probes/c13_sum_protocol.fss
(a) SUM[t <- 0#3] nums[t] = 6.0  built as ((a+b)+c)
com.sun.fortress.exceptions.ProgramError: /home/user/fortress/Library/RangeInternals.fss:1032:21-58:
Unification error: Closure/Constructor for join param 1 (a:Num) got arg 3.0:RR64 of type Float
Context:
/home/user/fortress/Library/RangeInternals.fss:1032:21-58:
/home/user/fortress/Library/RangeInternals.fss:1032:46-57:
/home/user/fortress/Library/RangeInternals.fss:1034:13-1035:9:
/home/user/fortress/Library/FortressLibrary.fss:3387:9-48:
/home/user/fortress/Library/FortressLibrary.fss:3387:9-48:
/home/user/fortress/Library/FortressLibrary.fss:1826:9-43:
/home/user/fortress/Library/FortressLibrary.fss:1826:9-43:
[... the middle of this run was never displayed in the transcript ...]
java.lang.Throwable
	at com.sun.fortress.Shell.failureBoilerplate(Shell.java:748)
	at com.sun.fortress.Shell.walk(Shell.java:1166)
	at com.sun.fortress.Shell.walk(Shell.java:1116)
	at com.sun.fortress.Shell.subMain(Shell.java:483)
	at com.sun.fortress.Shell.main(Shell.java:362)
	at com.sun.fortress.Shell.main(Shell.java:349)
exit: 1
[recovered from the transcript, run-b.jsonl line 408 (the run copied it to this name at main:432): shown through | tail, so lines run.sh wrote to the file may be absent; start recovered from the head of the file displayed at main:421; a gap between the head and the tail the session displayed]
