$ FORTRESS_THREADS=1 ./bin/fortress explorations/run-b/probes/s02_functional.fss
L = 1.7787000000000002
com.sun.fortress.exceptions.ProgramError: /home/user/fortress/explorations/run-b/probes/s02_functional.fss:48:76-88:
Failed to find any matching overload, args = (Vec), overload = {
	pmul(x:Vec,y:Vec):Vec (Vec,Vec)->Vec /home/user/fortress/explorations/run-b/probes/s02_functional.fss:50:1-91
	pmul[\T extends FortressLibrary.Number,nat k\](a:Vector[\T,k\],b:Vector[\T,k\]):Vector[\T,k\]/home/user/fortress/Library/FortressLibrary.fss:2258:1-2259:69}:OverloadedFunction
Context:
/home/user/fortress/explorations/run-b/probes/s02_functional.fss:48:76-88:
[... the middle of this run was never displayed in the transcript ...]
/home/user/fortress/explorations/run-b/probes/s02_functional.fss:25:24-28:
/home/user/fortress/explorations/run-b/probes/s02_functional.fss:47:71-80:
/home/user/fortress/explorations/run-b/probes/s02_functional.fss:22:25-29:
/home/user/fortress/explorations/run-b/probes/s02_functional.fss:51:26-34:
/home/user/fortress/explorations/run-b/probes/s02_functional.fss:65:11-20:
toplevel:

Turn on "-debug interpreter" for Java-level stack trace.
java.lang.Throwable
	at com.sun.fortress.Shell.failureBoilerplate(Shell.java:748)
	at com.sun.fortress.Shell.walk(Shell.java:1166)
	at com.sun.fortress.Shell.walk(Shell.java:1116)
	at com.sun.fortress.Shell.subMain(Shell.java:483)
	at com.sun.fortress.Shell.main(Shell.java:362)
	at com.sun.fortress.Shell.main(Shell.java:349)
exit: 1
[recovered from the transcript, run-b.jsonl line 369: shown through | tail, so lines run.sh wrote to the file may be absent; start recovered from the head of the file displayed at main:376; a gap between the head and the tail the session displayed]
