########## PhaseProbe -order full Library/FortressLibrary.fss
# start 2026-09-20T16:54:49Z
### order=full  phases=[ PREDISAMBIGUATEDESUGAR DISAMBIGUATE GRAMMAR PRETYPECHECKDESUGAR INTEGERLITERALFOLDING TYPECHECK DESUGAR OVERLOADREWRITE CODEGEN ]  target=[Library/FortressLibrary.fss]
### desugaring=COMPILE-PATH  prelude=INTERPRETER
Exception in thread "main" java.lang.Error: Not yet implemented
	at com.sun.fortress.useful.NI.nyi(NI.java:52)
	at com.sun.fortress.scala_src.useful.STypesUtil$.makeInferenceArg(STypesUtil.scala:557)
	at com.sun.fortress.scala_src.useful.STypesUtil$.$anonfun$inferStaticParamsHelper$4(STypesUtil.scala:966)
	at scala.collection.immutable.List.map(List.scala:236)
	at com.sun.fortress.scala_src.useful.STypesUtil$.inferStaticParamsHelper(STypesUtil.scala:966)
	at com.sun.fortress.scala_src.types.TypeSchemaAnalyzer.subEDsolution(TypeSchemaAnalyzer.scala:194)
	at com.sun.fortress.scala_src.types.TypeSchemaAnalyzer.subEDsolution(TypeSchemaAnalyzer.scala:187)
	at com.sun.fortress.scala_src.overloading.OverloadingOracle.satisfiesReturnTypeRule(OverloadingOracle.scala:88)
	at com.sun.fortress.scala_src.typechecker.OverloadingChecker.returnTypeCheck(OverloadingChecker.scala:530)
	at com.sun.fortress.scala_src.typechecker.OverloadingChecker.$anonfun$checkOverloading$37(OverloadingChecker.scala:421)
	at com.sun.fortress.scala_src.typechecker.OverloadingChecker.$anonfun$checkOverloading$37$adapted(OverloadingChecker.scala:383)
	at scala.collection.immutable.List.foreach(List.scala:323)
	at com.sun.fortress.scala_src.typechecker.OverloadingChecker.$anonfun$checkOverloading$36(OverloadingChecker.scala:383)
	at com.sun.fortress.scala_src.typechecker.OverloadingChecker.$anonfun$checkOverloading$36$adapted(OverloadingChecker.scala:382)
	at scala.collection.immutable.List.foreach(List.scala:323)
	at com.sun.fortress.scala_src.typechecker.OverloadingChecker.checkOverloading(OverloadingChecker.scala:382)
	at com.sun.fortress.scala_src.typechecker.OverloadingChecker.checkMethodOverloading(OverloadingChecker.scala:346)
	at com.sun.fortress.scala_src.typechecker.OverloadingChecker.$anonfun$checkOverloading$30(OverloadingChecker.scala:318)
	at com.sun.fortress.scala_src.typechecker.OverloadingChecker.$anonfun$checkOverloading$30$adapted(OverloadingChecker.scala:314)
	at scala.collection.IterableOnceOps.foreach(IterableOnce.scala:630)
	at scala.collection.IterableOnceOps.foreach$(IterableOnce.scala:628)
	at scala.collection.AbstractIterable.foreach(Iterable.scala:936)
	at scala.collection.IterableOps$WithFilter.foreach(Iterable.scala:906)
	at com.sun.fortress.scala_src.typechecker.OverloadingChecker.$anonfun$checkOverloading$27(OverloadingChecker.scala:314)
	at com.sun.fortress.scala_src.typechecker.OverloadingChecker.$anonfun$checkOverloading$27$adapted(OverloadingChecker.scala:282)
	at scala.collection.IterableOnceOps.foreach(IterableOnce.scala:630)
	at scala.collection.IterableOnceOps.foreach$(IterableOnce.scala:628)
	at scala.collection.AbstractIterable.foreach(Iterable.scala:936)
	at scala.collection.IterableOps$WithFilter.foreach(Iterable.scala:906)
	at com.sun.fortress.scala_src.typechecker.OverloadingChecker.checkOverloading(OverloadingChecker.scala:282)
	at com.sun.fortress.compiler.StaticChecker.checkCompilationUnit(StaticChecker.java:333)
	at com.sun.fortress.compiler.StaticChecker.checkApis(StaticChecker.java:139)
	at com.sun.fortress.compiler.phases.TypeCheckPhase.execute(TypeCheckPhase.java:43)
	at com.sun.fortress.compiler.phases.Phase.run(Phase.java:52)
	at com.sun.fortress.compiler.phases.Phase.run(Phase.java:51)
	at com.sun.fortress.compiler.phases.Phase.run(Phase.java:51)
	at com.sun.fortress.compiler.phases.Phase.run(Phase.java:51)
	at com.sun.fortress.Shell.analyze(Shell.java:1265)
	at com.sun.fortress.repository.GraphRepository.parseApis(GraphRepository.java:735)
	at com.sun.fortress.repository.GraphRepository.refreshGraph(GraphRepository.java:492)
	at com.sun.fortress.repository.GraphRepository.getComponent(GraphRepository.java:202)
	at com.sun.fortress.Shell.compilerPhases(Shell.java:968)
	at com.sun.fortress.Shell.compileWithErrorHandling(Shell.java:898)
	at com.sun.fortress.Shell.compilerPhases(Shell.java:874)
	at PhaseProbe.main(PhaseProbe.java:89)
exit=1
ELAPSED 16 s
