########## PhaseProbe -order full -compilerlib Library/CompilerLibrary.fss
# start 2026-09-20T15:38:17Z
### world=INTERPRETER-LIBRARIES  order=full  phases=[ PREDISAMBIGUATEDESUGAR DISAMBIGUATE GRAMMAR PRETYPECHECKDESUGAR INTEGERLITERALFOLDING TYPECHECK DESUGAR OVERLOADREWRITE CODEGEN ]  target=[Library/CompilerLibrary.fss]
### desugaring=COMPILE-PATH  prelude=COMPILER
@@CG OK	FnDecl ignore	/home/user/fortress/Library/CompilerLibrary.fss:35:1-24
@@CG OK	FnDecl identity	/home/user/fortress/Library/CompilerLibrary.fss:37:1-39
@@CG OK	FnDecl cast	/home/user/fortress/Library/CompilerLibrary.fss:39:1-43:6
@@CG OK	FnDecl instanceOf	/home/user/fortress/Library/CompilerLibrary.fss:45:1-49:4
@@CG OK	FnDecl ===	/home/user/fortress/Library/CompilerLibrary.fss:63:1-44
@@CG OK	FnDecl ===	/home/user/fortress/Library/CompilerLibrary.fss:64:1-37
@@CG OK	FnDecl ===	/home/user/fortress/Library/CompilerLibrary.fss:65:1-37
@@CG OK	FnDecl ===	/home/user/fortress/Library/CompilerLibrary.fss:66:1-37
@@CG OK	FnDecl ===	/home/user/fortress/Library/CompilerLibrary.fss:67:1-37
@@CG OK	FnDecl ===	/home/user/fortress/Library/CompilerLibrary.fss:68:1-41
@@CG OK	FnDecl ===	/home/user/fortress/Library/CompilerLibrary.fss:69:1-46
@@CG OK	FnDecl NEQV	/home/user/fortress/Library/CompilerLibrary.fss:71:1-47
@@CG OK	FnDecl fail	/home/user/fortress/Library/CompilerLibrary.fss:73:1-76:2
@@CG OK	FnDecl assert	/home/user/fortress/Library/CompilerLibrary.fss:80:1-83:6
@@CG OK	FnDecl assert	/home/user/fortress/Library/CompilerLibrary.fss:85:1-88:6
@@CG OK	FnDecl assert	/home/user/fortress/Library/CompilerLibrary.fss:97:1-100:6
@@CG OK	FnDecl assert	/home/user/fortress/Library/CompilerLibrary.fss:102:1-105:6
@@CG OK	FnDecl assert	/home/user/fortress/Library/CompilerLibrary.fss:107:1-110:6
@@CG OK	FnDecl assert	/home/user/fortress/Library/CompilerLibrary.fss:112:1-115:6
@@CG OK	FnDecl assert	/home/user/fortress/Library/CompilerLibrary.fss:117:1-120:6
@@CG OK	FnDecl deny	/home/user/fortress/Library/CompilerLibrary.fss:123:1-43
@@CG OK	FnDecl deny	/home/user/fortress/Library/CompilerLibrary.fss:125:1-127:65
@@CG OK	FnDecl deny	/home/user/fortress/Library/CompilerLibrary.fss:129:1-132:6
@@CG OK	FnDecl deny	/home/user/fortress/Library/CompilerLibrary.fss:134:1-137:6
@@CG OK	FnDecl deny	/home/user/fortress/Library/CompilerLibrary.fss:139:1-142:6
@@CG OK	FnDecl debugString	/home/user/fortress/Library/CompilerLibrary.fss:144:1-56
@@CG OK	FnDecl debugString	/home/user/fortress/Library/CompilerLibrary.fss:145:1-43
@@CG OK	FnDecl debugString	/home/user/fortress/Library/CompilerLibrary.fss:146:1-28
@@CG OK	FnDecl debugString	/home/user/fortress/Library/CompilerLibrary.fss:147:1-148:58
@@CG OK	FnDecl debugString	/home/user/fortress/Library/CompilerLibrary.fss:149:1-150:84
@@CG OK	FnDecl debugString	/home/user/fortress/Library/CompilerLibrary.fss:151:1-152:110
@@CG OK	FnDecl debugString	/home/user/fortress/Library/CompilerLibrary.fss:153:1-155:58
@@CG OK	FnDecl debugString	/home/user/fortress/Library/CompilerLibrary.fss:156:1-158:84
@@CG OK	FnDecl debugString	/home/user/fortress/Library/CompilerLibrary.fss:159:1-173:33
@@CG OK	ObjectDecl FailCalled	/home/user/fortress/Library/CompilerLibrary.fss:175:1-177:2
@@CG OK	ObjectDecl UnpastingError	/home/user/fortress/Library/CompilerLibrary.fss:179:1-181:2
@@CG OK	ObjectDecl CallerViolation	/home/user/fortress/Library/CompilerLibrary.fss:183:1-185:2
@@CG OK	ObjectDecl CalleeViolation	/home/user/fortress/Library/CompilerLibrary.fss:187:1-189:2
@@CG OK	ObjectDecl LabelException	/home/user/fortress/Library/CompilerLibrary.fss:191:1-193:2
@@CG OK	ObjectDecl TestFailure	/home/user/fortress/Library/CompilerLibrary.fss:195:1-197:2
@@CG OK	ObjectDecl ContractHierarchyViolation	/home/user/fortress/Library/CompilerLibrary.fss:199:1-201:2
@@CG OK	ObjectDecl NoEqualityOnFunctions	/home/user/fortress/Library/CompilerLibrary.fss:203:1-205:2
@@CG OK	ObjectDecl InvalidRange	/home/user/fortress/Library/CompilerLibrary.fss:207:1-209:2
@@CG OK	ObjectDecl ForbiddenException	/home/user/fortress/Library/CompilerLibrary.fss:211:1-213:2
@@CG OK	ObjectDecl NotFound	/home/user/fortress/Library/CompilerLibrary.fss:216:1-218:2
@@CG OK	ObjectDecl NoValueForKey	/home/user/fortress/Library/CompilerLibrary.fss:221:1-223:2
@@CG OK	ObjectDecl EmptyReduction	/home/user/fortress/Library/CompilerLibrary.fss:231:1-233:2
@@CG OK	ObjectDecl RationalComparisonError	/home/user/fortress/Library/CompilerLibrary.fss:235:1-237:2
@@CG OK	ObjectDecl FloatingComparisonError	/home/user/fortress/Library/CompilerLibrary.fss:239:1-241:2
@@CG OK	ObjectDecl MatchFailure	/home/user/fortress/Library/CompilerLibrary.fss:243:1-245:2
@@CG OK	ObjectDecl CastException	/home/user/fortress/Library/CompilerLibrary.fss:247:1-249:2
@@CG OK	ObjectDecl TryAtomicFailure	/home/user/fortress/Library/CompilerLibrary.fss:253:1-255:2
@@CG OK	TraitDecl GeneratorZZ32	/home/user/fortress/Library/CompilerLibrary.fss:301:1-312:2
@@CG OK	FnDecl =	/home/user/fortress/Library/CompilerLibrary.fss:314:1-64
@@CG OK	TraitDecl SeqGeneratorZZ32	/home/user/fortress/Library/CompilerLibrary.fss:316:1-326:2
@@CG OK	FnDecl __loop	/home/user/fortress/Library/CompilerLibrary.fss:328:1-83
@@CG OK	FnDecl __bigOperator	/home/user/fortress/Library/CompilerLibrary.fss:330:1-332:49
@@CG OK	FnDecl __bigOperator	/home/user/fortress/Library/CompilerLibrary.fss:333:1-335:46
@@CG OK	FnDecl __generate	/home/user/fortress/Library/CompilerLibrary.fss:337:1-338:19
@@CG OK	FnDecl __generate	/home/user/fortress/Library/CompilerLibrary.fss:339:1-340:19
@@CG OK	FnDecl __generate	/home/user/fortress/Library/CompilerLibrary.fss:341:1-342:35
@@CG OK	FnDecl __generate	/home/user/fortress/Library/CompilerLibrary.fss:343:1-344:35
@@CG OK	ObjectDecl SeqGenZZ32	/home/user/fortress/Library/CompilerLibrary.fss:347:1-356:2
@@CG OK	FnDecl parloop	/home/user/fortress/Library/CompilerLibrary.fss:359:1-371:2
@@CG OK	FnDecl countedseqloop	/home/user/fortress/Library/CompilerLibrary.fss:373:1-381:6
@@CG OK	FnDecl gen	/home/user/fortress/Library/CompilerLibrary.fss:383:1-390:6
@@CG OK	FnDecl gen	/home/user/fortress/Library/CompilerLibrary.fss:391:1-398:6
@@CG OK	FnDecl seqgen	/home/user/fortress/Library/CompilerLibrary.fss:400:1-409:6
@@CG OK	FnDecl seqgen	/home/user/fortress/Library/CompilerLibrary.fss:410:1-419:6
@@CG OK	TraitDecl Range	/home/user/fortress/Library/CompilerLibrary.fss:421:1-424:2
@@CG OK	ObjectDecl FilteredRange	/home/user/fortress/Library/CompilerLibrary.fss:426:1-443:2
@@CG OK	FnDecl :	/home/user/fortress/Library/CompilerLibrary.fss:445:1-70
@@CG OK	FnDecl #	/home/user/fortress/Library/CompilerLibrary.fss:446:1-48
@@CG OK	TraitDecl ReductionString	/home/user/fortress/Library/CompilerLibrary.fss:448:1-451:2
@@CG OK	TraitDecl ReductionZZ32	/home/user/fortress/Library/CompilerLibrary.fss:453:1-456:2
@@CG OK	ObjectDecl StringConcatenation	/home/user/fortress/Library/CompilerLibrary.fss:458:1-461:2
@@CG OK	ObjectDecl ZZ32Addition	/home/user/fortress/Library/CompilerLibrary.fss:463:1-466:2
@@CG OK	ObjectDecl ZZ32Max	/home/user/fortress/Library/CompilerLibrary.fss:468:1-471:2
@@CG OK	FnDecl BIG +	/home/user/fortress/Library/CompilerLibrary.fss:477:1-41
@@CG OK	FnDecl BIG +	/home/user/fortress/Library/CompilerLibrary.fss:478:1-94
@@CG OK	FnDecl BIG MAX	/home/user/fortress/Library/CompilerLibrary.fss:480:1-38
@@CG OK	FnDecl BIG MAX	/home/user/fortress/Library/CompilerLibrary.fss:481:1-483:44
@@CG OK	FnDecl PREFIX_SUM	/home/user/fortress/Library/CompilerLibrary.fss:484:1-488:2
@@CG OK	FnDecl +	/home/user/fortress/Library/CompilerLibrary.fss:497:1-501:2
@@CG OK	FnDecl -	/home/user/fortress/Library/CompilerLibrary.fss:503:1-507:2
@@CG OK	FnDecl MIN	/home/user/fortress/Library/CompilerLibrary.fss:509:1-513:2
@@CG OK	FnDecl MAX	/home/user/fortress/Library/CompilerLibrary.fss:515:1-519:2
@@CG OK	TraitDecl Maybe	/home/user/fortress/Library/CompilerLibrary.fss:526:1-536:2
@@CG OK	ObjectDecl Just	/home/user/fortress/Library/CompilerLibrary.fss:538:1-558:2
@@CG OK	ObjectDecl NothingObject	/home/user/fortress/Library/CompilerLibrary.fss:560:1-578:2
@@CG OK	ObjectDecl Nothing	/home/user/fortress/Library/CompilerLibrary.fss:580:1-23
@@CG OK	FnDecl makeZZ32Vector	/home/user/fortress/Library/CompilerLibrary.fss:587:1-588:31
@@CG OK	FnDecl makeZZ32Vector	/home/user/fortress/Library/CompilerLibrary.fss:589:1-590:32
@@CG OK	FnDecl makeZZ32Vector	/home/user/fortress/Library/CompilerLibrary.fss:591:1-592:71
@@CG OK	FnDecl makeZZ32Vector	/home/user/fortress/Library/CompilerLibrary.fss:593:1-608:62
@@CG OK	VarDecl [__globalTimeInformation:RR64]	/home/user/fortress/Library/CompilerLibrary.fss:610:1-37
@@CG OK	FnDecl recordTime	/home/user/fortress/Library/CompilerLibrary.fss:612:1-72
@@CG OK	FnDecl printTime	/home/user/fortress/Library/CompilerLibrary.fss:614:1-619:4
@@CG OK	TraitDecl HasRank	/home/user/fortress/Library/CompilerLibrary.fss:631:1-633:2
@@CG OK	TraitDecl Matrix	/home/user/fortress/Library/CompilerLibrary.fss:638:1-51
@@CG OK	VarDecl [ZZ32_MIN:ZZ32]	/home/user/fortress/Library/CompilerLibrary.fss:645:1-34
@@CG OK	VarDecl [ZZ32_MAX:ZZ32]	/home/user/fortress/Library/CompilerLibrary.fss:646:1-29
@@CG OK	VarDecl [ZZ64_MIN:ZZ64]	/home/user/fortress/Library/CompilerLibrary.fss:647:1-44
@@CG OK	VarDecl [ZZ64_MAX:ZZ64]	/home/user/fortress/Library/CompilerLibrary.fss:648:1-39
@@CG OK	VarDecl [NN32_MIN:NN32]	/home/user/fortress/Library/CompilerLibrary.fss:649:1-29
@@CG OK	VarDecl [NN32_MAX:NN32]	/home/user/fortress/Library/CompilerLibrary.fss:650:1-29
@@CG OK	VarDecl [NN64_MIN:NN64]	/home/user/fortress/Library/CompilerLibrary.fss:651:1-39
@@CG OK	VarDecl [NN64_MAX:NN64]	/home/user/fortress/Library/CompilerLibrary.fss:652:1-656:63
@@CG OK	VarDecl [characterMinSupplementaryCodePoint:ZZ32]	/home/user/fortress/Library/CompilerLibrary.fss:658:1-52
@@CG OK	VarDecl [characterMinRadix:ZZ32]	/home/user/fortress/Library/CompilerLibrary.fss:659:1-27
@@CG OK	VarDecl [characterMaxRadix:ZZ32]	/home/user/fortress/Library/CompilerLibrary.fss:660:1-662:24
@@CG OK	VarDecl [characterUnassigned:ZZ32]	/home/user/fortress/Library/CompilerLibrary.fss:663:1-29
@@CG OK	VarDecl [characterUppercaseLetter:ZZ32]	/home/user/fortress/Library/CompilerLibrary.fss:664:1-34
@@CG OK	VarDecl [characterLowercaseLetter:ZZ32]	/home/user/fortress/Library/CompilerLibrary.fss:665:1-34
@@CG OK	VarDecl [characterTitlecaseLetter:ZZ32]	/home/user/fortress/Library/CompilerLibrary.fss:666:1-34
@@CG OK	VarDecl [characterModifierLetter:ZZ32]	/home/user/fortress/Library/CompilerLibrary.fss:667:1-33
@@CG OK	VarDecl [characterOtherLetter:ZZ32]	/home/user/fortress/Library/CompilerLibrary.fss:668:1-30
@@CG OK	VarDecl [characterNonSpacingMark:ZZ32]	/home/user/fortress/Library/CompilerLibrary.fss:669:1-33
@@CG OK	VarDecl [characterEnclosingMark:ZZ32]	/home/user/fortress/Library/CompilerLibrary.fss:670:1-32
@@CG OK	VarDecl [characterCombiningSpacingMark:ZZ32]	/home/user/fortress/Library/CompilerLibrary.fss:671:1-39
@@CG OK	VarDecl [characterDecimalDigitNumber:ZZ32]	/home/user/fortress/Library/CompilerLibrary.fss:672:1-37
@@CG OK	VarDecl [characterLetterNumber:ZZ32]	/home/user/fortress/Library/CompilerLibrary.fss:673:1-32
@@CG OK	VarDecl [characterOtherNumber:ZZ32]	/home/user/fortress/Library/CompilerLibrary.fss:674:1-31
@@CG OK	VarDecl [characterSpaceSeparator:ZZ32]	/home/user/fortress/Library/CompilerLibrary.fss:675:1-34
@@CG OK	VarDecl [characterLineSeparator:ZZ32]	/home/user/fortress/Library/CompilerLibrary.fss:676:1-33
@@CG OK	VarDecl [characterParagraphSeparator:ZZ32]	/home/user/fortress/Library/CompilerLibrary.fss:677:1-38
@@CG OK	VarDecl [characterControl:ZZ32]	/home/user/fortress/Library/CompilerLibrary.fss:678:1-27
@@CG OK	VarDecl [characterFormat:ZZ32]	/home/user/fortress/Library/CompilerLibrary.fss:679:1-680:27
@@CG OK	VarDecl [characterPrivateUse:ZZ32]	/home/user/fortress/Library/CompilerLibrary.fss:681:1-30
@@CG OK	VarDecl [characterSurrogate:ZZ32]	/home/user/fortress/Library/CompilerLibrary.fss:682:1-29
@@CG OK	VarDecl [characterDashPunctuation:ZZ32]	/home/user/fortress/Library/CompilerLibrary.fss:683:1-35
@@CG OK	VarDecl [characterStartPunctuation:ZZ32]	/home/user/fortress/Library/CompilerLibrary.fss:684:1-36
@@CG OK	VarDecl [characterEndPunctuation:ZZ32]	/home/user/fortress/Library/CompilerLibrary.fss:685:1-34
@@CG OK	VarDecl [characterConnectorPunctuation:ZZ32]	/home/user/fortress/Library/CompilerLibrary.fss:686:1-40
@@CG OK	VarDecl [characterOtherPunctuation:ZZ32]	/home/user/fortress/Library/CompilerLibrary.fss:687:1-36
@@CG OK	VarDecl [characterMathSymbol:ZZ32]	/home/user/fortress/Library/CompilerLibrary.fss:688:1-30
@@CG OK	VarDecl [characterCurrencySymbol:ZZ32]	/home/user/fortress/Library/CompilerLibrary.fss:689:1-34
@@CG OK	VarDecl [characterModifierSymbol:ZZ32]	/home/user/fortress/Library/CompilerLibrary.fss:690:1-34
@@CG OK	VarDecl [characterOtherSymbol:ZZ32]	/home/user/fortress/Library/CompilerLibrary.fss:691:1-31
@@CG OK	VarDecl [characterInitialQuotePunctuation:ZZ32]	/home/user/fortress/Library/CompilerLibrary.fss:692:1-43
@@CG OK	VarDecl [characterFinalQuotePunctuation:ZZ32]	/home/user/fortress/Library/CompilerLibrary.fss:693:1-695:28
@@CG OK	VarDecl [characterDirectionalityUndefined:ZZ32]	/home/user/fortress/Library/CompilerLibrary.fss:696:1-62
@@CG OK	VarDecl [characterDirectionalityLeftToRight:ZZ32]	/home/user/fortress/Library/CompilerLibrary.fss:697:1-44
@@CG OK	VarDecl [characterDirectionalityRightToLeft:ZZ32]	/home/user/fortress/Library/CompilerLibrary.fss:698:1-44
@@CG OK	VarDecl [characterDirectionalityRightToLeftArabic:ZZ32]	/home/user/fortress/Library/CompilerLibrary.fss:699:1-50
@@CG OK	VarDecl [characterDirectionalityEuropeanNumber:ZZ32]	/home/user/fortress/Library/CompilerLibrary.fss:700:1-47
@@CG OK	VarDecl [characterDirectionalityEuropeanNumberSeparator:ZZ32]	/home/user/fortress/Library/CompilerLibrary.fss:701:1-56
@@CG OK	VarDecl [characterDirectionalityEuropeanNumberTerminator:ZZ32]	/home/user/fortress/Library/CompilerLibrary.fss:702:1-57
@@CG OK	VarDecl [characterDirectionalityArabicNumber:ZZ32]	/home/user/fortress/Library/CompilerLibrary.fss:703:1-45
@@CG OK	VarDecl [characterDirectionalityCommonNumberSeparator:ZZ32]	/home/user/fortress/Library/CompilerLibrary.fss:704:1-54
@@CG OK	VarDecl [characterDirectionalityNonspacingMark:ZZ32]	/home/user/fortress/Library/CompilerLibrary.fss:705:1-47
@@CG OK	VarDecl [characterDirectionalityBoundaryNeutral:ZZ32]	/home/user/fortress/Library/CompilerLibrary.fss:706:1-48
@@CG OK	VarDecl [characterDirectionalityParagraphSeparator:ZZ32]	/home/user/fortress/Library/CompilerLibrary.fss:707:1-52
@@CG OK	VarDecl [characterDirectionalitySegmentSeparator:ZZ32]	/home/user/fortress/Library/CompilerLibrary.fss:708:1-50
@@CG OK	VarDecl [characterDirectionalityWhitespace:ZZ32]	/home/user/fortress/Library/CompilerLibrary.fss:709:1-44
@@CG OK	VarDecl [characterDirectionalityOtherNeutrals:ZZ32]	/home/user/fortress/Library/CompilerLibrary.fss:710:1-47
@@CG OK	VarDecl [characterDirectionalityLeftToRightEmbedding:ZZ32]	/home/user/fortress/Library/CompilerLibrary.fss:711:1-54
@@CG OK	VarDecl [characterDirectionalityLeftToRightOverride:ZZ32]	/home/user/fortress/Library/CompilerLibrary.fss:712:1-53
@@CG OK	VarDecl [characterDirectionalityRightToLeftEmbedding:ZZ32]	/home/user/fortress/Library/CompilerLibrary.fss:713:1-54
@@CG OK	VarDecl [characterDirectionalityRightToLeftOverride:ZZ32]	/home/user/fortress/Library/CompilerLibrary.fss:714:1-53
@@CG OK	VarDecl [characterDirectionalityPopDirectionalFormat:ZZ32]	/home/user/fortress/Library/CompilerLibrary.fss:715:1-716:1
@@CG OK	FnDecl coerce_Maybe	/home/user/fortress/Library/CompilerLibrary.fss:528:3-41
@@CG COMPONENT-OK	CompilerLibrary
### rc=0
exit=0
ELAPSED 40 s
