########## Distance -order check -setting compile -compilerlib Library/CompilerLibrary.fss
# jvm flags: -Dprobe.tolerant=true -Dprobe.all=true -Dfortress.analyzer.overload.cache=false
# machine: nproc=4; model name: Intel(R) Xeon(R) Processor @ 2.10GHz; cpu MHz: 2100.000
# load average at start: 1.97 1.74 1.17; JDK: openjdk version "25.0.4" 2026-07-21; FORTRESS_THREADS=1
# start 2026-09-26T09:18:37Z
### order=check phases=[ PREDISAMBIGUATEDESUGAR DISAMBIGUATE GRAMMAR PRETYPECHECKDESUGAR INTEGERLITERALFOLDING TYPECHECK ] setting=compile (extendsObject=true compiledExpr=true) prelude=COMPILER target=[Library/CompilerLibrary.fss] overloadCache=false
@@SC STAGE	api CompilerBuiltin	hierarchy	errors=0
@@SC STAGE	api CompilerBuiltin	acyclic	errors=0
@@SC STAGE	api CompilerBuiltin	wellformed1	errors=0
@@SC STAGE	api CompilerBuiltin	wellformed2	errors=0
@@SC STAGE	api CompilerBuiltin	overloading	errors=0
@@TC API	CompilerBuiltin	errors=0
@@SC STAGE	api com.sun.fortress.nativeHelpers	hierarchy	errors=0
@@SC STAGE	api com.sun.fortress.nativeHelpers	acyclic	errors=0
@@SC STAGE	api com.sun.fortress.nativeHelpers	wellformed1	errors=0
@@SC STAGE	api com.sun.fortress.nativeHelpers	wellformed2	errors=0
@@SC STAGE	api com.sun.fortress.nativeHelpers	overloading	errors=0
@@TC API	com.sun.fortress.nativeHelpers	errors=0
@@SC STAGE	api AnyType	hierarchy	errors=0
@@SC STAGE	api AnyType	acyclic	errors=0
@@SC STAGE	api AnyType	wellformed1	errors=0
@@SC STAGE	api AnyType	wellformed2	errors=0
@@SC STAGE	api AnyType	overloading	errors=0
@@TC API	AnyType	errors=0
@@SC STAGE	api CompilerLibrary	hierarchy	errors=0
@@SC STAGE	api CompilerLibrary	acyclic	errors=0
@@SC STAGE	api CompilerLibrary	wellformed1	errors=0
@@SC STAGE	api CompilerLibrary	wellformed2	errors=0
@@SC STAGE	api CompilerLibrary	overloading	errors=0
@@TC API	CompilerLibrary	errors=0
@@SC STAGE	api CompilerAlgebra	hierarchy	errors=0
@@SC STAGE	api CompilerAlgebra	acyclic	errors=0
@@SC STAGE	api CompilerAlgebra	wellformed1	errors=0
@@SC STAGE	api CompilerAlgebra	wellformed2	errors=0
@@SC STAGE	api CompilerAlgebra	overloading	errors=0
@@TC API	CompilerAlgebra	errors=0
@@SC STAGE	api com.sun.fortress.nativeHelpers	hierarchy	errors=0
@@SC STAGE	api com.sun.fortress.nativeHelpers	acyclic	errors=0
@@SC STAGE	api com.sun.fortress.nativeHelpers	wellformed1	errors=0
@@SC STAGE	api com.sun.fortress.nativeHelpers	wellformed2	errors=0
@@SC STAGE	api com.sun.fortress.nativeHelpers	overloading	errors=0
@@TC API	com.sun.fortress.nativeHelpers	errors=0
@@SC STAGE	component CompilerLibrary	hierarchy	errors=0
@@SC STAGE	component CompilerLibrary	apiextract	errors=0
@@SC STAGE	component CompilerLibrary	acyclic	errors=0
@@SC STAGE	component CompilerLibrary	wellformed1	errors=0
@@TC DECL-OK	FnDecl	/home/user/fortress/Library/CompilerLibrary.fss:35:1-24	errors=0
@@TC DECL-OK	FnDecl	/home/user/fortress/Library/CompilerLibrary.fss:37:1-39	errors=0
@@TC DECL-OK	FnDecl	/home/user/fortress/Library/CompilerLibrary.fss:39:1-43:6	errors=0
@@TC DECL-OK	FnDecl	/home/user/fortress/Library/CompilerLibrary.fss:45:1-49:4	errors=0
@@TC DECL-OK	FnDecl	/home/user/fortress/Library/CompilerLibrary.fss:63:1-44	errors=0
@@TC DECL-OK	FnDecl	/home/user/fortress/Library/CompilerLibrary.fss:64:1-37	errors=0
@@TC DECL-OK	FnDecl	/home/user/fortress/Library/CompilerLibrary.fss:65:1-37	errors=0
@@TC DECL-OK	FnDecl	/home/user/fortress/Library/CompilerLibrary.fss:66:1-37	errors=0
@@TC DECL-OK	FnDecl	/home/user/fortress/Library/CompilerLibrary.fss:67:1-37	errors=0
@@TC DECL-OK	FnDecl	/home/user/fortress/Library/CompilerLibrary.fss:68:1-41	errors=0
@@TC DECL-OK	FnDecl	/home/user/fortress/Library/CompilerLibrary.fss:69:1-46	errors=0
@@TC DECL-OK	FnDecl	/home/user/fortress/Library/CompilerLibrary.fss:71:1-47	errors=0
@@TC DECL-OK	FnDecl	/home/user/fortress/Library/CompilerLibrary.fss:73:1-76:2	errors=0
@@TC DECL-OK	FnDecl	/home/user/fortress/Library/CompilerLibrary.fss:80:1-83:6	errors=0
@@TC DECL-OK	FnDecl	/home/user/fortress/Library/CompilerLibrary.fss:85:1-88:6	errors=0
@@TC DECL-OK	FnDecl	/home/user/fortress/Library/CompilerLibrary.fss:97:1-100:6	errors=0
@@TC DECL-OK	FnDecl	/home/user/fortress/Library/CompilerLibrary.fss:102:1-105:6	errors=0
@@TC DECL-OK	FnDecl	/home/user/fortress/Library/CompilerLibrary.fss:107:1-110:6	errors=0
@@TC DECL-OK	FnDecl	/home/user/fortress/Library/CompilerLibrary.fss:112:1-115:6	errors=0
@@TC DECL-OK	FnDecl	/home/user/fortress/Library/CompilerLibrary.fss:117:1-120:6	errors=0
@@TC DECL-OK	FnDecl	/home/user/fortress/Library/CompilerLibrary.fss:123:1-43	errors=0
@@TC DECL-OK	FnDecl	/home/user/fortress/Library/CompilerLibrary.fss:125:1-127:65	errors=0
@@TC DECL-OK	FnDecl	/home/user/fortress/Library/CompilerLibrary.fss:129:1-132:6	errors=0
@@TC DECL-OK	FnDecl	/home/user/fortress/Library/CompilerLibrary.fss:134:1-137:6	errors=0
@@TC DECL-OK	FnDecl	/home/user/fortress/Library/CompilerLibrary.fss:139:1-142:6	errors=0
@@TC DECL-OK	FnDecl	/home/user/fortress/Library/CompilerLibrary.fss:144:1-56	errors=0
@@TC DECL-OK	FnDecl	/home/user/fortress/Library/CompilerLibrary.fss:145:1-43	errors=0
@@TC DECL-OK	FnDecl	/home/user/fortress/Library/CompilerLibrary.fss:146:1-28	errors=0
@@TC DECL-OK	FnDecl	/home/user/fortress/Library/CompilerLibrary.fss:147:1-148:58	errors=0
@@TC DECL-OK	FnDecl	/home/user/fortress/Library/CompilerLibrary.fss:149:1-150:84	errors=0
@@TC DECL-OK	FnDecl	/home/user/fortress/Library/CompilerLibrary.fss:151:1-152:110	errors=0
@@TC DECL-OK	FnDecl	/home/user/fortress/Library/CompilerLibrary.fss:153:1-155:58	errors=0
@@TC DECL-OK	FnDecl	/home/user/fortress/Library/CompilerLibrary.fss:156:1-158:84	errors=0
@@TC DECL-OK	FnDecl	/home/user/fortress/Library/CompilerLibrary.fss:159:1-173:33	errors=0
@@TC DECL-OK	ObjectDecl	/home/user/fortress/Library/CompilerLibrary.fss:175:1-177:2	errors=0
@@TC DECL-OK	ObjectDecl	/home/user/fortress/Library/CompilerLibrary.fss:179:1-181:2	errors=0
@@TC DECL-OK	ObjectDecl	/home/user/fortress/Library/CompilerLibrary.fss:183:1-185:2	errors=0
@@TC DECL-OK	ObjectDecl	/home/user/fortress/Library/CompilerLibrary.fss:187:1-189:2	errors=0
@@TC DECL-OK	ObjectDecl	/home/user/fortress/Library/CompilerLibrary.fss:191:1-193:2	errors=0
@@TC DECL-OK	ObjectDecl	/home/user/fortress/Library/CompilerLibrary.fss:195:1-197:2	errors=0
@@TC DECL-OK	ObjectDecl	/home/user/fortress/Library/CompilerLibrary.fss:199:1-201:2	errors=0
@@TC DECL-OK	ObjectDecl	/home/user/fortress/Library/CompilerLibrary.fss:203:1-205:2	errors=0
@@TC DECL-OK	ObjectDecl	/home/user/fortress/Library/CompilerLibrary.fss:207:1-209:2	errors=0
@@TC DECL-OK	ObjectDecl	/home/user/fortress/Library/CompilerLibrary.fss:211:1-213:2	errors=0
@@TC DECL-OK	ObjectDecl	/home/user/fortress/Library/CompilerLibrary.fss:216:1-218:2	errors=0
@@TC DECL-OK	ObjectDecl	/home/user/fortress/Library/CompilerLibrary.fss:221:1-223:2	errors=0
@@TC DECL-OK	ObjectDecl	/home/user/fortress/Library/CompilerLibrary.fss:231:1-233:2	errors=0
@@TC DECL-OK	ObjectDecl	/home/user/fortress/Library/CompilerLibrary.fss:235:1-237:2	errors=0
@@TC DECL-OK	ObjectDecl	/home/user/fortress/Library/CompilerLibrary.fss:239:1-241:2	errors=0
@@TC DECL-OK	ObjectDecl	/home/user/fortress/Library/CompilerLibrary.fss:243:1-245:2	errors=0
@@TC DECL-OK	ObjectDecl	/home/user/fortress/Library/CompilerLibrary.fss:247:1-249:2	errors=0
@@TC DECL-OK	ObjectDecl	/home/user/fortress/Library/CompilerLibrary.fss:253:1-255:2	errors=0
@@TC DECL-OK	TraitDecl	/home/user/fortress/Library/CompilerLibrary.fss:301:1-312:2	errors=0
@@TC DECL-OK	FnDecl	/home/user/fortress/Library/CompilerLibrary.fss:314:1-64	errors=0
@@TC DECL-OK	TraitDecl	/home/user/fortress/Library/CompilerLibrary.fss:316:1-326:2	errors=0
@@TC DECL-OK	FnDecl	/home/user/fortress/Library/CompilerLibrary.fss:328:1-83	errors=0
@@TC DECL-OK	FnDecl	/home/user/fortress/Library/CompilerLibrary.fss:330:1-332:49	errors=0
@@TC DECL-OK	FnDecl	/home/user/fortress/Library/CompilerLibrary.fss:333:1-335:46	errors=0
@@TC DECL-OK	FnDecl	/home/user/fortress/Library/CompilerLibrary.fss:337:1-338:19	errors=0
@@TC DECL-OK	FnDecl	/home/user/fortress/Library/CompilerLibrary.fss:339:1-340:19	errors=0
@@TC DECL-OK	FnDecl	/home/user/fortress/Library/CompilerLibrary.fss:341:1-342:35	errors=0
@@TC DECL-OK	FnDecl	/home/user/fortress/Library/CompilerLibrary.fss:343:1-344:35	errors=0
@@TC DECL-OK	ObjectDecl	/home/user/fortress/Library/CompilerLibrary.fss:347:1-356:2	errors=0
@@TC DECL-OK	FnDecl	/home/user/fortress/Library/CompilerLibrary.fss:359:1-371:2	errors=0
@@TC DECL-OK	FnDecl	/home/user/fortress/Library/CompilerLibrary.fss:373:1-381:6	errors=0
@@TC DECL-OK	FnDecl	/home/user/fortress/Library/CompilerLibrary.fss:383:1-390:6	errors=0
@@TC DECL-OK	FnDecl	/home/user/fortress/Library/CompilerLibrary.fss:391:1-398:6	errors=0
@@TC DECL-OK	FnDecl	/home/user/fortress/Library/CompilerLibrary.fss:400:1-409:6	errors=0
@@TC DECL-OK	FnDecl	/home/user/fortress/Library/CompilerLibrary.fss:410:1-419:6	errors=0
@@TC DECL-OK	TraitDecl	/home/user/fortress/Library/CompilerLibrary.fss:421:1-424:2	errors=0
@@TC DECL-OK	ObjectDecl	/home/user/fortress/Library/CompilerLibrary.fss:426:1-443:2	errors=0
@@TC DECL-OK	FnDecl	/home/user/fortress/Library/CompilerLibrary.fss:445:1-70	errors=0
@@TC DECL-OK	FnDecl	/home/user/fortress/Library/CompilerLibrary.fss:446:1-48	errors=0
@@TC DECL-OK	TraitDecl	/home/user/fortress/Library/CompilerLibrary.fss:448:1-451:2	errors=0
@@TC DECL-OK	TraitDecl	/home/user/fortress/Library/CompilerLibrary.fss:453:1-456:2	errors=0
@@TC DECL-OK	ObjectDecl	/home/user/fortress/Library/CompilerLibrary.fss:458:1-461:2	errors=0
@@TC DECL-OK	ObjectDecl	/home/user/fortress/Library/CompilerLibrary.fss:463:1-466:2	errors=0
@@TC DECL-OK	ObjectDecl	/home/user/fortress/Library/CompilerLibrary.fss:468:1-471:2	errors=0
@@TC DECL-OK	FnDecl	/home/user/fortress/Library/CompilerLibrary.fss:477:1-41	errors=0
@@TC DECL-OK	FnDecl	/home/user/fortress/Library/CompilerLibrary.fss:478:1-94	errors=0
@@TC DECL-OK	FnDecl	/home/user/fortress/Library/CompilerLibrary.fss:480:1-38	errors=0
@@TC DECL-OK	FnDecl	/home/user/fortress/Library/CompilerLibrary.fss:481:1-483:44	errors=0
@@TC DECL-OK	FnDecl	/home/user/fortress/Library/CompilerLibrary.fss:484:1-488:2	errors=0
@@TC DECL-OK	FnDecl	/home/user/fortress/Library/CompilerLibrary.fss:497:1-501:2	errors=0
@@TC DECL-OK	FnDecl	/home/user/fortress/Library/CompilerLibrary.fss:503:1-507:2	errors=0
@@TC DECL-OK	FnDecl	/home/user/fortress/Library/CompilerLibrary.fss:509:1-513:2	errors=0
@@TC DECL-OK	FnDecl	/home/user/fortress/Library/CompilerLibrary.fss:515:1-519:2	errors=0
@@TC DECL-OK	TraitDecl	/home/user/fortress/Library/CompilerLibrary.fss:526:1-536:2	errors=0
@@TC DECL-OK	ObjectDecl	/home/user/fortress/Library/CompilerLibrary.fss:538:1-558:2	errors=0
@@TC DECL-OK	ObjectDecl	/home/user/fortress/Library/CompilerLibrary.fss:560:1-578:2	errors=0
@@TC DECL-OK	ObjectDecl	/home/user/fortress/Library/CompilerLibrary.fss:580:1-23	errors=0
@@TC DECL-OK	FnDecl	/home/user/fortress/Library/CompilerLibrary.fss:587:1-588:31	errors=0
@@TC DECL-OK	FnDecl	/home/user/fortress/Library/CompilerLibrary.fss:589:1-590:32	errors=0
@@TC DECL-OK	FnDecl	/home/user/fortress/Library/CompilerLibrary.fss:591:1-592:71	errors=0
@@TC DECL-OK	FnDecl	/home/user/fortress/Library/CompilerLibrary.fss:593:1-608:62	errors=0
@@TC DECL-OK	VarDecl	/home/user/fortress/Library/CompilerLibrary.fss:610:1-37	errors=0
@@TC DECL-OK	FnDecl	/home/user/fortress/Library/CompilerLibrary.fss:612:1-72	errors=0
@@TC DECL-OK	FnDecl	/home/user/fortress/Library/CompilerLibrary.fss:614:1-619:4	errors=0
@@TC DECL-OK	TraitDecl	/home/user/fortress/Library/CompilerLibrary.fss:631:1-633:2	errors=0
@@TC DECL-OK	TraitDecl	/home/user/fortress/Library/CompilerLibrary.fss:638:1-51	errors=0
@@TC DECL-OK	VarDecl	/home/user/fortress/Library/CompilerLibrary.fss:645:1-34	errors=0
@@TC DECL-OK	VarDecl	/home/user/fortress/Library/CompilerLibrary.fss:646:1-29	errors=0
@@TC DECL-OK	VarDecl	/home/user/fortress/Library/CompilerLibrary.fss:647:1-44	errors=0
@@TC DECL-OK	VarDecl	/home/user/fortress/Library/CompilerLibrary.fss:648:1-39	errors=0
@@TC DECL-OK	VarDecl	/home/user/fortress/Library/CompilerLibrary.fss:649:1-29	errors=0
@@TC DECL-OK	VarDecl	/home/user/fortress/Library/CompilerLibrary.fss:650:1-29	errors=0
@@TC DECL-OK	VarDecl	/home/user/fortress/Library/CompilerLibrary.fss:651:1-39	errors=0
@@TC DECL-OK	VarDecl	/home/user/fortress/Library/CompilerLibrary.fss:652:1-656:63	errors=0
@@TC DECL-OK	VarDecl	/home/user/fortress/Library/CompilerLibrary.fss:658:1-52	errors=0
@@TC DECL-OK	VarDecl	/home/user/fortress/Library/CompilerLibrary.fss:659:1-27	errors=0
@@TC DECL-OK	VarDecl	/home/user/fortress/Library/CompilerLibrary.fss:660:1-662:24	errors=0
@@TC DECL-OK	VarDecl	/home/user/fortress/Library/CompilerLibrary.fss:663:1-29	errors=0
@@TC DECL-OK	VarDecl	/home/user/fortress/Library/CompilerLibrary.fss:664:1-34	errors=0
@@TC DECL-OK	VarDecl	/home/user/fortress/Library/CompilerLibrary.fss:665:1-34	errors=0
@@TC DECL-OK	VarDecl	/home/user/fortress/Library/CompilerLibrary.fss:666:1-34	errors=0
@@TC DECL-OK	VarDecl	/home/user/fortress/Library/CompilerLibrary.fss:667:1-33	errors=0
@@TC DECL-OK	VarDecl	/home/user/fortress/Library/CompilerLibrary.fss:668:1-30	errors=0
@@TC DECL-OK	VarDecl	/home/user/fortress/Library/CompilerLibrary.fss:669:1-33	errors=0
@@TC DECL-OK	VarDecl	/home/user/fortress/Library/CompilerLibrary.fss:670:1-32	errors=0
@@TC DECL-OK	VarDecl	/home/user/fortress/Library/CompilerLibrary.fss:671:1-39	errors=0
@@TC DECL-OK	VarDecl	/home/user/fortress/Library/CompilerLibrary.fss:672:1-37	errors=0
@@TC DECL-OK	VarDecl	/home/user/fortress/Library/CompilerLibrary.fss:673:1-32	errors=0
@@TC DECL-OK	VarDecl	/home/user/fortress/Library/CompilerLibrary.fss:674:1-31	errors=0
@@TC DECL-OK	VarDecl	/home/user/fortress/Library/CompilerLibrary.fss:675:1-34	errors=0
@@TC DECL-OK	VarDecl	/home/user/fortress/Library/CompilerLibrary.fss:676:1-33	errors=0
@@TC DECL-OK	VarDecl	/home/user/fortress/Library/CompilerLibrary.fss:677:1-38	errors=0
@@TC DECL-OK	VarDecl	/home/user/fortress/Library/CompilerLibrary.fss:678:1-27	errors=0
@@TC DECL-OK	VarDecl	/home/user/fortress/Library/CompilerLibrary.fss:679:1-680:27	errors=0
@@TC DECL-OK	VarDecl	/home/user/fortress/Library/CompilerLibrary.fss:681:1-30	errors=0
@@TC DECL-OK	VarDecl	/home/user/fortress/Library/CompilerLibrary.fss:682:1-29	errors=0
@@TC DECL-OK	VarDecl	/home/user/fortress/Library/CompilerLibrary.fss:683:1-35	errors=0
@@TC DECL-OK	VarDecl	/home/user/fortress/Library/CompilerLibrary.fss:684:1-36	errors=0
@@TC DECL-OK	VarDecl	/home/user/fortress/Library/CompilerLibrary.fss:685:1-34	errors=0
@@TC DECL-OK	VarDecl	/home/user/fortress/Library/CompilerLibrary.fss:686:1-40	errors=0
@@TC DECL-OK	VarDecl	/home/user/fortress/Library/CompilerLibrary.fss:687:1-36	errors=0
@@TC DECL-OK	VarDecl	/home/user/fortress/Library/CompilerLibrary.fss:688:1-30	errors=0
@@TC DECL-OK	VarDecl	/home/user/fortress/Library/CompilerLibrary.fss:689:1-34	errors=0
@@TC DECL-OK	VarDecl	/home/user/fortress/Library/CompilerLibrary.fss:690:1-34	errors=0
@@TC DECL-OK	VarDecl	/home/user/fortress/Library/CompilerLibrary.fss:691:1-31	errors=0
@@TC DECL-OK	VarDecl	/home/user/fortress/Library/CompilerLibrary.fss:692:1-43	errors=0
@@TC DECL-OK	VarDecl	/home/user/fortress/Library/CompilerLibrary.fss:693:1-695:28	errors=0
@@TC DECL-OK	VarDecl	/home/user/fortress/Library/CompilerLibrary.fss:696:1-62	errors=0
@@TC DECL-OK	VarDecl	/home/user/fortress/Library/CompilerLibrary.fss:697:1-44	errors=0
@@TC DECL-OK	VarDecl	/home/user/fortress/Library/CompilerLibrary.fss:698:1-44	errors=0
@@TC DECL-OK	VarDecl	/home/user/fortress/Library/CompilerLibrary.fss:699:1-50	errors=0
@@TC DECL-OK	VarDecl	/home/user/fortress/Library/CompilerLibrary.fss:700:1-47	errors=0
@@TC DECL-OK	VarDecl	/home/user/fortress/Library/CompilerLibrary.fss:701:1-56	errors=0
@@TC DECL-OK	VarDecl	/home/user/fortress/Library/CompilerLibrary.fss:702:1-57	errors=0
@@TC DECL-OK	VarDecl	/home/user/fortress/Library/CompilerLibrary.fss:703:1-45	errors=0
@@TC DECL-OK	VarDecl	/home/user/fortress/Library/CompilerLibrary.fss:704:1-54	errors=0
@@TC DECL-OK	VarDecl	/home/user/fortress/Library/CompilerLibrary.fss:705:1-47	errors=0
@@TC DECL-OK	VarDecl	/home/user/fortress/Library/CompilerLibrary.fss:706:1-48	errors=0
@@TC DECL-OK	VarDecl	/home/user/fortress/Library/CompilerLibrary.fss:707:1-52	errors=0
@@TC DECL-OK	VarDecl	/home/user/fortress/Library/CompilerLibrary.fss:708:1-50	errors=0
@@TC DECL-OK	VarDecl	/home/user/fortress/Library/CompilerLibrary.fss:709:1-44	errors=0
@@TC DECL-OK	VarDecl	/home/user/fortress/Library/CompilerLibrary.fss:710:1-47	errors=0
@@TC DECL-OK	VarDecl	/home/user/fortress/Library/CompilerLibrary.fss:711:1-54	errors=0
@@TC DECL-OK	VarDecl	/home/user/fortress/Library/CompilerLibrary.fss:712:1-53	errors=0
@@TC DECL-OK	VarDecl	/home/user/fortress/Library/CompilerLibrary.fss:713:1-54	errors=0
@@TC DECL-OK	VarDecl	/home/user/fortress/Library/CompilerLibrary.fss:714:1-53	errors=0
@@TC DECL-OK	VarDecl	/home/user/fortress/Library/CompilerLibrary.fss:715:1-716:1	errors=0
@@TC DECL-OK	FnDecl	/home/user/fortress/Library/CompilerLibrary.fss:528:3-41	errors=0
@@SC STAGE	component CompilerLibrary	typecheck	errors=0
@@SC STAGE	component CompilerLibrary	wellformed2	errors=0
@@SC STAGE	component CompilerLibrary	overloading	errors=0
@@SC STAGE	component CompilerLibrary	export	errors=0
@@SC STAGE	component CompilerLibrary	variance	errors=0
@@TC COMPONENT	CompilerLibrary	errors=0
### rc=0
exit=0
ELAPSED 39 s
# end 2026-09-26T09:19:16Z
