########## Distance -order check -setting compile Library/Stream.fss
# jvm flags: -Dprobe.tolerant=true -Dprobe.all=true -Dfortress.analyzer.overload.cache=false -Dprobe.componentOnly=true
# machine: nproc=4; model name: Intel(R) Xeon(R) Processor @ 2.10GHz; cpu MHz: 2100.000
# load average at start: 5.45 4.79 4.30; JDK: openjdk version "25.0.4" 2026-07-21; FORTRESS_THREADS=1
# start 2026-09-26T10:19:35Z
### order=check phases=[ PREDISAMBIGUATEDESUGAR DISAMBIGUATE GRAMMAR PRETYPECHECKDESUGAR INTEGERLITERALFOLDING TYPECHECK ] setting=compile (extendsObject=true compiledExpr=true) prelude=INTERPRETER target=[Library/Stream.fss] overloadCache=false
@@TC API	AnyType	errors=0
@@TC API	Stream	errors=4
@@TC API	FlatString	errors=0
@@TC API	String	errors=0
@@TC API	FortressLibrary	errors=490
@@TC API	FortressBuiltin	errors=22
@@TC APIS-NOT-SUCCESSFUL	516 errors kept
@@SC STAGE	component Stream	hierarchy	errors=0
@@SC STAGE	component Stream	apiextract	errors=0
@@SC STAGE	component Stream	acyclic	errors=0
@@SC STAGE	component Stream	wellformed1	errors=2
@@TC DECL-OK	TraitDecl	/home/user/fortress/Library/Stream.fss:20:1-22:2	errors=0
@@TC DECL-OK	TraitDecl	/home/user/fortress/Library/Stream.fss:24:1-26:2	errors=0
@@TC DECL-OK	TraitDecl	/home/user/fortress/Library/Stream.fss:28:1-31:2	errors=0
@@TC DECL-OK	TraitDecl	/home/user/fortress/Library/Stream.fss:33:1-76:14	errors=3
@@SC STAGE	component Stream	typecheck	errors=3
@@SC STAGE	component Stream	wellformed2	errors=5
@@SC STAGE	component Stream	overloading	errors=0
@@SC STAGE	component Stream	export	errors=1
@@SC CRASH	component Stream	variance	edu.rice.cs.plt.tuple.OptionUnwrapException	edu.rice.cs.plt.tuple.Null.unwrap(Null.java:58)	null
@@SC STAGE	component Stream	variance	errors=0
@@TC COMPONENT	Stream	errors=33
@@TC COMPONENTS-NOT-SUCCESSFUL	33 errors kept
### rc=0
exit=0
ELAPSED 9 s
# end 2026-09-26T10:19:44Z
