########## Distance -order check -setting compile Library/FortressLibrary.fss
# jvm flags: -Dprobe.tolerant=true -Dprobe.all=true -Dfortress.analyzer.overload.cache=false
# machine: nproc=4; model name: Intel(R) Xeon(R) Processor @ 2.10GHz; cpu MHz: 2100.000
# load average at start: 4.66 6.27 5.74; JDK: openjdk version "25.0.4" 2026-07-21; FORTRESS_THREADS=1
# start 2026-09-26T09:51:10Z
### order=check phases=[ PREDISAMBIGUATEDESUGAR DISAMBIGUATE GRAMMAR PRETYPECHECKDESUGAR INTEGERLITERALFOLDING TYPECHECK ] setting=compile (extendsObject=true compiledExpr=true) prelude=INTERPRETER target=[Library/FortressLibrary.fss] overloadCache=false
@@SC STAGE	api Writer	hierarchy	errors=0
@@SC STAGE	api Writer	acyclic	errors=0
@@SC STAGE	api Writer	wellformed1	errors=0
@@SC STAGE	api Writer	wellformed2	errors=0
@@SC STAGE	api Writer	overloading	errors=0
@@TC API	Writer	errors=0
@@SC STAGE	api AnyType	hierarchy	errors=0
@@SC STAGE	api AnyType	acyclic	errors=0
@@SC STAGE	api AnyType	wellformed1	errors=0
@@SC STAGE	api AnyType	wellformed2	errors=0
@@SC STAGE	api AnyType	overloading	errors=0
@@TC API	AnyType	errors=0
@@SC STAGE	api Stream	hierarchy	errors=0
@@SC STAGE	api Stream	acyclic	errors=0
@@SC STAGE	api Stream	wellformed1	errors=1
@@SC STAGE	api Stream	wellformed2	errors=1
@@SC STAGE	api Stream	overloading	errors=0
@@TC API	Stream	errors=2
@@SC STAGE	api NatReflect	hierarchy	errors=0
@@SC STAGE	api NatReflect	acyclic	errors=0
@@SC STAGE	api NatReflect	wellformed1	errors=0
@@SC STAGE	api NatReflect	wellformed2	errors=0
@@SC STAGE	api NatReflect	overloading	errors=0
@@TC API	NatReflect	errors=0
@@SC STAGE	api FlatString	hierarchy	errors=0
@@SC STAGE	api FlatString	acyclic	errors=0
@@SC STAGE	api FlatString	wellformed1	errors=0
@@SC STAGE	api FlatString	wellformed2	errors=0
@@SC STAGE	api FlatString	overloading	errors=0
@@TC API	FlatString	errors=0
@@SC STAGE	api String	hierarchy	errors=0
@@SC STAGE	api String	acyclic	errors=0
@@SC STAGE	api String	wellformed1	errors=0
@@SC STAGE	api String	wellformed2	errors=0
@@SC STAGE	api String	overloading	errors=0
@@TC API	String	errors=0
@@SC STAGE	api TypeProxy	hierarchy	errors=0
@@SC STAGE	api TypeProxy	acyclic	errors=0
@@SC STAGE	api TypeProxy	wellformed1	errors=0
@@SC STAGE	api TypeProxy	wellformed2	errors=0
@@SC STAGE	api TypeProxy	overloading	errors=0
@@TC API	TypeProxy	errors=0
@@SC STAGE	api List	hierarchy	errors=0
@@SC STAGE	api List	acyclic	errors=0
@@SC STAGE	api List	wellformed1	errors=3
@@SC STAGE	api List	wellformed2	errors=3
@@SC STAGE	api List	overloading	errors=0
@@TC API	List	errors=6
@@SC STAGE	api RangeInternals	hierarchy	errors=0
@@SC STAGE	api RangeInternals	acyclic	errors=0
@@SC STAGE	api RangeInternals	wellformed1	errors=76
@@SC STAGE	api RangeInternals	wellformed2	errors=76
@@SC STAGE	api RangeInternals	overloading	errors=39
@@TC API	RangeInternals	errors=191
@@SC STAGE	api FortressLibrary	hierarchy	errors=0
@@SC STAGE	api FortressLibrary	acyclic	errors=55
@@SC STAGE	api FortressLibrary	wellformed1	errors=95
@@SC STAGE	api FortressLibrary	wellformed2	errors=95
@@SC STAGE	api FortressLibrary	overloading	errors=365
@@TC API	FortressLibrary	errors=610
@@SC STAGE	api NativeArray	hierarchy	errors=0
@@SC STAGE	api NativeArray	acyclic	errors=0
@@SC STAGE	api NativeArray	wellformed1	errors=0
@@SC STAGE	api NativeArray	wellformed2	errors=0
@@SC STAGE	api NativeArray	overloading	errors=4
@@TC API	NativeArray	errors=4
@@SC STAGE	api FortressBuiltin	hierarchy	errors=0
@@SC STAGE	api FortressBuiltin	acyclic	errors=9
@@SC STAGE	api FortressBuiltin	wellformed1	errors=1
@@SC STAGE	api FortressBuiltin	wellformed2	errors=1
@@SC STAGE	api FortressBuiltin	overloading	errors=0
@@TC API	FortressBuiltin	errors=11
@@TC APIS-NOT-SUCCESSFUL	824 errors kept
@@SC STAGE	component FortressLibrary	hierarchy	errors=0
@@SC STAGE	component FortressLibrary	apiextract	errors=0
@@SC STAGE	component FortressLibrary	acyclic	errors=58
@@SC STAGE	component FortressLibrary	wellformed1	errors=144
@@TC DECL-OK	FnDecl	/home/user/fortress/Library/FortressLibrary.fss:33:1-37:4	errors=0
@@TC DECL-OK	FnDecl	/home/user/fortress/Library/FortressLibrary.fss:39:1-43:4	errors=0
@@TC DECL-OK	FnDecl	/home/user/fortress/Library/FortressLibrary.fss:47:1-22	errors=0
@@TC DECL-OK	FnDecl	/home/user/fortress/Library/FortressLibrary.fss:49:1-51:26	errors=0
@@TC DECL-OK	FnDecl	/home/user/fortress/Library/FortressLibrary.fss:52:1-75:4	errors=0
@@TC DECL-OK	FnDecl	/home/user/fortress/Library/FortressLibrary.fss:54:1-75:4	errors=0
@@TC DECL-OK	FnDecl	/home/user/fortress/Library/FortressLibrary.fss:65:1-75:4	errors=0
@@TC DECL-OK	FnDecl	/home/user/fortress/Library/FortressLibrary.fss:67:1-75:4	errors=0
@@TC DECL-OK	FnDecl	/home/user/fortress/Library/FortressLibrary.fss:69:1-75:4	errors=0
@@TC DECL-OK	TraitDecl	/home/user/fortress/Library/FortressLibrary.fss:75:1-78:2	errors=0
@@TC DECL-OK	ObjectDecl	/home/user/fortress/Library/FortressLibrary.fss:80:1-83:2	errors=0
@@TC DECL-OK	FnDecl	/home/user/fortress/Library/FortressLibrary.fss:85:1-87:43	errors=0
@@TC DECL-OK	FnDecl	/home/user/fortress/Library/FortressLibrary.fss:88:1-37	errors=0
@@TC DECL-OK	FnDecl	/home/user/fortress/Library/FortressLibrary.fss:90:1-94:62	errors=0
@@TC DECL-OK	FnDecl	/home/user/fortress/Library/FortressLibrary.fss:96:1-39	errors=0
@@TC DECL-OK	FnDecl	/home/user/fortress/Library/FortressLibrary.fss:98:1-42	errors=0
@@TC DECL-OK	TraitDecl	/home/user/fortress/Library/FortressLibrary.fss:100:1-102:2	errors=0
@@TC DECL-OK	ObjectDecl	/home/user/fortress/Library/FortressLibrary.fss:106:1-114:2	errors=0
@@TC DECL-OK	ObjectDecl	/home/user/fortress/Library/FortressLibrary.fss:116:1-124:2	errors=0
@@TC DECL-OK	FnDecl	/home/user/fortress/Library/FortressLibrary.fss:126:1-127:76	errors=0
@@TC DECL-OK	FnDecl	/home/user/fortress/Library/FortressLibrary.fss:129:1-130:107	errors=1
@@TC DECL-OK	TraitDecl	/home/user/fortress/Library/FortressLibrary.fss:132:1-146:2	errors=0
@@TC DECL-OK	ObjectDecl	/home/user/fortress/Library/FortressLibrary.fss:150:1-156:2	errors=0
@@TC DECL-OK	TraitDecl	/home/user/fortress/Library/FortressLibrary.fss:158:1-173:2	errors=0
@@TC DECL-OK	ObjectDecl	/home/user/fortress/Library/FortressLibrary.fss:175:1-185:2	errors=0
@@TC DECL-OK	ObjectDecl	/home/user/fortress/Library/FortressLibrary.fss:187:1-196:2	errors=0
@@TC DECL-OK	ObjectDecl	/home/user/fortress/Library/FortressLibrary.fss:198:1-208:2	errors=0
@@TC DECL-OK	TraitDecl	/home/user/fortress/Library/FortressLibrary.fss:213:1-226:2	errors=4
@@TC DECL-OK	TraitDecl	/home/user/fortress/Library/FortressLibrary.fss:235:1-237:2	errors=0
@@TC DECL-OK	TraitDecl	/home/user/fortress/Library/FortressLibrary.fss:246:1-248:2	errors=0
@@TC DECL-OK	TraitDecl	/home/user/fortress/Library/FortressLibrary.fss:257:1-262:2	errors=2
@@TC DECL-OK	TraitDecl	/home/user/fortress/Library/FortressLibrary.fss:270:1-283:2	errors=24
@@TC DECL-OK	FnDecl	/home/user/fortress/Library/FortressLibrary.fss:286:1-289:6	errors=0
@@TC DECL-OK	FnDecl	/home/user/fortress/Library/FortressLibrary.fss:291:1-294:6	errors=0
@@TC DECL-OK	FnDecl	/home/user/fortress/Library/FortressLibrary.fss:296:1-300:6	errors=3
@@TC DECL-OK	FnDecl	/home/user/fortress/Library/FortressLibrary.fss:302:1-42	errors=0
@@TC DECL-OK	FnDecl	/home/user/fortress/Library/FortressLibrary.fss:304:1-69	errors=0
@@TC DECL-OK	FnDecl	/home/user/fortress/Library/FortressLibrary.fss:306:1-310:6	errors=3
@@TC DECL-OK	FnDecl	/home/user/fortress/Library/FortressLibrary.fss:312:1-320:2	errors=1
@@TC DECL-OK	TraitDecl	/home/user/fortress/Library/FortressLibrary.fss:328:1-25	errors=0
@@TC DECL-OK	TraitDecl	/home/user/fortress/Library/FortressLibrary.fss:331:1-336:2	errors=2
@@TC DECL-OK	TraitDecl	/home/user/fortress/Library/FortressLibrary.fss:339:1-30	errors=0
@@TC DECL-OK	TraitDecl	/home/user/fortress/Library/FortressLibrary.fss:343:1-350:2	errors=0
@@TC DECL-OK	TraitDecl	/home/user/fortress/Library/FortressLibrary.fss:352:1-423:2	errors=0
@@TC DECL-OK	TraitDecl	/home/user/fortress/Library/FortressLibrary.fss:425:1-472:2	errors=14
@@TC DECL-OK	FnDecl	/home/user/fortress/Library/FortressLibrary.fss:474:1-522:9	errors=8
@@TC DECL-OK	TraitDecl	/home/user/fortress/Library/FortressLibrary.fss:524:1-597:2	errors=3
@@TC DECL-OK	ObjectDecl	/home/user/fortress/Library/FortressLibrary.fss:599:1-610:2	errors=0
@@TC DECL-OK	TraitDecl	/home/user/fortress/Library/FortressLibrary.fss:612:1-52	errors=0
@@TC DECL-OK	TraitDecl	/home/user/fortress/Library/FortressLibrary.fss:615:1-644:2	errors=4
@@TC DECL-OK	TraitDecl	/home/user/fortress/Library/FortressLibrary.fss:646:1-702:2	errors=1
@@TC DECL-OK	TraitDecl	/home/user/fortress/Library/FortressLibrary.fss:704:1-772:2	errors=0
@@TC DECL-OK	TraitDecl	/home/user/fortress/Library/FortressLibrary.fss:774:1-824:2	errors=0
@@TC DECL-OK	TraitDecl	/home/user/fortress/Library/FortressLibrary.fss:826:1-898:2	errors=1
@@TC DECL-OK	TraitDecl	/home/user/fortress/Library/FortressLibrary.fss:909:1-921:2	errors=0
@@TC DECL-OK	FnDecl	/home/user/fortress/Library/FortressLibrary.fss:924:1-926:42	errors=0
@@TC DECL-OK	FnDecl	/home/user/fortress/Library/FortressLibrary.fss:927:1-929:48	errors=0
@@TC DECL-OK	FnDecl	/home/user/fortress/Library/FortressLibrary.fss:930:1-962:3	errors=0
@@TC DECL-OK	TraitDecl	/home/user/fortress/Library/FortressLibrary.fss:963:1-1061:12	errors=1
@@TC DECL-OK	FnDecl	/home/user/fortress/Library/FortressLibrary.fss:1069:1-1070:25	errors=0
@@TC DECL-OK	FnDecl	/home/user/fortress/Library/FortressLibrary.fss:1072:1-1073:20	errors=0
@@TC DECL-OK	FnDecl	/home/user/fortress/Library/FortressLibrary.fss:1075:1-59	errors=0
@@TC DECL-OK	FnDecl	/home/user/fortress/Library/FortressLibrary.fss:1077:1-62	errors=1
@@TC DECL-OK	FnDecl	/home/user/fortress/Library/FortressLibrary.fss:1079:1-70	errors=0
@@TC DECL-OK	FnDecl	/home/user/fortress/Library/FortressLibrary.fss:1080:1-1082:42	errors=1
@@TC DECL-OK	FnDecl	/home/user/fortress/Library/FortressLibrary.fss:1083:1-1091:21	errors=1
@@TC DECL-OK	FnDecl	/home/user/fortress/Library/FortressLibrary.fss:1092:1-1097:6	errors=0
@@TC DECL-OK	FnDecl	/home/user/fortress/Library/FortressLibrary.fss:1104:1-1112:2	errors=0
@@TC DECL-OK	FnDecl	/home/user/fortress/Library/FortressLibrary.fss:1120:1-1123:85	errors=0
@@TC DECL-CRASH	FnDecl	/home/user/fortress/Library/FortressLibrary.fss:1124:1-1128:4	com.sun.fortress.exceptions.InterpreterBug	com.sun.fortress.exceptions.InterpreterBug.bug(InterpreterBug.java:67)	** bug! /home/user/fortress/Library/FortressLibrary.fss:1126:10     Type is not inferred.
@@TC DECL-OK	FnDecl	/home/user/fortress/Library/FortressLibrary.fss:1150:1-1171:4	errors=1
@@TC DECL-OK	FnDecl	/home/user/fortress/Library/FortressLibrary.fss:1176:1-1179:2	errors=0
@@TC DECL-OK	TraitDecl	/home/user/fortress/Library/FortressLibrary.fss:1182:1-1201:22	errors=0
@@TC DECL-OK	TraitDecl	/home/user/fortress/Library/FortressLibrary.fss:1206:1-1245:12	errors=10
@@TC DECL-OK	FnDecl	/home/user/fortress/Library/FortressLibrary.fss:1248:1-1250:58	errors=0
@@TC DECL-OK	FnDecl	/home/user/fortress/Library/FortressLibrary.fss:1251:1-1255:2	errors=0
@@TC DECL-OK	FnDecl	/home/user/fortress/Library/FortressLibrary.fss:1255:1-1298:10	errors=0
@@TC DECL-OK	TraitDecl	/home/user/fortress/Library/FortressLibrary.fss:1298:1-1300:2	errors=0
@@TC DECL-OK	FnDecl	/home/user/fortress/Library/FortressLibrary.fss:1302:1-1311:51	errors=1
@@TC DECL-OK	TraitDecl	/home/user/fortress/Library/FortressLibrary.fss:1312:1-1316:2	errors=0
@@TC DECL-OK	ObjectDecl	/home/user/fortress/Library/FortressLibrary.fss:1318:1-1344:2	errors=1
@@TC DECL-OK	ObjectDecl	/home/user/fortress/Library/FortressLibrary.fss:1348:1-1371:2	errors=0
@@TC DECL-OK	TraitDecl	/home/user/fortress/Library/FortressLibrary.fss:1375:1-1379:2	errors=0
@@TC DECL-OK	TraitDecl	/home/user/fortress/Library/FortressLibrary.fss:1386:1-1392:2	errors=0
@@TC DECL-OK	ObjectDecl	/home/user/fortress/Library/FortressLibrary.fss:1394:1-1417:2	errors=0
@@TC DECL-OK	ObjectDecl	/home/user/fortress/Library/FortressLibrary.fss:1419:1-1426:2	errors=0
@@TC DECL-OK	FnDecl	/home/user/fortress/Library/FortressLibrary.fss:1428:1-1429:82	errors=0
@@TC DECL-OK	FnDecl	/home/user/fortress/Library/FortressLibrary.fss:1431:1-1432:111	errors=1
@@TC DECL-OK	ObjectDecl	/home/user/fortress/Library/FortressLibrary.fss:1434:1-1441:2	errors=0
@@TC DECL-OK	FnDecl	/home/user/fortress/Library/FortressLibrary.fss:1443:1-1444:82	errors=0
@@TC DECL-OK	FnDecl	/home/user/fortress/Library/FortressLibrary.fss:1446:1-1451:62	errors=1
@@TC DECL-OK	TraitDecl	/home/user/fortress/Library/FortressLibrary.fss:1453:1-1454:2	errors=0
@@TC DECL-OK	TraitDecl	/home/user/fortress/Library/FortressLibrary.fss:1458:1-1459:2	errors=0
@@TC DECL-OK	ObjectDecl	/home/user/fortress/Library/FortressLibrary.fss:1461:1-1463:2	errors=0
@@TC DECL-OK	ObjectDecl	/home/user/fortress/Library/FortressLibrary.fss:1465:1-1467:2	errors=0
@@TC DECL-OK	ObjectDecl	/home/user/fortress/Library/FortressLibrary.fss:1469:1-1471:2	errors=0
@@TC DECL-OK	ObjectDecl	/home/user/fortress/Library/FortressLibrary.fss:1473:1-1475:2	errors=0
@@TC DECL-OK	ObjectDecl	/home/user/fortress/Library/FortressLibrary.fss:1477:1-1479:2	errors=0
@@TC DECL-OK	ObjectDecl	/home/user/fortress/Library/FortressLibrary.fss:1481:1-1483:2	errors=0
@@TC DECL-OK	ObjectDecl	/home/user/fortress/Library/FortressLibrary.fss:1485:1-1487:2	errors=0
@@TC DECL-OK	ObjectDecl	/home/user/fortress/Library/FortressLibrary.fss:1489:1-1491:2	errors=0
@@TC DECL-OK	ObjectDecl	/home/user/fortress/Library/FortressLibrary.fss:1493:1-1495:2	errors=0
@@TC DECL-OK	ObjectDecl	/home/user/fortress/Library/FortressLibrary.fss:1497:1-1499:2	errors=0
@@TC DECL-OK	ObjectDecl	/home/user/fortress/Library/FortressLibrary.fss:1501:1-1503:2	errors=0
@@TC DECL-OK	ObjectDecl	/home/user/fortress/Library/FortressLibrary.fss:1506:1-1508:2	errors=0
@@TC DECL-OK	ObjectDecl	/home/user/fortress/Library/FortressLibrary.fss:1510:1-1512:2	errors=0
@@TC DECL-OK	ObjectDecl	/home/user/fortress/Library/FortressLibrary.fss:1514:1-1516:2	errors=0
@@TC DECL-OK	ObjectDecl	/home/user/fortress/Library/FortressLibrary.fss:1518:1-1520:2	errors=0
@@TC DECL-OK	ObjectDecl	/home/user/fortress/Library/FortressLibrary.fss:1522:1-1524:2	errors=0
@@TC DECL-OK	ObjectDecl	/home/user/fortress/Library/FortressLibrary.fss:1526:1-1528:2	errors=0
@@TC DECL-OK	ObjectDecl	/home/user/fortress/Library/FortressLibrary.fss:1530:1-1532:2	errors=0
@@TC DECL-OK	TraitDecl	/home/user/fortress/Library/FortressLibrary.fss:1536:1-1537:2	errors=0
@@TC DECL-OK	ObjectDecl	/home/user/fortress/Library/FortressLibrary.fss:1539:1-1541:2	errors=0
@@TC DECL-OK	ObjectDecl	/home/user/fortress/Library/FortressLibrary.fss:1543:1-1545:2	errors=0
@@TC DECL-OK	ObjectDecl	/home/user/fortress/Library/FortressLibrary.fss:1547:1-1549:2	errors=0
@@TC DECL-OK	ObjectDecl	/home/user/fortress/Library/FortressLibrary.fss:1552:1-1554:2	errors=0
@@TC DECL-OK	ObjectDecl	/home/user/fortress/Library/FortressLibrary.fss:1556:1-1558:2	errors=0
@@TC DECL-OK	ObjectDecl	/home/user/fortress/Library/FortressLibrary.fss:1560:1-1562:2	errors=0
@@TC DECL-OK	ObjectDecl	/home/user/fortress/Library/FortressLibrary.fss:1564:1-1566:2	errors=0
@@TC DECL-OK	ObjectDecl	/home/user/fortress/Library/FortressLibrary.fss:1568:1-1570:2	errors=0
@@TC DECL-OK	ObjectDecl	/home/user/fortress/Library/FortressLibrary.fss:1572:1-1574:2	errors=0
@@TC DECL-OK	ObjectDecl	/home/user/fortress/Library/FortressLibrary.fss:1577:1-1579:2	errors=0
@@TC DECL-OK	FnDecl	/home/user/fortress/Library/FortressLibrary.fss:1585:1-1588:2	errors=0
@@TC DECL-OK	TraitDecl	/home/user/fortress/Library/FortressLibrary.fss:1590:1-1595:2	errors=0
@@TC DECL-OK	TraitDecl	/home/user/fortress/Library/FortressLibrary.fss:1598:1-1600:2	errors=0
@@TC DECL-OK	TraitDecl	/home/user/fortress/Library/FortressLibrary.fss:1605:1-1606:2	errors=0
@@TC DECL-OK	TraitDecl	/home/user/fortress/Library/FortressLibrary.fss:1608:1-1609:2	errors=0
@@TC DECL-OK	TraitDecl	/home/user/fortress/Library/FortressLibrary.fss:1611:1-1612:2	errors=0
@@TC DECL-OK	TraitDecl	/home/user/fortress/Library/FortressLibrary.fss:1618:1-44	errors=0
@@TC DECL-OK	TraitDecl	/home/user/fortress/Library/FortressLibrary.fss:1620:1-44	errors=0
@@TC DECL-OK	TraitDecl	/home/user/fortress/Library/FortressLibrary.fss:1622:1-44	errors=0
@@TC DECL-OK	TraitDecl	/home/user/fortress/Library/FortressLibrary.fss:1642:1-1720:2	errors=1
@@TC DECL-OK	TraitDecl	/home/user/fortress/Library/FortressLibrary.fss:1722:1-1728:2	errors=1
@@TC DECL-OK	ObjectDecl	/home/user/fortress/Library/FortressLibrary.fss:1730:1-1739:2	errors=5
@@TC DECL-OK	TraitDecl	/home/user/fortress/Library/FortressLibrary.fss:1741:1-1753:2	errors=6
@@TC DECL-OK	FnDecl	/home/user/fortress/Library/FortressLibrary.fss:1755:1-1762:4	errors=1
@@TC DECL-OK	TraitDecl	/home/user/fortress/Library/FortressLibrary.fss:1772:1-1786:2	errors=1
@@TC DECL-OK	TraitDecl	/home/user/fortress/Library/FortressLibrary.fss:1795:1-1804:2	errors=0
@@TC DECL-OK	TraitDecl	/home/user/fortress/Library/FortressLibrary.fss:1808:1-1874:2	errors=1
@@TC DECL-OK	TraitDecl	/home/user/fortress/Library/FortressLibrary.fss:1876:1-1890:2	errors=0
@@TC DECL-OK	TraitDecl	/home/user/fortress/Library/FortressLibrary.fss:1892:1-1924:2	errors=0
@@TC DECL-OK	FnDecl	/home/user/fortress/Library/FortressLibrary.fss:1928:1-70	errors=1
@@TC DECL-OK	FnDecl	/home/user/fortress/Library/FortressLibrary.fss:1929:1-1930:49	errors=1
@@TC DECL-OK	FnDecl	/home/user/fortress/Library/FortressLibrary.fss:1931:1-1935:67	errors=1
@@TC DECL-OK	FnDecl	/home/user/fortress/Library/FortressLibrary.fss:1936:1-1937:19	errors=0
@@TC DECL-OK	FnDecl	/home/user/fortress/Library/FortressLibrary.fss:1938:1-1939:43	errors=0
@@TC DECL-OK	FnDecl	/home/user/fortress/Library/FortressLibrary.fss:1940:1-1944:44	errors=0
@@TC DECL-OK	FnDecl	/home/user/fortress/Library/FortressLibrary.fss:1945:1-1955:67	errors=1
@@TC DECL-OK	FnDecl	/home/user/fortress/Library/FortressLibrary.fss:1956:1-1963:3	errors=0
@@TC DECL-OK	FnDecl	/home/user/fortress/Library/FortressLibrary.fss:1965:1-79	errors=1
@@TC DECL-OK	FnDecl	/home/user/fortress/Library/FortressLibrary.fss:1966:1-1967:28	errors=0
@@TC DECL-OK	FnDecl	/home/user/fortress/Library/FortressLibrary.fss:1969:1-1970:38	errors=1
@@TC DECL-OK	FnDecl	/home/user/fortress/Library/FortressLibrary.fss:1971:1-1977:56	errors=0
@@TC DECL-OK	TraitDecl	/home/user/fortress/Library/FortressLibrary.fss:1978:1-1990:2	errors=2
@@TC DECL-OK	TraitDecl	/home/user/fortress/Library/FortressLibrary.fss:1993:1-2003:2	errors=2
@@TC DECL-OK	FnDecl	/home/user/fortress/Library/FortressLibrary.fss:2010:1-2013:4	errors=1
@@TC DECL-OK	TraitDecl	/home/user/fortress/Library/FortressLibrary.fss:2019:1-2050:2	errors=2
@@TC DECL-OK	TraitDecl	/home/user/fortress/Library/FortressLibrary.fss:2052:1-2095:2	errors=11
@@TC DECL-OK	TraitDecl	/home/user/fortress/Library/FortressLibrary.fss:2099:1-2145:2	errors=16
@@TC DECL-OK	FnDecl	/home/user/fortress/Library/FortressLibrary.fss:2148:1-2151:28	errors=0
@@TC DECL-OK	FnDecl	/home/user/fortress/Library/FortressLibrary.fss:2153:1-2163:45	errors=0
@@TC DECL-OK	ObjectDecl	/home/user/fortress/Library/FortressLibrary.fss:2164:1-2176:2	errors=2
@@TC DECL-OK	ObjectDecl	/home/user/fortress/Library/FortressLibrary.fss:2179:1-2191:2	errors=3
@@TC DECL-OK	TraitDecl	/home/user/fortress/Library/FortressLibrary.fss:2193:1-18	errors=0
@@TC DECL-OK	TraitDecl	/home/user/fortress/Library/FortressLibrary.fss:2195:1-2208:2	errors=18
@@TC DECL-OK	ObjectDecl	/home/user/fortress/Library/FortressLibrary.fss:2210:1-2216:2	errors=0
@@TC DECL-OK	FnDecl	/home/user/fortress/Library/FortressLibrary.fss:2224:1-2230:4	errors=4
@@TC DECL-OK	FnDecl	/home/user/fortress/Library/FortressLibrary.fss:2235:1-2241:4	errors=4
@@TC DECL-OK	FnDecl	/home/user/fortress/Library/FortressLibrary.fss:2243:1-2245:41	errors=1
@@TC DECL-OK	FnDecl	/home/user/fortress/Library/FortressLibrary.fss:2246:1-2250:6	errors=0
@@TC DECL-OK	FnDecl	/home/user/fortress/Library/FortressLibrary.fss:2251:1-68	errors=1
@@TC DECL-OK	FnDecl	/home/user/fortress/Library/FortressLibrary.fss:2252:1-75	errors=1
@@TC DECL-OK	FnDecl	/home/user/fortress/Library/FortressLibrary.fss:2254:1-2257:77	errors=0
@@TC DECL-OK	FnDecl	/home/user/fortress/Library/FortressLibrary.fss:2258:1-79	errors=0
@@TC DECL-OK	FnDecl	/home/user/fortress/Library/FortressLibrary.fss:2259:1-2260:28	errors=1
@@TC DECL-OK	FnDecl	/home/user/fortress/Library/FortressLibrary.fss:2261:1-2262:29	errors=1
@@TC DECL-OK	FnDecl	/home/user/fortress/Library/FortressLibrary.fss:2264:1-2265:69	errors=0
@@TC DECL-OK	FnDecl	/home/user/fortress/Library/FortressLibrary.fss:2267:1-2268:69	errors=0
@@TC DECL-OK	FnDecl	/home/user/fortress/Library/FortressLibrary.fss:2270:1-2271:67	errors=0
@@TC DECL-OK	FnDecl	/home/user/fortress/Library/FortressLibrary.fss:2273:1-2274:73	errors=0
@@TC DECL-OK	FnDecl	/home/user/fortress/Library/FortressLibrary.fss:2276:1-2277:71	errors=0
@@TC DECL-OK	FnDecl	/home/user/fortress/Library/FortressLibrary.fss:2279:1-2280:74	errors=0
@@TC DECL-OK	FnDecl	/home/user/fortress/Library/FortressLibrary.fss:2282:1-2283:71	errors=0
@@TC DECL-OK	FnDecl	/home/user/fortress/Library/FortressLibrary.fss:2285:1-71	errors=0
@@TC DECL-OK	FnDecl	/home/user/fortress/Library/FortressLibrary.fss:2287:1-2294:48	errors=0
@@TC DECL-CRASH	TraitDecl	/home/user/fortress/Library/FortressLibrary.fss:2295:1-2409:2	com.sun.fortress.exceptions.TypeError	com.sun.fortress.exceptions.TypeError.make(TypeError.java:38)	/home/user/fortress/Library/FortressLibrary.fss:2304:9:     Missing parameter type for i
@@TC DECL-OK	FnDecl	/home/user/fortress/Library/FortressLibrary.fss:2412:1-2418:4	errors=0
@@TC DECL-OK	ObjectDecl	/home/user/fortress/Library/FortressLibrary.fss:2421:1-2427:2	errors=3
@@TC DECL-OK	ObjectDecl	/home/user/fortress/Library/FortressLibrary.fss:2431:1-2448:2	errors=0
@@TC DECL-OK	ObjectDecl	/home/user/fortress/Library/FortressLibrary.fss:2457:1-2477:2	errors=2
@@TC DECL-OK	ObjectDecl	/home/user/fortress/Library/FortressLibrary.fss:2479:1-2488:2	errors=0
@@TC DECL-OK	ObjectDecl	/home/user/fortress/Library/FortressLibrary.fss:2490:1-2499:2	errors=0
@@TC DECL-OK	TraitDecl	/home/user/fortress/Library/FortressLibrary.fss:2501:1-18	errors=0
@@TC DECL-OK	TraitDecl	/home/user/fortress/Library/FortressLibrary.fss:2503:1-2566:2	errors=53
@@TC DECL-OK	ObjectDecl	/home/user/fortress/Library/FortressLibrary.fss:2569:1-2575:2	errors=3
@@TC DECL-OK	ObjectDecl	/home/user/fortress/Library/FortressLibrary.fss:2577:1-2595:2	errors=3
@@TC DECL-OK	FnDecl	/home/user/fortress/Library/FortressLibrary.fss:2597:1-2602:6	errors=1
@@TC DECL-OK	FnDecl	/home/user/fortress/Library/FortressLibrary.fss:2606:1-2610:6	errors=0
@@TC DECL-OK	FnDecl	/home/user/fortress/Library/FortressLibrary.fss:2611:1-2612:29	errors=1
@@TC DECL-OK	FnDecl	/home/user/fortress/Library/FortressLibrary.fss:2613:1-2618:50	errors=1
@@TC DECL-OK	FnDecl	/home/user/fortress/Library/FortressLibrary.fss:2619:1-2620:30	errors=0
@@TC DECL-OK	FnDecl	/home/user/fortress/Library/FortressLibrary.fss:2621:1-2626:22	errors=4
@@TC DECL-OK	FnDecl	/home/user/fortress/Library/FortressLibrary.fss:2627:1-2629:27	errors=0
@@TC DECL-OK	FnDecl	/home/user/fortress/Library/FortressLibrary.fss:2631:1-2636:34	errors=0
@@TC DECL-OK	FnDecl	/home/user/fortress/Library/FortressLibrary.fss:2637:1-2638:72	errors=0
@@TC DECL-OK	FnDecl	/home/user/fortress/Library/FortressLibrary.fss:2640:1-2643:34	errors=0
@@TC DECL-OK	FnDecl	/home/user/fortress/Library/FortressLibrary.fss:2644:1-2645:72	errors=0
@@TC DECL-OK	FnDecl	/home/user/fortress/Library/FortressLibrary.fss:2647:1-2648:70	errors=0
@@TC DECL-OK	FnDecl	/home/user/fortress/Library/FortressLibrary.fss:2650:1-2651:77	errors=0
@@TC DECL-OK	FnDecl	/home/user/fortress/Library/FortressLibrary.fss:2653:1-2654:75	errors=0
@@TC DECL-OK	FnDecl	/home/user/fortress/Library/FortressLibrary.fss:2656:1-2657:77	errors=0
@@TC DECL-OK	FnDecl	/home/user/fortress/Library/FortressLibrary.fss:2659:1-2667:27	errors=0
@@TC DECL-CRASH	TraitDecl	/home/user/fortress/Library/FortressLibrary.fss:2668:1-2781:2	com.sun.fortress.exceptions.TypeError	com.sun.fortress.exceptions.TypeError.make(TypeError.java:38)	/home/user/fortress/Library/FortressLibrary.fss:2687:11:     Missing parameter type for i
@@TC DECL-OK	FnDecl	/home/user/fortress/Library/FortressLibrary.fss:2784:1-2790:64	errors=0
@@TC DECL-OK	ObjectDecl	/home/user/fortress/Library/FortressLibrary.fss:2792:1-2801:2	errors=1
@@TC DECL-OK	ObjectDecl	/home/user/fortress/Library/FortressLibrary.fss:2810:1-2820:2	errors=1
@@TC DECL-OK	FnDecl	/home/user/fortress/Library/FortressLibrary.fss:2822:1-2824:43	errors=0
@@TC DECL-OK	FnDecl	/home/user/fortress/Library/FortressLibrary.fss:2826:1-2827:39	errors=0
@@TC DECL-OK	FnDecl	/home/user/fortress/Library/FortressLibrary.fss:2828:1-2829:32	errors=1
@@TC DECL-OK	FnDecl	/home/user/fortress/Library/FortressLibrary.fss:2830:1-2845:62	errors=1
@@TC DECL-OK	TraitDecl	/home/user/fortress/Library/FortressLibrary.fss:2847:1-2851:2	errors=0
@@TC DECL-OK	ObjectDecl	/home/user/fortress/Library/FortressLibrary.fss:2853:1-2858:2	errors=0
@@TC DECL-OK	TraitDecl	/home/user/fortress/Library/FortressLibrary.fss:2864:1-2883:2	errors=0
@@TC DECL-OK	TraitDecl	/home/user/fortress/Library/FortressLibrary.fss:2885:1-2887:2	errors=0
@@TC DECL-OK	ObjectDecl	/home/user/fortress/Library/FortressLibrary.fss:2889:1-2892:2	errors=0
@@TC DECL-OK	TraitDecl	/home/user/fortress/Library/FortressLibrary.fss:2894:1-2899:2	errors=0
@@TC DECL-OK	TraitDecl	/home/user/fortress/Library/FortressLibrary.fss:2901:1-2904:2	errors=0
@@TC DECL-OK	TraitDecl	/home/user/fortress/Library/FortressLibrary.fss:2907:1-2927:2	errors=3
@@TC DECL-OK	ObjectDecl	/home/user/fortress/Library/FortressLibrary.fss:2932:1-2952:2	errors=4
@@TC DECL-OK	TraitDecl	/home/user/fortress/Library/FortressLibrary.fss:2957:1-33	errors=0
@@TC DECL-OK	TraitDecl	/home/user/fortress/Library/FortressLibrary.fss:2959:1-2961:2	errors=0
@@TC DECL-OK	TraitDecl	/home/user/fortress/Library/FortressLibrary.fss:2964:1-2967:2	errors=1
@@TC DECL-OK	TraitDecl	/home/user/fortress/Library/FortressLibrary.fss:2969:1-2971:2	errors=0
@@TC DECL-OK	TraitDecl	/home/user/fortress/Library/FortressLibrary.fss:2973:1-2977:2	errors=0
@@TC DECL-OK	TraitDecl	/home/user/fortress/Library/FortressLibrary.fss:2979:1-2983:2	errors=0
@@TC DECL-OK	ObjectDecl	/home/user/fortress/Library/FortressLibrary.fss:2985:1-2988:2	errors=0
@@TC DECL-OK	ObjectDecl	/home/user/fortress/Library/FortressLibrary.fss:2990:1-2992:2	errors=0
@@TC DECL-OK	ObjectDecl	/home/user/fortress/Library/FortressLibrary.fss:2998:1-3003:2	errors=0
@@TC DECL-OK	TraitDecl	/home/user/fortress/Library/FortressLibrary.fss:3005:1-29	errors=0
@@TC DECL-OK	ObjectDecl	/home/user/fortress/Library/FortressLibrary.fss:3007:1-3010:2	errors=0
@@TC DECL-OK	ObjectDecl	/home/user/fortress/Library/FortressLibrary.fss:3012:1-3015:2	errors=0
@@TC DECL-OK	ObjectDecl	/home/user/fortress/Library/FortressLibrary.fss:3017:1-3020:2	errors=0
@@TC DECL-OK	ObjectDecl	/home/user/fortress/Library/FortressLibrary.fss:3022:1-3025:2	errors=0
@@TC DECL-OK	ObjectDecl	/home/user/fortress/Library/FortressLibrary.fss:3027:1-3030:2	errors=0
@@TC DECL-OK	ObjectDecl	/home/user/fortress/Library/FortressLibrary.fss:3033:1-3051:2	errors=0
@@TC DECL-OK	FnDecl	/home/user/fortress/Library/FortressLibrary.fss:3053:1-3054:85	errors=0
@@TC DECL-OK	FnDecl	/home/user/fortress/Library/FortressLibrary.fss:3056:1-3057:64	errors=0
@@TC DECL-OK	ObjectDecl	/home/user/fortress/Library/FortressLibrary.fss:3059:1-3068:2	errors=0
@@TC DECL-OK	FnDecl	/home/user/fortress/Library/FortressLibrary.fss:3070:1-3071:86	errors=0
@@TC DECL-OK	FnDecl	/home/user/fortress/Library/FortressLibrary.fss:3073:1-3076:55	errors=1
@@TC DECL-OK	ObjectDecl	/home/user/fortress/Library/FortressLibrary.fss:3077:1-3081:2	errors=0
@@TC DECL-OK	FnDecl	/home/user/fortress/Library/FortressLibrary.fss:3083:1-3084:85	errors=0
@@TC DECL-OK	FnDecl	/home/user/fortress/Library/FortressLibrary.fss:3085:1-3086:69	errors=0
@@TC DECL-OK	ObjectDecl	/home/user/fortress/Library/FortressLibrary.fss:3088:1-3092:2	errors=0
@@TC DECL-OK	FnDecl	/home/user/fortress/Library/FortressLibrary.fss:3093:1-3094:86	errors=0
@@TC DECL-OK	FnDecl	/home/user/fortress/Library/FortressLibrary.fss:3096:1-3097:69	errors=1
@@TC DECL-OK	ObjectDecl	/home/user/fortress/Library/FortressLibrary.fss:3099:1-3107:2	errors=1
@@TC DECL-OK	FnDecl	/home/user/fortress/Library/FortressLibrary.fss:3108:1-3111:51	errors=0
@@TC DECL-OK	FnDecl	/home/user/fortress/Library/FortressLibrary.fss:3112:1-3115:1	errors=0
@@TC DECL-OK	ObjectDecl	/home/user/fortress/Library/FortressLibrary.fss:3117:1-3120:2	errors=0
@@TC DECL-OK	FnDecl	/home/user/fortress/Library/FortressLibrary.fss:3121:1-3122:49	errors=0
@@TC DECL-OK	FnDecl	/home/user/fortress/Library/FortressLibrary.fss:3123:1-3124:60	errors=0
@@TC DECL-OK	ObjectDecl	/home/user/fortress/Library/FortressLibrary.fss:3126:1-3129:2	errors=0
@@TC DECL-OK	FnDecl	/home/user/fortress/Library/FortressLibrary.fss:3130:1-3131:49	errors=0
@@TC DECL-OK	FnDecl	/home/user/fortress/Library/FortressLibrary.fss:3132:1-3133:60	errors=1
@@TC DECL-OK	ObjectDecl	/home/user/fortress/Library/FortressLibrary.fss:3135:1-3142:2	errors=1
@@TC DECL-OK	FnDecl	/home/user/fortress/Library/FortressLibrary.fss:3143:1-3145:97	errors=1
@@TC DECL-OK	FnDecl	/home/user/fortress/Library/FortressLibrary.fss:3146:1-3147:71	errors=1
@@TC DECL-OK	FnDecl	/home/user/fortress/Library/FortressLibrary.fss:3149:1-3151:84	errors=0
@@TC DECL-OK	FnDecl	/home/user/fortress/Library/FortressLibrary.fss:3153:1-3154:63	errors=1
@@TC DECL-OK	FnDecl	/home/user/fortress/Library/FortressLibrary.fss:3156:1-3158:84	errors=0
@@TC DECL-OK	FnDecl	/home/user/fortress/Library/FortressLibrary.fss:3160:1-3164:35	errors=0
@@TC DECL-OK	ObjectDecl	/home/user/fortress/Library/FortressLibrary.fss:3166:1-3179:2	errors=1
@@TC DECL-OK	FnDecl	/home/user/fortress/Library/FortressLibrary.fss:3180:1-3182:98	errors=0
@@TC DECL-OK	FnDecl	/home/user/fortress/Library/FortressLibrary.fss:3183:1-3184:78	errors=0
@@TC DECL-OK	ObjectDecl	/home/user/fortress/Library/FortressLibrary.fss:3186:1-3199:2	errors=1
@@TC DECL-OK	FnDecl	/home/user/fortress/Library/FortressLibrary.fss:3200:1-3202:98	errors=0
@@TC DECL-OK	FnDecl	/home/user/fortress/Library/FortressLibrary.fss:3203:1-3204:78	errors=0
@@TC DECL-OK	ObjectDecl	/home/user/fortress/Library/FortressLibrary.fss:3206:1-3219:2	errors=1
@@TC DECL-OK	FnDecl	/home/user/fortress/Library/FortressLibrary.fss:3220:1-3222:98	errors=0
@@TC DECL-OK	FnDecl	/home/user/fortress/Library/FortressLibrary.fss:3223:1-3224:78	errors=0
@@TC DECL-OK	ObjectDecl	/home/user/fortress/Library/FortressLibrary.fss:3226:1-3239:2	errors=1
@@TC DECL-OK	FnDecl	/home/user/fortress/Library/FortressLibrary.fss:3240:1-3242:98	errors=0
@@TC DECL-OK	FnDecl	/home/user/fortress/Library/FortressLibrary.fss:3243:1-3247:85	errors=0
@@TC DECL-OK	ObjectDecl	/home/user/fortress/Library/FortressLibrary.fss:3248:1-3255:2	errors=0
@@TC DECL-OK	FnDecl	/home/user/fortress/Library/FortressLibrary.fss:3257:1-3258:50	errors=0
@@TC DECL-OK	FnDecl	/home/user/fortress/Library/FortressLibrary.fss:3260:1-3261:77	errors=1
@@TC DECL-OK	ObjectDecl	/home/user/fortress/Library/FortressLibrary.fss:3263:1-3270:2	errors=0
@@TC DECL-OK	FnDecl	/home/user/fortress/Library/FortressLibrary.fss:3272:1-3273:49	errors=0
@@TC DECL-OK	FnDecl	/home/user/fortress/Library/FortressLibrary.fss:3275:1-3294:3	errors=0
@@TC DECL-OK	ObjectDecl	/home/user/fortress/Library/FortressLibrary.fss:3296:1-3301:2	errors=0
@@TC DECL-OK	FnDecl	/home/user/fortress/Library/FortressLibrary.fss:3303:1-3304:47	errors=0
@@TC DECL-OK	FnDecl	/home/user/fortress/Library/FortressLibrary.fss:3306:1-3309:51	errors=0
@@TC DECL-OK	ObjectDecl	/home/user/fortress/Library/FortressLibrary.fss:3310:1-3314:2	errors=0
@@TC DECL-OK	ObjectDecl	/home/user/fortress/Library/FortressLibrary.fss:3317:1-3321:2	errors=0
@@TC DECL-OK	ObjectDecl	/home/user/fortress/Library/FortressLibrary.fss:3324:1-3327:2	errors=0
@@TC DECL-OK	FnDecl	/home/user/fortress/Library/FortressLibrary.fss:3331:1-3333:62	errors=0
@@TC DECL-OK	FnDecl	/home/user/fortress/Library/FortressLibrary.fss:3335:1-3340:40	errors=1
@@TC DECL-OK	FnDecl	/home/user/fortress/Library/FortressLibrary.fss:3341:1-3343:61	errors=0
@@TC DECL-OK	FnDecl	/home/user/fortress/Library/FortressLibrary.fss:3345:1-3350:18	errors=1
@@TC DECL-OK	FnDecl	/home/user/fortress/Library/FortressLibrary.fss:3351:1-3353:54	errors=0
@@TC DECL-OK	FnDecl	/home/user/fortress/Library/FortressLibrary.fss:3355:1-3360:44	errors=1
@@TC DECL-OK	ObjectDecl	/home/user/fortress/Library/FortressLibrary.fss:3361:1-3365:2	errors=0
@@TC DECL-OK	ObjectDecl	/home/user/fortress/Library/FortressLibrary.fss:3370:1-3374:2	errors=1
@@TC DECL-OK	FnDecl	/home/user/fortress/Library/FortressLibrary.fss:3384:1-3390:21	errors=1
@@TC DECL-OK	TraitDecl	/home/user/fortress/Library/FortressLibrary.fss:3391:1-56	errors=0
@@TC DECL-OK	TraitDecl	/home/user/fortress/Library/FortressLibrary.fss:3393:1-3405:2	errors=2
@@TC DECL-OK	ObjectDecl	/home/user/fortress/Library/FortressLibrary.fss:3407:1-3411:2	errors=0
@@TC DECL-OK	ObjectDecl	/home/user/fortress/Library/FortressLibrary.fss:3413:1-3431:2	errors=3
@@TC DECL-OK	ObjectDecl	/home/user/fortress/Library/FortressLibrary.fss:3433:1-3439:2	errors=0
@@TC DECL-OK	TraitDecl	/home/user/fortress/Library/FortressLibrary.fss:3441:1-3453:2	errors=1
@@TC DECL-OK	ObjectDecl	/home/user/fortress/Library/FortressLibrary.fss:3455:1-3459:2	errors=0
@@TC DECL-OK	ObjectDecl	/home/user/fortress/Library/FortressLibrary.fss:3461:1-3467:2	errors=0
@@TC DECL-OK	TraitDecl	/home/user/fortress/Library/FortressLibrary.fss:3469:1-3492:2	errors=1
@@TC DECL-OK	ObjectDecl	/home/user/fortress/Library/FortressLibrary.fss:3494:1-3509:2	errors=1
@@TC DECL-OK	ObjectDecl	/home/user/fortress/Library/FortressLibrary.fss:3511:1-3517:2	errors=0
@@TC DECL-OK	TraitDecl	/home/user/fortress/Library/FortressLibrary.fss:3519:1-3530:2	errors=2
@@TC DECL-OK	ObjectDecl	/home/user/fortress/Library/FortressLibrary.fss:3532:1-3538:2	errors=1
@@TC DECL-OK	ObjectDecl	/home/user/fortress/Library/FortressLibrary.fss:3540:1-3546:2	errors=0
@@TC DECL-OK	TraitDecl	/home/user/fortress/Library/FortressLibrary.fss:3549:1-3555:2	errors=0
@@TC DECL-OK	ObjectDecl	/home/user/fortress/Library/FortressLibrary.fss:3557:1-3560:2	errors=0
@@TC DECL-OK	TraitDecl	/home/user/fortress/Library/FortressLibrary.fss:3562:1-3580:2	errors=0
@@TC DECL-OK	ObjectDecl	/home/user/fortress/Library/FortressLibrary.fss:3582:1-3585:2	errors=0
@@TC DECL-OK	ObjectDecl	/home/user/fortress/Library/FortressLibrary.fss:3602:1-3615:2	errors=3
@@TC DECL-OK	TraitDecl	/home/user/fortress/Library/FortressLibrary.fss:3627:1-3674:2	errors=2
@@TC DECL-OK	TraitDecl	/home/user/fortress/Library/FortressLibrary.fss:3676:1-45	errors=0
@@TC DECL-OK	TraitDecl	/home/user/fortress/Library/FortressLibrary.fss:3678:1-3690:2	errors=1
@@TC DECL-OK	ObjectDecl	/home/user/fortress/Library/FortressLibrary.fss:3692:1-3707:2	errors=5
@@TC DECL-OK	TraitDecl	/home/user/fortress/Library/FortressLibrary.fss:3709:1-3711:2	errors=0
@@TC DECL-OK	TraitDecl	/home/user/fortress/Library/FortressLibrary.fss:3713:1-3730:2	errors=1
@@TC DECL-OK	TraitDecl	/home/user/fortress/Library/FortressLibrary.fss:3732:1-3740:2	errors=0
@@TC DECL-OK	TraitDecl	/home/user/fortress/Library/FortressLibrary.fss:3742:1-3745:2	errors=0
@@TC DECL-OK	TraitDecl	/home/user/fortress/Library/FortressLibrary.fss:3747:1-3765:2	errors=1
@@TC DECL-OK	TraitDecl	/home/user/fortress/Library/FortressLibrary.fss:3767:1-3769:2	errors=0
@@TC DECL-OK	TraitDecl	/home/user/fortress/Library/FortressLibrary.fss:3771:1-3790:2	errors=2
@@TC DECL-OK	TraitDecl	/home/user/fortress/Library/FortressLibrary.fss:3792:1-3806:2	errors=3
@@TC DECL-OK	TraitDecl	/home/user/fortress/Library/FortressLibrary.fss:3808:1-3820:2	errors=6
@@TC DECL-OK	TraitDecl	/home/user/fortress/Library/FortressLibrary.fss:3822:1-53	errors=0
@@TC DECL-OK	FnDecl	/home/user/fortress/Library/FortressLibrary.fss:3825:1-107	errors=1
@@TC DECL-OK	FnDecl	/home/user/fortress/Library/FortressLibrary.fss:3826:1-3828:82	errors=1
@@TC DECL-OK	FnDecl	/home/user/fortress/Library/FortressLibrary.fss:3829:1-3833:6	errors=1
@@TC DECL-OK	FnDecl	/home/user/fortress/Library/FortressLibrary.fss:3835:1-3836:40	errors=1
@@TC DECL-OK	FnDecl	/home/user/fortress/Library/FortressLibrary.fss:3837:1-3839:84	errors=1
@@TC DECL-OK	FnDecl	/home/user/fortress/Library/FortressLibrary.fss:3840:1-3844:4	errors=1
@@TC DECL-OK	FnDecl	/home/user/fortress/Library/FortressLibrary.fss:3847:1-81	errors=1
@@TC DECL-OK	FnDecl	/home/user/fortress/Library/FortressLibrary.fss:3848:1-3851:4	errors=1
@@TC DECL-OK	FnDecl	/home/user/fortress/Library/FortressLibrary.fss:3852:1-3856:4	errors=1
@@TC DECL-OK	FnDecl	/home/user/fortress/Library/FortressLibrary.fss:3858:1-37	errors=1
@@TC DECL-OK	FnDecl	/home/user/fortress/Library/FortressLibrary.fss:3860:1-85	errors=1
@@TC DECL-OK	FnDecl	/home/user/fortress/Library/FortressLibrary.fss:3861:1-3862:64	errors=1
@@TC DECL-OK	FnDecl	/home/user/fortress/Library/FortressLibrary.fss:3863:1-3865:81	errors=1
@@TC DECL-OK	FnDecl	/home/user/fortress/Library/FortressLibrary.fss:3867:1-83	errors=1
@@TC DECL-OK	FnDecl	/home/user/fortress/Library/FortressLibrary.fss:3868:1-3869:63	errors=1
@@TC DECL-OK	FnDecl	/home/user/fortress/Library/FortressLibrary.fss:3870:1-3872:80	errors=1
@@TC DECL-OK	FnDecl	/home/user/fortress/Library/FortressLibrary.fss:3881:1-45	errors=0
@@TC DECL-OK	FnDecl	/home/user/fortress/Library/FortressLibrary.fss:3882:1-45	errors=0
@@TC DECL-OK	FnDecl	/home/user/fortress/Library/FortressLibrary.fss:3883:1-3892:3	errors=1
@@TC DECL-OK	FnDecl	/home/user/fortress/Library/FortressLibrary.fss:3894:1-38	errors=1
@@TC DECL-OK	FnDecl	/home/user/fortress/Library/FortressLibrary.fss:3896:1-82	errors=1
@@TC DECL-OK	FnDecl	/home/user/fortress/Library/FortressLibrary.fss:3897:1-3898:63	errors=1
@@TC DECL-OK	FnDecl	/home/user/fortress/Library/FortressLibrary.fss:3899:1-3901:81	errors=1
@@TC DECL-OK	FnDecl	/home/user/fortress/Library/FortressLibrary.fss:3903:1-3954:3	errors=1
@@TC DECL-OK	FnDecl	/home/user/fortress/Library/FortressLibrary.fss:3956:1-3959:3	errors=0
@@TC DECL-OK	FnDecl	/home/user/fortress/Library/FortressLibrary.fss:3961:1-3965:62	errors=0
@@TC DECL-OK	TraitDecl	/home/user/fortress/Library/FortressLibrary.fss:3967:1-4095:11	errors=13
@@TC DECL-OK	ObjectDecl	/home/user/fortress/Library/FortressLibrary.fss:4098:1-4112:2	errors=1
@@TC DECL-OK	FnDecl	/home/user/fortress/Library/FortressLibrary.fss:4114:1-4118:62	errors=1
@@TC DECL-OK	FnDecl	/home/user/fortress/Library/FortressLibrary.fss:4120:1-90	errors=0
@@TC DECL-OK	FnDecl	/home/user/fortress/Library/FortressLibrary.fss:4121:1-107	errors=0
@@TC DECL-OK	VarDecl	/home/user/fortress/Library/FortressLibrary.fss:4123:1-34	errors=0
@@TC DECL-OK	FnDecl	/home/user/fortress/Library/FortressLibrary.fss:4124:1-72	errors=0
@@TC DECL-OK	FnDecl	/home/user/fortress/Library/FortressLibrary.fss:4125:1-4131:4	errors=1
@@TC DECL-OK	FnDecl	/home/user/fortress/Library/FortressLibrary.fss:4133:1-104	errors=0
@@TC DECL-OK	FnDecl	/home/user/fortress/Library/FortressLibrary.fss:4135:1-95	errors=0
@@TC DECL-OK	FnDecl	/home/user/fortress/Library/FortressLibrary.fss:4136:1-47	errors=0
@@TC DECL-OK	FnDecl	/home/user/fortress/Library/FortressLibrary.fss:4138:1-4140:37	errors=0
@@TC DECL-OK	FnDecl	/home/user/fortress/Library/FortressLibrary.fss:4141:1-59	errors=0
@@TC DECL-OK	FnDecl	/home/user/fortress/Library/FortressLibrary.fss:4142:1-73	errors=0
@@TC DECL-OK	FnDecl	/home/user/fortress/Library/FortressLibrary.fss:4143:1-64	errors=0
@@TC DECL-OK	FnDecl	/home/user/fortress/Library/FortressLibrary.fss:4144:1-78	errors=0
@@TC DECL-OK	FnDecl	/home/user/fortress/Library/FortressLibrary.fss:4146:1-115	errors=0
@@TC DECL-OK	FnDecl	/home/user/fortress/Library/FortressLibrary.fss:4147:1-77	errors=0
@@TC DECL-OK	FnDecl	/home/user/fortress/Library/FortressLibrary.fss:4148:1-125	errors=0
@@TC DECL-OK	FnDecl	/home/user/fortress/Library/FortressLibrary.fss:4149:1-4151:89	errors=0
@@TC DECL-OK	FnDecl	/home/user/fortress/Library/FortressLibrary.fss:4152:1-22	errors=0
@@TC DECL-OK	FnDecl	/home/user/fortress/Library/FortressLibrary.fss:4153:1-26	errors=0
@@TC DECL-OK	FnDecl	/home/user/fortress/Library/FortressLibrary.fss:4154:1-32	errors=0
@@TC DECL-OK	FnDecl	/home/user/fortress/Library/FortressLibrary.fss:4155:1-37	errors=0
@@TC DECL-OK	FnDecl	/home/user/fortress/Library/FortressLibrary.fss:4157:1-4164:6	errors=0
@@TC DECL-OK	FnDecl	/home/user/fortress/Library/FortressLibrary.fss:4166:1-4171:6	errors=0
@@TC DECL-CRASH	FnDecl	/home/user/fortress/Library/FortressLibrary.fss:4185:1-4198:4	java.lang.RuntimeException	com.sun.fortress.scala_src.types.TypeAnalyzer.$anonfun$typeCons$1(TypeAnalyzer.scala:722)	Not in the trait table: FortressBuiltin.Character FortressBuiltin.Character @ Compiler internal generated.:0:0
@@TC DECL-OK	FnDecl	/home/user/fortress/Library/FortressLibrary.fss:4201:1-4202:1	errors=0
@@TC DECL-CRASH	FnDecl	/home/user/fortress/Library/FortressLibrary.fss:4204:1-4209:2	java.lang.RuntimeException	com.sun.fortress.scala_src.types.TypeAnalyzer.$anonfun$typeCons$1(TypeAnalyzer.scala:722)	Not in the trait table: FortressBuiltin.Character FortressBuiltin.Character @ Compiler internal generated.:0:0
@@TC DECL-OK	FnDecl	/home/user/fortress/Library/FortressLibrary.fss:4213:1-4217:88	errors=0
@@TC DECL-OK	FnDecl	/home/user/fortress/Library/FortressLibrary.fss:4218:1-4222:88	errors=0
@@TC DECL-OK	FnDecl	/home/user/fortress/Library/FortressLibrary.fss:4223:1-4225:76	errors=0
@@TC DECL-OK	FnDecl	/home/user/fortress/Library/FortressLibrary.fss:4226:1-116	errors=0
@@TC DECL-OK	FnDecl	/home/user/fortress/Library/FortressLibrary.fss:4227:1-117	errors=0
@@TC DECL-OK	FnDecl	/home/user/fortress/Library/FortressLibrary.fss:4229:1-116	errors=0
@@TC DECL-OK	FnDecl	/home/user/fortress/Library/FortressLibrary.fss:4230:1-4234:3	errors=0
@@TC DECL-OK	FnDecl	/home/user/fortress/Library/FortressLibrary.fss:4236:1-4237:78	errors=0
@@TC DECL-OK	FnDecl	/home/user/fortress/Library/FortressLibrary.fss:4239:1-65	errors=0
@@TC DECL-OK	FnDecl	/home/user/fortress/Library/FortressLibrary.fss:4240:1-63	errors=0
@@TC DECL-OK	FnDecl	/home/user/fortress/Library/FortressLibrary.fss:4241:1-65	errors=0
@@TC DECL-OK	FnDecl	/home/user/fortress/Library/FortressLibrary.fss:4242:1-69	errors=0
@@TC DECL-OK	FnDecl	/home/user/fortress/Library/FortressLibrary.fss:4243:1-71	errors=0
@@TC DECL-OK	FnDecl	/home/user/fortress/Library/FortressLibrary.fss:4244:1-57	errors=0
@@TC DECL-OK	FnDecl	/home/user/fortress/Library/FortressLibrary.fss:4245:1-64	errors=0
@@TC DECL-OK	FnDecl	/home/user/fortress/Library/FortressLibrary.fss:4246:1-70	errors=0
@@TC DECL-OK	FnDecl	/home/user/fortress/Library/FortressLibrary.fss:4247:1-4250:34	errors=0
@@TC DECL-OK	FnDecl	/home/user/fortress/Library/FortressLibrary.fss:4252:1-4254:65	errors=0
@@TC DECL-OK	FnDecl	/home/user/fortress/Library/FortressLibrary.fss:4256:1-4260:4	errors=0
@@TC DECL-OK	FnDecl	/home/user/fortress/Library/FortressLibrary.fss:4262:1-4270:4	errors=1
@@TC DECL-OK	FnDecl	/home/user/fortress/Library/FortressLibrary.fss:4272:1-4280:4	errors=1
@@TC DECL-OK	FnDecl	/home/user/fortress/Library/FortressLibrary.fss:4282:1-4290:4	errors=1
@@TC DECL-OK	FnDecl	/home/user/fortress/Library/FortressLibrary.fss:4292:1-4300:4	errors=1
@@TC DECL-OK	FnDecl	/home/user/fortress/Library/FortressLibrary.fss:4302:1-4306:4	errors=2
@@TC DECL-OK	FnDecl	/home/user/fortress/Library/FortressLibrary.fss:4308:1-4312:4	errors=0
@@TC DECL-OK	FnDecl	/home/user/fortress/Library/FortressLibrary.fss:4314:1-4322:4	errors=2
@@TC DECL-OK	FnDecl	/home/user/fortress/Library/FortressLibrary.fss:4324:1-4332:4	errors=2
@@TC DECL-OK	FnDecl	/home/user/fortress/Library/FortressLibrary.fss:4334:1-4342:4	errors=2
@@TC DECL-OK	FnDecl	/home/user/fortress/Library/FortressLibrary.fss:4344:1-4352:4	errors=2
@@TC DECL-OK	FnDecl	/home/user/fortress/Library/FortressLibrary.fss:4354:1-4358:4	errors=3
@@TC DECL-OK	ObjectDecl	/home/user/fortress/Library/FortressLibrary.fss:4360:1-4361:2	errors=0
@@TC DECL-OK	VarDecl	/home/user/fortress/Library/FortressLibrary.fss:4367:1-39	errors=0
@@TC DECL-OK	FnDecl	/home/user/fortress/Library/FortressLibrary.fss:4368:1-60	errors=0
@@TC DECL-OK	FnDecl	/home/user/fortress/Library/FortressLibrary.fss:4369:1-4372:63	errors=0
@@TC DECL-OK	TraitDecl	/home/user/fortress/Library/FortressLibrary.fss:4373:1-45	errors=0
@@TC DECL-OK	TraitDecl	/home/user/fortress/Library/FortressLibrary.fss:4376:1-4428:2	errors=9
@@TC DECL-OK	TraitDecl	/home/user/fortress/Library/FortressLibrary.fss:4431:1-4441:2	errors=5
@@TC DECL-OK	ObjectDecl	/home/user/fortress/Library/FortressLibrary.fss:4444:1-4449:2	errors=1
@@TC DECL-OK	TraitDecl	/home/user/fortress/Library/FortressLibrary.fss:4453:1-4467:2	errors=3
@@TC DECL-OK	ObjectDecl	/home/user/fortress/Library/FortressLibrary.fss:4470:1-4473:2	errors=0
@@TC DECL-OK	FnDecl	/home/user/fortress/Library/FortressLibrary.fss:4476:1-4478:50	errors=0
@@TC DECL-OK	ObjectDecl	/home/user/fortress/Library/FortressLibrary.fss:4479:1-4483:2	errors=0
@@TC DECL-OK	FnDecl	/home/user/fortress/Library/FortressLibrary.fss:4486:1-4492:2	errors=4
@@TC DECL-OK	FnDecl	/home/user/fortress/Library/FortressLibrary.fss:4492:1-4496:2	errors=1
@@TC DECL-OK	FnDecl	/home/user/fortress/Library/FortressLibrary.fss:4499:1-4503:2	errors=1
@@TC DECL-OK	FnDecl	/home/user/fortress/Library/FortressLibrary.fss:4511:1-101	errors=1
@@TC DECL-OK	FnDecl	/home/user/fortress/Library/FortressLibrary.fss:4512:1-101	errors=1
@@TC DECL-OK	FnDecl	/home/user/fortress/Library/FortressLibrary.fss:4513:1-4516:88	errors=1
@@TC DECL-OK	FnDecl	/home/user/fortress/Library/FortressLibrary.fss:4517:1-101	errors=1
@@TC DECL-OK	FnDecl	/home/user/fortress/Library/FortressLibrary.fss:4518:1-105	errors=1
@@TC DECL-OK	FnDecl	/home/user/fortress/Library/FortressLibrary.fss:4519:1-105	errors=1
@@TC DECL-OK	FnDecl	/home/user/fortress/Library/FortressLibrary.fss:4520:1-105	errors=1
@@TC DECL-OK	FnDecl	/home/user/fortress/Library/FortressLibrary.fss:4521:1-4522:1	errors=1
@@SC STAGE	component FortressLibrary	typecheck	errors=409
@@SC STAGE	component FortressLibrary	wellformed2	errors=287

This domain: (Any, Any)
Concrete methods and domains: List((NewlineReduction.simpleJoin(a:String, b:String):String,(String, String)))
More specific concrete methods and domains: List((NewlineReduction.simpleJoin(a:String, b:String):String,(String, String)))
Domain union of List((String, String)) is (String, String)
Domain (Any, Any) is not a subtype of (String, String)

This domain: (Any, Any)
Concrete methods and domains: List((TupleMinMinReduction[\T,U\].simpleJoin(a:(T, U), b:(T, U)):(T, U),((T, U), (T, U))))
More specific concrete methods and domains: List((TupleMinMinReduction[\T,U\].simpleJoin(a:(T, U), b:(T, U)):(T, U),((T, U), (T, U))))
Domain union of List(((T, U), (T, U))) is ((T, U), (T, U))
Domain (Any, Any) is not a subtype of ((T, U), (T, U))

This domain: (Any, Any)
Concrete methods and domains: List((MinReduction[\T\].simpleJoin(a:T, b:T):T,(T, T)))
More specific concrete methods and domains: List((MinReduction[\T\].simpleJoin(a:T, b:T):T,(T, T)))
Domain union of List((T, T)) is (T, T)
Domain (Any, Any) is not a subtype of (T, T)

This domain: (Any, Any)
Concrete methods and domains: List((TupleMaxMinReduction[\T,U\].simpleJoin(a:(T, U), b:(T, U)):(T, U),((T, U), (T, U))))
More specific concrete methods and domains: List((TupleMaxMinReduction[\T,U\].simpleJoin(a:(T, U), b:(T, U)):(T, U),((T, U), (T, U))))
Domain union of List(((T, U), (T, U))) is ((T, U), (T, U))
Domain (Any, Any) is not a subtype of ((T, U), (T, U))

This domain: Vector[\T,s0\]
Concrete methods and domains: List((Vector[\T,s0\].+(self:Vector[\T,s0\], v:Vector[\T,s0\]):Vector[\T,s0\],Vector[\T,s0\]))
More specific concrete methods and domains: List()
Domain union of List() is BottomType
Domain Vector[\T,s0\] is not a subtype of BottomType

This domain: Matrix[\T,s0,s1\]
Concrete methods and domains: List((Matrix[\T,s0,s1\].+(self:Matrix[\T,s0,s1\], v:Matrix[\T,s0,s1\]):Matrix[\T,s0,s1\],Matrix[\T,s0,s1\]))
More specific concrete methods and domains: List()
Domain union of List() is BottomType
Domain Matrix[\T,s0,s1\] is not a subtype of BottomType

This domain: (Any, Any)
Concrete methods and domains: List((MaxReduction[\T\].simpleJoin(a:T, b:T):T,(T, T)))
More specific concrete methods and domains: List((MaxReduction[\T\].simpleJoin(a:T, b:T):T,(T, T)))
Domain union of List((T, T)) is (T, T)
Domain (Any, Any) is not a subtype of (T, T)

This domain: (Reduction[\R\], PossibleReductionPair[\R\]->R)
Concrete methods and domains: List((Condition[\E\].generate[\G extends Object\](r:Reduction[\G\], body:E->G):G,(Reduction[\G\], PossibleReductionPair[\R\]->G)))
More specific concrete methods and domains: List()
Domain union of List() is BottomType
Domain (Reduction[\R\], PossibleReductionPair[\R\]->R) is not a subtype of BottomType

This domain: (Any, Any)
Concrete methods and domains: List((MinMaxReduction[\T\].simpleJoin(a:(T, T), b:(T, T)):(T, T),((T, T), (T, T))))
More specific concrete methods and domains: List((MinMaxReduction[\T\].simpleJoin(a:(T, T), b:(T, T)):(T, T),((T, T), (T, T))))
Domain union of List(((T, T), (T, T))) is ((T, T), (T, T))
Domain (Any, Any) is not a subtype of ((T, T), (T, T))

This domain: Matrix[\T,s0,s1\]
Concrete methods and domains: List((Matrix[\T,s0,s1\].+(self:Matrix[\T,s0,s1\], v:Matrix[\T,s0,s1\]):Matrix[\T,s0,s1\],Matrix[\T,s0,s1\]))
More specific concrete methods and domains: List()
Domain union of List() is BottomType
Domain Matrix[\T,s0,s1\] is not a subtype of BottomType

This domain: (Any, Any)
Concrete methods and domains: List((TupleMinMaxReduction[\T,U\].simpleJoin(a:(T, U), b:(T, U)):(T, U),((T, U), (T, U))))
More specific concrete methods and domains: List((TupleMinMaxReduction[\T,U\].simpleJoin(a:(T, U), b:(T, U)):(T, U),((T, U), (T, U))))
Domain union of List(((T, U), (T, U))) is ((T, U), (T, U))
Domain (Any, Any) is not a subtype of ((T, U), (T, U))

This domain: (Any, Any)
Concrete methods and domains: List((TupleMaxMaxReduction[\T,U\].simpleJoin(a:(T, U), b:(T, U)):(T, U),((T, U), (T, U))))
More specific concrete methods and domains: List((TupleMaxMaxReduction[\T,U\].simpleJoin(a:(T, U), b:(T, U)):(T, U),((T, U), (T, U))))
Domain union of List(((T, U), (T, U))) is ((T, U), (T, U))
Domain (Any, Any) is not a subtype of ((T, U), (T, U))
@@SC STAGE	component FortressLibrary	overloading	errors=777
@@SC STAGE	component FortressLibrary	export	errors=2
@@SC STAGE	component FortressLibrary	variance	errors=0
@@TC COMPONENT	FortressLibrary	errors=5031
@@TC COMPONENTS-NOT-SUCCESSFUL	5031 errors kept
### rc=0
exit=0
ELAPSED 1248 s
# end 2026-09-26T10:11:58Z
