########## Distance -order check -setting walk Library/Writer.fss
# jvm flags: -Dprobe.tolerant=true -Dprobe.all=true -Dfortress.analyzer.overload.cache=false -Dprobe.componentOnly=true
# machine: nproc=4; model name: Intel(R) Xeon(R) Processor @ 2.10GHz; cpu MHz: 2100.000
# load average at start: 4.33 6.32 5.75; JDK: openjdk version "25.0.4" 2026-07-21; FORTRESS_THREADS=1
# start 2026-09-26T09:50:51Z
### order=check phases=[ PREDISAMBIGUATEDESUGAR DISAMBIGUATE GRAMMAR PRETYPECHECKDESUGAR INTEGERLITERALFOLDING TYPECHECK ] setting=walk (extendsObject=false compiledExpr=false) prelude=INTERPRETER target=[Library/Writer.fss] overloadCache=false
@@TC API	Writer	errors=0
@@TC API	AnyType	errors=0
@@TC API	Stream	errors=0
@@TC API	FlatString	errors=0
@@TC API	String	errors=0
@@TC API	FortressLibrary	errors=110
@@TC API	FortressBuiltin	errors=18
@@TC APIS-NOT-SUCCESSFUL	128 errors kept
@@SC STAGE	component Writer	hierarchy	errors=0
@@SC STAGE	component Writer	apiextract	errors=0
@@SC STAGE	component Writer	acyclic	errors=0
@@SC STAGE	component Writer	wellformed1	errors=0
@@TC DECL-OK	VarDecl	/home/user/fortress/Library/Writer.fss:17:1-23	errors=0
@@TC DECL-OK	VarDecl	/home/user/fortress/Library/Writer.fss:18:1-57	errors=0
@@TC DECL-OK	VarDecl	/home/user/fortress/Library/Writer.fss:20:1-28	errors=0
@@TC DECL-OK	VarDecl	/home/user/fortress/Library/Writer.fss:21:1-29	errors=0
@@TC DECL-OK	FnDecl	/home/user/fortress/Library/Writer.fss:23:1-24:69	errors=1
@@TC DECL-OK	FnDecl	/home/user/fortress/Library/Writer.fss:25:1-26:69	errors=1
@@TC DECL-OK	ObjectDecl	/home/user/fortress/Library/Writer.fss:28:1-50:9	errors=5
@@TC DECL-OK	ObjectDecl	/home/user/fortress/Library/Writer.fss:52:1-67:17	errors=4
@@SC STAGE	component Writer	typecheck	errors=11
@@SC STAGE	component Writer	wellformed2	errors=0
@@SC STAGE	component Writer	overloading	errors=0
@@SC STAGE	component Writer	export	errors=1
@@TC COMPONENT	Writer	errors=24
@@TC COMPONENTS-NOT-SUCCESSFUL	24 errors kept
### rc=0
exit=0
ELAPSED 10 s
# end 2026-09-26T09:51:01Z
