########## Distance -order full -setting compile ProjectFortress/LibraryBuiltin/FortressBuiltin.fss
# jvm flags: -Dprobe.tolerant=true -Dprobe.skipOverloads=true -Dfortress.analyzer.overload.cache=false
# machine: nproc=4; model name: Intel(R) Xeon(R) Processor @ 2.10GHz; cpu MHz: 2100.000
# load average at start: 3.54 3.28 2.24; JDK: openjdk version "25.0.4" 2026-07-21; FORTRESS_THREADS=1
# start 2026-09-26T09:26:13Z
### order=full phases=[ PREDISAMBIGUATEDESUGAR DISAMBIGUATE GRAMMAR PRETYPECHECKDESUGAR INTEGERLITERALFOLDING TYPECHECK DESUGAR OVERLOADREWRITE CODEGEN ] setting=compile (extendsObject=true compiledExpr=true) prelude=INTERPRETER target=[ProjectFortress/LibraryBuiltin/FortressBuiltin.fss] overloadCache=false
@@TC API	AnyType	errors=0
@@TC API	Stream	errors=4
@@TC API	FlatString	errors=0
@@TC API	String	errors=0
@@TC API	FortressLibrary	errors=490
@@TC API	FortressBuiltin	errors=22
@@TC APIS-NOT-SUCCESSFUL	516 errors kept
@@TC DECL-OK	VarDecl	/home/user/fortress/ProjectFortress/LibraryBuiltin/FortressBuiltin.fss:15:1-23	errors=0
@@TC DECL-OK	VarDecl	/home/user/fortress/ProjectFortress/LibraryBuiltin/FortressBuiltin.fss:16:1-33:3	errors=0
@@TC DECL-OK	FnDecl	/home/user/fortress/ProjectFortress/LibraryBuiltin/FortressBuiltin.fss:34:1-35:72	errors=0
@@TC DECL-CRASH	TraitDecl	/home/user/fortress/ProjectFortress/LibraryBuiltin/FortressBuiltin.fss:37:1-52:2	java.lang.RuntimeException	com.sun.fortress.scala_src.types.TypeAnalyzer.$anonfun$typeCons$1(TypeAnalyzer.scala:722)	Not in the trait table: FortressBuiltin.Character FortressBuiltin.Character @ Compiler internal generated.:0:0
@@TC DECL-OK	ObjectDecl	/home/user/fortress/ProjectFortress/LibraryBuiltin/FortressBuiltin.fss:54:1-192:2	errors=2
@@TC DECL-OK	ObjectDecl	/home/user/fortress/ProjectFortress/LibraryBuiltin/FortressBuiltin.fss:194:1-201:2	errors=0
@@TC DECL-OK	ObjectDecl	/home/user/fortress/ProjectFortress/LibraryBuiltin/FortressBuiltin.fss:203:1-367:2	errors=16
@@TC DECL-OK	ObjectDecl	/home/user/fortress/ProjectFortress/LibraryBuiltin/FortressBuiltin.fss:369:1-376:2	errors=0
@@TC DECL-OK	ObjectDecl	/home/user/fortress/ProjectFortress/LibraryBuiltin/FortressBuiltin.fss:378:1-385:2	errors=0
@@TC DECL-OK	ObjectDecl	/home/user/fortress/ProjectFortress/LibraryBuiltin/FortressBuiltin.fss:387:1-448:2	errors=0
@@TC DECL-OK	ObjectDecl	/home/user/fortress/ProjectFortress/LibraryBuiltin/FortressBuiltin.fss:450:1-459:2	errors=2
@@TC DECL-OK	ObjectDecl	/home/user/fortress/ProjectFortress/LibraryBuiltin/FortressBuiltin.fss:461:1-526:2	errors=3
@@TC DECL-OK	ObjectDecl	/home/user/fortress/ProjectFortress/LibraryBuiltin/FortressBuiltin.fss:528:1-535:2	errors=0
@@TC DECL-OK	ObjectDecl	/home/user/fortress/ProjectFortress/LibraryBuiltin/FortressBuiltin.fss:538:1-570:2	errors=1
@@TC DECL-OK	FnDecl	/home/user/fortress/ProjectFortress/LibraryBuiltin/FortressBuiltin.fss:572:1-60	errors=0
@@TC DECL-CRASH	ObjectDecl	/home/user/fortress/ProjectFortress/LibraryBuiltin/FortressBuiltin.fss:574:1-686:2	java.lang.RuntimeException	com.sun.fortress.scala_src.types.TypeAnalyzer.$anonfun$typeCons$1(TypeAnalyzer.scala:722)	Not in the trait table: FortressBuiltin.Character FortressBuiltin.Character @ Compiler internal generated.:0:0
@@TC DECL-OK	ObjectDecl	/home/user/fortress/ProjectFortress/LibraryBuiltin/FortressBuiltin.fss:688:1-697:2	errors=0
@@TC DECL-OK	FnDecl	/home/user/fortress/ProjectFortress/LibraryBuiltin/FortressBuiltin.fss:699:1-85	errors=0
@@TC COMPONENT	FortressBuiltin	errors=80
@@TC COMPONENTS-NOT-SUCCESSFUL	80 errors kept
@@CG OVLSKIP	FortressBuiltin	sets=45
@@CG OVLSKIP	FortressBuiltin	sets=33
@@CG PREFAIL	ObjectDecl Float	/home/user/fortress/ProjectFortress/LibraryBuiltin/FortressBuiltin.fss:54:1-192:2	edu.rice.cs.plt.tuple.OptionUnwrapException	edu.rice.cs.plt.tuple.Null.unwrap:58	null
@@CG OVLSKIP	FortressBuiltin	sets=0
@@CG OVLSKIP	FortressBuiltin	sets=9
@@CG PREFAIL	ObjectDecl RR32	/home/user/fortress/ProjectFortress/LibraryBuiltin/FortressBuiltin.fss:203:1-367:2	edu.rice.cs.plt.tuple.OptionUnwrapException	edu.rice.cs.plt.tuple.Null.unwrap:58	null
@@CG OVLSKIP	FortressBuiltin	sets=0
@@CG OVLSKIP	FortressBuiltin	sets=0
@@CG OVLSKIP	FortressBuiltin	sets=21
@@CG OVLSKIP	FortressBuiltin	sets=0
@@CG PREFAIL	ObjectDecl UnsignedLong	/home/user/fortress/ProjectFortress/LibraryBuiltin/FortressBuiltin.fss:450:1-459:2	com.sun.fortress.exceptions.CompilerError	com.sun.fortress.compiler.codegen.CodeGen.sayWhat:1563	 /home/user/fortress/ProjectFortress/LibraryBuiltin/FortressBuiltin.fss:451:35-51:     Can't compile Juxt at /home/user/fortress/ProjectFortress/LibraryBuiltin/FortressBuiltin.fss:451.35
@@CG OVLSKIP	FortressBuiltin	sets=6
@@CG PREFAIL	ObjectDecl IntLiteral	/home/user/fortress/ProjectFortress/LibraryBuiltin/FortressBuiltin.fss:461:1-526:2	com.sun.fortress.exceptions.CompilerError	com.sun.fortress.compiler.codegen.CodeGen.sayWhat:1563	 /home/user/fortress/ProjectFortress/LibraryBuiltin/FortressBuiltin.fss:462:33-37:     Can't compile Juxt at /home/user/fortress/ProjectFortress/LibraryBuiltin/FortressBuiltin.fss:462.33
@@CG OVLSKIP	FortressBuiltin	sets=0
@@CG OVLSKIP	FortressBuiltin	sets=0
@@CG OVLSKIP	FortressBuiltin	sets=0
@@CG PREFAIL	ObjectDecl Char	/home/user/fortress/ProjectFortress/LibraryBuiltin/FortressBuiltin.fss:574:1-686:2	com.sun.fortress.exceptions.CompilerError	com.sun.fortress.compiler.codegen.CodeGen.sayWhat:1563	 /home/user/fortress/ProjectFortress/LibraryBuiltin/FortressBuiltin.fss:576:9-79:     Can't compile Juxt at /home/user/fortress/ProjectFortress/LibraryBuiltin/FortressBuiltin.fss:576.9
@@CG OVLSKIP	FortressBuiltin	sets=0
@@CG OK	VarDecl [private language:String]	/home/user/fortress/ProjectFortress/LibraryBuiltin/FortressBuiltin.fss:15:1-23
@@CG OK	VarDecl [private package:String]	/home/user/fortress/ProjectFortress/LibraryBuiltin/FortressBuiltin.fss:16:1-33:3
@@CG OK	FnDecl builtinPrimitive	/home/user/fortress/ProjectFortress/LibraryBuiltin/FortressBuiltin.fss:34:1-35:72
@@CG OVLSKIP	FortressBuiltin	sets=0
@@CG FAIL	TraitDecl Object	/home/user/fortress/ProjectFortress/LibraryBuiltin/FortressBuiltin.fss:37:1-52:2	com.sun.fortress.exceptions.CompilerError	com.sun.fortress.compiler.codegen.CodeGen.sayWhat:1563	 /home/user/fortress/ProjectFortress/LibraryBuiltin/FortressBuiltin.fss:39:9-87:     Can't compile Juxt at /home/user/fortress/ProjectFortress/LibraryBuiltin/FortressBuiltin.fss:39.9
@@CG OK	ObjectDecl Float	/home/user/fortress/ProjectFortress/LibraryBuiltin/FortressBuiltin.fss:54:1-192:2
@@CG OK	ObjectDecl FloatLiteral	/home/user/fortress/ProjectFortress/LibraryBuiltin/FortressBuiltin.fss:194:1-201:2
@@CG OK	ObjectDecl RR32	/home/user/fortress/ProjectFortress/LibraryBuiltin/FortressBuiltin.fss:203:1-367:2
@@CG OK	ObjectDecl Int	/home/user/fortress/ProjectFortress/LibraryBuiltin/FortressBuiltin.fss:369:1-376:2
@@CG OK	ObjectDecl Long	/home/user/fortress/ProjectFortress/LibraryBuiltin/FortressBuiltin.fss:378:1-385:2
@@CG OK	ObjectDecl NN32	/home/user/fortress/ProjectFortress/LibraryBuiltin/FortressBuiltin.fss:387:1-448:2
@@CG OK	ObjectDecl UnsignedLong	/home/user/fortress/ProjectFortress/LibraryBuiltin/FortressBuiltin.fss:450:1-459:2
@@CG OK	ObjectDecl IntLiteral	/home/user/fortress/ProjectFortress/LibraryBuiltin/FortressBuiltin.fss:461:1-526:2
@@CG OK	ObjectDecl BigNum	/home/user/fortress/ProjectFortress/LibraryBuiltin/FortressBuiltin.fss:528:1-535:2
@@CG OK	ObjectDecl Boolean	/home/user/fortress/ProjectFortress/LibraryBuiltin/FortressBuiltin.fss:538:1-570:2
@@CG OK	FnDecl myJavaDigit	/home/user/fortress/ProjectFortress/LibraryBuiltin/FortressBuiltin.fss:572:1-60
@@CG OK	ObjectDecl Char	/home/user/fortress/ProjectFortress/LibraryBuiltin/FortressBuiltin.fss:574:1-686:2
@@CG OK	ObjectDecl Thread	/home/user/fortress/ProjectFortress/LibraryBuiltin/FortressBuiltin.fss:688:1-697:2
@@CG OK	FnDecl abort	/home/user/fortress/ProjectFortress/LibraryBuiltin/FortressBuiltin.fss:699:1-85
@@CG FAIL	_RewriteFnOverloadDecl _RewriteFnOverloadDecl at /home/user/fortress/ProjectFortress/LibraryBuiltin/FortressBuilt...	/home/user/fortress/ProjectFortress/LibraryBuiltin/FortressBuiltin.fss:452:40-46	edu.rice.cs.plt.tuple.OptionUnwrapException	edu.rice.cs.plt.tuple.Null.unwrap:58	null
@@CG FAIL	_RewriteFnOverloadDecl _RewriteFnOverloadDecl at /home/user/fortress/ProjectFortress/LibraryBuiltin/FortressBuilt...	/home/user/fortress/ProjectFortress/LibraryBuiltin/FortressBuiltin.fss:452:34-37	edu.rice.cs.plt.tuple.OptionUnwrapException	edu.rice.cs.plt.tuple.Null.unwrap:58	null
@@CG FAIL	_RewriteFnOverloadDecl _RewriteFnOverloadDecl at /home/user/fortress/ProjectFortress/LibraryBuiltin/FortressBuilt...	/home/user/fortress/ProjectFortress/LibraryBuiltin/FortressBuiltin.fss:327:39-44	edu.rice.cs.plt.tuple.OptionUnwrapException	edu.rice.cs.plt.tuple.Null.unwrap:58	null
@@CG FAIL	_RewriteFnOverloadDecl _RewriteFnOverloadDecl at /home/user/fortress/ProjectFortress/LibraryBuiltin/FortressBuilt...	/home/user/fortress/ProjectFortress/LibraryBuiltin/FortressBuiltin.fss:620:23	edu.rice.cs.plt.tuple.OptionUnwrapException	edu.rice.cs.plt.tuple.Null.unwrap:58	null
@@CG FAIL	_RewriteFnOverloadDecl _RewriteFnOverloadDecl at /home/user/fortress/ProjectFortress/LibraryBuiltin/FortressBuilt...	/home/user/fortress/ProjectFortress/LibraryBuiltin/FortressBuiltin.fss:620:31-45	edu.rice.cs.plt.tuple.OptionUnwrapException	edu.rice.cs.plt.tuple.Null.unwrap:58	null
@@CG FAIL	_RewriteFnOverloadDecl _RewriteFnOverloadDecl at /home/user/fortress/ProjectFortress/LibraryBuiltin/FortressBuilt...	/home/user/fortress/ProjectFortress/LibraryBuiltin/FortressBuiltin.fss:68:45	java.lang.RuntimeException	com.sun.fortress.scala_src.types.TypeAnalyzer.$anonfun$typeCons$1:722	Not in the trait table: QQ QQ @ /home/user/fortress/Library/FortressLibrary.fsi:373:7
@@CG FAIL	_RewriteFnOverloadDecl _RewriteFnOverloadDecl at /home/user/fortress/ProjectFortress/LibraryBuiltin/FortressBuilt...	/home/user/fortress/ProjectFortress/LibraryBuiltin/FortressBuiltin.fss:476:63	java.lang.RuntimeException	com.sun.fortress.scala_src.types.TypeAnalyzer.$anonfun$typeCons$1:722	Not in the trait table: ZZ64 ZZ64 @ /home/user/fortress/Library/FortressLibrary.fsi:499:7-9
@@CG FAIL	_RewriteFnOverloadDecl _RewriteFnOverloadDecl at /home/user/fortress/ProjectFortress/LibraryBuiltin/FortressBuilt...	/home/user/fortress/ProjectFortress/LibraryBuiltin/FortressBuiltin.fss:477:62	java.lang.RuntimeException	com.sun.fortress.scala_src.types.TypeAnalyzer.$anonfun$typeCons$1:722	Not in the trait table: QQ QQ @ /home/user/fortress/Library/FortressLibrary.fsi:373:7
@@CG FAIL	_RewriteFnOverloadDecl _RewriteFnOverloadDecl at /home/user/fortress/ProjectFortress/LibraryBuiltin/FortressBuilt...	/home/user/fortress/ProjectFortress/LibraryBuiltin/FortressBuiltin.fss:478:63	java.lang.RuntimeException	com.sun.fortress.scala_src.types.TypeAnalyzer.$anonfun$typeCons$1:722	Not in the trait table: QQ QQ @ /home/user/fortress/Library/FortressLibrary.fsi:373:7
@@CG FAIL	_RewriteFnOverloadDecl _RewriteFnOverloadDecl at /home/user/fortress/ProjectFortress/LibraryBuiltin/FortressBuilt...	/home/user/fortress/ProjectFortress/LibraryBuiltin/FortressBuiltin.fss:475:62	java.lang.RuntimeException	com.sun.fortress.scala_src.types.TypeAnalyzer.$anonfun$typeCons$1:722	Not in the trait table: ZZ64 ZZ64 @ /home/user/fortress/Library/FortressLibrary.fsi:499:7-9
@@CG FAIL	_RewriteFnOverloadDecl _RewriteFnOverloadDecl at /home/user/fortress/ProjectFortress/LibraryBuiltin/FortressBuilt...	/home/user/fortress/ProjectFortress/LibraryBuiltin/FortressBuiltin.fss:348:18-19	edu.rice.cs.plt.tuple.OptionUnwrapException	edu.rice.cs.plt.tuple.Null.unwrap:58	null
@@CG FAIL	_RewriteFnOverloadDecl _RewriteFnOverloadDecl at /home/user/fortress/ProjectFortress/LibraryBuiltin/FortressBuilt...	/home/user/fortress/ProjectFortress/LibraryBuiltin/FortressBuiltin.fss:358:18-19	edu.rice.cs.plt.tuple.OptionUnwrapException	edu.rice.cs.plt.tuple.Null.unwrap:58	null
@@CG FAIL	_RewriteFnOverloadDecl _RewriteFnOverloadDecl at /home/user/fortress/ProjectFortress/LibraryBuiltin/FortressBuilt...	/home/user/fortress/ProjectFortress/LibraryBuiltin/FortressBuiltin.fss:620:42	edu.rice.cs.plt.tuple.OptionUnwrapException	edu.rice.cs.plt.tuple.Null.unwrap:58	null
@@CG FAIL	_RewriteFnOverloadDecl _RewriteFnOverloadDecl at /home/user/fortress/ProjectFortress/LibraryBuiltin/FortressBuilt...	/home/user/fortress/ProjectFortress/LibraryBuiltin/FortressBuiltin.fss:472:32	edu.rice.cs.plt.tuple.OptionUnwrapException	edu.rice.cs.plt.tuple.Null.unwrap:58	null
@@CG FAIL	_RewriteFnOverloadDecl _RewriteFnOverloadDecl at /home/user/fortress/ProjectFortress/LibraryBuiltin/FortressBuilt...	/home/user/fortress/ProjectFortress/LibraryBuiltin/FortressBuiltin.fss:472:51	edu.rice.cs.plt.tuple.OptionUnwrapException	edu.rice.cs.plt.tuple.Null.unwrap:58	null
@@CG FAIL	_RewriteFnOverloadDecl _RewriteFnOverloadDecl at /home/user/fortress/ProjectFortress/LibraryBuiltin/FortressBuilt...	/home/user/fortress/ProjectFortress/LibraryBuiltin/FortressBuiltin.fss:327:38-44	edu.rice.cs.plt.tuple.OptionUnwrapException	edu.rice.cs.plt.tuple.Null.unwrap:58	null
@@CG FAIL	_RewriteFnOverloadDecl _RewriteFnOverloadDecl at /home/user/fortress/ProjectFortress/LibraryBuiltin/FortressBuilt...	/home/user/fortress/ProjectFortress/LibraryBuiltin/FortressBuiltin.fss:685:9-82	edu.rice.cs.plt.tuple.OptionUnwrapException	edu.rice.cs.plt.tuple.Null.unwrap:58	null
@@CG FAIL	_RewriteFnOverloadDecl _RewriteFnOverloadDecl at /home/user/fortress/ProjectFortress/LibraryBuiltin/FortressBuilt...	/home/user/fortress/ProjectFortress/LibraryBuiltin/FortressBuiltin.fss:620:18	edu.rice.cs.plt.tuple.OptionUnwrapException	edu.rice.cs.plt.tuple.Null.unwrap:58	null
@@CG COMPONENT-OK	FortressBuiltin
### rc=0
exit=0
ELAPSED 37 s
# end 2026-09-26T09:26:50Z
