=== ladder start 2026-09-17T01:58:59+00:00 ===
-- disk free 1698964 KB, cache 14 MB
sanity ok: library_tests/Integer1 compiles and prints PASS
not_working_library_tests/Comparison.fss crc=255 rrc= 1s
not_working_library_tests/Comparison1.fss crc=0 rrc=0 6s
not_working_library_tests/Comparison1a.fss crc=255 rrc= 1s
not_working_library_tests/Comparison1d.fss crc=255 rrc= 1s
not_working_library_tests/Comparison2.fss crc=0 rrc=0 5s
not_working_library_tests/Comparison3.fss crc=255 rrc= 1s
not_working_library_tests/ComparisonLibrary.fsi crc=255 rrc= 1s
not_working_library_tests/ComparisonLibrary.fss crc=255 rrc= 1s
not_working_library_tests/EqualityBug2.fss crc=255 rrc= 1s
not_working_library_tests/EqualityBug3.fss crc=255 rrc= 1s
not_working_library_tests/FailInference2.fss crc=255 rrc= 1s
not_working_library_tests/GenTest3.fss crc=255 rrc= 1s
not_working_library_tests/GenTest4.fss crc=255 rrc= 2s
not_working_library_tests/GenTest5.fss crc=255 rrc= 6s
not_working_library_tests/GenTest8.fss crc=0 rrc=1 43s
not_working_library_tests/HelperTest1.fss crc=255 rrc= 1s
not_working_library_tests/HelperTest2.fss crc=255 rrc= 2s
not_working_library_tests/HelperTest3.fss crc=255 rrc= 2s
not_working_library_tests/MatchErrorBug.fsi crc=255 rrc= 1s
not_working_library_tests/MatchErrorBug.fss crc=255 rrc= 1s
not_working_library_tests/MatchErrorBug1.fsi crc=255 rrc= 1s
not_working_library_tests/MatchErrorBug1.fss crc=255 rrc= 2s
not_working_library_tests/MatchErrorBug2.fsi crc=255 rrc= 1s
not_working_library_tests/MatchErrorBug2.fss crc=255 rrc= 1s
not_working_library_tests/MaybeTest1.fss crc=255 rrc= 1s
-- disk free 1698800 KB, cache 14 MB
not_working_library_tests/MaybeTest10.fss crc=255 rrc= 1s
not_working_library_tests/MaybeTest2.fss crc=255 rrc= 1s
not_working_library_tests/MaybeTest5.fss crc=255 rrc= 2s
not_working_library_tests/VarRefTest.fss crc=0 rrc=0 2s
tests/AfterTypeChecking.fss crc=255 rrc= 2s
tests/AliasedGetterTest.fss crc=255 rrc= 3s
tests/AlsoDo.fss crc=255 rrc= 2s
tests/ArrayListQuick.fss crc=255 rrc= 2s
tests/AsExprSimple.fss crc=0 rrc=0 2s
tests/BadBounds.fss crc=255 rrc= 2s
tests/BadEncloser.fss crc=0 rrc=0 2s
tests/BigNum.fss crc=255 rrc= 2s
tests/BitTwiddle.fss crc=255 rrc= 1s
tests/BoolMethodParamBug.fss crc=1 rrc= 2s
tests/BooleanOps.fss crc=255 rrc= 4s
tests/Brackets.fss crc=255 rrc= 2s
tests/BuiltinBound.fss crc=0 rrc=0 3s
tests/CharacterTest.fss crc=255 rrc= 3s
tests/ColonOperator.fss crc=255 rrc= 2s
tests/ConditionalOpTruncation.fss crc=255 rrc= 2s
tests/CovCollTest.fss crc=255 rrc= 2s
tests/CovariantTest.fss crc=255 rrc= 2s
tests/DivPrecedence.fss crc=255 rrc= 2s
tests/EqualityOverloadBug.fss crc=255 rrc= 1s
tests/Exception.fss crc=255 rrc= 2s
-- disk free 1698672 KB, cache 14 MB
tests/ExceptionScoping.fss crc=255 rrc= 2s
tests/FileConversion.fss crc=255 rrc= 2s
tests/FileReadWrite.fss crc=255 rrc= 1s
tests/FuncOfFuncTest.fss crc=255 rrc= 2s
tests/FunctionalMethodAsUnifyParam.fss crc=255 rrc= 1s
tests/GS0.fss crc=0 rrc=0 2s
tests/GS1.fss crc=0 rrc=0 2s
tests/GS2.fss crc=255 rrc= 1s
tests/GS3.fss crc=255 rrc= 1s
tests/Generator2Test.fss crc=255 rrc= 2s
tests/GeneratorNullPointer.fss crc=255 rrc= 1s
tests/GenericFnWithExcludes.fss crc=1 rrc= 1s
tests/HeapTest.fss crc=255 rrc= 1s
tests/ImplicitBlocks.fss crc=255 rrc= 2s
tests/ImportNonparamObject.fss crc=255 rrc= 1s
tests/InferTest.fss crc=255 rrc= 2s
tests/InheritedMethod.fss crc=0 rrc=0 2s
tests/InheritedOverload2.fss crc=0 rrc=0 2s
tests/InitOrderWithMutable.fss crc=1 rrc= 1s
tests/IntMapTest.fss crc=255 rrc= 1s
tests/LabelTest.fss crc=255 rrc= 1s
tests/LineTerminatingComments.fss crc=0 rrc=0 2s
tests/ListNullPointer.fss crc=255 rrc= 1s
tests/ListTest.fss crc=255 rrc= 1s
tests/LocalVar.fss crc=255 rrc= 1s
-- disk free 1698488 KB, cache 14 MB
tests/LongStringTests.fss crc=255 rrc= 1s
tests/MapExprTest.fss crc=1 rrc= 2s
tests/MapTest.fss crc=255 rrc= 1s
tests/Mutable.fss crc=1 rrc= 1s
tests/NatParamOverloading.fss crc=1 rrc= 1s
tests/NatReflectTest.fss crc=1 rrc= 2s
tests/NumberPrintTest.fss crc=255 rrc= 1s
tests/NumeralTest.fss crc=255 rrc= 1s
tests/ObjectDefVars.fss crc=255 rrc= 1s
tests/ObjectExprWithFunctionalMethod.fss crc=1 rrc= 2s
tests/ObjectFieldShadowing.fss crc=255 rrc= 1s
tests/ObjectParams.fss crc=255 rrc= 1s
tests/ObjectToStringTest.fss crc=1 rrc= 2s
tests/OpenRangeCase.fss crc=255 rrc= 1s
tests/OverloadBuiltinParam.fss crc=255 rrc= 1s
tests/OverloadConstructor1.fss crc=0 rrc=0 2s
tests/OverloadConstructor2.fss crc=255 rrc= 2s
tests/OverloadConstructor3.fss crc=255 rrc= 1s
tests/OverloadWithSuperExcludes.fss crc=1 rrc= 3s
tests/ParamRef.fss crc=255 rrc= 0s
tests/PureListQuick.fss crc=255 rrc= 1s
tests/QuickCheckTest.fss crc=255 rrc= 3s
tests/RandomTest.fss crc=255 rrc= 2s
tests/RangePrototype.fss crc=255 rrc= 1s
tests/RangeTest.fss crc=255 rrc= 1s
-- disk free 1698256 KB, cache 14 MB
tests/RationalTest.fss crc=255 rrc= 5s
tests/ReflectTest.fss crc=255 rrc= 2s
tests/ReflectiveQuickCheckTest.fss crc=255 rrc= 2s
tests/Region.fss crc=255 rrc= 1s
tests/ReplicaTest.fss crc=255 rrc= 1s
tests/Reversals.fss crc=255 rrc= 1s
tests/SetMapImport.fss crc=255 rrc= 1s
tests/SetTest.fss crc=255 rrc= 2s
tests/ShuffleTest.fss crc=255 rrc= 1s
tests/SkipListTest.fss crc=255 rrc= 1s
tests/Spawn1.fss crc=255 rrc= 1s
tests/Spawn2.fss crc=255 rrc= 1s
tests/Spawn3.fss crc=255 rrc= 0s
tests/Spawn4.fss crc=255 rrc= 1s
tests/Spawn5.fss crc=255 rrc= 1s
tests/Spawn6.fss crc=255 rrc= 1s
tests/StringTests.fss crc=255 rrc= 2s
tests/SubscriptedExpr.fss crc=255 rrc= 2s
tests/TestCompiledEnvironments.fss crc=0 rrc=0 3s
tests/TestCompiledImports.fss crc=255 rrc= 2s
tests/TestCompiledNestedImports.fss crc=0 rrc=0 2s
tests/TimingTests.fss crc=255 rrc= 2s
tests/ToTheEOLComment.fss crc=0 rrc=0 2s
tests/TransactionalArrayShakedown.fss crc=255 rrc= 2s
tests/TransitiveImportMethodLookup.fss crc=255 rrc= 1s
-- disk free 1698068 KB, cache 14 MB
tests/TreapTest.fss crc=0 rrc=1 3s
tests/TupleBinding.fss crc=1 rrc= 1s
tests/TupleBinding2.fss crc=255 rrc= 2s
tests/TypeImportBug.fss crc=255 rrc= 1s
tests/UnderscoreId.fss crc=0 rrc=0 1s
tests/UnnamedParam.fss crc=255 rrc= 2s
tests/UnsignedTest.fss crc=255 rrc= 2s
tests/Variable.VarWTypes.fss crc=255 rrc= 1s
tests/Wildcards.fss crc=255 rrc= 1s
tests/WordCountSmall.fss crc=255 rrc= 2s
tests/XXXAlsoEE.fss crc=255 rrc= 1s
tests/XXXAsExpr.fss crc=255 rrc= 1s
tests/XXXExitWithoutEnclosingLabel.fss crc=255 rrc= 1s
tests/XXXExportsEE.fss crc=255 rrc= 0s
tests/XXXGenericOverload.fss crc=0 rrc=0 2s
tests/XXXGenericOverload2.fss crc=0 rrc=1 1s
tests/XXXGenericOverload3.fss crc=255 rrc= 2s
tests/XXXHashtable.fss crc=255 rrc= 1s
tests/XXXImportImportCollision.fss crc=255 rrc= 1s
tests/XXXImportImportCollision2.fss crc=1 rrc= 0s
tests/XXXImportLocalCollision.fss crc=1 rrc= 1s
tests/XXXImportNonExistingAPI.fss crc=255 rrc= 0s
tests/XXXInheritedOverload.fss crc=255 rrc= 2s
tests/XXXLabelShadowing.fss crc=255 rrc= 1s
tests/XXXLetRecTest.fss crc=255 rrc= 1s
-- disk free 1697912 KB, cache 14 MB
tests/XXXNonValueOfValue.fss crc=255 rrc= 1s
tests/XXXTypeError.fss crc=255 rrc= 1s
tests/XXXUnimplementedMethod.fss crc=255 rrc= 1s
tests/XXXWildcardField.fss crc=255 rrc= 1s
tests/XXXarityTestFn.fss crc=255 rrc= 1s
tests/XXXbroken.fss crc=255 rrc= 1s
tests/XXXcaseTest.fss crc=0 rrc=1 2s
tests/XXXextendBoolean.fss crc=255 rrc= 2s
tests/XXXextendFloatLiteral.fss crc=255 rrc= 1s
tests/XXXextendIntLiteral.fss crc=255 rrc= 2s
tests/XXXextendObject.fss crc=255 rrc= 1s
tests/XXXextendOprParam2.fss crc=255 rrc= 1s
tests/XXXfailTestFn.fss crc=255 rrc= 1s
tests/XXXflatTest.fss crc=255 rrc= 2s
tests/XXXgenericMethod1.fss crc=0 rrc=0 2s
tests/XXXgenericMethod2.fss crc=0 rrc=0 1s
tests/XXXgenericMethod3.fss crc=0 rrc=0 1s
tests/XXXgenericTest6.fss crc=255 rrc= 2s
tests/XXXimmutable0.fss crc=255 rrc= 1s
tests/XXXimmutable1.fss crc=1 rrc= 1s
tests/XXXimmutable2.fss crc=1 rrc= 2s
tests/XXXimmutableTopLevel.fss crc=255 rrc= 1s
tests/XXXlabelExit.fss crc=255 rrc= 1s
tests/XXXlabelExit2.fss crc=255 rrc= 1s
tests/XXXlabelExit3.fss crc=255 rrc= 1s
-- disk free 1697804 KB, cache 14 MB
tests/XXXloopError.fss crc=255 rrc= 2s
tests/XXXmutableTopVarWithoutType.fss crc=255 rrc= 1s
tests/XXXmutableWithoutType.fss crc=255 rrc= 1s
tests/XXXmutation1.fss crc=255 rrc= 1s
tests/XXXmutation2.fss crc=255 rrc= 1s
tests/XXXnoclassNativeFn.fss crc=255 rrc= 1s
tests/XXXnonBooleanCond.fss crc=255 rrc= 1s
tests/XXXoutcome.fss crc=255 rrc= 1s
tests/XXXoverloadTest5.fss crc=255 rrc= 1s
tests/XXXseqLoopError.fss crc=255 rrc= 2s
tests/XXXsubtypeRuleResultFail.fss crc=255 rrc= 2s
tests/XXXtupleTypeParam3.fss crc=255 rrc= 1s
tests/XXXtypeParamShadowing.fss crc=0 rrc=0 2s
tests/XXXtypecaseTest.fss crc=0 rrc=1 1s
tests/XXXvarargsObject.fss crc=255 rrc= 0s
tests/abortBlock.fss crc=255 rrc= 1s
tests/abortTest.fss crc=255 rrc= 1s
tests/ampersand.fss crc=255 rrc= 2s
tests/anyLenArray.fss crc=255 rrc= 1s
tests/array3test.fss crc=1 rrc= 1s
tests/arrayBig.fss crc=1 rrc= 2s
tests/arrayTest0.fss crc=255 rrc= 1s
tests/arrayTest1.fss crc=1 rrc= 1s
tests/arrayTest2.fss crc=1 rrc= 1s
tests/arrayTest3.fss crc=1 rrc= 1s
-- disk free 1697652 KB, cache 14 MB
tests/arrayWithTrailingSpaces.fss crc=1 rrc= 1s
tests/asifTest.fss crc=255 rrc= 1s
tests/atomic0.fss crc=0 rrc=0 1s
tests/atomic1.fss crc=255 rrc= 2s
tests/atomic2.fss crc=0 rrc=0 2s
tests/atomic3.fss crc=0 rrc=0 2s
tests/atomic4.fss crc=0 rrc=0 2s
tests/atomic5.fss crc=255 rrc= 1s
tests/atomicArrayOps.fss crc=255 rrc= 1s
tests/atomicExpr.fss crc=255 rrc= 2s
tests/atomicList.fss crc=255 rrc= 2s
tests/atomicTest.fss crc=0 rrc=0 2s
tests/atomicsets.fss crc=255 rrc= 1s
tests/bigEncloserCall.fss crc=255 rrc= 1s
tests/bogusNatParams.fss crc=1 rrc= 1s
tests/booleanGuard.fss crc=255 rrc= 1s
tests/buffons.fss crc=255 rrc= 1s
tests/caseTest.fss crc=1 rrc= 2s
tests/caseWithSemicolons.fss crc=255 rrc= 1s
tests/chain0.fss crc=255 rrc= 1s
tests/chain2.fss crc=0 rrc=1 3s
tests/commonSuper.fss crc=1 rrc= 2s
tests/compoundArray.fss crc=255 rrc= 1s
tests/conditionalExtension.fss crc=255 rrc= 1s
tests/conditionalGenerator.fss crc=255 rrc= 1s
-- disk free 4187092 KB, cache 14 MB
tests/conditionalOp.fss crc=255 rrc= 1s
tests/contracts1.fss crc=255 rrc= 2s
tests/controlZ.fss crc=0 rrc=0 1s
tests/deepHierarchy.fss crc=0 rrc=0 2s
tests/dimensionUnitDecl.fss crc=1 rrc= 1s
tests/disp0.fss crc=255 rrc= 2s
tests/disp1.fss crc=255 rrc= 1s
tests/disp2.fss crc=0 rrc=0 2s
tests/doubleSelf.fss crc=0 rrc=0 1s
tests/doubledOverloading.fss crc=0 rrc=0 2s
tests/doubledOverloading2.fss crc=255 rrc= 1s
tests/doubledOverloading3.fss crc=0 rrc=0 2s
tests/emptyLoop.fss crc=0 rrc=0 2s
tests/emptySubscripting.fss crc=255 rrc= 1s
tests/errIN.fss crc=255 rrc= 1s
tests/executable_component.fss crc=0 rrc=0 1s
tests/exitType.fss crc=255 rrc= 1s
tests/expTest.fss crc=255 rrc= 2s
tests/explicitStaticArgsToAggregates.fss crc=255 rrc= 1s
tests/extendAny.fss crc=255 rrc= 1s
tests/extendException.fss crc=255 rrc= 1s
tests/extendNumber.fss crc=255 rrc= 1s
tests/extendObject.fss crc=0 rrc=0 1s
tests/fib.fss crc=255 rrc= 2s
tests/fib13.fss crc=255 rrc= 1s
-- disk free 4187004 KB, cache 14 MB
tests/fmTest1.fss crc=0 rrc=0 2s
tests/fmTest2.fss crc=0 rrc=0 2s
tests/fmTest3.fss crc=0 rrc=0 3s
tests/fmTest4.fss crc=0 rrc=0 1s
tests/fmTest5.fss crc=0 rrc=0 2s
tests/forFnDecl.fss crc=0 rrc=1 2s
tests/forTest.fss crc=0 rrc=0 1s
tests/forTest2.fss crc=0 rrc=0 2s
tests/formatTest.fss crc=255 rrc= 1s
tests/funny.fss crc=1 rrc= 3s
tests/generatedExpr.fss crc=255 rrc= 1s
tests/generatorTest.fss crc=255 rrc= 1s
tests/genericMethod0.fss crc=255 rrc= 1s
tests/genericMethod1.fss crc=1 rrc= 1s
tests/genericMethod4.fss crc=0 rrc=0 1s
tests/genericTest1.fss crc=0 rrc=1 2s
tests/genericTest2.fss crc=0 rrc=1 2s
tests/genericTest3.fss crc=255 rrc= 2s
tests/genericTest4.fss crc=255 rrc= 1s
tests/genericTest5.fss crc=0 rrc=0 2s
tests/han.fss crc=0 rrc=0 1s
tests/ho.fss crc=255 rrc= 1s
tests/ifGetter.fss crc=0 rrc=0 1s
tests/ifTest.fss crc=0 rrc=0 1s
tests/immutable.fss crc=1 rrc= 2s
-- disk free 4186712 KB, cache 14 MB
tests/immutableTopLevel.fss crc=1 rrc= 2s
tests/importBig.fss crc=255 rrc= 1s
tests/infixBars.fss crc=255 rrc= 1s
tests/initOrder.fss crc=0 rrc=0 2s
tests/instantiateNatParam.fss crc=1 rrc= 2s
tests/intDivisionTest.fss crc=255 rrc= 1s
tests/intPrim.fss crc=255 rrc= 1s
tests/juxtTwice.fss crc=255 rrc= 2s
tests/labelExit.fss crc=255 rrc= 1s
tests/letRecTest.fss crc=255 rrc= 1s
tests/litCoercion.fss crc=255 rrc= 2s
tests/longPrim.fss crc=255 rrc= 1s
tests/mapCombine.fss crc=255 rrc= 2s
tests/matchingCharacterMarks.fss crc=0 rrc=0 1s
tests/matchingStringMarks.fss crc=0 rrc=0 2s
tests/matrixOps.fss crc=255 rrc= 1s
tests/maybeTest.fss crc=255 rrc= 1s
tests/mixedTypeAnnotation.fss crc=255 rrc= 1s
tests/multiGenFor.fss crc=255 rrc= 1s
tests/naiveSeq.fss crc=255 rrc= 1s
tests/natInference0.fss crc=1 rrc= 2s
tests/nativeArrayTest.fss crc=255 rrc= 1s
tests/nativeImmutableArrayTest.fss crc=255 rrc= 1s
tests/nativeTestFn.fss crc=255 rrc= 1s
tests/naturalsTest.fss crc=255 rrc= 1s
-- disk free 4185400 KB, cache 14 MB
tests/neOperator.fss crc=255 rrc= 2s
tests/nestedInst.fss crc=0 rrc=0 2s
tests/nestedOutcome.fss crc=255 rrc= 1s
tests/nestedTransactions1.fss crc=255 rrc= 1s
tests/nestedTransactions2.fss crc=255 rrc= 1s
tests/nestedTransactions3.fss crc=255 rrc= 1s
tests/nestedTransactions4.fss crc=255 rrc= 1s
tests/newASCIIshorthands.fss crc=255 rrc= 1s
tests/newlineTest.fss crc=255 rrc= 1s
tests/nullaryOverload.fss crc=0 rrc=0 2s
tests/objectCC.fss crc=255 rrc= 2s
tests/objectCC_immutable.fss crc=255 rrc= 3s
tests/objectCC_label.fss crc=255 rrc= 4s
tests/objectCC_multi_objExpr_mutVar1.fss crc=255 rrc= 2s
tests/objectCC_multi_objExpr_mutVar2.fss crc=255 rrc= 3s
tests/objectCC_mutVar1.fss crc=255 rrc= 2s
tests/objectCC_mutVar2.fss crc=255 rrc= 1s
tests/objectCC_mutable.fss crc=255 rrc= 4s
tests/objectCC_shadowTest.fss crc=255 rrc= 2s
tests/objectCC_staticParams.fss crc=1 rrc= 1s
tests/objectExprMystery.fss crc=255 rrc= 1s
tests/objectTest1.fss crc=0 rrc=0 2s
tests/objectTest2.fss crc=0 rrc=0 2s
tests/objectTest3.fss crc=0 rrc=0 2s
tests/objectTest4.fss crc=255 rrc= 1s
-- disk free 4185224 KB, cache 14 MB
tests/objectTest7.fss crc=1 rrc= 2s
tests/objectTest8.fss crc=255 rrc= 2s
tests/objectZZ.fss crc=255 rrc= 1s
tests/oddJuxt.fss crc=255 rrc= 1s
tests/operatorSynonym.fss crc=255 rrc= 1s
tests/oprTests.fss crc=255 rrc= 1s
tests/overloadGenericNon.fss crc=255 rrc= 1s
tests/overloadTest1.fss crc=1 rrc= 3s
tests/overloadTest2.fss crc=1 rrc= 2s
tests/overloadTest3.fss crc=255 rrc= 1s
tests/overloadTest6.fss crc=255 rrc= 2s
tests/overloadTest7.fss crc=1 rrc= 3s
tests/overloadTest8.fss crc=1 rrc= 2s
tests/parametricListCompr.fss crc=255 rrc= 1s
tests/parametricManiaCompr.fss crc=255 rrc= 2s
tests/postfixTest.fss crc=255 rrc= 1s
tests/precedence.fss crc=0 rrc=1 2s
tests/primOverloadTest.fss crc=255 rrc= 1s
tests/primeCharacter.fss crc=0 rrc=0 1s
tests/printTests.fss crc=255 rrc= 1s
tests/quicksortTest.fss crc=255 rrc= 2s
tests/rangeOperators.fss crc=255 rrc= 3s
tests/realArith.fss crc=255 rrc= 2s
tests/restTest.fss crc=255 rrc= 1s
tests/restTest2.fss crc=255 rrc= 1s
-- disk free 4185088 KB, cache 14 MB
tests/restTest2a.fss crc=255 rrc= 1s
tests/returnAndMutateTuple.fss crc=0 rrc=0 2s
tests/rightOverload.fss crc=255 rrc= 1s
tests/roundBug.fss crc=255 rrc= 1s
tests/rshiftbug.fss crc=255 rrc= 1s
tests/scopeSharing.fss crc=1 rrc= 2s
tests/seqLoop.fss crc=255 rrc= 2s
tests/sequivTest.fss crc=255 rrc= 1s
tests/setMakerTest0.fss crc=255 rrc= 1s
tests/setSum.fss crc=255 rrc= 1s
tests/setterTest.fss crc=255 rrc= 1s
tests/sideEffUpdate.fss crc=1 rrc= 1s
tests/simpleBig.fss crc=255 rrc= 1s
tests/simpleExp.fss crc=255 rrc= 2s
tests/simpleSum.fss crc=255 rrc= 2s
tests/simplify1.fss crc=1 rrc= 2s
tests/singleArgInference.fss crc=255 rrc= 1s
tests/sparseMatrix.fss crc=255 rrc= 1s
tests/spuriousSelf.fss crc=255 rrc= 1s
tests/stringJuxt.fss crc=255 rrc= 1s
tests/subArray.fss crc=255 rrc= 1s
tests/taskTrace2.fss crc=255 rrc= 1s
tests/taskTrace3.fss crc=255 rrc= 1s
tests/testCharLiteral.fss crc=255 rrc= 2s
tests/testParen.fss crc=0 rrc=1 1s
-- disk free 4184980 KB, cache 14 MB
tests/testPrim.fss crc=255 rrc= 2s
tests/testRR32.fss crc=255 rrc= 1s
tests/testRecImport.fss crc=255 rrc= 2s
tests/testTest1.fss crc=255 rrc= 2s
tests/testTest2.fss crc=255 rrc= 2s
tests/testTransient.fss crc=255 rrc= 1s
tests/testerTest.fss crc=0 rrc=0 1s
tests/tparams0.fss crc=1 rrc= 2s
tests/tparams1.fss crc=1 rrc= 1s
tests/tparams2.fss crc=1 rrc= 1s
tests/trailingSemicolon.fss crc=255 rrc= 1s
tests/traitTest1.fss crc=0 rrc=0 2s
tests/transactionalFork.fss crc=255 rrc= 1s
tests/transposition.fss crc=255 rrc= 1s
tests/treeTest.fss crc=255 rrc= 5s
tests/tryatomicTest.fss crc=255 rrc= 1s
tests/tupleInfer.fss crc=255 rrc= 1s
tests/tupleTest1.fss crc=0 rrc=1 2s
tests/tupleTest2.fss crc=0 rrc=0 2s
tests/tupleTest3.fss crc=255 rrc= 1s
tests/tupleTypeParam.fss crc=255 rrc= 1s
tests/tupleTypeParam2.fss crc=255 rrc= 2s
tests/typeTests.fss crc=255 rrc= 1s
tests/typecaseBlockTest.fss crc=255 rrc= 1s
tests/typecaseSelf.fss crc=0 rrc=0 2s
-- disk free 4184840 KB, cache 14 MB
tests/typecaseTest.fss crc=255 rrc= 2s
tests/typecaseVarTest.fss crc=255 rrc= 1s
tests/unicodeTest.fss crc=1 rrc= 2s
tests/varTest.fss crc=0 rrc=0 1s
tests/vectorOps.fss crc=255 rrc= 1s
tests/whereTest.fss crc=255 rrc= 1s
tests/whileTest.fss crc=255 rrc= 1s
tests/wrapZZ.fss crc=255 rrc= 1s
tests/wrongOverload.fss crc=1 rrc= 2s
tests/zeno.fss crc=255 rrc= 1s
=== ladder done 2026-09-17T02:10:27+00:00, 410 files ===
-- disk free 4184488 KB, cache 14 MB
