(a) the frame stack:
  aplCall(⍺+⍵, 32, 98) = 130
  a dfn in a dfn, ⍺+2×⍵ with 1, 20 = 41
  ∇ recursion, sum ⍳10 = 45
  100 sum ⍳10 = 145
  frame depth after = 0
(b) ⍺ absent:
  reading ⍺ in a monadic call -> CallerViolation
  {⍺ ← ¯99 ⋄ ⍺+⍵} 99     = 0
  57 {⍺ ← ¯99 ⋄ ⍺+⍵} 99  = 156
(c) ∘ and the guard's truth:
  0∘⌈ on ¯2 ¯1 0 1 2 = 0 0 0 1 2
  aplTruthy(1.0) = true, aplTruthy(0.0) = false, aplTruthy(2.0 < 3.0) = true
(d) rank 3:
  2 3 4⍴⍳24 =
0 1  2  3
4 5  6  7
8 9 10 11

12 13 14 15
16 17 18 19
20 21 22 23
  ≢t = 2, ⍴t = 2 3 4, ⊃t = 0
  ,t = 0 1 2 3 4 5 6 7 8 9 10 11 12 13 14 15 16 17 18 19 20 21 22 23
  2 12⍴t = 
 0  1  2  3  4  5  6  7  8  9 10 11
12 13 14 15 16 17 18 19 20 21 22 23
  6⍴t = 0 1 2 3 4 5
  ⍴1 0 2⍉t = 3 2 4
  1 0 2⍉t =
 0  1  2  3
12 13 14 15

 4  5  6  7
16 17 18 19

 8  9 10 11
20 21 22 23
(e) elementwise on rank 3:
  t÷2 =
0 0.5 1 1.5
2 2.5 3 3.5
4 4.5 5 5.5

 6  6.5  7  7.5
 8  8.5  9  9.5
10 10.5 11 11.5
  ⍴(t+t) = 2 3 4, ⊃(t×t) = 0
  ,(t>20) = 0 0 0 0 0 0 0 0 0 0 0 0 0 0 0 0 0 0 0 0 0 1 1 1
(f) the rank operator:
  m =
0 1  2  3
4 5  6  7
8 9 10 11
  +/⍤1⊢m = 6 22 38
  ⌽⍤1⊢m =
 3  2 1 0
 7  6 5 4
11 10 9 8
  ⍉⍤2⊢m =
0 4  8
1 5  9
2 6 10
3 7 11
  +/⍤1⊢t =
 6 22 38
54 70 86
  ⌽⍤1⊢t (rank 3 back) : ⍴ = 2 3 4
  ,⍤2⊢t =
 0  1  2  3  4  5  6  7  8  9 10 11
12 13 14 15 16 17 18 19 20 21 22 23
  ⍉⍤2⊢t : ⍴ = 2 4 3
  1 2 3 4 +⍤1⊢m =
0  2  4  6
4  6  8 10
8 10 12 14
  10 +⍤1⊢m =
10 11 12 13
14 15 16 17
18 19 20 21
  m {⍺+⍵}⍤1 mk =
100 101 102 103
104 105 106 107
108 109 110 111
  pl +⍤2⊢t =
1000 1001 1002 1003
1004 1005 1006 1007
1008 1009 1010 1011

1012 1013 1014 1015
1016 1017 1018 1019
1020 1021 1022 1023
(g) cells of different shapes:
  a cell whose result length varies -> CallerViolation
