=== examples of the chapter, against the book's printed output ===

SKIP  Ex 1   out of scope: ⎕IO ← 0, ]box and ]rows: a ⎕ system name and two Dyalog user commands
PASS  Ex 2   ⎕ ← mat ← 3 4⍴12?12   (adapted: the book's own deal, ⎕ ← dropped)
        want |3  0  5 1
7  9  8 6
2 10 11 4|
        got  |3  0  5 1
7  9  8 6
2 10 11 4|
PASS  Ex 3a  ≢7 5 1 2 9
        want |5|
        got  |5|
SKIP  Ex 3b  out of scope: ≢'Hello world': a character vector (gap row 42)
PASS  Ex 3c  ≢mat
        want |3|
        got  |3|
SKIP  Ex 4   out of scope: ≡ as Depth over nested vectors: nested arrays (gap row 21)
PASS  Ex 5a  1 2 3 4 ≡ 1 2 3 4 5
        want |0|
        got  |0|
PASS  Ex 5b  1 2 3 4 ≡ 1 2 3 4
        want |1|
        got  |1|
PASS  Ex 5c  1 2 3 4 ≡ 4 1 2 3
        want |0|
        got  |0|
PASS  Ex 5d  1 2 3 4 ≡ 1 4⍴1 2 3 4
        want |0|
        got  |0|
PASS  Ex 6a  ⍉mat ⍝ Transpose
        want |3 7  2
0 9 10
5 8 11
1 6  4|
        got  |3 7  2
0 9 10
5 8 11
1 6  4|
PASS  Ex 6b  ⌽mat ⍝ Reverse   (⋄ for the line break: see the header)
        want |1  5  0 3
6  8  9 7
4 11 10 2|
        got  |1  5  0 3
6  8  9 7
4 11 10 2|
PASS  Ex 6c  ⊖mat ⍝ Reverse first   (⋄ likewise)
        want |2 10 11 4
7  9  8 6
3  0  5 1|
        got  |2 10 11 4
7  9  8 6
3  0  5 1|
SKIP  Ex 7   out of scope: ⊖⍤1⊢mat and ⊖[1]mat: the rank operator ⍤ is rung 4 and the bracket axis is out
PASS  Ex 8   1 2 ¯1 0⊖mat   (⋄ for the line break)
        want |7 10 11 1
2  0  5 6
3  9  8 4|
        got  |7 10 11 1
2  0  5 6
3  9  8 4|
SKIP  Ex 9   out of scope: ↑ on 'Hello' 'world': Mix of a nested character vector
SKIP  Ex 10  out of scope: ↓m: Split, whose result is a nested vector
SKIP  Ex 11  out of scope: ↓⍉↑v on a vector of vectors: the Remix idiom over nested arrays
SKIP  Ex 12  out of scope: ↓⍉↑(1 2 3 4)(5 6)(7 8 9 10): nested arrays
SKIP  Ex 13  out of scope: ↑(1 2 3 4)(5 6)(7 8 9 10): Mix, with prototype padding, of a nested vector
SKIP  Ex 14  out of scope: 1↑ and 2↑ of a nested vector
SKIP  Ex 15  out of scope: 0⌷ and 0⊃ of a nested vector
SKIP  Ex 16  out of scope: ¯1↑ of a nested vector
SKIP  Ex 17  out of scope: 1↓ and ¯1↓ of a nested vector
PASS  Ex 18a  mat
        want |3  0  5 1
7  9  8 6
2 10 11 4|
        got  |3  0  5 1
7  9  8 6
2 10 11 4|
PASS  Ex 18b  1↑mat ⍝ Take first cell   (⋄ for the line break)
        want |3 0 5 1|
        got  |3 0 5 1|
PASS  Ex 18c  1↓mat ⍝ Drop first cell   (⋄ likewise)
        want |7  9  8 6
2 10 11 4|
        got  |7  9  8 6
2 10 11 4|
PASS  Ex 19  ⍳10
        want |0 1 2 3 4 5 6 7 8 9|
        got  |0 1 2 3 4 5 6 7 8 9|
SKIP  Ex 20  out of scope: ⍳3 4: an index matrix of coordinate vectors, i.e. nested
SKIP  Ex 21  out of scope: 'Hello world'⍳'o': characters
SKIP  Ex 22  out of scope: 'Hello world'⍳'od': characters
SKIP  Ex 23  out of scope: staff⍳'Bob' 'David' over a nested vector of character vectors
PASS  Ex 24  ⍸1 0 0 1 0 1 0 1 1 1 0 1 0 1
        want |0 3 5 7 8 9 11 13|
        got  |0 3 5 7 8 9 11 13|
PASS  Ex 25a  ⎕←nums←⍳20   (⎕ ← dropped)
        want |0 1 2 3 4 5 6 7 8 9 10 11 12 13 14 15 16 17 18 19|
        got  |0 1 2 3 4 5 6 7 8 9 10 11 12 13 14 15 16 17 18 19|
PASS  Ex 25b  nums[⍸0=5|nums] ⍝ Find all numbers divisible by 5
        want |0 5 10 15|
        got  |0 5 10 15|
PASS  Ex 26a  3 3⍴1 0 0 1 1 0 0 1 0
        want |1 0 0
1 1 0
0 1 0|
        got  |1 0 0
1 1 0
0 1 0|
SKIP  Ex 26b  out of scope: ⍸ of that matrix: the result is a vector of coordinate vectors, i.e. nested
PASS  Ex 27  ⍸0 1 0 2 0 3 0 4 0 5
        want |1 3 3 5 5 5 7 7 7 7 9 9 9 9 9|
        got  |1 3 3 5 5 5 7 7 7 7 9 9 9 9 9|
PASS  Ex 28  1 3 5 7 9⍸8 9 0  ⍝ bin 8, 9 and 0 over the intervals 1 3 5 7 9
        want |3 4 ¯1|
        got  |3 4 ¯1|
PASS  Ex 29  1 3 5 7 9⍸5      ⍝ on a boundary goes in the higher bin
        want |2|
        got  |2|
PASS  Ex 30  3 5 7 9⍸0 100
        want |¯1 3|
        got  |¯1 3|
SKIP  Ex 31  out of scope: 'AEIOU'⍸'HELLO WORLD': characters
SKIP  Ex 32  out of scope: ciders←'Kopparberg …' …: a nested vector of character vectors (abv is bound in Ex 34)
PASS  Ex 33  code←431 … ⋄ rate←0 … ⋄ limits←1.2 6.9 7.5 8.5   (the book prints nothing)
        want |1.2 6.9 7.5 8.5|
        got  |1.2 6.9 7.5 8.5|
PASS  Ex 34  ⎕←bin←1+limits⍸abv   (⎕ ← dropped; abv from Ex 32)
        want |2 1 3 0|
        got  |2 1 3 0|
SKIP  Ex 35  out of scope: ⍕('Name' 'Rate' 'Code')⍪⍉↑(ciders …): characters, nested arrays and ⍕
PASS  Ex 36a  ,simple ⍝ Ravel   (⋄ for the line break)
        want |3 0 5 1 7 9 8 6 2 10 11 4|
        got  |3 0 5 1 7 9 8 6 2 10 11 4|
PASS  Ex 36b  ∊simple ⍝ Enlist   (⋄ likewise)
        want |3 0 5 1 7 9 8 6 2 10 11 4|
        got  |3 0 5 1 7 9 8 6 2 10 11 4|
SKIP  Ex 37  out of scope: nested ← ↑((2 3)(4 5))((6 7)(8 9)) and its Ravel and Enlist: nested arrays
SKIP  Ex 38  out of scope: 1 2 3 4 , 5 6 'hello': a mixed nested vector
PASS  Ex 39a  (3 3⍴⍳9),(3 3⍴⍳9) ⍝ Catenate-last (new cols)
        want |0 1 2 0 1 2
3 4 5 3 4 5
6 7 8 6 7 8|
        got  |0 1 2 0 1 2
3 4 5 3 4 5
6 7 8 6 7 8|
PASS  Ex 39b  (3 3⍴⍳9)⍪(3 3⍴⍳9) ⍝ Catenate-first (new rows)
        want |0 1 2
3 4 5
6 7 8
0 1 2
3 4 5
6 7 8|
        got  |0 1 2
3 4 5
6 7 8
0 1 2
3 4 5
6 7 8|
SKIP  Ex 40  out of scope: 'l'∊'Hello world': characters
SKIP  Ex 41  out of scope: 'lo w'∊'Hello world': characters
SKIP  Ex 42  out of scope: 'lo'(⍸⍷)'Hello world': characters, ⍷ and a function train (rung 7)
PASS  Ex 43a  ⎕ ← v ← 6 9 5 2 0 9   (⎕ ← dropped)
        want |6 9 5 2 0 9|
        got  |6 9 5 2 0 9|
PASS  Ex 43b  v↑⍨1     ⍝ Take 1 but commute arguments ⍨
        want |6|
        got  |6|
SKIP  Ex 44  out of scope: {⍵⊂⍨1,2≠/⍵} and {(1,2≠/⍵)⊂⍵} shown as values: dfns are rung 4
PASS  Ex 45  =⍨1 2 3 4 5
        want |1 1 1 1 1|
        got  |1 1 1 1 1|
PASS  Ex 46  1 2 3 4 5 = 1 2 3 4 5
        want |1 1 1 1 1|
        got  |1 1 1 1 1|
SKIP  Ex 47  out of scope: tally ← +/=⍨: a tacit definition, rung 7
SKIP  Ex 48  out of scope: tally 1 2 3 4 5: needs the tacit tally of Ex 47
SKIP  Ex 49  out of scope: 1⍨ 2 and 1⍨¨ 2 3 4 5: an ARRAY as the operand of ⍨, and the each operator ¨
SKIP  Ex 50  out of scope: 5⍨¨m: the same, over a matrix
SKIP  Ex 51  out of scope: 5⍴⍨⍴m: the shape is a RUN-TIME vector, and the rank of a reshape is read off the source text (gap row 47)
PASS  Ex 52a  ∪1 1 2 2 3 3 4 4 5 5 6 6
        want |1 2 3 4 5 6|
        got  |1 2 3 4 5 6|
SKIP  Ex 52b  out of scope: ∪'hello world': characters
PASS  Ex 53  1 1 2 3 4 ∪ 1 2 5 6
        want |1 1 2 3 4 5 6|
        got  |1 1 2 3 4 5 6|
PASS  Ex 54  1 1 2 3 4 ∩ 1 2 5 6
        want |1 1 2|
        got  |1 1 2|
PASS  Ex 55  1 1 2 3 4 5 ~ 1 3 5
        want |2 4|
        got  |2 4|
PASS  Ex 56  ~1 0 1 1 0 0 1
        want |0 1 0 0 1 1 0|
        got  |0 1 0 0 1 1 0|
PASS  Ex 57a  ⎕ ← data ← 110 109 204 …   (⎕ ← dropped)
        want |110 109 204 40 105 201 2 208 160 143 213 31 21 317 132 242 164 176 67 18 75 89 18 7 20|
        got  |110 109 204 40 105 201 2 208 160 143 213 31 21 317 132 242 164 176 67 18 75 89 18 7 20|
PASS  Ex 57b  data[⍋data]
        want |2 7 18 18 20 21 31 40 67 75 89 105 109 110 132 143 160 164 176 201 204 208 213 242 317|
        got  |2 7 18 18 20 21 31 40 67 75 89 105 109 110 132 143 160 164 176 201 204 208 213 242 317|
PASS  Ex 58  ⍋data
        want |6 23 19 22 24 12 11 3 18 20 21 4 1 0 14 9 8 16 17 5 2 7 10 15 13|
        got  |6 23 19 22 24 12 11 3 18 20 21 4 1 0 14 9 8 16 17 5 2 7 10 15 13|
PASS  Ex 59a  ⎕ ← minidx ← ⊃⍋data ⍝ Index of smallest value
        want |6|
        got  |6|
PASS  Ex 59b  data[minidx]
        want |2|
        got  |2|

checks passed: 43 of 43, over 29 of the chapter's 59 examples

=== beyond the chapter: the microGPT overloads rung 3 adds ===

PASS  X1   q ← 2 3⍴⍳6 ⋄ 2×q            (a scalar extended over a matrix)
        want |0 2  4
6 8 10|
        got  |0 2  4
6 8 10|
PASS  X2   q×q                         (elementwise ×, which the library has not)
        want |0  1  4
9 16 25|
        got  |0  1  4
9 16 25|
PASS  X3   q+1
        want |1 2 3
4 5 6|
        got  |1 2 3
4 5 6|
PASS  X4   q-1
        want |¯1 0 1
 2 3 4|
        got  |¯1 0 1
 2 3 4|
PASS  X5   q+q                         (the library's own Matrix.+)
        want |0 2  4
6 8 10|
        got  |0 2  4
6 8 10|
PASS  X6   q*2
        want |0  1  4
9 16 25|
        got  |0  1  4
9 16 25|
PASS  X7   q÷2
        want |  0 0.5   1
1.5   2 2.5|
        got  |  0 0.5   1
1.5   2 2.5|
PASS  X8   q>2                         (a comparison on a matrix)
        want |0 0 0
1 1 1|
        got  |0 0 0
1 1 1|
PASS  X9   q=q
        want |1 1 1
1 1 1|
        got  |1 1 1
1 1 1|
PASS  X10  (q>0)∧(q<4)
        want |0 1 1
1 0 0|
        got  |0 1 1
1 0 0|
PASS  X11  q≠1 ⋄ q≥4 ⋄ q≤1             (the rest of the six, as one strand of results)
        want |1 0 1 1 1 1 0 0 0 0 1 1 1 1 0 0 0 0|
        got  |1 0 1 1 1 1 0 0 0 0 1 1 1 1 0 0 0 0|
PASS  X12  *0 1 2                      (monadic *, APL's exp)
        want |0 1 2|
        got  |0 1 2|
PASS  X13  2⍟8                         (dyadic ⍟, log to a base)
        want |3|
        got  |3|
PASS  X14  2⍟2 4 8
        want |1 2 3|
        got  |1 2 3|
PASS  X15  ⍟*q                         (⍟ over a matrix)
        want |0 1 2
3 4 5|
        got  |0 1 2
3 4 5|
PASS  X16  a ← 2 ⋄ b ← 3 ⋄ (a,b)⍴⍳6    (a reshape whose shape is an expression)
        want |0 1 2
3 4 5|
        got  |0 1 2
3 4 5|
PASS  X17  2 2↑q                       (take on two axes)
        want |0 1
3 4|
        got  |0 1
3 4|
PASS  X18  ¯2 ¯2↑q                     (… from the back)
        want |1 2
4 5|
        got  |1 2
4 5|
PASS  X19  1 2↓q                       (drop on two axes)
        want |5|
        got  |5|
PASS  X20  ¯1↑q
        want |3 4 5|
        got  |3 4 5|
PASS  X21  1 2 3 4↑⍨2                  (commute ⍨ on a named function)
        want |1 2|
        got  |1 2|
PASS  X22  5⍴⍨3                        (commute ⍨ on ⍴, with a literal shape)
        want |5 5 5|
        got  |5 5 5|
PASS  X23  q⊖⍨1                        (commute ⍨ on an operator)
        want |3 4 5
0 1 2|
        got  |3 4 5
0 1 2|
PASS  X24  ×⍨1 2 3                     (the monadic form of ⍨)
        want |1 4 9|
        got  |1 4 9|
PASS  X25  -⍨1 2 3
        want |0 0 0|
        got  |0 0 0|
PASS  X26  ⌊⌿q ⋄ ⌈⌿q ⋄ ×⌿q ⋄ ⌊/q       (the four reductions rung 1 lacked)
        want |0 1 2 3 4 5 0 4 10 0 3|
        got  |0 1 2 3 4 5 0 4 10 0 3|
PASS  X27  5|¯13 ⋄ ¯5|13               (residue takes the sign of the left argument)
        want |2 ¯2|
        got  |2 ¯2|
PASS  X28  ⍴q,q                        (catenate two matrices, last axis)
        want |2 6|
        got  |2 6|
PASS  X29  ⍴q⍪q                        (… and first axis)
        want |4 3|
        got  |4 3|
PASS  X30  ⍪1 2 3                      (monadic ⍪, Table)
        want |1
2
3|
        got  |1
2
3|
PASS  X31  (2 3⍴⍳6)⍪(2 2⍴⍳4)           (APL's LENGTH ERROR)
        want |CallerViolation|
        got  |CallerViolation|

beyond-chapter checks passed: 31 of 31

=== what rung 3 does not carry over from APL ===

SKIP  2<3  out of scope: a comparison of two SCALARS stays the host's Boolean, not APL's 0/1 (gap row 41): only the array shapes are redeclared
SKIP  monadic ↑ ↓  out of scope: Mix and Split make nested arrays; the dyadic take and drop are here, the monadic ones are not
SKIP  ⍸ of a matrix  out of scope: the result is a vector of coordinate vectors
SKIP  5⍴⍨⍴m  out of scope: a reshape whose shape is computed at run time: the rank is read off the source text (gap row 47)
