Rats! Parser Generator, v. 1.14.1, (C) 2004-2008 Robert Grimm
Processing /tmp/fortress4093585708333597524rats/com/sun/fortress/parser/templateparser/TemplateParser.rats ...
Note: /tmp/fortress4093585708333597524rats/com/sun/fortress/parser/templateparser/TemplateParser75.java uses unchecked or unsafe operations.
Note: Recompile with -Xlint:unchecked for details.

Rats! Parser Generator, v. 1.14.1, (C) 2004-2008 Robert Grimm
Processing /tmp/fortress16152483107426246479rats/com/sun/fortress/parser/templateparser/TemplateParser.rats ...
Note: /tmp/fortress16152483107426246479rats/com/sun/fortress/parser/templateparser/TemplateParser113.java uses unchecked or unsafe operations.
Note: Recompile with -Xlint:unchecked for details.

(1) | as a terminal, backtick-escaped
  5`|13 = 3
(2) < and > as terminals
  2<3  (the library's Boolean <) = true
  1 2 3<3 2 1 = 1 0 0
  1 2 3>3 2 1 = 0 0 1
(3) the rest of the terminals
  1 2 3≠3 2 1 = 1 0 1
  1 0 1∧1 1 0 = 1 0 0
  1 0 1∨1 1 0 = 1 1 1
  3∊1 2 3 = 1
  1 1 2 3 4∪1 2 5 6 = 1 1 2 3 4 5 6
  1 1 2 3 4∩1 2 5 6 = 1 1 2
  1 1 2 3 4 5~1 3 5 = 2 4
  2↑1 2 3 4 = 1 2
  ¯2↑1 2 3 4 = 3 4
  6↑1 2 3 4  (overtake pads) = 1 2 3 4 0 0
  1↓1 2 3 4 = 2 3 4
  2⍟8 = 3
  1 2⍪3 4 = 1 2 3 4
  ⍋3 1 2 = 1 2 0
  ⍒3 1 2 = 0 2 1
  ~1 0 1 = 0 1 0
  `*1 (monadic exp) = 2.718281828459045
(4) commute ⍨ through a nonterminal of host lambdas
  1 2 3×⍨2 = 2 4 6
  1 2 3 4↑⍨2  (take, commuted) = 1 2
  =⍨1 2 3 = 1 1 1
  1 2 3<⍨3 2 1  (3 2 1<1 2 3) = 0 0 1
  1 2,⍨3 4 = 3 4 1 2
(5) (a,b)⍴x
  (2,3)⍴5 = TA gaps: 5 5 5
5 5 5
  1 2,3 4  (catenate is now in the grammar too) = 1 2 3 4
