take and drop
  2↑1 2 3 4 = 1 2
  ¯2↑1 2 3 4 = 3 4
  6↑1 2 3 4 = 1 2 3 4 0 0
  1↑book (a one-row MATRIX) = 3 0 5 1
  1↓book = 7  9  8 6
2 10 11 4
  ¯1↑book = 2 10 11 4
  2 2↑book = 3 0
7 9
  2 2↓book = 11 4
  ¯2 ¯2↑book =  8 6
11 4
  1↑5 (a scalar) = 5
rotate
  1⌽1 2 3 4 = 2 3 4 1
  ¯1⌽1 2 3 4 = 4 1 2 3
  1⌽book =  0  5 1 3
 9  8 6 7
10 11 4 2
  1⊖book = 7  9  8 6
2 10 11 4
3  0  5 1
  1 2 ¯1 0⊖book (Ex 8) = 7 10 11 1
2  0  5 6
3  9  8 4
⍳ index of, ⍸ interval index, ⍸ where with counts
  1 2 3 4⍳3 = 2
  1 2 3 4⍳9 (not found) = 4
  1 3 5 7 9⍸8 9 0 = 3 4 ¯1
  ⍸0 1 0 2 0 3 = 1 3 3 5 5 5
| residue and magnitude
  5|13 = 3
  ¯5|13 = ¯2
  5|¯13 = 2
  0|13 = 13
  |¯3 = 3
set primitives
  3∊1 2 3 4 = 1
  ∊book (enlist = ravel) = 3 0 5 1 7 9 8 6 2 10 11 4
  1 1 2 3 4∪1 2 5 6 = 1 1 2 3 4 5 6
  ∪1 1 2 2 3 = 1 2 3
  1 1 2 3 4∩1 2 5 6 = 1 1 2
  1 1 2 3 4 5~1 3 5 = 2 4
  ~1 0 1 = 0 1 0
catenate and table
  book,book = 3  0  5 1 3  0  5 1
7  9  8 6 7  9  8 6
2 10 11 4 2 10 11 4
  book⍪book (first two rows only shown by ⍴) = 6 4
  ⍪1 2 3 = 1
2
3
comparisons and connectives over matrices
  book>5 = 0 0 0 0
1 1 1 1
0 1 1 0
  book=book = 1 1 1 1
1 1 1 1
1 1 1 1
  (book>5)∧(book<9) = 0 0 0 0
1 0 1 1
0 0 0 0
  2⌈1 2 3 4 = 2 2 3 4
  mat⌈matb = 0 1  2  3
4 5  6  7
8 9 10 11
arithmetic over matrices
  2×book =  6  0 10  2
14 18 16 12
 4 20 22  8
  book×book =  9   0  25  1
49  81  64 36
 4 100 121 16
  book+1 = 4  1  6 2
8 10  9 7
3 11 12 5
  book-1 = 2 ¯1  4 0
6  8  7 5
1  9 10 3
  book*2 =  9   0  25  1
49  81  64 36
 4 100 121 16
  mat+mat (the library's own) =  0  2  4  6
 8 10 12 14
16 18 20 22
exp, log, grades, the new reductions
  *0 1 = 1 2.718281828459045
  ⍟1 (log) = 0
  2⍟8 = 3
  ⍋3 1 2 = 1 2 0
  ⍋2 1 2 1 (stable) = 1 3 0 2
  ⍒3 1 2 = 0 2 1
  ⌊/book = 0 6 2
  ⌊⌿book = 2 0 5 1
  ⌈⌿book = 7 10 11 6
  ×⌿book = 42 0 440 24
  book⍪(2 2↑book)  (a LENGTH ERROR) = CallerViolation
