. link compiler_tests/IntLiteralWrapRepairR2  OK (time = 3812ms)
. run compiler_tests/IntLiteralWrapRepairR2 (271ms) FAIL:  ZZ from the 32-bit numeral: -1 should be 4294967295
FortressException: class fortress.CompilerLibrary$FailCalled with string FAIL:  ZZ from the 32-bit numeral: -1 should be 4294967295
	at fortress.CompilerLibrary.fail(/home/user/fortress-r2/Library/CompilerLibrary.fss:75)
	at fortress.CompilerLibrary.assert(/home/user/fortress-r2/Library/CompilerLibrary.fss:87)
	at IntLiteralWrapRepairR2.run(/home/user/fortress-r2/ProjectFortress/compiler_tests/IntLiteralWrapRepairR2.fss:47)
	at IntLiteralWrapRepairR2.compute(/home/user/fortress-r2/ProjectFortress/compiler_tests/IntLiteralWrapRepairR2.fss)
	at java.base/java.util.concurrent.RecursiveAction.exec(RecursiveAction.java:194)
	at java.base/java.util.concurrent.ForkJoinTask.doExec(ForkJoinTask.java:511)
	at java.base/java.util.concurrent.ForkJoinPool$WorkQueue.topLevelExec(ForkJoinPool.java:1450)
	at java.base/java.util.concurrent.ForkJoinPool.runWorker(ForkJoinPool.java:2019)
	at java.base/java.util.concurrent.ForkJoinWorkerThread.run(ForkJoinWorkerThread.java:187)
Failed to satisfy default check run_out_contains=PASS
F
Time: 4.09
There was 1 failure:
1) compiler_tests/IntLiteralWrapRepairR2(com.sun.fortress.tests.unit_tests.FileTests$TestTest)junit.framework.AssertionFailedError: TestTest compiler_tests/IntLiteralWrapRepairR2
	at com.sun.fortress.tests.unit_tests.FileTests$TestTest.testFile(FileTests.java:575)
	at java.base/jdk.internal.reflect.DirectMethodHandleAccessor.invoke(DirectMethodHandleAccessor.java:104)
	at com.sun.fortress.tests.unit_tests.FileTests$2.run(FileTests.java:898)
	at com.sun.fortress.Shell.junit(Shell.java:1086)
	at com.sun.fortress.Shell.subMain(Shell.java:409)
	at com.sun.fortress.Shell.main(Shell.java:362)
	at com.sun.fortress.Shell.main(Shell.java:349)

FAILURES!!!
Tests run: 2,  Failures: 1,  Errors: 0

exit 0
