$ rm -rf default_repository/caches/{analyzed,*parsed,syntax,presyntax}_cache   # keep the bytecode chain
$ cd explorations/perf-probes/grammar-compile/shim && $FORTRESS_HOME/bin/fortress compile TwiceC.fss
/home/user/fortress/Library/List.fsi:55:34-39:
    HasRank is undefined.
/home/user/fortress/Library/List.fsi:67:36-52:
    LexicographicOrder is undefined.
/home/user/fortress/Library/List.fsi:68:28-33:
    HasRank is undefined.
/home/user/fortress/Library/List.fsi:74:17-20:
    Maybe is undefined.
/home/user/fortress/Library/List.fsi:75:18-21:
    Maybe is undefined.
/home/user/fortress/Library/List.fsi:76:25-28:
    Maybe is undefined.
/home/user/fortress/Library/List.fsi:77:26-29:
    Maybe is undefined.
/home/user/fortress/Library/List.fsi:110:19-30:
    Comprehension is undefined.
/home/user/fortress/Library/List.fsi:113:24-34:
    BigReduction is undefined.
/home/user/fortress/Library/List.fsi:131:28-41:
    MonoidReduction is undefined.
File TwiceC.fss has 10 errors.
### rc=255  1s
