$ $FORTRESS_HOME/bin/fortress compile a02c_twice.fss
Rats! Parser Generator, v. 1.14.1, (C) 2004-2008 Robert Grimm
Processing /tmp/fortress3570192097713800946rats/com/sun/fortress/parser/templateparser/TemplateParser.rats ...
Note: /tmp/fortress3570192097713800946rats/com/sun/fortress/parser/templateparser/TemplateParser2.java uses unchecked or unsafe operations.
Note: Recompile with -Xlint:unchecked for details.

/home/user/fortress/explorations/perf-probes/grammar-compile/shim/TwiceC.fsi:1:3-27:
    Argument to function must be parenthesized.
File a02c_twice.fss has 1 error.
### rc=255  4s

$ $FORTRESS_HOME/bin/fortress run a02c_twice
Could not load a02c_twice
java.lang.ClassNotFoundException: IO Exception in reading class file: 
	at com.sun.fortress.runtimeSystem.InstantiatingClassloader.loadClass(InstantiatingClassloader.java:347)
	at java.base/java.lang.ClassLoader.loadClass(ClassLoader.java:490)
	at java.base/java.lang.Class.forName0(Native Method)
	at java.base/java.lang.Class.forName(Class.java:547)
	at com.sun.fortress.runtimeSystem.MainWrapper.main(MainWrapper.java:64)
Caused by: java.io.IOException: Resource not found : a02c_twice.class
	at com.sun.fortress.runtimeSystem.InstantiatingClassloader.readResource(InstantiatingClassloader.java:152)
	at com.sun.fortress.runtimeSystem.InstantiatingClassloader.readResource(InstantiatingClassloader.java:139)
	at com.sun.fortress.runtimeSystem.InstantiatingClassloader.getClass(InstantiatingClassloader.java:171)
	at com.sun.fortress.runtimeSystem.InstantiatingClassloader.loadClass(InstantiatingClassloader.java:294)
	... 4 more
### rc=1
