$ $FORTRESS_HOME/bin/fortress compile MatrixC.fss
### rc=0

$ $FORTRESS_HOME/bin/fortress compile m01.fss   # rule m1
/home/user/fortress/explorations/perf-probes/grammar-compile/shim/MatrixC.fsi:1:1:
    Argument to function must be parenthesized.
File m01.fss has 1 error.
### rc=255
$ $FORTRESS_HOME/bin/fortress run m01
Could not load m01
java.lang.ClassNotFoundException: IO Exception in reading class file: 
	at com.sun.fortress.runtimeSystem.InstantiatingClassloader.loadClass(InstantiatingClassloader.java:347)
	at java.base/java.lang.ClassLoader.loadClass(ClassLoader.java:490)
	at java.base/java.lang.Class.forName0(Native Method)
### rc=1

$ $FORTRESS_HOME/bin/fortress compile m02.fss   # rule m2
/home/user/fortress/explorations/perf-probes/grammar-compile/shim/m02.fss:4:24:
    Argument to function must be parenthesized.
File m02.fss has 1 error.
### rc=255
$ $FORTRESS_HOME/bin/fortress run m02
Could not load m02
java.lang.ClassNotFoundException: IO Exception in reading class file: 
	at com.sun.fortress.runtimeSystem.InstantiatingClassloader.loadClass(InstantiatingClassloader.java:347)
	at java.base/java.lang.ClassLoader.loadClass(ClassLoader.java:490)
	at java.base/java.lang.Class.forName0(Native Method)
### rc=1

$ $FORTRESS_HOME/bin/fortress compile m03.fss   # rule m3
### rc=0
$ $FORTRESS_HOME/bin/fortress run m03
42
### rc=0

$ $FORTRESS_HOME/bin/fortress compile m04.fss   # rule m4
/home/user/fortress/explorations/perf-probes/grammar-compile/shim/MatrixC.fsi:1:3-27:
    Argument to function must be parenthesized.
File m04.fss has 1 error.
### rc=255
$ $FORTRESS_HOME/bin/fortress run m04
Could not load m04
java.lang.ClassNotFoundException: IO Exception in reading class file: 
	at com.sun.fortress.runtimeSystem.InstantiatingClassloader.loadClass(InstantiatingClassloader.java:347)
	at java.base/java.lang.ClassLoader.loadClass(ClassLoader.java:490)
	at java.base/java.lang.Class.forName0(Native Method)
### rc=1
