shape of a scalar (blank) : []
zilde matches that        : 1
a vector                  : 8 6 2 9
its shape                 : 4
its tally-of-shape (rank) : 1
3 4 reshape 1 + iota 12   :
1  2  3  4
5  6  7  8
9 10 11 12
its shape                 : 3 4
shape of shape            : 2
rank                      : 2
iota 8 reshaped 2 4       :
0 1 2 3
4 5 6 7
1 4 reshape v             : 8 6 2 9
v match (1 4 reshape v)   : 0
the 4x4 of the chapter    :
1 2 3 4
2 5 8 6
8 6 2 3
8 7 6 1
plus-reduce first axis    : 19 20 19 14
first of that             : 19
plus-reduce last axis     : 10 21 19 22
minus-reduce 1 2 3        : 2
transpose of 3x4          :
1 5  9
2 6 10
3 7 11
4 8 12
reverse last axis of 3x4  :
 4  3  2 1
 8  7  6 5
12 11 10 9
reverse first axis of 3x4 :
9 10 11 12
5  6  7  8
1  2  3  4
2 divide 4 and power      : 0.5  1024
non-integral display      : 0.3333333333333333
