Rats! Parser Generator, v. 1.14.1, (C) 2004-2008 Robert Grimm
Processing /tmp/fortress10527140660526391478rats/com/sun/fortress/parser/templateparser/TemplateParser.rats ...
Note: /tmp/fortress10527140660526391478rats/com/sun/fortress/parser/templateparser/TemplateParser3.java uses unchecked or unsafe operations.
Note: Recompile with -Xlint:unchecked for details.

Exception in thread "main" com.sun.fortress.exceptions.MacroError: Could not parse 'do  <!@#$%^&*<Id t >*&^%$#@!>  := ( <!@#$%^&*<Expr r >*&^%$#@!> ) end '
	at com.sun.fortress.syntax_abstractions.phases.TemplateParser.parseTemplate(TemplateParser.java:116)
	at com.sun.fortress.syntax_abstractions.phases.TemplateParser$1$1.forUnparsedTransformer(TemplateParser.java:53)
	at com.sun.fortress.syntax_abstractions.phases.TemplateParser$1$1.forUnparsedTransformer(TemplateParser.java:50)
	at com.sun.fortress.nodes.UnparsedTransformer.accept(UnparsedTransformer.java:51)
	at com.sun.fortress.nodes.NodeUpdateVisitor.recur(NodeUpdateVisitor.java:11045)
	at com.sun.fortress.nodes.NodeUpdateVisitor.forNamedTransformerDef(NodeUpdateVisitor.java:5748)
	at com.sun.fortress.nodes.NodeUpdateVisitor.forNamedTransformerDef(NodeUpdateVisitor.java:29)
	at com.sun.fortress.nodes.NamedTransformerDef.accept(NamedTransformerDef.java:57)
	at com.sun.fortress.nodes.NodeUpdateVisitor.recur(NodeUpdateVisitor.java:11045)
	at com.sun.fortress.nodes.NodeUpdateVisitor.forSyntaxDef(NodeUpdateVisitor.java:5725)
	at com.sun.fortress.nodes.NodeUpdateVisitor.forSyntaxDef(NodeUpdateVisitor.java:29)
	at com.sun.fortress.nodes.SyntaxDef.accept(SyntaxDef.java:51)
	at com.sun.fortress.nodes.NodeUpdateVisitor.recur(NodeUpdateVisitor.java:11045)
	at com.sun.fortress.nodes.NodeUpdateVisitor.recurOnListOfSyntaxDecl(NodeUpdateVisitor.java:11302)
	at com.sun.fortress.nodes.NodeUpdateVisitor.forNonterminalExtensionDef(NodeUpdateVisitor.java:4625)
	at com.sun.fortress.nodes.NodeUpdateVisitor.forNonterminalExtensionDef(NodeUpdateVisitor.java:29)
	at com.sun.fortress.nodes.NonterminalExtensionDef.accept(NonterminalExtensionDef.java:39)
	at com.sun.fortress.nodes.NodeUpdateVisitor.recur(NodeUpdateVisitor.java:11045)
	at com.sun.fortress.nodes.NodeUpdateVisitor.recurOnListOfGrammarMemberDecl(NodeUpdateVisitor.java:11280)
	at com.sun.fortress.nodes.NodeUpdateVisitor.forGrammarDecl(NodeUpdateVisitor.java:4606)
	at com.sun.fortress.nodes.NodeUpdateVisitor.forGrammarDecl(NodeUpdateVisitor.java:29)
	at com.sun.fortress.nodes.GrammarDecl.accept(GrammarDecl.java:66)
	at com.sun.fortress.syntax_abstractions.phases.TemplateParser$1.forGrammarDecl(TemplateParser.java:50)
	at com.sun.fortress.syntax_abstractions.phases.TemplateParser$1.forGrammarDecl(TemplateParser.java:45)
	at com.sun.fortress.nodes.GrammarDecl.accept(GrammarDecl.java:66)
	at com.sun.fortress.nodes.NodeUpdateVisitor.recur(NodeUpdateVisitor.java:11045)
	at com.sun.fortress.nodes.NodeUpdateVisitor.recurOnListOfDecl(NodeUpdateVisitor.java:11063)
	at com.sun.fortress.nodes.NodeUpdateVisitor.forApi(NodeUpdateVisitor.java:4454)
	at com.sun.fortress.nodes.NodeUpdateVisitor.forApi(NodeUpdateVisitor.java:29)
	at com.sun.fortress.nodes.Api.accept(Api.java:39)
	at com.sun.fortress.syntax_abstractions.phases.TemplateParser.parseTemplates(TemplateParser.java:45)
	at com.sun.fortress.syntax_abstractions.phases.GrammarRewriter.parseTemplates(GrammarRewriter.java:123)
	at com.sun.fortress.syntax_abstractions.phases.GrammarRewriter.rewriteApis(GrammarRewriter.java:67)
	at com.sun.fortress.compiler.phases.GrammarPhase.execute(GrammarPhase.java:39)
	at com.sun.fortress.compiler.phases.Phase.run(Phase.java:52)
	at com.sun.fortress.compiler.phases.Phase.run(Phase.java:51)
	at com.sun.fortress.compiler.phases.Phase.run(Phase.java:51)
	at com.sun.fortress.compiler.phases.Phase.run(Phase.java:51)
	at com.sun.fortress.compiler.phases.Phase.run(Phase.java:51)
	at com.sun.fortress.Shell.analyze(Shell.java:1265)
	at com.sun.fortress.repository.GraphRepository.parseApis(GraphRepository.java:735)
	at com.sun.fortress.repository.GraphRepository.refreshGraph(GraphRepository.java:492)
	at com.sun.fortress.repository.GraphRepository.getComponent(GraphRepository.java:202)
	at com.sun.fortress.repository.GraphRepository.getLinkedComponent(GraphRepository.java:886)
	at com.sun.fortress.Shell.eval(Shell.java:620)
	at com.sun.fortress.Shell.walk(Shell.java:1125)
	at com.sun.fortress.Shell.walk(Shell.java:1116)
	at com.sun.fortress.Shell.subMain(Shell.java:483)
	at com.sun.fortress.Shell.main(Shell.java:362)
	at com.sun.fortress.Shell.main(Shell.java:349)
Caused by: com.sun.fortress.exceptions.MacroError: java.lang.reflect.InvocationTargetException
	at com.sun.fortress.syntax_abstractions.phases.TemplateParser.invokeMethod(TemplateParser.java:137)
	at com.sun.fortress.syntax_abstractions.phases.TemplateParser.parseTemplate(TemplateParser.java:106)
	... 49 more
Caused by: java.lang.reflect.InvocationTargetException
	at java.base/jdk.internal.reflect.DirectMethodHandleAccessor.invoke(DirectMethodHandleAccessor.java:119)
	at java.base/java.lang.reflect.Method.invoke(Method.java:565)
	at com.sun.fortress.syntax_abstractions.phases.TemplateParser.invokeMethod(TemplateParser.java:131)
	... 50 more
Caused by: java.lang.IllegalArgumentException: Parameter 'text' to the IdOrOp constructor was null
	at com.sun.fortress.nodes.IdOrOp.<init>(IdOrOp.java:33)
	at com.sun.fortress.nodes.Id.<init>(Id.java:30)
	at com.sun.fortress.nodes_util.NodeFactory.makeId(NodeFactory.java:1406)
	at com.sun.fortress.nodes_util.NodeFactory.makeId(NodeFactory.java:1456)
	at com.sun.fortress.parser.templateparser.TemplateParser3.pQualifiedName$1(TemplateParser3.java)
	at com.sun.fortress.parser.templateparser.TemplateParser3.pQualifiedName(TemplateParser3.java)
	at com.sun.fortress.parser.templateparser.TemplateParser3.pNoNewlineExpr$AssignLeft$1(TemplateParser3.java:45607)
	at com.sun.fortress.parser.templateparser.TemplateParser3.pNoNewlineExpr$AssignLeft(TemplateParser3.java:45568)
	at com.sun.fortress.parser.templateparser.TemplateParser3.pNoNewlineExpr$AssignLefts$1(TemplateParser3.java:45472)
	at com.sun.fortress.parser.templateparser.TemplateParser3.pNoNewlineExpr$AssignLefts(TemplateParser3.java:45420)
	at com.sun.fortress.parser.templateparser.TemplateParser3.pNoNewlineAssignExpr(TemplateParser3.java:50071)
	at com.sun.fortress.parser.templateparser.TemplateParser3.pNoNewlineExpr$ExprFront(TemplateParser3.java:44832)
	at com.sun.fortress.parser.templateparser.TemplateParser3.pNoNewlineExpr$Expr$1(TemplateParser3.java:44740)
	at com.sun.fortress.parser.templateparser.TemplateParser3.pNoNewlineExpr$Expr(TemplateParser3.java:44718)
	at com.sun.fortress.parser.templateparser.TemplateParser3.pNoNewlineExpr$1(TemplateParser3.java:50043)
	at com.sun.fortress.parser.templateparser.TemplateParser3.pNoNewlineExpr(TemplateParser3.java:50031)
	at com.sun.fortress.parser.templateparser.TemplateParser3.pBlockElem(TemplateParser3.java)
	at com.sun.fortress.parser.templateparser.TemplateParser3.pBlockElemCollection$1(TemplateParser3.java)
	at com.sun.fortress.parser.templateparser.TemplateParser3.pBlockElemCollection(TemplateParser3.java)
	at com.sun.fortress.parser.templateparser.TemplateParser3.pBlockElems$1(TemplateParser3.java)
	at com.sun.fortress.parser.templateparser.TemplateParser3.pBlockElems(TemplateParser3.java)
	at com.sun.fortress.parser.templateparser.TemplateParser3.pDoFront$1(TemplateParser3.java:42030)
	at com.sun.fortress.parser.templateparser.TemplateParser3.pDoFront(TemplateParser3.java:41958)
	at com.sun.fortress.parser.templateparser.TemplateParser3.pDo$$Star1$1(TemplateParser3.java:41907)
	at com.sun.fortress.parser.templateparser.TemplateParser3.pDo$$Star1(TemplateParser3.java:41895)
	at com.sun.fortress.parser.templateparser.TemplateParser3.pDo$1(TemplateParser3.java:41850)
	at com.sun.fortress.parser.templateparser.TemplateParser3.pDo(TemplateParser3.java:41838)
	at com.sun.fortress.parser.templateparser.TemplateParser3.pDelimitedExpr$1(TemplateParser3.java:40418)
	at com.sun.fortress.parser.templateparser.TemplateParser3.pDelimitedExpr(TemplateParser3.java:40320)
	at com.sun.fortress.parser.templateparser.TemplateParser3.pExpression$ExprFront(TemplateParser3.java:35200)
	at com.sun.fortress.parser.templateparser.TemplateParser3.pExpression$Expr$1(TemplateParser3.java:35090)
	at com.sun.fortress.parser.templateparser.TemplateParser3.pExpression$Expr(TemplateParser3.java:35068)
	at java.base/jdk.internal.reflect.DirectMethodHandleAccessor.invoke(DirectMethodHandleAccessor.java:104)
	... 52 more
