v                 :  9 2 6 3 5 8 7 4 0 1
v[5]              :  8
v[5 2]            :  8 6
v[3] ← ¯1         :  9 2 6 ¯1 5 8 7 4 0 1

m                 :  4 1 6
5 2 9
7 8 3
m[1;1]            :  2
m[1;]             :  5 2 9
m[;1]             :  1 2 8
m[⊂1 1]           :  2
m[(0 0)(1 1)(2 2)]:  4 2 3
1 1⌷m             :  2
1⌷m               :  5 2 9
(⊂1 1)⌷m          :  5 2 9
5 2 9
(⊂1 2)⌷m          :  5 2 9
7 8 3

select/data       :  2 4 5 7 8
replicate/data    :  0 1 1 1 4 4 4 4 4 6 6 6 6 6 6 6 9
select⌿m          :  5 2 9
select/m          :  1
2
8
⍸sel              :  2 4 5 7 8
(select/data) ← ¯1:  0 1 ¯1 3 ¯1 ¯1 6 ¯1 ¯1 9
(0 0⍉m) ← ¯1 ¯1 ¯1:  ¯1  1  6
 5 ¯1  9
 7  8 ¯1

ws: set v         :  9 2 6 3 5 8 7 4 0 1
ws: get v         :  9 2 6 3 5 8 7 4 0 1
ws: v[3] ← ¯1     :  9 2 6 ¯1 5 8 7 4 0 1
ws: get v         :  9 2 6 ¯1 5 8 7 4 0 1
