Rats! Parser Generator, v. 1.14.1, (C) 2004-2008 Robert Grimm
Processing /tmp/fortress12728312158373023857rats/com/sun/fortress/parser/templateparser/TemplateParser.rats ...
Note: /tmp/fortress12728312158373023857rats/com/sun/fortress/parser/templateparser/TemplateParser70.java uses or overrides a deprecated API.
Note: Recompile with -Xlint:deprecation for details.
Note: /tmp/fortress12728312158373023857rats/com/sun/fortress/parser/templateparser/TemplateParser70.java uses unchecked or unsafe operations.
Note: Recompile with -Xlint:unchecked for details.

v ← 9 2 6 3 5 8 7 4 0 1 :  9 2 6 3 5 8 7 4 0 1
v[5]                    :  8
v[5 2]                  :  8 6
v[3] ← ¯1               :  9 2 6 ¯1 5 8 7 4 0 1
v                       :  9 2 6 ¯1 5 8 7 4 0 1
m ← 3 3⍴4 1 6 5 2 9 7 8 3:  4 1 6
5 2 9
7 8 3
m[1;1]                  :  2
m[1;]                   :  5 2 9
m[;1]                   :  1 2 8
m[⊂1 1]                 :  2
m[(0 0)(1 1)(2 2)]      :  4 2 3
1 1⌷m                   :  2
(⊂1 1)⌷m                :  5 2 9
5 2 9
⍸0 0 1 0 1              :  2 4
data ← 0 1 2 3 4 5 6 7 8 9:  0 1 2 3 4 5 6 7 8 9
select ← 0 0 1 0 1 1 0 1 1 0:  0 0 1 0 1 1 0 1 1 0
select/data             :  2 4 5 7 8
(select/data) ← ¯1 ¯1 ¯1 ¯1 ¯1:  0 1 ¯1 3 ¯1 ¯1 6 ¯1 ¯1 9
data                    :  0 1 ¯1 3 ¯1 ¯1 6 ¯1 ¯1 9
sel3 ← 0 1 0            :  0 1 0
sel3⌿m                  :  5 2 9
sel3/m                  :  1
2
8
(0 0⍉m) ← ¯1 ¯1 ¯1      :  ¯1  1  6
 5 ¯1  9
 7  8 ¯1
m                       :  ¯1  1  6
 5 ¯1  9
 7  8 ¯1
+/v[5 2] ⍝ a comment    :  14
2 × 3 + 4               :  14
w ← ⍎(hostm)            :  0 1 2
3 4 5
w[1;2]                  :  5
