Rats! Parser Generator, v. 1.14.1, (C) 2004-2008 Robert Grimm
Processing /tmp/fortress8310465364835826843rats/com/sun/fortress/parser/templateparser/TemplateParser.rats ...
Note: /tmp/fortress8310465364835826843rats/com/sun/fortress/parser/templateparser/TemplateParser3.java uses unchecked or unsafe operations.
Note: Recompile with -Xlint:unchecked for details.

Exception in thread "main" com.sun.fortress.exceptions.MacroError: Could not parse 'q02inc( <!@#$%^&*<Id n >*&^%$#@!> ) '
	at com.sun.fortress.syntax_abstractions.phases.TemplateParser.parseTemplate(TemplateParser.java:116)
	at com.sun.fortress.syntax_abstractions.phases.TemplateParser$1$1.forUnparsedTransformer(TemplateParser.java:53)
	at com.sun.fortress.syntax_abstractions.phases.TemplateParser$1$1.forUnparsedTransformer(TemplateParser.java:50)
	at com.sun.fortress.nodes.UnparsedTransformer.accept(UnparsedTransformer.java:51)
	at com.sun.fortress.nodes.NodeUpdateVisitor.recur(NodeUpdateVisitor.java:11045)
	at com.sun.fortress.nodes.NodeUpdateVisitor.forNamedTransformerDef(NodeUpdateVisitor.java:5748)
	at com.sun.fortress.nodes.NodeUpdateVisitor.forNamedTransformerDef(NodeUpdateVisitor.java:29)
	at com.sun.fortress.nodes.NamedTransformerDef.accept(NamedTransformerDef.java:57)
	at com.sun.fortress.nodes.NodeUpdateVisitor.recur(NodeUpdateVisitor.java:11045)
	at com.sun.fortress.nodes.NodeUpdateVisitor.forSyntaxDef(NodeUpdateVisitor.java:5725)
	at com.sun.fortress.nodes.NodeUpdateVisitor.forSyntaxDef(NodeUpdateVisitor.java:29)
	at com.sun.fortress.nodes.SyntaxDef.accept(SyntaxDef.java:51)
	at com.sun.fortress.nodes.NodeUpdateVisitor.recur(NodeUpdateVisitor.java:11045)
	at com.sun.fortress.nodes.NodeUpdateVisitor.recurOnListOfSyntaxDecl(NodeUpdateVisitor.java:11302)
	at com.sun.fortress.nodes.NodeUpdateVisitor.forNonterminalExtensionDef(NodeUpdateVisitor.java:4625)
	at com.sun.fortress.nodes.NodeUpdateVisitor.forNonterminalExtensionDef(NodeUpdateVisitor.java:29)
	at com.sun.fortress.nodes.NonterminalExtensionDef.accept(NonterminalExtensionDef.java:39)
	at com.sun.fortress.nodes.NodeUpdateVisitor.recur(NodeUpdateVisitor.java:11045)
	at com.sun.fortress.nodes.NodeUpdateVisitor.recurOnListOfGrammarMemberDecl(NodeUpdateVisitor.java:11280)
	at com.sun.fortress.nodes.NodeUpdateVisitor.forGrammarDecl(NodeUpdateVisitor.java:4606)
	at com.sun.fortress.nodes.NodeUpdateVisitor.forGrammarDecl(NodeUpdateVisitor.java:29)
	at com.sun.fortress.nodes.GrammarDecl.accept(GrammarDecl.java:66)
	at com.sun.fortress.syntax_abstractions.phases.TemplateParser$1.forGrammarDecl(TemplateParser.java:50)
	at com.sun.fortress.syntax_abstractions.phases.TemplateParser$1.forGrammarDecl(TemplateParser.java:45)
	at com.sun.fortress.nodes.GrammarDecl.accept(GrammarDecl.java:66)
	at com.sun.fortress.nodes.NodeUpdateVisitor.recur(NodeUpdateVisitor.java:11045)
	at com.sun.fortress.nodes.NodeUpdateVisitor.recurOnListOfDecl(NodeUpdateVisitor.java:11063)
	at com.sun.fortress.nodes.NodeUpdateVisitor.forApi(NodeUpdateVisitor.java:4454)
	at com.sun.fortress.nodes.NodeUpdateVisitor.forApi(NodeUpdateVisitor.java:29)
	at com.sun.fortress.nodes.Api.accept(Api.java:39)
	at com.sun.fortress.syntax_abstractions.phases.TemplateParser.parseTemplates(TemplateParser.java:45)
	at com.sun.fortress.syntax_abstractions.phases.GrammarRewriter.parseTemplates(GrammarRewriter.java:123)
	at com.sun.fortress.syntax_abstractions.phases.GrammarRewriter.rewriteApis(GrammarRewriter.java:67)
	at com.sun.fortress.compiler.phases.GrammarPhase.execute(GrammarPhase.java:39)
	at com.sun.fortress.compiler.phases.Phase.run(Phase.java:52)
	at com.sun.fortress.compiler.phases.Phase.run(Phase.java:51)
	at com.sun.fortress.compiler.phases.Phase.run(Phase.java:51)
	at com.sun.fortress.compiler.phases.Phase.run(Phase.java:51)
	at com.sun.fortress.compiler.phases.Phase.run(Phase.java:51)
	at com.sun.fortress.Shell.analyze(Shell.java:1265)
	at com.sun.fortress.repository.GraphRepository.parseApis(GraphRepository.java:735)
	at com.sun.fortress.repository.GraphRepository.refreshGraph(GraphRepository.java:492)
	at com.sun.fortress.repository.GraphRepository.getComponent(GraphRepository.java:202)
	at com.sun.fortress.repository.GraphRepository.getLinkedComponent(GraphRepository.java:886)
	at com.sun.fortress.Shell.eval(Shell.java:620)
	at com.sun.fortress.Shell.walk(Shell.java:1125)
	at com.sun.fortress.Shell.walk(Shell.java:1116)
	at com.sun.fortress.Shell.subMain(Shell.java:483)
	at com.sun.fortress.Shell.main(Shell.java:362)
	at com.sun.fortress.Shell.main(Shell.java:349)
Caused by: com.sun.fortress.exceptions.MacroError: java.lang.reflect.InvocationTargetException
	at com.sun.fortress.syntax_abstractions.phases.TemplateParser.invokeMethod(TemplateParser.java:137)
	at com.sun.fortress.syntax_abstractions.phases.TemplateParser.parseTemplate(TemplateParser.java:106)
	... 49 more
Caused by: java.lang.reflect.InvocationTargetException
	at java.base/jdk.internal.reflect.DirectMethodHandleAccessor.invoke(DirectMethodHandleAccessor.java:119)
	at java.base/java.lang.reflect.Method.invoke(Method.java:565)
	at com.sun.fortress.syntax_abstractions.phases.TemplateParser.invokeMethod(TemplateParser.java:131)
	... 50 more
Caused by: java.lang.IllegalArgumentException: Parameter 'text' to the IdOrOp constructor was null
	at com.sun.fortress.nodes.IdOrOp.<init>(IdOrOp.java:33)
	at com.sun.fortress.nodes.Id.<init>(Id.java:30)
	at com.sun.fortress.nodes_util.NodeFactory.makeId(NodeFactory.java:1406)
	at com.sun.fortress.nodes_util.NodeFactory.makeId(NodeFactory.java:1456)
	at com.sun.fortress.parser.templateparser.TemplateParser3.pQualifiedName$1(TemplateParser3.java)
	at com.sun.fortress.parser.templateparser.TemplateParser3.pQualifiedName(TemplateParser3.java)
	at com.sun.fortress.parser.templateparser.TemplateParser3.pExpression$AssignLeft$1(TemplateParser3.java:35914)
	at com.sun.fortress.parser.templateparser.TemplateParser3.pExpression$AssignLeft(TemplateParser3.java:35875)
	at com.sun.fortress.parser.templateparser.TemplateParser3.pExpression$AssignLefts(TemplateParser3.java:35846)
	at com.sun.fortress.parser.templateparser.TemplateParser3.pExpression$AssignExpr$1(TemplateParser3.java:35723)
	at com.sun.fortress.parser.templateparser.TemplateParser3.pExpression$AssignExpr(TemplateParser3.java:35709)
	at com.sun.fortress.parser.templateparser.TemplateParser3.pExpression$ExprFront(TemplateParser3.java:35180)
	at com.sun.fortress.parser.templateparser.TemplateParser3.pExpression$Expr$1(TemplateParser3.java:35090)
	at com.sun.fortress.parser.templateparser.TemplateParser3.pExpression$Expr(TemplateParser3.java:35068)
	at com.sun.fortress.parser.templateparser.TemplateParser3.pParenthesized$1(TemplateParser3.java:42544)
	at com.sun.fortress.parser.templateparser.TemplateParser3.pParenthesized(TemplateParser3.java:42524)
	at com.sun.fortress.parser.templateparser.TemplateParser3.pExpression$ParenthesisDelimited$1(TemplateParser3.java:38648)
	at com.sun.fortress.parser.templateparser.TemplateParser3.pExpression$ParenthesisDelimited(TemplateParser3.java:38634)
	at com.sun.fortress.parser.templateparser.TemplateParser3.pExpression$ParenthesisDelimitedLeft(TemplateParser3.java:38601)
	at com.sun.fortress.parser.templateparser.TemplateParser3.pExpression$LeftAssociatedPrimary(TemplateParser3.java:37828)
	at com.sun.fortress.parser.templateparser.TemplateParser3.pExpression$PrimaryItem$$Choice1(TemplateParser3.java:37531)
	at com.sun.fortress.parser.templateparser.TemplateParser3.pExpression$PrimaryItem$1(TemplateParser3.java:37499)
	at com.sun.fortress.parser.templateparser.TemplateParser3.pExpression$PrimaryItem(TemplateParser3.java:37485)
	at com.sun.fortress.parser.templateparser.TemplateParser3.pExpression$Primary(TemplateParser3.java:37267)
	at com.sun.fortress.parser.templateparser.TemplateParser3.pExpression$OpExprPrimary$1(TemplateParser3.java:36702)
	at com.sun.fortress.parser.templateparser.TemplateParser3.pExpression$OpExprPrimary(TemplateParser3.java:36688)
	at com.sun.fortress.parser.templateparser.TemplateParser3.pExpression$OpExprNoEnc$1(TemplateParser3.java:36377)
	at com.sun.fortress.parser.templateparser.TemplateParser3.pExpression$OpExprNoEnc(TemplateParser3.java:36363)
	at com.sun.fortress.parser.templateparser.TemplateParser3.pExpression$OpExpr$1(TemplateParser3.java:36306)
	at com.sun.fortress.parser.templateparser.TemplateParser3.pExpression$OpExpr(TemplateParser3.java:36294)
	at com.sun.fortress.parser.templateparser.TemplateParser3.pExpression$ExprFront(TemplateParser3.java:35190)
	at com.sun.fortress.parser.templateparser.TemplateParser3.pExpression$Expr$1(TemplateParser3.java:35090)
	at com.sun.fortress.parser.templateparser.TemplateParser3.pExpression$Expr(TemplateParser3.java:35068)
	at java.base/jdk.internal.reflect.DirectMethodHandleAccessor.invoke(DirectMethodHandleAccessor.java:104)
	... 52 more
