Rats! Parser Generator, v. 1.14.1, (C) 2004-2008 Robert Grimm
Processing /tmp/fortress10866347477833714319rats/com/sun/fortress/parser/templateparser/TemplateParser.rats ...
Note: /tmp/fortress10866347477833714319rats/com/sun/fortress/parser/templateparser/TemplateParser11.java uses unchecked or unsafe operations.
Note: Recompile with -Xlint:unchecked for details.

Rats! Parser Generator, v. 1.14.1, (C) 2004-2008 Robert Grimm
Processing /tmp/fortress7677594873809225836rats/com/sun/fortress/parser/templateparser/TemplateParser.rats ...
Note: /tmp/fortress7677594873809225836rats/com/sun/fortress/parser/templateparser/TemplateParser17.java uses unchecked or unsafe operations.
Note: Recompile with -Xlint:unchecked for details.

Exception in thread "main" java.lang.IllegalArgumentException: Parameter 'apiName' to the IdOrOpOrAnonymousName constructor was null
	at com.sun.fortress.nodes.IdOrOpOrAnonymousName.<init>(IdOrOpOrAnonymousName.java:33)
	at com.sun.fortress.nodes.IdOrOp.<init>(IdOrOp.java:31)
	at com.sun.fortress.nodes.Id.<init>(Id.java:30)
	at com.sun.fortress.scala_src.nodes.SId$.apply(FortressAst.scala:643)
	at com.sun.fortress.scala_src.nodes.Walker.walk(FortressAst.scala:1743)
	at com.sun.fortress.scala_src.nodes.Walker.walk$(FortressAst.scala:1584)
	at com.sun.fortress.scala_src.disambiguator.SelfParamDisambiguator.walk(SelfParamDisambiguator.scala:87)
	at com.sun.fortress.scala_src.nodes.Walker.walk(FortressAst.scala:1895)
	at com.sun.fortress.scala_src.nodes.Walker.walk$(FortressAst.scala:1584)
	at com.sun.fortress.scala_src.disambiguator.SelfParamDisambiguator.walk(SelfParamDisambiguator.scala:87)
	at com.sun.fortress.scala_src.nodes.Walker.$anonfun$walk$1(FortressAst.scala:2010)
	at scala.collection.immutable.List.map(List.scala:240)
	at com.sun.fortress.scala_src.nodes.Walker.walk(FortressAst.scala:2010)
	at com.sun.fortress.scala_src.nodes.Walker.walk$(FortressAst.scala:1584)
	at com.sun.fortress.scala_src.disambiguator.SelfParamDisambiguator.walk(SelfParamDisambiguator.scala:87)
	at com.sun.fortress.scala_src.nodes.Walker.walk(FortressAst.scala:1883)
	at com.sun.fortress.scala_src.nodes.Walker.walk$(FortressAst.scala:1584)
	at com.sun.fortress.scala_src.disambiguator.SelfParamDisambiguator.walk(SelfParamDisambiguator.scala:87)
	at com.sun.fortress.scala_src.nodes.Walker.walk(FortressAst.scala:1915)
	at com.sun.fortress.scala_src.nodes.Walker.walk$(FortressAst.scala:1584)
	at com.sun.fortress.scala_src.disambiguator.SelfParamDisambiguator.walk(SelfParamDisambiguator.scala:87)
	at com.sun.fortress.scala_src.nodes.Walker.$anonfun$walk$1(FortressAst.scala:2010)
	at scala.collection.immutable.List.map(List.scala:236)
	at com.sun.fortress.scala_src.nodes.Walker.walk(FortressAst.scala:2010)
	at com.sun.fortress.scala_src.nodes.Walker.walk$(FortressAst.scala:1584)
	at com.sun.fortress.scala_src.disambiguator.SelfParamDisambiguator.walk(SelfParamDisambiguator.scala:87)
	at com.sun.fortress.scala_src.nodes.Walker.walk(FortressAst.scala:1883)
	at com.sun.fortress.scala_src.nodes.Walker.walk$(FortressAst.scala:1584)
	at com.sun.fortress.scala_src.disambiguator.SelfParamDisambiguator.walk(SelfParamDisambiguator.scala:87)
	at com.sun.fortress.scala_src.nodes.Walker.$anonfun$walk$1(FortressAst.scala:2010)
	at scala.collection.immutable.List.map(List.scala:240)
	at com.sun.fortress.scala_src.nodes.Walker.walk(FortressAst.scala:2010)
	at com.sun.fortress.scala_src.nodes.Walker.walk$(FortressAst.scala:1584)
	at com.sun.fortress.scala_src.disambiguator.SelfParamDisambiguator.walk(SelfParamDisambiguator.scala:87)
	at com.sun.fortress.scala_src.nodes.Walker.walk(FortressAst.scala:1883)
	at com.sun.fortress.scala_src.nodes.Walker.walk$(FortressAst.scala:1584)
	at com.sun.fortress.scala_src.disambiguator.SelfParamDisambiguator.walk(SelfParamDisambiguator.scala:87)
	at com.sun.fortress.scala_src.nodes.Walker.$anonfun$walk$1(FortressAst.scala:2010)
	at scala.collection.immutable.List.map(List.scala:240)
	at com.sun.fortress.scala_src.nodes.Walker.walk(FortressAst.scala:2010)
	at com.sun.fortress.scala_src.nodes.Walker.walk$(FortressAst.scala:1584)
	at com.sun.fortress.scala_src.disambiguator.SelfParamDisambiguator.walk(SelfParamDisambiguator.scala:87)
	at com.sun.fortress.scala_src.nodes.Walker.walk(FortressAst.scala:1883)
	at com.sun.fortress.scala_src.nodes.Walker.walk$(FortressAst.scala:1584)
	at com.sun.fortress.scala_src.disambiguator.SelfParamDisambiguator.walk(SelfParamDisambiguator.scala:87)
	at com.sun.fortress.scala_src.nodes.Walker.$anonfun$walk$1(FortressAst.scala:2010)
	at scala.collection.immutable.List.map(List.scala:236)
	at com.sun.fortress.scala_src.nodes.Walker.walk(FortressAst.scala:2010)
	at com.sun.fortress.scala_src.nodes.Walker.walk$(FortressAst.scala:1584)
	at com.sun.fortress.scala_src.disambiguator.SelfParamDisambiguator.walk(SelfParamDisambiguator.scala:87)
	at com.sun.fortress.scala_src.nodes.Walker.walk(FortressAst.scala:1953)
	at com.sun.fortress.scala_src.nodes.Walker.walk$(FortressAst.scala:1584)
	at com.sun.fortress.scala_src.disambiguator.SelfParamDisambiguator.walk(SelfParamDisambiguator.scala:87)
	at com.sun.fortress.scala_src.nodes.Walker.$anonfun$walk$1(FortressAst.scala:2010)
	at scala.collection.immutable.List.map(List.scala:236)
	at com.sun.fortress.scala_src.nodes.Walker.walk(FortressAst.scala:2010)
	at com.sun.fortress.scala_src.nodes.Walker.walk$(FortressAst.scala:1584)
	at com.sun.fortress.scala_src.disambiguator.SelfParamDisambiguator.walk(SelfParamDisambiguator.scala:87)
	at com.sun.fortress.scala_src.nodes.Walker.walk(FortressAst.scala:1951)
	at com.sun.fortress.scala_src.nodes.Walker.walk$(FortressAst.scala:1584)
	at com.sun.fortress.scala_src.disambiguator.SelfParamDisambiguator.walk(SelfParamDisambiguator.scala:87)
	at com.sun.fortress.scala_src.nodes.Walker.$anonfun$walk$2(FortressAst.scala:2011)
	at scala.Option.map(Option.scala:242)
	at com.sun.fortress.scala_src.nodes.Walker.walk(FortressAst.scala:2011)
	at com.sun.fortress.scala_src.nodes.Walker.walk$(FortressAst.scala:1584)
	at com.sun.fortress.scala_src.disambiguator.SelfParamDisambiguator.walk(SelfParamDisambiguator.scala:87)
	at com.sun.fortress.scala_src.nodes.Walker.walk(FortressAst.scala:1989)
	at com.sun.fortress.scala_src.nodes.Walker.walk$(FortressAst.scala:1584)
	at com.sun.fortress.scala_src.disambiguator.SelfParamDisambiguator.walk(SelfParamDisambiguator.scala:87)
	at com.sun.fortress.scala_src.nodes.Walker.$anonfun$walk$1(FortressAst.scala:2010)
	at scala.collection.immutable.List.map(List.scala:240)
	at com.sun.fortress.scala_src.nodes.Walker.walk(FortressAst.scala:2010)
	at com.sun.fortress.scala_src.nodes.Walker.walk$(FortressAst.scala:1584)
	at com.sun.fortress.scala_src.disambiguator.SelfParamDisambiguator.walk(SelfParamDisambiguator.scala:87)
	at com.sun.fortress.scala_src.nodes.Walker.walk(FortressAst.scala:2009)
	at com.sun.fortress.scala_src.nodes.Walker.walk$(FortressAst.scala:1584)
	at com.sun.fortress.scala_src.disambiguator.SelfParamDisambiguator.walk(SelfParamDisambiguator.scala:87)
	at com.sun.fortress.compiler.Disambiguator.disambiguateComponents(Disambiguator.java:301)
	at com.sun.fortress.compiler.phases.DisambiguatePhase.execute(DisambiguatePhase.java:72)
	at com.sun.fortress.compiler.phases.Phase.run(Phase.java:52)
	at com.sun.fortress.compiler.phases.Phase.run(Phase.java:51)
	at com.sun.fortress.compiler.phases.Phase.run(Phase.java:51)
	at com.sun.fortress.compiler.phases.Phase.run(Phase.java:51)
	at com.sun.fortress.compiler.phases.Phase.run(Phase.java:51)
	at com.sun.fortress.compiler.phases.Phase.run(Phase.java:51)
	at com.sun.fortress.Shell.analyze(Shell.java:1265)
	at com.sun.fortress.repository.GraphRepository.parseComponent(GraphRepository.java:805)
	at com.sun.fortress.repository.GraphRepository.refreshGraph(GraphRepository.java:511)
	at com.sun.fortress.repository.GraphRepository.getComponent(GraphRepository.java:202)
	at com.sun.fortress.repository.GraphRepository.getLinkedComponent(GraphRepository.java:886)
	at com.sun.fortress.Shell.eval(Shell.java:620)
	at com.sun.fortress.Shell.walk(Shell.java:1125)
	at com.sun.fortress.Shell.walk(Shell.java:1116)
	at com.sun.fortress.Shell.subMain(Shell.java:483)
	at com.sun.fortress.Shell.main(Shell.java:362)
	at com.sun.fortress.Shell.main(Shell.java:349)
