Rats! Parser Generator, v. 1.14.1, (C) 2004-2008 Robert Grimm
Processing /tmp/fortress17084760774758687323rats/com/sun/fortress/parser/templateparser/TemplateParser.rats ...
Note: /tmp/fortress17084760774758687323rats/com/sun/fortress/parser/templateparser/TemplateParser76.java uses unchecked or unsafe operations.
Note: Recompile with -Xlint:unchecked for details.

=== A. the lambda route: ← is a lambda parameter of the rest ===

PASS  Ex 3   v ← 9 2 6 3 5 8 7 4 0 1 ⋄ v[5]
        want |8|
        got  |8|
PASS  Ex 4   v ← 9 2 6 3 5 8 7 4 0 1 ⋄ v[5 2]
        want |8 6|
        got  |8 6|
PASS  Ex 5   v ← … ⋄ v[3] ← ¯1 ⋄ v        (indexed assignment is a put, not a rebinding)
        want |9 2 6 ¯1 5 8 7 4 0 1|
        got  |9 2 6 ¯1 5 8 7 4 0 1|
PASS  Ex 6a  m ← 3 3⍴4 1 6 5 2 9 7 8 3 / m      (a line break separates statements)
        want |4 1 6
5 2 9
7 8 3|
        got  |4 1 6
5 2 9
7 8 3|
PASS  Ex 6b  m ← … / m[1;1]
        want |2|
        got  |2|
PASS  Ex 6c  m ← … / m[1;]
        want |5 2 9|
        got  |5 2 9|
PASS  Ex 6d  m ← … / m[;1]
        want |1 2 8|
        got  |1 2 8|
PASS  Ex 17  n ← 3 3⍴4 1 6 5 2 9 7 8 3 ⋄ n[⊂1 1]
        want |2|
        got  |2|
PASS  Ex 19  n ← … ⋄ n[(0 0)(1 1)(2 2)]
        want |4 2 3|
        got  |4 2 3|
PASS  Ex 21  n ← … ⋄ (⊂1 1)⌷n
        want |5 2 9
5 2 9|
        got  |5 2 9
5 2 9|
PASS  Ex 27  data ← 0 1 2 … ⋄ select ← 0 0 1 … ⋄ select/data
        want |2 4 5 7 8|
        got  |2 4 5 7 8|
PASS  Ex 28  data ← … ⋄ select ← 1 3 0 0 5 0 7 0 0 1 ⋄ select/data
        want |0 1 1 1 4 4 4 4 4 6 6 6 6 6 6 6 9|
        got  |0 1 1 1 4 4 4 4 4 6 6 6 6 6 6 6 9|
PASS  Ex 31  m ← 3 3⍴3 0 5 4 1 8 6 7 2 ⋄ select ← 0 1 0 ⋄ select⌿m
        want |4 1 8|
        got  |4 1 8|
PASS  Ex 32  m ← … ⋄ select ← 0 1 0 ⋄ select/m
        want |0
1
7|
        got  |0
1
7|
PASS  Ex 37  m ← 3 3⍴1 2 3 4 8 0 6 5 7 ⋄ (0 0⍉m) ← ¯1 ¯1 ¯1 ⋄ m
        want |¯1  2  3
 4 ¯1  0
 6  5 ¯1|
        got  |¯1  2  3
 4 ¯1  0
 6  5 ¯1|
PASS  Ex 38  data ← … ⋄ select ← … ⋄ (select/data) ← ¯1 ¯1 ¯1 ¯1 ¯1 ⋄ data
        want |0 1 ¯1 3 ¯1 ¯1 6 ¯1 ¯1 9|
        got  |0 1 ¯1 3 ¯1 ¯1 6 ¯1 ¯1 9|
PASS  X9    m1 ← 1 2 3 ⋄ m1[1]                 (a digit in a name)
        want |2|
        got  |2|
PASS  X11   b ← 1 2 ⋄ a ← b ⋄ a                (a ← b ← 1 2 does NOT work here: q13)
        want |1 2|
        got  |1 2|
PASS  X15   hostm = apl⦇ 2 3⍴⍳6 ⦈ then v ← ⍎(hostm) ⋄ v[1;2]
        want |5|
        got  |5|
PASS  X16   v ← 9 2 6 ⋄ ⍎(aplCellGet(v))       (host code in the block reads the APL name)
        want |9 2 6|
        got  |9 2 6|

=== B. the host declares the names; ← is a put on a cell ===

PASS  Ex 3a  v ← 9 2 6 3 5 8 7 4 0 1   (⎕ ← dropped)
        want |9 2 6 3 5 8 7 4 0 1|
        got  |9 2 6 3 5 8 7 4 0 1|
PASS  Ex 3b  v[5] ⍝ Grab the cell at index 5
        want |8|
        got  |8|
PASS  Ex 4   v[5 2] ⍝ Grab the cells at indices 5 and 2
        want |8 6|
        got  |8 6|
PASS  Ex 5   v[3] ← ¯1  then  v
        want |9 2 6 ¯1 5 8 7 4 0 1|
        got  |9 2 6 ¯1 5 8 7 4 0 1|
PASS  Ex 6a  m ← 3 3⍴4 1 6 5 2 9 7 8 3 ⍝ a 3×3 matrix
        want |4 1 6
5 2 9
7 8 3|
        got  |4 1 6
5 2 9
7 8 3|
PASS  Ex 6b  m[1;1] ⍝ Row 1, col 1
        want |2|
        got  |2|
PASS  Ex 6c  m[1;]  ⍝ Row 1
        want |5 2 9|
        got  |5 2 9|
PASS  Ex 6d  m[;1]  ⍝ Col 1
        want |1 2 8|
        got  |1 2 8|
PASS  Ex 7   m[⊂1 1] ⍝ Centre
        want |2|
        got  |2|
PASS  Ex 8   m[(0 0)(1 1)(2 2)]
        want |4 2 3|
        got  |4 2 3|
PASS  Ex 17  n ← 3 3⍴4 1 6 5 2 9 7 8 3   (the book prints nothing)
        want |4 1 6
5 2 9
7 8 3|
        got  |4 1 6
5 2 9
7 8 3|
PASS  Ex 18  n[⊂1 1] ⍝ Centre
        want |2|
        got  |2|
PASS  Ex 19  n[(0 0)(1 1)(2 2)]
        want |4 2 3|
        got  |4 2 3|
PASS  Ex 20  1 1⌷n ⍝ Centre
        want |2|
        got  |2|
PASS  Ex 21  (⊂1 1)⌷n ⍝ Repeat row 1
        want |5 2 9
5 2 9|
        got  |5 2 9
5 2 9|
PASS  Ex 27a  data ← 0 1 2 3 4 5 6 7 8 9
        want |0 1 2 3 4 5 6 7 8 9|
        got  |0 1 2 3 4 5 6 7 8 9|
PASS  Ex 27b  select ← 0 0 1 0 1 1 0 1 1 0  then  select/data
        want |2 4 5 7 8|
        got  |2 4 5 7 8|
PASS  Ex 28  select ← 1 3 0 0 5 0 7 0 0 1  then  select/data
        want |0 1 1 1 4 4 4 4 4 6 6 6 6 6 6 6 9|
        got  |0 1 1 1 4 4 4 4 4 6 6 6 6 6 6 6 9|
PASS  Ex 29  m ← 3 3⍴9?9   (adapted: the book's own deal; m REBOUND)
        want |3 0 5
4 1 8
6 7 2|
        got  |3 0 5
4 1 8
6 7 2|
PASS  Ex 30  select ← 0 1 0   (the book prints nothing)
        want |0 1 0|
        got  |0 1 0|
PASS  Ex 31  select⌿m ⍝ Replicate first
        want |4 1 8|
        got  |4 1 8|
PASS  Ex 32  select/m ⍝ Replicate
        want |0
1
7|
        got  |0
1
7|
PASS  Ex 37a  m ← 3 3⍴9?9   (adapted: the book's own deal)
        want |1 2 3
4 8 0
6 5 7|
        got  |1 2 3
4 8 0
6 5 7|
PASS  Ex 37b  (0 0⍉m) ← ¯1 ¯1 ¯1  then  m
        want |¯1  2  3
 4 ¯1  0
 6  5 ¯1|
        got  |¯1  2  3
 4 ¯1  0
 6  5 ¯1|
PASS  Ex 38  (select/data) ← ¯1 ¯1 ¯1 ¯1 ¯1  then  data
        want |0 1 ¯1 3 ¯1 ¯1 6 ¯1 ¯1 9|
        got  |0 1 ¯1 3 ¯1 ¯1 6 ¯1 ¯1 9|
PASS  X3    q ← 3 3⍴⍳9 then q[1;1] ← 99 then q
        want |0  1 2
3 99 5
6  7 8|
        got  |0  1 2
3 99 5
6  7 8|
PASS  X4    q[;0] ← 0 0 0
        want |0  1 2
0 99 5
0  7 8|
        got  |0  1 2
0 99 5
0  7 8|
PASS  X5    q[0;] ← 7 7 7
        want |7  7 7
0 99 5
0  7 8|
        got  |7  7 7
0 99 5
0  7 8|
PASS  X9    m1 ← 1 2 3 (a digit in a name)
        want |1 2 3|
        got  |1 2 3|
PASS  X10   m1[1]
        want |2|
        got  |2|
PASS  X11   a ← b ← 1 2           (assignment is an expression)
        want |1 2|
        got  |1 2|
PASS  X12   b
        want |1 2|
        got  |1 2|

host visibility: the host reads v, m and data without the grammar -> v = 9 2 6 ¯1 5 8 7 4 0 1 | m[0;0] = ¯1 | data = 0 1 ¯1 3 ¯1 ¯1 6 ¯1 ¯1 9

checks passed: 52 of 52
