=== $ fortress compile tests/roundBug.fss   (2026-09-19T09:27:35+00:00) ===
/home/user/fortress-rr64/ProjectFortress/tests/roundBug.fss:19:19-21:
    Could not check call to operator SQRT
    - RR64->RR64 is not applicable to an argument of type ZZ32.
File roundBug.fss has 1 error.
--- exit 255 ---
=== $ fortress compile tests/buffons.fss   (2026-09-19T09:27:37+00:00) ===
/home/user/fortress-rr64/ProjectFortress/tests/buffons.fss:24:15-24:
    Could not check call to operator -
    - (IntLiteral, IntLiteral)->IntLiteral is not applicable to an argument of type (RR64, IntLiteral).
    - (NN32, NN32)->NN32 is not applicable to an argument of type (RR64, IntLiteral).
    - (NN64, NN64)->NN64 is not applicable to an argument of type (RR64, IntLiteral).
    - (RR64, RR64)->RR64 is not applicable to an argument of type (RR64, IntLiteral).
    - (ZZ, ZZ)->ZZ is not applicable to an argument of type (RR64, IntLiteral).
    - (ZZ32, ZZ32)->ZZ32 is not applicable to an argument of type (RR64, IntLiteral).
    - (ZZ32Vector, ZZ32)->ZZ32Vector is not applicable to an argument of type (RR64, IntLiteral).
    - (ZZ64, ZZ64)->ZZ64 is not applicable to an argument of type (RR64, IntLiteral).
    /home/user/fortress-rr64/ProjectFortress/tests/buffons.fss:23:8-20:
      Possibly because i: ZZ32 after argument inference
--- exit 255 ---
=== $ fortress compile tests/juxtTwice.fss   (2026-09-19T09:27:39+00:00) ===
/home/user/fortress-rr64/ProjectFortress/tests/juxtTwice.fss:26:7:
    Could not check call to operator /
    - (RR64, RR64)->RR64 is not applicable to an argument of type (FloatLiteral, IntLiteral).
File juxtTwice.fss has 1 error.
--- exit 255 ---
