# host: Linux 6.18.44-fc-v33 x86_64, JDK: openjdk version "25.0.3" 2026-04-21, FORTRESS_THREADS=1, date: 2026-09-15T21:25:59+00:00
=== interpreter run 1: fortress bench1t.fss
bench1t 0.8646647302294265
loop_ns 52514466048
--- process wall: 55.227633194 s
=== interpreter run 2: fortress bench1t.fss
bench1t 0.8646647302294265
loop_ns 52438278287
--- process wall: 54.796568835 s
=== interpreter run 3: fortress bench1t.fss
bench1t 0.8646647302294265
loop_ns 50903821187
--- process wall: 53.071635255 s
=== interpreter run 1: fortress bench2t.fss
bench2t 1812692.3699162973
loop_ns 14730502565
--- process wall: 17.483249606 s
=== interpreter run 2: fortress bench2t.fss
bench2t 1812692.3699162973
loop_ns 13659009129
--- process wall: 16.250485191 s
=== interpreter run 3: fortress bench2t.fss
bench2t 1812692.3699162973
loop_ns 13749697310
--- process wall: 16.433458828 s
