Rats! Parser Generator, v. 1.14.1, (C) 2004-2008 Robert Grimm
Processing /tmp/fortress8008348808964994981rats/com/sun/fortress/parser/templateparser/TemplateParser.rats ...
Note: /tmp/fortress8008348808964994981rats/com/sun/fortress/parser/templateparser/TemplateParser23.java uses unchecked or unsafe operations.
Note: Recompile with -Xlint:unchecked for details.

Rats! Parser Generator, v. 1.14.1, (C) 2004-2008 Robert Grimm
Processing /tmp/fortress1667529084317429575rats/com/sun/fortress/parser/templateparser/TemplateParser.rats ...
Note: /tmp/fortress1667529084317429575rats/com/sun/fortress/parser/templateparser/TemplateParser35.java uses unchecked or unsafe operations.
Note: Recompile with -Xlint:unchecked for details.

(A) the folded reduction: DOT above SUM, both in one bracket
(1)  macro s6 +/vv        = 13.5
(1') host SUM vv          = 13.5
(2)  macro s8 +/vv×ww     = 37.625
(2') host vv DOT ww       = 37.625
(3)  macro s8 +/vv×⍟ww    = 13.69225560102904
(3') host vv DOT log(ww)  = 13.69225560102904
(3b) macro s2 ⍟ww[0]      = 0.6931471805599453
(4)  macro s5 ×⍟vv[0]     = 0.0
(4') host log(vv)[0]      = 0.0
(B) the glue of L13, against C4's Corpus on a 3-document corpus
(8)  glue ids           |8|  20 21 22 23 10 11 12 13
(8') corpus.tokens(b,0) |8|  20 21 22 23 10 11 12 13
(9)  glue tg            |8|  21 22 23 24 11 12 13 14
(9') corpus.tokens(b,1) |8|  21 22 23 24 11 12 13 14
(10)  glue vm           |8|  1.0 1.0 1.0 1.0 1.0 1.0 1.0 0.0
(10') corpus.valid(b)   |8|  1.0 1.0 1.0 1.0 1.0 1.0 1.0 0.0
(11)  glue pos          |8|  0 1 2 3 0 1 2 3
(11') corpus.positions  |8|  0 1 2 3 0 1 2 3
(12) max |glue - corpus| : ids 0 tg 0 vm 0.0 pos 0
(13) tally(bk) = 2 ; one plus iota 4 = 1 2 3 4
(14) outerLt row 0 = 0.0 1.0 1.0
(15) -(1.0 10)^10 = -1.0E10 ; SQRT (1.0 4) = 2.0
done
