### v17_calldot
(1) onehot(ks, 5).t() dx = [0#5,0#2]
[ 1.0 2.0
  0.0 0.0
  3.0 4.0
  0.0 0.0
  5.0 6.0 ]
(2) transpose(onehot(ks, 5)) dx = [0#5,0#2]
[ 1.0 2.0
  0.0 0.0
  3.0 4.0
  0.0 0.0
  5.0 6.0 ]
EXIT=0
### v04b_groupbound
com.sun.fortress.exceptions.ProgramError: /home/user/fortress/explorations/run-c4/probes/vocabulary/v04b_groupbound.fss:13:31:
Failed to find any matching overload, args = (__DefaultVector[\RR64,3\],1.5), overload = {
	+[\T extends AdditiveGroup[\T\],I\](a:Array[\T,I\],s:T):Array[\T,I\]/home/user/fortress/explorations/run-c4/probes/vocabulary/v04b_groupbound.fss:8:1-114
	AdditiveGroup[\T extends AdditiveGroup[\T\]\](uninstantiated)[\T extends AdditiveGroup[\T\]\].+(self:AdditiveGroup[\T\],other:T):T/home/user/fortress/Library/FortressLibrary.fss:330:5-28
	+(self:(FortressLibrary.Number & {FortressLibrary.RR64}),b:FortressLibrary.Number):FortressLibrary.RR64fn meth(self 0):(Number,Number)->RR64 (/home/user/fortress/Library/FortressLibrary.fss:376:5-58)
	+(self:(FortressLibrary.QQ & {Ratio, FortressLibrary.AnyIntegral}),other:FortressLibrary.QQ):FortressLibrary.QQfn meth(self 0):(QQ,QQ)->QQ (/home/user/fortress/Library/FortressLibrary.fss:556:5-561:10)
	Integral[\I extends Integral[\I\]\](uninstantiated)[\I extends Integral[\I\]\].+(self:Integral[\I\],b:I):I/home/user/fortress/Library/FortressLibrary.fss:618:5-21
	+(native Add)fn meth(self 0):(ZZ32,ZZ32)->ZZ32 (/home/user/fortress/Library/FortressLibrary.fss:656:5-657:74)
	+(native Add)fn meth(self 0):(ZZ64,ZZ64)->ZZ64 (/home/user/fortress/Library/FortressLibrary.fss:724:5-725:75)
	+(native Add)fn meth(self 0):(NN64,NN64)->NN64 (/home/user/fortress/Library/FortressLibrary.fss:778:5-779:83)
	+(native Add)fn meth(self 0):(ZZ,ZZ)->ZZ (/home/user/fortress/Library/FortressLibrary.fss:841:5-842:77)
	Vector[\T extends FortressLibrary.Number,nat s0\](uninstantiated)[\T extends FortressLibrary.Number,nat s0\].+(self:Vector[\T,s0\],v:Vector[\T,s0\]):Vector[\T,s0\]/home/user/fortress/Library/FortressLibrary.fss:2192:5-2193:55
	Matrix[\T extends FortressLibrary.Number,nat s0,nat s1\](uninstantiated)[\T extends FortressLibrary.Number,nat s0,nat s1\].+(self:Matrix[\T,s0,s1\],v:Matrix[\T,s0,s1\]):Matrix[\T,s0,s1\]/home/user/fortress/Library/FortressLibrary.fss:2500:5-2501:60
	+(x:Array[\FortressLibrary.ZZ32,FortressLibrary.ZZ32\],y:FortressLibrary.ZZ32):Array[\FortressLibrary.ZZ32,FortressLibrary.ZZ32\] (Array[\ZZ32,ZZ32\],ZZ32)->Array[\ZZ32,ZZ32\] /home/user/fortress/Library/FortressLibrary.fss:4493:1-4497:2
	+(self:AdditiveGroup[\T\],other:T):Tfn meth(self 0):(AdditiveGroup[\Number\],Number)->Number (/home/user/fortress/Library/FortressLibrary.fss:330:5-28)
	+(self:Integral[\I\],b:I):Ifn meth(self 0):(Integral[\ZZ32\],ZZ32)->ZZ32 (/home/user/fortress/Library/FortressLibrary.fss:618:5-21)
	+(self:Integral[\I\],b:I):Ifn meth(self 0):(Integral[\ZZ64\],ZZ64)->ZZ64 (/home/user/fortress/Library/FortressLibrary.fss:618:5-21)
	+(self:Integral[\I\],b:I):Ifn meth(self 0):(Integral[\NN64\],NN64)->NN64 (/home/user/fortress/Library/FortressLibrary.fss:618:5-21)
	+(self:Integral[\I\],b:I):Ifn meth(self 0):(Integral[\ZZ\],ZZ)->ZZ (/home/user/fortress/Library/FortressLibrary.fss:618:5-21)
	+(native Add)fn meth(self 0):(Float,Float)->RR64 (/home/user/fortress/ProjectFortress/LibraryBuiltin/FortressBuiltin.fss:103:5-104:76)
	+(native Add)fn meth(self 0):(RR32,Number)->RR32 (/home/user/fortress/ProjectFortress/LibraryBuiltin/FortressBuiltin.fss:272:5-273:75)
	+(native Add)fn meth(self 0):(NN32,NN32)->NN32 (/home/user/fortress/ProjectFortress/LibraryBuiltin/FortressBuiltin.fss:406:5-407:75)}:OverloadedFunction
Context:
/home/user/fortress/explorations/run-c4/probes/vocabulary/v04b_groupbound.fss:13:31:
toplevel:

Turn on "-debug interpreter" for Java-level stack trace.
java.lang.Throwable
	at com.sun.fortress.Shell.failureBoilerplate(Shell.java:748)
	at com.sun.fortress.Shell.walk(Shell.java:1166)
	at com.sun.fortress.Shell.walk(Shell.java:1116)
	at com.sun.fortress.Shell.subMain(Shell.java:483)
	at com.sun.fortress.Shell.main(Shell.java:362)
	at com.sun.fortress.Shell.main(Shell.java:349)
EXIT=1
### v09_mapfn
(1) untyped fill lambdas at rank 1, 2, 3: [0#3][ 1.0 2.0 3.0 ] [0#2,0#2]
[ 1.0 2.0
  3.0 4.0 ] [0#2,0#2,0#2]
[ 0.0 2.0
  4.0 6.0 ;;
  1.0 3.0
  5.0 7.0 ]  zeros [0#3][ 0.0 0.0 0.0 ]  keys [0#3][ 0 2 4 ]
(2) v.map[\RR64\](exp) = [0#3][ 2.718281828459045 7.38905609893065 20.085536923187668 ]
(3) v.map[\RR64\](log) = [0#3][ 0.0 0.6931471805599453 1.0986122886681098 ]
(4) v.map[\RR64\](fn (e) => SQRT e) = [0#3][ 1.0 1.4142135623730951 1.7320508075688772 ]
(5) m.map[\RR64\](exp) = [0#2,0#2]
[ 2.718281828459045 7.38905609893065
  20.085536923187668 54.598150033144236 ]
EXIT=0
