initial	wte	0	0	-0.14
initial	wte	0	1	-0.13
initial	wte	0	2	-0.12
initial	wte	0	3	-0.11
initial	wte	1	0	-0.1
initial	wte	1	1	-0.09
initial	wte	1	2	-0.08
initial	wte	1	3	-0.07
initial	wte	2	0	-0.06
initial	wte	2	1	-0.05
initial	wte	2	2	-0.04
initial	wte	2	3	-0.03
initial	wpe	0	0	-0.02
initial	wpe	0	1	-0.01
initial	wpe	0	2	0.0
initial	wpe	0	3	0.01
initial	wpe	1	0	0.02
initial	wpe	1	1	0.03
initial	wpe	1	2	0.04
initial	wpe	1	3	0.05
initial	wpe	2	0	0.06
initial	wpe	2	1	0.07
initial	wpe	2	2	0.08
initial	wpe	2	3	0.09
initial	lm_head	0	0	0.1
initial	lm_head	0	1	0.11
initial	lm_head	0	2	0.12
initial	lm_head	0	3	0.13
initial	lm_head	1	0	0.14
initial	lm_head	1	1	-0.14
initial	lm_head	1	2	-0.13
initial	lm_head	1	3	-0.12
initial	lm_head	2	0	-0.11
initial	lm_head	2	1	-0.1
initial	lm_head	2	2	-0.09
initial	lm_head	2	3	-0.08
initial	layer0.attn_wq	0	0	-0.07
initial	layer0.attn_wq	0	1	-0.06
initial	layer0.attn_wq	0	2	-0.05
initial	layer0.attn_wq	0	3	-0.04
initial	layer0.attn_wq	1	0	-0.03
initial	layer0.attn_wq	1	1	-0.02
initial	layer0.attn_wq	1	2	-0.01
initial	layer0.attn_wq	1	3	0.0
initial	layer0.attn_wq	2	0	0.01
initial	layer0.attn_wq	2	1	0.02
initial	layer0.attn_wq	2	2	0.03
initial	layer0.attn_wq	2	3	0.04
initial	layer0.attn_wq	3	0	0.05
initial	layer0.attn_wq	3	1	0.06
initial	layer0.attn_wq	3	2	0.07
initial	layer0.attn_wq	3	3	0.08
initial	layer0.attn_wk	0	0	0.09
initial	layer0.attn_wk	0	1	0.1
initial	layer0.attn_wk	0	2	0.11
initial	layer0.attn_wk	0	3	0.12
initial	layer0.attn_wk	1	0	0.13
initial	layer0.attn_wk	1	1	0.14
initial	layer0.attn_wk	1	2	-0.14
initial	layer0.attn_wk	1	3	-0.13
initial	layer0.attn_wk	2	0	-0.12
initial	layer0.attn_wk	2	1	-0.11
initial	layer0.attn_wk	2	2	-0.1
initial	layer0.attn_wk	2	3	-0.09
initial	layer0.attn_wk	3	0	-0.08
initial	layer0.attn_wk	3	1	-0.07
initial	layer0.attn_wk	3	2	-0.06
initial	layer0.attn_wk	3	3	-0.05
initial	layer0.attn_wv	0	0	-0.04
initial	layer0.attn_wv	0	1	-0.03
initial	layer0.attn_wv	0	2	-0.02
initial	layer0.attn_wv	0	3	-0.01
initial	layer0.attn_wv	1	0	0.0
initial	layer0.attn_wv	1	1	0.01
initial	layer0.attn_wv	1	2	0.02
initial	layer0.attn_wv	1	3	0.03
initial	layer0.attn_wv	2	0	0.04
initial	layer0.attn_wv	2	1	0.05
initial	layer0.attn_wv	2	2	0.06
initial	layer0.attn_wv	2	3	0.07
initial	layer0.attn_wv	3	0	0.08
initial	layer0.attn_wv	3	1	0.09
initial	layer0.attn_wv	3	2	0.1
initial	layer0.attn_wv	3	3	0.11
initial	layer0.attn_wo	0	0	0.12
initial	layer0.attn_wo	0	1	0.13
initial	layer0.attn_wo	0	2	0.14
initial	layer0.attn_wo	0	3	-0.14
initial	layer0.attn_wo	1	0	-0.13
initial	layer0.attn_wo	1	1	-0.12
initial	layer0.attn_wo	1	2	-0.11
initial	layer0.attn_wo	1	3	-0.1
initial	layer0.attn_wo	2	0	-0.09
initial	layer0.attn_wo	2	1	-0.08
initial	layer0.attn_wo	2	2	-0.07
initial	layer0.attn_wo	2	3	-0.06
initial	layer0.attn_wo	3	0	-0.05
initial	layer0.attn_wo	3	1	-0.04
initial	layer0.attn_wo	3	2	-0.03
initial	layer0.attn_wo	3	3	-0.02
initial	layer0.mlp_fc1	0	0	-0.01
initial	layer0.mlp_fc1	0	1	0.0
initial	layer0.mlp_fc1	0	2	0.01
initial	layer0.mlp_fc1	0	3	0.02
initial	layer0.mlp_fc1	1	0	0.03
initial	layer0.mlp_fc1	1	1	0.04
initial	layer0.mlp_fc1	1	2	0.05
initial	layer0.mlp_fc1	1	3	0.06
initial	layer0.mlp_fc1	2	0	0.07
initial	layer0.mlp_fc1	2	1	0.08
initial	layer0.mlp_fc1	2	2	0.09
initial	layer0.mlp_fc1	2	3	0.1
initial	layer0.mlp_fc1	3	0	0.11
initial	layer0.mlp_fc1	3	1	0.12
initial	layer0.mlp_fc1	3	2	0.13
initial	layer0.mlp_fc1	3	3	0.14
initial	layer0.mlp_fc1	4	0	-0.14
initial	layer0.mlp_fc1	4	1	-0.13
initial	layer0.mlp_fc1	4	2	-0.12
initial	layer0.mlp_fc1	4	3	-0.11
initial	layer0.mlp_fc1	5	0	-0.1
initial	layer0.mlp_fc1	5	1	-0.09
initial	layer0.mlp_fc1	5	2	-0.08
initial	layer0.mlp_fc1	5	3	-0.07
initial	layer0.mlp_fc1	6	0	-0.06
initial	layer0.mlp_fc1	6	1	-0.05
initial	layer0.mlp_fc1	6	2	-0.04
initial	layer0.mlp_fc1	6	3	-0.03
initial	layer0.mlp_fc1	7	0	-0.02
initial	layer0.mlp_fc1	7	1	-0.01
initial	layer0.mlp_fc1	7	2	0.0
initial	layer0.mlp_fc1	7	3	0.01
initial	layer0.mlp_fc1	8	0	0.02
initial	layer0.mlp_fc1	8	1	0.03
initial	layer0.mlp_fc1	8	2	0.04
initial	layer0.mlp_fc1	8	3	0.05
initial	layer0.mlp_fc1	9	0	0.06
initial	layer0.mlp_fc1	9	1	0.07
initial	layer0.mlp_fc1	9	2	0.08
initial	layer0.mlp_fc1	9	3	0.09
initial	layer0.mlp_fc1	10	0	0.1
initial	layer0.mlp_fc1	10	1	0.11
initial	layer0.mlp_fc1	10	2	0.12
initial	layer0.mlp_fc1	10	3	0.13
initial	layer0.mlp_fc1	11	0	0.14
initial	layer0.mlp_fc1	11	1	-0.14
initial	layer0.mlp_fc1	11	2	-0.13
initial	layer0.mlp_fc1	11	3	-0.12
initial	layer0.mlp_fc1	12	0	-0.11
initial	layer0.mlp_fc1	12	1	-0.1
initial	layer0.mlp_fc1	12	2	-0.09
initial	layer0.mlp_fc1	12	3	-0.08
initial	layer0.mlp_fc1	13	0	-0.07
initial	layer0.mlp_fc1	13	1	-0.06
initial	layer0.mlp_fc1	13	2	-0.05
initial	layer0.mlp_fc1	13	3	-0.04
initial	layer0.mlp_fc1	14	0	-0.03
initial	layer0.mlp_fc1	14	1	-0.02
initial	layer0.mlp_fc1	14	2	-0.01
initial	layer0.mlp_fc1	14	3	0.0
initial	layer0.mlp_fc1	15	0	0.01
initial	layer0.mlp_fc1	15	1	0.02
initial	layer0.mlp_fc1	15	2	0.03
initial	layer0.mlp_fc1	15	3	0.04
initial	layer0.mlp_fc2	0	0	0.05
initial	layer0.mlp_fc2	0	1	0.06
initial	layer0.mlp_fc2	0	2	0.07
initial	layer0.mlp_fc2	0	3	0.08
initial	layer0.mlp_fc2	0	4	0.09
initial	layer0.mlp_fc2	0	5	0.1
initial	layer0.mlp_fc2	0	6	0.11
initial	layer0.mlp_fc2	0	7	0.12
initial	layer0.mlp_fc2	0	8	0.13
initial	layer0.mlp_fc2	0	9	0.14
initial	layer0.mlp_fc2	0	10	-0.14
initial	layer0.mlp_fc2	0	11	-0.13
initial	layer0.mlp_fc2	0	12	-0.12
initial	layer0.mlp_fc2	0	13	-0.11
initial	layer0.mlp_fc2	0	14	-0.1
initial	layer0.mlp_fc2	0	15	-0.09
initial	layer0.mlp_fc2	1	0	-0.08
initial	layer0.mlp_fc2	1	1	-0.07
initial	layer0.mlp_fc2	1	2	-0.06
initial	layer0.mlp_fc2	1	3	-0.05
initial	layer0.mlp_fc2	1	4	-0.04
initial	layer0.mlp_fc2	1	5	-0.03
initial	layer0.mlp_fc2	1	6	-0.02
initial	layer0.mlp_fc2	1	7	-0.01
initial	layer0.mlp_fc2	1	8	0.0
initial	layer0.mlp_fc2	1	9	0.01
initial	layer0.mlp_fc2	1	10	0.02
initial	layer0.mlp_fc2	1	11	0.03
initial	layer0.mlp_fc2	1	12	0.04
initial	layer0.mlp_fc2	1	13	0.05
initial	layer0.mlp_fc2	1	14	0.06
initial	layer0.mlp_fc2	1	15	0.07
initial	layer0.mlp_fc2	2	0	0.08
initial	layer0.mlp_fc2	2	1	0.09
initial	layer0.mlp_fc2	2	2	0.1
initial	layer0.mlp_fc2	2	3	0.11
initial	layer0.mlp_fc2	2	4	0.12
initial	layer0.mlp_fc2	2	5	0.13
initial	layer0.mlp_fc2	2	6	0.14
initial	layer0.mlp_fc2	2	7	-0.14
initial	layer0.mlp_fc2	2	8	-0.13
initial	layer0.mlp_fc2	2	9	-0.12
initial	layer0.mlp_fc2	2	10	-0.11
initial	layer0.mlp_fc2	2	11	-0.1
initial	layer0.mlp_fc2	2	12	-0.09
initial	layer0.mlp_fc2	2	13	-0.08
initial	layer0.mlp_fc2	2	14	-0.07
initial	layer0.mlp_fc2	2	15	-0.06
initial	layer0.mlp_fc2	3	0	-0.05
initial	layer0.mlp_fc2	3	1	-0.04
initial	layer0.mlp_fc2	3	2	-0.03
initial	layer0.mlp_fc2	3	3	-0.02
initial	layer0.mlp_fc2	3	4	-0.01
initial	layer0.mlp_fc2	3	5	0.0
initial	layer0.mlp_fc2	3	6	0.01
initial	layer0.mlp_fc2	3	7	0.02
initial	layer0.mlp_fc2	3	8	0.03
initial	layer0.mlp_fc2	3	9	0.04
initial	layer0.mlp_fc2	3	10	0.05
initial	layer0.mlp_fc2	3	11	0.06
initial	layer0.mlp_fc2	3	12	0.07
initial	layer0.mlp_fc2	3	13	0.08
initial	layer0.mlp_fc2	3	14	0.09
initial	layer0.mlp_fc2	3	15	0.1
logits	0	0	-0.37434783441857244
logits	0	1	0.06961841011657953
logits	0	2	0.3433697992569265
probability	0	0	0.21698434302092848
probability	0	1	0.33825208918875216
probability	0	2	0.4447635677903194
attention	0	0	0	1.0
attention	0	1	0	1.0
logits	1	0	-0.4084449182522536
logits	1	1	0.139118206802888
logits	1	2	0.35828628095296494
probability	1	0	0.2048444745898114
probability	1	1	0.354183151240908
probability	1	2	0.44097237416928065
attention	1	0	0	0.5002894012586898
attention	1	0	1	0.49971059874131013
attention	1	1	0	0.500575686170871
attention	1	1	1	0.499424313829129
logits	2	0	-0.12802268159598978
logits	2	1	-0.21942752763522744
logits	2	2	0.17964963302567746
probability	2	0	0.3055391185949316
probability	2	1	0.2788497125931758
probability	2	2	0.41561116881189253
attention	2	0	0	0.3320710200024156
attention	2	0	1	0.3323145686217308
attention	2	0	2	0.3356144113758536
attention	2	1	0	0.33281376121605977
attention	2	1	1	0.33269836766599736
attention	2	1	2	0.3344878711179429
loss	1.147958783149666
gradient	wte	0	0	-0.44013172176318166
gradient	wte	0	1	0.21852584805750438
gradient	wte	0	2	0.22042102688825435
gradient	wte	0	3	0.2223194883384025
gradient	wte	1	0	0.6078007959269528
gradient	wte	1	1	0.09426288207683264
gradient	wte	1	2	0.6724580085084639
gradient	wte	1	3	1.2506627364058027
gradient	wte	2	0	0.626467013381049
gradient	wte	2	1	-0.2496103884835515
gradient	wte	2	2	-0.5086602287688677
gradient	wte	2	3	-0.7677199208399519
gradient	wpe	0	0	0.626467013381049
gradient	wpe	0	1	-0.2496103884835515
gradient	wpe	0	2	-0.5086602287688677
gradient	wpe	0	3	-0.7677199208399519
gradient	wpe	1	0	-0.44013172176318166
gradient	wpe	1	1	0.21852584805750438
gradient	wpe	1	2	0.22042102688825435
gradient	wpe	1	3	0.2223194883384025
gradient	wpe	2	0	0.6078007959269528
gradient	wpe	2	1	0.09426288207683264
gradient	wpe	2	2	0.6724580085084639
gradient	wpe	2	3	1.2506627364058027
gradient	lm_head	0	0	0.12269536162208147
gradient	lm_head	0	1	0.12456696138901324
gradient	lm_head	0	2	0.12065285989081434
gradient	lm_head	0	3	0.12560476468461415
gradient	lm_head	1	0	-0.0351758405798748
gradient	lm_head	1	1	0.03079474811914966
gradient	lm_head	1	2	0.0998809363249175
gradient	lm_head	1	3	0.168951110695363
gradient	lm_head	2	0	-0.08751952104220673
gradient	lm_head	2	1	-0.15536170950816286
gradient	lm_head	2	2	-0.22053379621573183
gradient	lm_head	2	3	-0.29455587537997713
gradient	layer0.attn_wq	0	0	-4.2415834216283655E-6
gradient	layer0.attn_wq	0	1	-1.8025385687513528E-6
gradient	layer0.attn_wq	0	2	6.36506284125656E-7
gradient	layer0.attn_wq	0	3	3.0755511370026647E-6
gradient	layer0.attn_wq	1	0	3.566881749768172E-6
gradient	layer0.attn_wq	1	1	9.874533475087158E-7
gradient	layer0.attn_wq	1	2	-1.5919750547507354E-6
gradient	layer0.attn_wq	1	3	-4.171403457010187E-6
gradient	layer0.attn_wq	2	0	-8.981750510278936E-5
gradient	layer0.attn_wq	2	1	-4.5117871818068755E-5
gradient	layer0.attn_wq	2	2	-4.182385333482156E-7
gradient	layer0.attn_wq	2	3	4.428139475137232E-5
gradient	layer0.attn_wq	3	0	-5.0890706070430315E-5
gradient	layer0.attn_wq	3	1	-2.5539213297435884E-5
gradient	layer0.attn_wq	3	2	-1.877205244415045E-7
gradient	layer0.attn_wq	3	3	2.5163772248552875E-5
gradient	layer0.attn_wk	0	0	4.0490578984636195E-7
gradient	layer0.attn_wk	0	1	5.227813225187248E-7
gradient	layer0.attn_wk	0	2	6.406568551910842E-7
gradient	layer0.attn_wk	0	3	7.585323878634424E-7
gradient	layer0.attn_wk	1	0	3.506863916309508E-8
gradient	layer0.attn_wk	1	1	2.441927314191565E-7
gradient	layer0.attn_wk	1	2	4.533168236752173E-7
gradient	layer0.attn_wk	1	3	6.624409159312774E-7
gradient	layer0.attn_wk	2	0	-4.1653996452899947E-7
gradient	layer0.attn_wk	2	1	-4.2797484465202795E-8
gradient	layer0.attn_wk	2	2	3.3094499559859303E-7
gradient	layer0.attn_wk	2	3	7.046874756623901E-7
gradient	layer0.attn_wk	3	0	-6.023098992457807E-6
gradient	layer0.attn_wk	3	1	4.691408349405072E-6
gradient	layer0.attn_wk	3	2	1.540591569126792E-5
gradient	layer0.attn_wk	3	3	2.6120423033130773E-5
gradient	layer0.attn_wv	0	0	-0.005218445410678825
gradient	layer0.attn_wv	0	1	-0.0032631128927618153
gradient	layer0.attn_wv	0	2	-0.001307780374844805
gradient	layer0.attn_wv	0	3	6.475521430722073E-4
gradient	layer0.attn_wv	1	0	-0.004019219409711335
gradient	layer0.attn_wv	1	1	-0.0022831933384874865
gradient	layer0.attn_wv	1	2	-5.471672672636377E-4
gradient	layer0.attn_wv	1	3	0.0011888588039602127
gradient	layer0.attn_wv	2	0	-0.002818828737820088
gradient	layer0.attn_wv	2	1	-0.001304038579432495
gradient	layer0.attn_wv	2	2	2.1075157895509775E-4
gradient	layer0.attn_wv	2	3	0.0017255417373426916
gradient	layer0.attn_wv	3	0	-0.009349468767067402
gradient	layer0.attn_wv	3	1	-0.008016994948269528
gradient	layer0.attn_wv	3	2	-0.0066845211294716544
gradient	layer0.attn_wv	3	3	-0.005352047310673777
gradient	layer0.attn_wo	0	0	-0.0026539599908380895
gradient	layer0.attn_wo	0	1	0.0015841657485764558
gradient	layer0.attn_wo	0	2	0.00581505440066389
gradient	layer0.attn_wo	0	3	0.01004888892628644
gradient	layer0.attn_wo	1	0	-0.002403186290284482
gradient	layer0.attn_wo	1	1	8.567049383956988E-4
gradient	layer0.attn_wo	1	2	0.004114017572842519
gradient	layer0.attn_wo	1	3	0.007372350689360416
gradient	layer0.attn_wo	2	0	-0.0023817451839683876
gradient	layer0.attn_wo	2	1	8.469666678414035E-4
gradient	layer0.attn_wo	2	2	0.004073140556912898
gradient	layer0.attn_wo	2	3	0.007300318590019951
gradient	layer0.attn_wo	3	0	-0.0023603040776522914
gradient	layer0.attn_wo	3	1	8.372283972871086E-4
gradient	layer0.attn_wo	3	2	0.0040322635409832785
gradient	layer0.attn_wo	3	3	0.0072282864906794905
gradient	layer0.mlp_fc1	0	0	-0.004608279685942063
gradient	layer0.mlp_fc1	0	1	-0.0028432773905041437
gradient	layer0.mlp_fc1	0	2	-0.0011587769920112375
gradient	layer0.mlp_fc1	0	3	5.25723406481669E-4
gradient	layer0.mlp_fc1	1	0	0.0
gradient	layer0.mlp_fc1	1	1	0.0
gradient	layer0.mlp_fc1	1	2	0.0
gradient	layer0.mlp_fc1	1	3	0.0
gradient	layer0.mlp_fc1	2	0	0.0
gradient	layer0.mlp_fc1	2	1	0.0
gradient	layer0.mlp_fc1	2	2	0.0
gradient	layer0.mlp_fc1	2	3	0.0
gradient	layer0.mlp_fc1	3	0	0.0
gradient	layer0.mlp_fc1	3	1	0.0
gradient	layer0.mlp_fc1	3	2	0.0
gradient	layer0.mlp_fc1	3	3	0.0
gradient	layer0.mlp_fc1	4	0	0.003601861174486066
gradient	layer0.mlp_fc1	4	1	0.004971048290474315
gradient	layer0.mlp_fc1	4	2	0.006522606907769058
gradient	layer0.mlp_fc1	4	3	0.008074165525063803
gradient	layer0.mlp_fc1	5	0	0.004637353663991288
gradient	layer0.mlp_fc1	5	1	0.006095213545535105
gradient	layer0.mlp_fc1	5	2	0.0077717927294617024
gradient	layer0.mlp_fc1	5	3	0.009448371913388301
gradient	layer0.mlp_fc1	6	0	0.005672846153496509
gradient	layer0.mlp_fc1	6	1	0.007219378800595895
gradient	layer0.mlp_fc1	6	2	0.009020978551154347
gradient	layer0.mlp_fc1	6	3	0.0108225783017128
gradient	layer0.mlp_fc1	7	0	-0.0015821396420366207
gradient	layer0.mlp_fc1	7	1	8.81207498301128E-4
gradient	layer0.mlp_fc1	7	2	0.003426069416023116
gradient	layer0.mlp_fc1	7	3	0.0059709313337451084
gradient	layer0.mlp_fc1	8	0	0.0
gradient	layer0.mlp_fc1	8	1	0.0
gradient	layer0.mlp_fc1	8	2	0.0
gradient	layer0.mlp_fc1	8	3	0.0
gradient	layer0.mlp_fc1	9	0	0.0
gradient	layer0.mlp_fc1	9	1	0.0
gradient	layer0.mlp_fc1	9	2	0.0
gradient	layer0.mlp_fc1	9	3	0.0
gradient	layer0.mlp_fc1	10	0	0.0
gradient	layer0.mlp_fc1	10	1	0.0
gradient	layer0.mlp_fc1	10	2	0.0
gradient	layer0.mlp_fc1	10	3	0.0
gradient	layer0.mlp_fc1	11	0	-0.01235978612304859
gradient	layer0.mlp_fc1	11	1	-0.009598877379247816
gradient	layer0.mlp_fc1	11	2	-0.007155183122376386
gradient	layer0.mlp_fc1	11	3	-0.004711488865504959
gradient	layer0.mlp_fc1	12	0	-0.0015625245350468918
gradient	layer0.mlp_fc1	12	1	-0.0037117489510911663
gradient	layer0.mlp_fc1	12	2	-0.006022105434128723
gradient	layer0.mlp_fc1	12	3	-0.008332461917166283
gradient	layer0.mlp_fc1	13	0	-5.27032045541669E-4
gradient	layer0.mlp_fc1	13	1	-0.0025875836960303753
gradient	layer0.mlp_fc1	13	2	-0.004772919612436079
gradient	layer0.mlp_fc1	13	3	-0.006958255528841785
gradient	layer0.mlp_fc1	14	0	5.084604439635513E-4
gradient	layer0.mlp_fc1	14	1	-0.0014634184409695866
gradient	layer0.mlp_fc1	14	2	-0.003523733790743434
gradient	layer0.mlp_fc1	14	3	-0.005584049140517286
gradient	layer0.mlp_fc1	15	0	0.0033844602544075074
gradient	layer0.mlp_fc1	15	1	0.0016513461228080508
gradient	layer0.mlp_fc1	15	2	-4.025534294992804E-5
gradient	layer0.mlp_fc1	15	3	-0.001731856808707907
gradient	layer0.mlp_fc2	0	0	0.0014796461059298134
gradient	layer0.mlp_fc2	0	1	0.0
gradient	layer0.mlp_fc2	0	2	0.0
gradient	layer0.mlp_fc2	0	3	0.0
gradient	layer0.mlp_fc2	0	4	-0.021594378027924622
gradient	layer0.mlp_fc2	0	5	-0.014388838825665096
gradient	layer0.mlp_fc2	0	6	-0.0071832996234055665
gradient	layer0.mlp_fc2	0	7	2.2239578853961144E-5
gradient	layer0.mlp_fc2	0	8	0.0
gradient	layer0.mlp_fc2	0	9	0.0
gradient	layer0.mlp_fc2	0	10	0.0
gradient	layer0.mlp_fc2	0	11	-0.008426386141389354
gradient	layer0.mlp_fc2	0	12	-0.016190223626229978
gradient	layer0.mlp_fc2	0	13	-0.008984684423970449
gradient	layer0.mlp_fc2	0	14	-0.001779145221710921
gradient	layer0.mlp_fc2	0	15	7.773588575755472E-5
gradient	layer0.mlp_fc2	1	0	5.794562045509808E-4
gradient	layer0.mlp_fc2	1	1	0.0
gradient	layer0.mlp_fc2	1	2	0.0
gradient	layer0.mlp_fc2	1	3	0.0
gradient	layer0.mlp_fc2	1	4	-0.012541055090939997
gradient	layer0.mlp_fc2	1	5	-0.008565501552248965
gradient	layer0.mlp_fc2	1	6	-0.0045899480135579325
gradient	layer0.mlp_fc2	1	7	-6.143944748668992E-4
gradient	layer0.mlp_fc2	1	8	0.0
gradient	layer0.mlp_fc2	1	9	0.0
gradient	layer0.mlp_fc2	1	10	0.0
gradient	layer0.mlp_fc2	1	11	-0.0013595047256800769
gradient	layer0.mlp_fc2	1	12	-0.009559389936921722
gradient	layer0.mlp_fc2	1	13	-0.00558383639823069
gradient	layer0.mlp_fc2	1	14	-0.0016082828595396581
gradient	layer0.mlp_fc2	1	15	3.0780200741835386E-5
gradient	layer0.mlp_fc2	2	0	5.794562045509806E-4
gradient	layer0.mlp_fc2	2	1	0.0
gradient	layer0.mlp_fc2	2	2	0.0
gradient	layer0.mlp_fc2	2	3	0.0
gradient	layer0.mlp_fc2	2	4	-0.012541055090939994
gradient	layer0.mlp_fc2	2	5	-0.008565501552248962
gradient	layer0.mlp_fc2	2	6	-0.00458994801355793
gradient	layer0.mlp_fc2	2	7	-6.143944748668992E-4
gradient	layer0.mlp_fc2	2	8	0.0
gradient	layer0.mlp_fc2	2	9	0.0
gradient	layer0.mlp_fc2	2	10	0.0
gradient	layer0.mlp_fc2	2	11	-0.0013595047256800752
gradient	layer0.mlp_fc2	2	12	-0.009559389936921717
gradient	layer0.mlp_fc2	2	13	-0.005583836398230688
gradient	layer0.mlp_fc2	2	14	-0.0016082828595396573
gradient	layer0.mlp_fc2	2	15	3.078020074183538E-5
gradient	layer0.mlp_fc2	3	0	5.794562045509808E-4
gradient	layer0.mlp_fc2	3	1	0.0
gradient	layer0.mlp_fc2	3	2	0.0
gradient	layer0.mlp_fc2	3	3	0.0
gradient	layer0.mlp_fc2	3	4	-0.012541055090939994
gradient	layer0.mlp_fc2	3	5	-0.008565501552248962
gradient	layer0.mlp_fc2	3	6	-0.004589948013557931
gradient	layer0.mlp_fc2	3	7	-6.143944748668992E-4
gradient	layer0.mlp_fc2	3	8	0.0
gradient	layer0.mlp_fc2	3	9	0.0
gradient	layer0.mlp_fc2	3	10	0.0
gradient	layer0.mlp_fc2	3	11	-0.001359504725680076
gradient	layer0.mlp_fc2	3	12	-0.009559389936921719
gradient	layer0.mlp_fc2	3	13	-0.005583836398230688
gradient	layer0.mlp_fc2	3	14	-0.0016082828595396573
gradient	layer0.mlp_fc2	3	15	3.0780200741835386E-5
updated	wte	0	0	-0.1300000002272047
updated	wte	0	1	-0.13999999954238826
updated	wte	0	2	-0.1299999995463228
updated	wte	0	3	-0.1199999995501969
updated	wte	1	0	-0.10999999983547241
updated	wte	1	1	-0.09999999893913715
updated	wte	1	2	-0.08999999985129184
updated	wte	1	3	-0.0799999999200424
updated	wte	2	0	-0.06999999984037468
updated	wte	2	1	-0.04000000040062433
updated	wte	2	2	-0.030000000196594885
updated	wte	2	3	-0.020000000130255834
updated	wpe	0	0	-0.02999999984037468
updated	wpe	0	1	-4.006243340543003E-10
updated	wpe	0	2	0.009999999803405116
updated	wpe	0	3	0.019999999869744163
updated	wpe	1	0	0.029999999772795296
updated	wpe	1	1	0.020000000457611748
updated	wpe	1	2	0.030000000453677206
updated	wpe	1	3	0.040000000449803105
updated	wpe	2	0	0.05000000016452759
updated	wpe	2	1	0.060000001060862854
updated	wpe	2	2	0.07000000014870816
updated	wpe	2	3	0.0800000000799576
updated	lm_head	0	0	0.09000000081502667
updated	lm_head	0	1	0.10000000080278101
updated	lm_head	0	2	0.11000000082882404
updated	lm_head	0	3	0.12000000079614809
updated	lm_head	1	0	0.14999999715714055
updated	lm_head	1	1	-0.1499999967526941
updated	lm_head	1	2	-0.13999999899880805
updated	lm_head	1	3	-0.12999999940811283
updated	lm_head	2	0	-0.1000000011426021
updated	lm_head	2	1	-0.0900000006436592
updated	lm_head	2	2	-0.08000000045344521
updated	lm_head	2	3	-0.07000000033949415
updated	layer0.attn_wq	0	0	-0.06002352064868145
updated	layer0.attn_wq	0	1	-0.05005517123978713
updated	layer0.attn_wq	0	2	-0.05984532246251057
updated	layer0.attn_wq	0	3	-0.049967590879048875
updated	layer0.attn_wq	1	0	-0.0399720426877387
updated	layer0.attn_wq	1	1	-0.02989974468455115
updated	layer0.attn_wq	1	2	-6.24229445417672E-5
updated	layer0.attn_wq	1	3	0.009976084584750524
updated	layer0.attn_wq	2	0	0.01999888675523287
updated	layer0.attn_wq	2	1	0.0299977840745426
updated	layer0.attn_wq	2	2	0.0397664852828209
updated	layer0.attn_wq	2	3	0.030002257774914547
updated	layer0.attn_wq	3	0	0.05999803539071027
updated	layer0.attn_wq	3	1	0.06999608598515986
updated	layer0.attn_wq	3	2	0.07949423561219825
updated	layer0.attn_wq	3	3	0.07000397238836567
updated	layer0.attn_wk	0	0	0.08024101856963005
updated	layer0.attn_wk	0	1	0.09018769426737269
updated	layer0.attn_wk	0	2	0.10015369084211159
updated	layer0.attn_wk	0	3	0.11013011813370416
updated	layer0.attn_wk	1	0	0.12221883779623606
updated	layer0.attn_wk	1	1	0.1303934022796077
updated	layer0.attn_wk	1	2	-0.14978416497116
updated	layer0.attn_wk	1	3	-0.1398512880498036
updated	layer0.attn_wk	2	0	-0.11023444462023722
updated	layer0.attn_wk	2	1	-0.10189402963063339
updated	layer0.attn_wk	2	2	-0.10970669755740386
updated	layer0.attn_wk	2	3	-0.09986007870096322
updated	layer0.attn_wk	3	0	-0.07001657522943433
updated	layer0.attn_wk	3	1	-0.07997872977785207
updated	layer0.attn_wk	3	2	-0.06999351319752892
updated	layer0.attn_wk	3	3	-0.05999617304320435
updated	layer0.attn_wv	0	0	-0.03000001916275835
updated	layer0.attn_wv	0	1	-0.020000030645490004
updated	layer0.attn_wv	0	2	-0.010000076464853942
updated	layer0.attn_wv	0	3	-0.019999845574666355
updated	layer0.attn_wv	1	0	0.00999997511960881
updated	layer0.attn_wv	1	1	0.019999956201886045
updated	layer0.attn_wv	1	2	0.029999817243869614
updated	layer0.attn_wv	1	3	0.020000084113570536
updated	layer0.attn_wv	2	0	0.049999964524398414
updated	layer0.attn_wv	2	1	0.05999992331574025
updated	layer0.attn_wv	2	2	0.050000474469779996
updated	layer0.attn_wv	2	3	0.06000005795247853
updated	layer0.attn_wv	3	0	0.08999998930421658
updated	layer0.attn_wv	3	1	0.09999998752651387
updated	layer0.attn_wv	3	2	0.10999998504008762
updated	layer0.attn_wv	3	3	0.1199999813155962
updated	layer0.attn_wo	0	0	0.12999996232059882
updated	layer0.attn_wo	0	1	0.12000006312430934
updated	layer0.attn_wo	0	2	0.1300000171967141
updated	layer0.attn_wo	0	3	-0.149999990048661
updated	layer0.attn_wo	1	0	-0.12000004161124933
updated	layer0.attn_wo	1	1	-0.12999988327505974
updated	layer0.attn_wo	1	2	-0.11999997569291936
updated	layer0.attn_wo	1	3	-0.10999998643582373
updated	layer0.attn_wo	2	0	-0.08000004198584332
updated	layer0.attn_wo	2	1	-0.0899998819329932
updated	layer0.attn_wo	2	2	-0.0799999754489802
updated	layer0.attn_wo	2	3	-0.06999998630198645
updated	layer0.attn_wo	3	0	-0.040000042367242965
updated	layer0.attn_wo	3	1	-0.04999988055970638
updated	layer0.attn_wo	3	2	-0.039999975200095184
updated	layer0.attn_wo	3	3	-0.02999998616548171
updated	layer0.mlp_fc1	0	0	-2.1700024699020104E-8
updated	layer0.mlp_fc1	0	1	0.009999964829443436
updated	layer0.mlp_fc1	0	2	0.01999991370286283
updated	layer0.mlp_fc1	0	3	0.010000190210473155
updated	layer0.mlp_fc1	1	0	0.03
updated	layer0.mlp_fc1	1	1	0.04
updated	layer0.mlp_fc1	1	2	0.05
updated	layer0.mlp_fc1	1	3	0.06
updated	layer0.mlp_fc1	2	0	0.07
updated	layer0.mlp_fc1	2	1	0.08
updated	layer0.mlp_fc1	2	2	0.09
updated	layer0.mlp_fc1	2	3	0.1
updated	layer0.mlp_fc1	3	0	0.11
updated	layer0.mlp_fc1	3	1	0.12
updated	layer0.mlp_fc1	3	2	0.13
updated	layer0.mlp_fc1	3	3	0.14
updated	layer0.mlp_fc1	4	0	-0.14999997223665282
updated	layer0.mlp_fc1	4	1	-0.13999997988355917
updated	layer0.mlp_fc1	4	2	-0.12999998466873014
updated	layer0.mlp_fc1	4	3	-0.11999998761483452
updated	layer0.mlp_fc1	5	0	-0.10999997843602374
updated	layer0.mlp_fc1	5	1	-0.09999998359371083
updated	layer0.mlp_fc1	5	2	-0.08999998713297243
updated	layer0.mlp_fc1	5	3	-0.0799999894161772
updated	layer0.mlp_fc1	6	0	-0.06999998237219536
updated	layer0.mlp_fc1	6	1	-0.059999986148411906
updated	layer0.mlp_fc1	6	2	-0.0499999889147404
updated	layer0.mlp_fc1	6	3	-0.03999999076006615
updated	layer0.mlp_fc1	7	0	-0.010000063205146556
updated	layer0.mlp_fc1	7	1	-0.01999988652063742
updated	layer0.mlp_fc1	7	2	-0.009999970812118501
updated	layer0.mlp_fc1	7	3	1.6747778015108183E-8
updated	layer0.mlp_fc1	8	0	0.02
updated	layer0.mlp_fc1	8	1	0.03
updated	layer0.mlp_fc1	8	2	0.04
updated	layer0.mlp_fc1	8	3	0.05
updated	layer0.mlp_fc1	9	0	0.06
updated	layer0.mlp_fc1	9	1	0.07
updated	layer0.mlp_fc1	9	2	0.08
updated	layer0.mlp_fc1	9	3	0.09
updated	layer0.mlp_fc1	10	0	0.1
updated	layer0.mlp_fc1	10	1	0.11
updated	layer0.mlp_fc1	10	2	0.12
updated	layer0.mlp_fc1	10	3	0.13
updated	layer0.mlp_fc1	11	0	0.14999999190925167
updated	layer0.mlp_fc1	11	1	-0.1300000104178741
updated	layer0.mlp_fc1	11	2	-0.12000001397586317
updated	layer0.mlp_fc1	11	3	-0.11000002122466816
updated	layer0.mlp_fc1	12	0	-0.10000006399858548
updated	layer0.mlp_fc1	12	1	-0.09000002694140469
updated	layer0.mlp_fc1	12	2	-0.0800000166054605
updated	layer0.mlp_fc1	12	3	-0.07000001200124056
updated	layer0.mlp_fc1	13	0	-0.060000189738182844
updated	layer0.mlp_fc1	13	1	-0.05000003864594359
updated	layer0.mlp_fc1	13	2	-0.040000020951492715
updated	layer0.mlp_fc1	13	3	-0.030000014371397526
updated	layer0.mlp_fc1	14	0	-0.039999803331735036
updated	layer0.mlp_fc1	14	1	-0.010000068332688638
updated	layer0.mlp_fc1	14	2	-2.837890775847507E-8
updated	layer0.mlp_fc1	14	3	0.009999982091880211
updated	layer0.mlp_fc1	15	0	2.9546721491344186E-8
updated	layer0.mlp_fc1	15	1	0.010000060556289839
updated	layer0.mlp_fc1	15	2	0.039997516474648574
updated	layer0.mlp_fc1	15	3	0.049999942258839136
updated	layer0.mlp_fc2	0	0	0.04000006758327128
updated	layer0.mlp_fc2	0	1	0.06
updated	layer0.mlp_fc2	0	2	0.07
updated	layer0.mlp_fc2	0	3	0.08
updated	layer0.mlp_fc2	0	4	0.09999999536916722
updated	layer0.mlp_fc2	0	5	0.1099999930501737
updated	layer0.mlp_fc2	0	6	0.11999998607884037
updated	layer0.mlp_fc2	0	7	0.11000449446709334
updated	layer0.mlp_fc2	0	8	0.13
updated	layer0.mlp_fc2	0	9	0.14
updated	layer0.mlp_fc2	0	10	-0.14
updated	layer0.mlp_fc2	0	11	-0.1200000118674696
updated	layer0.mlp_fc2	0	12	-0.11000000617656312
updated	layer0.mlp_fc2	0	13	-0.10000001113003908
updated	layer0.mlp_fc2	0	14	-0.09000005620645056
updated	layer0.mlp_fc2	0	15	-0.09999871375830341
updated	layer0.mlp_fc2	1	0	-0.08999982742738194
updated	layer0.mlp_fc2	1	1	-0.07
updated	layer0.mlp_fc2	1	2	-0.06
updated	layer0.mlp_fc2	1	3	-0.05
updated	layer0.mlp_fc2	1	4	-0.0300000079738044
updated	layer0.mlp_fc2	1	5	-0.020000011674725947
updated	layer0.mlp_fc2	1	6	-0.010000021786691666
updated	layer0.mlp_fc2	1	7	-1.6275923124184355E-7
updated	layer0.mlp_fc2	1	8	0.0
updated	layer0.mlp_fc2	1	9	0.01
updated	layer0.mlp_fc2	1	10	0.02
updated	layer0.mlp_fc2	1	11	0.03999992644434215
updated	layer0.mlp_fc2	1	12	0.04999998953909234
updated	layer0.mlp_fc2	1	13	0.05999998209119792
updated	layer0.mlp_fc2	1	14	0.06999993782226949
updated	layer0.mlp_fc2	1	15	0.060003247786555164
updated	layer0.mlp_fc2	2	0	0.07000017257261806
updated	layer0.mlp_fc2	2	1	0.09
updated	layer0.mlp_fc2	2	2	0.1
updated	layer0.mlp_fc2	2	3	0.11
updated	layer0.mlp_fc2	2	4	0.1299999920261956
updated	layer0.mlp_fc2	2	5	0.13999998832527405
updated	layer0.mlp_fc2	2	6	0.14999997821330835
updated	layer0.mlp_fc2	2	7	-0.13000016275923126
updated	layer0.mlp_fc2	2	8	-0.13
updated	layer0.mlp_fc2	2	9	-0.12
updated	layer0.mlp_fc2	2	10	-0.11
updated	layer0.mlp_fc2	2	11	-0.09000007355565785
updated	layer0.mlp_fc2	2	12	-0.08000001046090766
updated	layer0.mlp_fc2	2	13	-0.07000001790880209
updated	layer0.mlp_fc2	2	14	-0.06000006217773052
updated	layer0.mlp_fc2	2	15	-0.06999675221344484
updated	layer0.mlp_fc2	3	0	-0.059999827427381934
updated	layer0.mlp_fc2	3	1	-0.04
updated	layer0.mlp_fc2	3	2	-0.03
updated	layer0.mlp_fc2	3	3	-0.02
updated	layer0.mlp_fc2	3	4	-7.973804399749596E-9
updated	layer0.mlp_fc2	3	5	0.00999998832527405
updated	layer0.mlp_fc2	3	6	0.019999978213308334
updated	layer0.mlp_fc2	3	7	0.02999983724076876
updated	layer0.mlp_fc2	3	8	0.03
updated	layer0.mlp_fc2	3	9	0.04
updated	layer0.mlp_fc2	3	10	0.05
updated	layer0.mlp_fc2	3	11	0.06999992644434215
updated	layer0.mlp_fc2	3	12	0.07999998953909235
updated	layer0.mlp_fc2	3	13	0.08999998209119792
updated	layer0.mlp_fc2	3	14	0.09999993782226949
updated	layer0.mlp_fc2	3	15	0.09000324778655516
uniform	0	0.1
genlogits	0	0	-0.24473510625990652
genlogits	0	1	-0.13427327569478437
genlogits	0	2	0.25118852147461057
genprobability	0	0	0.20228833911915023
genprobability	0	1	0.25229972410225515
genprobability	0	2	0.5454119367785946
gentoken	0	0
uniform	1	0.5
genlogits	1	0	-0.3730882842833213
genlogits	1	1	0.24156699433794784
genlogits	1	2	0.31016936312776566
genprobability	1	0	0.11989641958542745
genprobability	1	1	0.40991046473589116
genprobability	1	2	0.4701931156786815
gentoken	1	1
uniform	2	0.9
genlogits	2	0	-0.2723371925155913
genlogits	2	1	-0.029703627195242395
genlogits	2	2	0.2689140762455977
genprobability	2	0	0.17931858236068277
genprobability	2	1	0.2913225708833204
genprobability	2	2	0.5293588467559969
gentoken	2	2
