(1) v + v = [0#3][ 2.0 4.0 6.0 ]   v - v = [0#3][ 0.0 0.0 0.0 ]   -v = [0#3][ -1.0 -2.0 -3.0 ]   v.zero = [0#3][ 0.0 0.0 0.0 ]
(2) m + m = [0#2,0#3]
[ 0.0 2.0 4.0
  6.0 8.0 10.0 ]   m - m = [0#2,0#3]
[ 0.0 0.0 0.0
  0.0 0.0 0.0 ]   -m = [0#2,0#3]
[ -0.0 -1.0 -2.0
  -3.0 -4.0 -5.0 ]
(3) 2.0 m = [0#2,0#3]
[ 0.0 2.0 4.0
  6.0 8.0 10.0 ]   m 2.0 = [0#2,0#3]
[ 0.0 2.0 4.0
  6.0 8.0 10.0 ]   2.0 v = [0#3][ 2.0 4.0 6.0 ]
(4) m v-shaped product m (m.t()) = [0#2,0#2]
[ 5.0 14.0
  14.0 50.0 ]   v DOT v = 14.0   v v = 14.0
(5) m^2 via TIMES on Number: 2.0 × 3.0 = 6.0   2.0 TIMES 3.0 = 6.0
(6) rank 3 exists and maps: t.map = [0#2,0#2,0#2]
[ 0.5 2.5
  4.5 6.5 ;;
  1.5 3.5
  5.5 7.5 ]
(7) a runtime-built rank-2 array IS an AnyMatrix
(8) rank 3 is neither AnyVector nor AnyMatrix: no algebraic trait reaches it
exit 0  (4 s)
